DRV: not isolated, registering SW (try 0)
DRV: not isolated, registering SW (try 1)
DRV: isolated ok, task=task_calib_r1.json
DRV: engine ready
L|1|OP00|ANCHOR|move=h2e2|score=29|mate=-|depth=22|nodes=3010588|crit=0
L|1|OP00|AM0|SEL|move=h2e2|slotScore=22|top1=25|gap=3|rule=slot|hit=slot|slotUsed=4|seed=3585199748|probs=|depth=14|nodes=268562|slots=1:25,2:27,3:25,4:22|crit=0
L|1|OP00|AM0|REF|move=h2e2|score=-20|mate=-|depth=24|nodes=3638485|crit=0
L|1|OP00|CAP_AD|SEL|move=b2f2|slotScore=14|top1=27|gap=13|rule=cap|hit=cap|slotUsed=8|seed=2549640852|probs=1:0,2:5,3:2,4:2,5:7,6:11,7:13,8:13|depth=13|nodes=302248|slots=1:27,2:22,3:25,4:25,5:20,6:16,7:14,8:14|crit=0
L|1|OP00|CAP_AD|REF|move=b2f2|score=-13|mate=-|depth=25|nodes=3704753|crit=0
L|1|OP00|CAP_AM|SEL|move=b2f2|slotScore=11|top1=33|gap=22|rule=cap|hit=cap|slotUsed=8|seed=2398649531|probs=1:0,2:6,3:8,4:9,5:11,6:12,7:20,8:22|depth=12|nodes=288185|slots=1:33,2:27,3:25,4:24,5:22,6:21,7:13,8:11|crit=0
L|1|OP00|CAP_AM|REF|move=b2f2|score=-5|mate=-|depth=26|nodes=3551214|crit=0
L|1|OP00|NOI_AM|SEL|move=h0g2|slotScore=NA|top1=28|gap=NA|rule=noise|hit=rand|slotUsed=-1|seed=371455433|probs=p=0.25,legal=44|depth=12|nodes=272953|slots=1:28,2:26,3:21,4:22|crit=0
L|1|OP00|NOI_AM|REF|move=h0g2|score=-5|mate=-|depth=25|nodes=3387842|crit=0
L|1|OP00|AC_AD|SEL|move=b0c2|slotScore=14|top1=24|gap=10|rule=capnoise|hit=cap|slotUsed=8|seed=3810072982|probs=cap=60,p=0.1,legal=44,1:0,2:1,3:2,4:2,5:9,6:11,7:-1,8:10|depth=13|nodes=303906|slots=1:24,2:23,3:22,4:22,5:15,6:13,7:25,8:14|crit=0
L|1|OP00|AC_AD|REF|move=b0c2|score=-6|mate=-|depth=24|nodes=3532574|crit=0
L|1|OP00|AC_P15|SEL|move=b2f2|slotScore=10|top1=30|gap=20|rule=capnoise|hit=cap|slotUsed=8|seed=161976433|probs=cap=200,p=0.15,legal=44,1:0,2:5,3:5,4:6,5:9,6:14,7:18,8:20|depth=12|nodes=302792|slots=1:30,2:25,3:25,4:24,5:21,6:16,7:12,8:10|crit=0
L|1|OP00|AC_P15|REF|move=b2f2|score=-6|mate=-|depth=27|nodes=3616662|crit=0
L|1|OP00|AC_P20|SEL|move=g3g4|slotScore=21|top1=27|gap=6|rule=capnoise|hit=rand|slotUsed=2|seed=4238434485|probs=cap=200,p=0.2,legal=44,1:0,2:6,3:9,4:10,5:11,6:15,7:15,8:17,wouldBe=8|depth=12|nodes=306230|slots=1:27,2:21,3:18,4:17,5:16,6:12,7:12,8:10|crit=0
L|1|OP00|AC_P20|REF|move=g3g4|score=-24|mate=-|depth=24|nodes=3631247|crit=0
L|1|OP00|AC_AM|SEL|move=h0g2|slotScore=11|top1=31|gap=20|rule=capnoise|hit=cap|slotUsed=8|seed=3927510125|probs=cap=200,p=0.25,legal=44,1:0,2:4,3:10,4:10,5:10,6:12,7:19,8:20|depth=11|nodes=275508|slots=1:31,2:27,3:21,4:21,5:21,6:19,7:12,8:11|crit=0
L|1|OP00|AC_AM|REF|move=h0g2|score=-3|mate=-|depth=24|nodes=3424894|crit=0
L|1|OP00|AC_X1|SEL|move=b2a2|slotScore=10|top1=29|gap=19|rule=capnoise|hit=cap|slotUsed=8|seed=433793980|probs=cap=60,p=0.25,legal=44,1:0,2:2,3:6,4:10,5:11,6:11,7:13,8:19|depth=13|nodes=299021|slots=1:29,2:27,3:23,4:19,5:18,6:18,7:16,8:10|crit=0
L|1|OP00|AC_X1|REF|move=b2a2|score=0|mate=-|depth=25|nodes=3186967|crit=0
L|1|OP00|ANCH|SEL|move=h2e2|slotScore=29|top1=29|gap=0|rule=anchor|hit=anchor|slotUsed=1|seed=302108808|probs=|depth=22|nodes=3010588|slots=1:29|crit=0
L|1|OP00|ANCH|REF|move=h2e2|score=-21|mate=-|depth=24|nodes=3545975|crit=0
PROG|1|OP00
L|1|OP02|ANCHOR|move=h2e2|score=4|mate=-|depth=22|nodes=3446776|crit=0
L|1|OP02|AM0|SEL|move=b2e2|slotScore=-4|top1=7|gap=11|rule=slot|hit=slot|slotUsed=4|seed=1462943090|probs=|depth=12|nodes=154731|slots=1:7,2:6,3:3,4:-4|crit=0
L|1|OP02|AM0|REF|move=b2e2|score=13|mate=-|depth=24|nodes=3538393|crit=0
L|1|OP02|CAP_AD|SEL|move=h0i2|slotScore=-8|top1=17|gap=25|rule=cap|hit=cap|slotUsed=8|seed=1109685766|probs=1:0,2:12,3:13,4:14,5:17,6:20,7:23,8:25|depth=12|nodes=321857|slots=1:17,2:5,3:4,4:3,5:0,6:-3,7:-6,8:-8|crit=0
L|1|OP02|CAP_AD|REF|move=h0i2|score=9|mate=-|depth=23|nodes=3494133|crit=0
L|1|OP02|CAP_AM|SEL|move=h0i2|slotScore=-9|top1=17|gap=26|rule=cap|hit=cap|slotUsed=8|seed=1227128093|probs=1:0,2:3,3:12,4:18,5:18,6:22,7:25,8:26|depth=12|nodes=316212|slots=1:17,2:14,3:5,4:-1,5:-1,6:-5,7:-8,8:-9|crit=0
L|1|OP02|CAP_AM|REF|move=h0i2|score=10|mate=-|depth=24|nodes=3553693|crit=0
L|1|OP02|NOI_AM|SEL|move=d0e1|slotScore=NA|top1=17|gap=NA|rule=noise|hit=rand|slotUsed=-1|seed=242631783|probs=p=0.25,legal=43|depth=13|nodes=293535|slots=1:17,2:12,3:4,4:10|crit=0
L|1|OP02|NOI_AM|REF|move=d0e1|score=12|mate=-|depth=24|nodes=3650499|crit=0
L|1|OP02|AC_AD|SEL|move=c3c4|slotScore=-5|top1=26|gap=31|rule=capnoise|hit=cap|slotUsed=8|seed=3976488756|probs=cap=60,p=0.1,legal=43,1:0,2:9,3:16,4:20,5:22,6:30,7:30,8:31|depth=11|nodes=321819|slots=1:26,2:17,3:10,4:6,5:4,6:-4,7:-4,8:-5|crit=0
L|1|OP02|AC_AD|REF|move=c3c4|score=2|mate=-|depth=23|nodes=3354545|crit=0
L|1|OP02|AC_P15|SEL|move=i0i2|slotScore=-3|top1=23|gap=26|rule=capnoise|hit=cap|slotUsed=8|seed=1806923971|probs=cap=200,p=0.15,legal=43,1:0,2:11,3:16,4:17,5:18,6:18,7:24,8:26|depth=13|nodes=339076|slots=1:23,2:12,3:7,4:6,5:5,6:5,7:-1,8:-3|crit=0
L|1|OP02|AC_P15|REF|move=i0i2|score=20|mate=-|depth=24|nodes=3483174|crit=0
L|1|OP02|AC_P20|SEL|move=h0i2|slotScore=-6|top1=22|gap=28|rule=capnoise|hit=cap|slotUsed=8|seed=1857365907|probs=cap=200,p=0.2,legal=43,1:0,2:3,3:17,4:20,5:18,6:20,7:27,8:28|depth=12|nodes=308842|slots=1:22,2:19,3:5,4:2,5:4,6:2,7:-5,8:-6|crit=0
L|1|OP02|AC_P20|REF|move=h0i2|score=7|mate=-|depth=24|nodes=3432046|crit=0
L|1|OP02|AC_AM|SEL|move=b2e2|slotScore=-10|top1=19|gap=29|rule=capnoise|hit=cap|slotUsed=8|seed=3825497435|probs=cap=200,p=0.25,legal=43,1:0,2:5,3:14,4:22,5:23,6:25,7:26,8:29|depth=13|nodes=325871|slots=1:19,2:14,3:5,4:-3,5:-4,6:-6,7:-7,8:-10|crit=0
L|1|OP02|AC_AM|REF|move=b2e2|score=19|mate=-|depth=25|nodes=3450952|crit=0
L|1|OP02|AC_X1|SEL|move=d0e1|slotScore=-3|top1=16|gap=19|rule=capnoise|hit=cap|slotUsed=8|seed=3289869466|probs=cap=60,p=0.25,legal=43,1:0,2:2,3:9,4:6,5:6,6:14,7:16,8:19|depth=13|nodes=284146|slots=1:16,2:14,3:7,4:10,5:10,6:2,7:0,8:-3|crit=0
L|1|OP02|AC_X1|REF|move=d0e1|score=10|mate=-|depth=25|nodes=3700371|crit=0
L|1|OP02|ANCH|SEL|move=h2e2|slotScore=4|top1=4|gap=0|rule=anchor|hit=anchor|slotUsed=1|seed=2946631098|probs=|depth=22|nodes=3446776|slots=1:4|crit=0
L|1|OP02|ANCH|REF|move=h2e2|score=-1|mate=-|depth=25|nodes=3564038|crit=0
PROG|1|OP02
L|1|OP04|ANCHOR|move=i0h0|score=17|mate=-|depth=23|nodes=3609630|crit=0
L|1|OP04|AM0|SEL|move=d0e1|slotScore=16|top1=20|gap=4|rule=slot|hit=slot|slotUsed=4|seed=1143878504|probs=|depth=14|nodes=302366|slots=1:20,2:20,3:16,4:16|crit=0
L|1|OP04|AM0|REF|move=d0e1|score=-11|mate=-|depth=25|nodes=3710625|crit=0
L|1|OP04|CAP_AD|SEL|move=h2g2|slotScore=1|top1=21|gap=20|rule=cap|hit=cap|slotUsed=8|seed=2222454056|probs=1:0,2:1,3:3,4:-2,5:4,6:6,7:16,8:20|depth=13|nodes=334457|slots=1:21,2:20,3:18,4:23,5:17,6:15,7:5,8:1|crit=0
L|1|OP04|CAP_AD|REF|move=h2g2|score=4|mate=-|depth=26|nodes=3805209|crit=0
L|1|OP04|CAP_AM|SEL|move=h2g2|slotScore=7|top1=25|gap=18|rule=cap|hit=cap|slotUsed=8|seed=2071397247|probs=1:0,2:1,3:3,4:4,5:5,6:5,7:17,8:18|depth=12|nodes=322084|slots=1:25,2:24,3:22,4:21,5:20,6:20,7:8,8:7|crit=0
L|1|OP04|CAP_AM|REF|move=h2g2|score=-1|mate=-|depth=27|nodes=3732561|crit=0
L|1|OP04|NOI_AM|SEL|move=c3c4|slotScore=16|top1=23|gap=7|rule=noise|hit=engine|slotUsed=4|seed=781791005|probs=p=0.25,legal=41|depth=14|nodes=284628|slots=1:23,2:22,3:21,4:16|crit=0
L|1|OP04|NOI_AM|REF|move=c3c4|score=-12|mate=-|depth=26|nodes=3611425|crit=0
L|1|OP04|AC_AD|SEL|move=g3g4|slotScore=2|top1=20|gap=18|rule=capnoise|hit=cap|slotUsed=8|seed=1121180562|probs=cap=60,p=0.1,legal=41,1:0,2:1,3:1,4:4,5:7,6:9,7:10,8:18|depth=14|nodes=321996|slots=1:20,2:19,3:19,4:16,5:13,6:11,7:10,8:2|crit=0
L|1|OP04|AC_AD|REF|move=g3g4|score=-5|mate=-|depth=24|nodes=3576254|crit=0
L|1|OP04|AC_P15|SEL|move=h2f2|slotScore=8|top1=18|gap=10|rule=capnoise|hit=cap|slotUsed=8|seed=3435246949|probs=cap=200,p=0.15,legal=41,1:0,2:1,3:1,4:1,5:4,6:9,7:16,8:10|depth=12|nodes=343118|slots=1:18,2:17,3:17,4:17,5:14,6:9,7:2,8:8|crit=0
L|1|OP04|AC_P15|REF|move=h2f2|score=0|mate=-|depth=28|nodes=3854818|crit=0
L|1|OP04|AC_P20|SEL|move=b2e2|slotScore=6|top1=21|gap=15|rule=capnoise|hit=cap|slotUsed=8|seed=1471691121|probs=cap=200,p=0.2,legal=41,1:0,2:0,3:2,4:5,5:7,6:12,7:14,8:15|depth=13|nodes=316113|slots=1:21,2:21,3:19,4:16,5:14,6:9,7:7,8:6|crit=0
L|1|OP04|AC_P20|REF|move=b2e2|score=-8|mate=-|depth=26|nodes=3655634|crit=0
L|1|OP04|AC_AM|SEL|move=g3g4|slotScore=6|top1=24|gap=18|rule=capnoise|hit=cap|slotUsed=8|seed=970189241|probs=cap=200,p=0.25,legal=41,1:0,2:3,3:4,4:6,5:10,6:15,7:17,8:18|depth=13|nodes=314976|slots=1:24,2:21,3:20,4:18,5:14,6:9,7:7,8:6|crit=0
L|1|OP04|AC_AM|REF|move=g3g4|score=0|mate=-|depth=24|nodes=3471448|crit=0
L|1|OP04|AC_X1|SEL|move=h2f2|slotScore=8|top1=22|gap=14|rule=capnoise|hit=cap|slotUsed=8|seed=1105363936|probs=cap=60,p=0.25,legal=41,1:0,2:2,3:3,4:8,5:11,6:11,7:14,8:14|depth=13|nodes=303383|slots=1:22,2:20,3:19,4:14,5:11,6:11,7:8,8:8|crit=0
L|1|OP04|AC_X1|REF|move=h2f2|score=-3|mate=-|depth=27|nodes=3772066|crit=0
L|1|OP04|ANCH|SEL|move=i0h0|slotScore=17|top1=17|gap=0|rule=anchor|hit=anchor|slotUsed=1|seed=2568355188|probs=|depth=23|nodes=3609630|slots=1:17|crit=0
L|1|OP04|ANCH|REF|move=i0h0|score=-16|mate=-|depth=24|nodes=3582156|crit=0
PROG|1|OP04
L|1|OP06|ANCHOR|move=h2b2|score=127|mate=-|depth=22|nodes=3746499|crit=0
L|1|OP06|AM0|SEL|move=h2e2|slotScore=-78|top1=119|gap=197|rule=slot|hit=slot|slotUsed=4|seed=3570570054|probs=|depth=14|nodes=302532|slots=1:119,2:114,3:-36,4:-78|crit=0
L|1|OP06|AM0|REF|move=h2e2|score=102|mate=-|depth=23|nodes=3599470|crit=0
L|1|OP06|CAP_AD|SEL|move=b9b8|slotScore=118|top1=119|gap=1|rule=cap|hit=cap|slotUsed=2|seed=133196730|probs=1:0,2:1,3:137,4:206,5:220,6:231,7:260,8:262|depth=12|nodes=319583|slots=1:119,2:118,3:-18,4:-87,5:-101,6:-112,7:-141,8:-143|crit=0
L|1|OP06|CAP_AD|REF|move=b9b8|score=-88|mate=-|depth=20|nodes=3616077|crit=0
L|1|OP06|CAP_AM|SEL|move=i0h0|slotScore=-84|top1=114|gap=198|rule=cap|hit=cap|slotUsed=4|seed=250633905|probs=1:0,2:21,3:150,4:198,5:207,6:230,7:277,8:285|depth=12|nodes=325284|slots=1:114,2:93,3:-36,4:-84,5:-93,6:-116,7:-163,8:-171|crit=0
L|1|OP06|CAP_AM|REF|move=i0h0|score=99|mate=-|depth=22|nodes=3633979|crit=0
L|1|OP06|NOI_AM|SEL|move=i0h0|slotScore=-89|top1=114|gap=203|rule=noise|hit=engine|slotUsed=4|seed=1173779035|probs=p=0.25,legal=33|depth=13|nodes=300716|slots=1:114,2:75,3:-44,4:-89|crit=0
L|1|OP06|NOI_AM|REF|move=i0h0|score=106|mate=-|depth=21|nodes=3423621|crit=0
L|1|OP06|AC_AD|SEL|move=b9b8|slotScore=86|top1=117|gap=31|rule=capnoise|hit=cap|slotUsed=2|seed=1051083440|probs=cap=60,p=0.1,legal=33,1:0,2:31,3:144,4:204,5:205,6:223,7:250,8:261|depth=12|nodes=328900|slots=1:117,2:86,3:-27,4:-87,5:-88,6:-106,7:-133,8:-144|crit=0
L|1|OP06|AC_AD|REF|move=b9b8|score=-68|mate=-|depth=21|nodes=3546413|crit=0
L|1|OP06|AC_P15|SEL|move=b9d9|slotScore=-40|top1=124|gap=164|rule=capnoise|hit=cap|slotUsed=3|seed=3576336871|probs=cap=200,p=0.15,legal=33,1:0,2:46,3:164,4:218,5:218,6:242,7:254,8:262|depth=12|nodes=320333|slots=1:124,2:78,3:-40,4:-94,5:-94,6:-118,7:-130,8:-138|crit=0
L|1|OP06|AC_P15|REF|move=b9d9|score=26|mate=-|depth=22|nodes=3528614|crit=0
L|1|OP06|AC_P20|SEL|move=b9d9|slotScore=-29|top1=123|gap=152|rule=capnoise|hit=cap|slotUsed=3|seed=3224334975|probs=cap=200,p=0.2,legal=33,1:0,2:35,3:152,4:213,5:214,6:235,7:269,8:279|depth=11|nodes=326492|slots=1:123,2:88,3:-29,4:-90,5:-91,6:-112,7:-146,8:-156|crit=0
L|1|OP06|AC_P20|REF|move=b9d9|score=23|mate=-|depth=21|nodes=3696645|crit=0
L|1|OP06|AC_AM|SEL|move=b9d9|slotScore=-14|top1=119|gap=133|rule=capnoise|hit=cap|slotUsed=3|seed=1168525751|probs=cap=200,p=0.25,legal=33,1:0,2:27,3:133,4:205,5:206,6:234,7:251,8:268|depth=12|nodes=324947|slots=1:119,2:92,3:-14,4:-86,5:-87,6:-115,7:-132,8:-149|crit=0
L|1|OP06|AC_AM|REF|move=b9d9|score=22|mate=-|depth=21|nodes=3733384|crit=0
L|1|OP06|AC_X1|SEL|move=b9b8|slotScore=83|top1=124|gap=41|rule=capnoise|hit=cap|slotUsed=2|seed=2103990318|probs=cap=60,p=0.25,legal=33,1:0,2:41,3:150,4:204,5:207,6:241,7:265,8:277|depth=12|nodes=325194|slots=1:124,2:83,3:-26,4:-80,5:-83,6:-117,7:-141,8:-153|crit=0
L|1|OP06|AC_X1|REF|move=b9b8|score=-72|mate=-|depth=21|nodes=3658277|crit=0
L|1|OP06|ANCH|SEL|move=h2b2|slotScore=127|top1=127|gap=0|rule=anchor|hit=anchor|slotUsed=1|seed=2248960998|probs=|depth=22|nodes=3746499|slots=1:127|crit=0
L|1|OP06|ANCH|REF|move=h2b2|score=-130|mate=-|depth=20|nodes=3656730|crit=0
PROG|1|OP06
L|1|OP08|ANCHOR|move=b9b7|score=155|mate=-|depth=20|nodes=3530614|crit=0
L|1|OP08|AM0|SEL|move=b9b6|slotScore=-73|top1=153|gap=226|rule=slot|hit=slot|slotUsed=4|seed=1961088300|probs=|depth=13|nodes=319056|slots=1:153,2:58,3:-37,4:-73|crit=0
L|1|OP08|AM0|REF|move=b9b6|score=185|mate=-|depth=21|nodes=3663609|crit=0
L|1|OP08|CAP_AD|SEL|move=b9b7|slotScore=167|top1=167|gap=0|rule=cap|hit=above|slotUsed=1|seed=2828524076|probs=1:0,2:71,3:203,4:238,5:301,6:321,7:326,8:345|depth=14|nodes=386350|slots=1:167,2:96,3:-36,4:-71,5:-134,6:-154,7:-159,8:-178|crit=0
L|1|OP08|CAP_AD|REF|move=b9b7|score=-155|mate=-|depth=24|nodes=3481192|crit=0
L|1|OP08|CAP_AM|SEL|move=b9b5|slotScore=-29|top1=170|gap=199|rule=cap|hit=cap|slotUsed=3|seed=2945958179|probs=1:0,2:120,3:199,4:255,5:286,6:295,7:316,8:337|depth=12|nodes=348127|slots=1:170,2:50,3:-29,4:-85,5:-116,6:-125,7:-146,8:-167|crit=0
L|1|OP08|CAP_AM|REF|move=b9b5|score=90|mate=-|depth=23|nodes=3575520|crit=0
L|1|OP08|NOI_AM|SEL|move=b9b5|slotScore=-82|top1=176|gap=258|rule=noise|hit=engine|slotUsed=4|seed=4047876609|probs=p=0.25,legal=44|depth=14|nodes=315700|slots=1:176,2:52,3:-17,4:-82|crit=0
L|1|OP08|NOI_AM|REF|move=b9b5|score=91|mate=-|depth=21|nodes=3721528|crit=0
L|1|OP08|AC_AD|SEL|move=b9b7|slotScore=155|top1=155|gap=0|rule=capnoise|hit=above|slotUsed=1|seed=457199614|probs=cap=60,p=0.1,legal=44,1:0,2:124,3:220,4:257,5:264,6:275,7:295,8:296|depth=12|nodes=353892|slots=1:155,2:31,3:-65,4:-102,5:-109,6:-120,7:-140,8:-141|crit=0
L|1|OP08|AC_AD|REF|move=b9b7|score=-162|mate=-|depth=22|nodes=3581776|crit=0
L|1|OP08|AC_P15|SEL|move=b9b4|slotScore=19|top1=152|gap=133|rule=capnoise|hit=cap|slotUsed=2|seed=1234011433|probs=cap=200,p=0.15,legal=44,1:0,2:133,3:210,4:228,5:243,6:259,7:279,8:298|depth=12|nodes=359455|slots=1:152,2:19,3:-58,4:-76,5:-91,6:-107,7:-127,8:-146|crit=0
L|1|OP08|AC_P15|REF|move=b9b4|score=-35|mate=-|depth=20|nodes=3541908|crit=0
L|1|OP08|AC_P20|SEL|move=b9b4|slotScore=36|top1=174|gap=138|rule=capnoise|hit=cap|slotUsed=2|seed=3699702413|probs=cap=200,p=0.2,legal=44,1:0,2:138,3:222,4:255,5:282,6:306,7:306,8:307|depth=14|nodes=370324|slots=1:174,2:36,3:-48,4:-81,5:-108,6:-132,7:-132,8:-133|crit=0
L|1|OP08|AC_P20|REF|move=b9b4|score=-32|mate=-|depth=21|nodes=3492909|crit=0
L|1|OP08|AC_AM|SEL|move=b9d9|slotScore=-40|top1=154|gap=194|rule=capnoise|hit=cap|slotUsed=3|seed=306207749|probs=cap=200,p=0.25,legal=44,1:0,2:113,3:194,4:231,5:264,6:283,7:284,8:286|depth=13|nodes=358881|slots=1:154,2:41,3:-40,4:-77,5:-110,6:-129,7:-130,8:-132|crit=0
L|1|OP08|AC_AM|REF|move=b9d9|score=55|mate=-|depth=20|nodes=3630590|crit=0
L|1|OP08|AC_X1|SEL|move=b9b7|slotScore=147|top1=147|gap=0|rule=capnoise|hit=above|slotUsed=1|seed=1378566324|probs=cap=60,p=0.25,legal=44,1:0,2:109,3:206,4:208,5:220,6:249,7:287,8:265|depth=12|nodes=364409|slots=1:147,2:38,3:-59,4:-61,5:-73,6:-102,7:-140,8:-118|crit=0
L|1|OP08|AC_X1|REF|move=b9b7|score=-168|mate=-|depth=22|nodes=3721643|crit=0
L|1|OP08|ANCH|SEL|move=b9b7|slotScore=155|top1=155|gap=0|rule=anchor|hit=anchor|slotUsed=1|seed=935350896|probs=|depth=20|nodes=3530614|slots=1:155|crit=0
L|1|OP08|ANCH|REF|move=b9b7|score=-160|mate=-|depth=24|nodes=3569121|crit=0
PROG|1|OP08
L|1|MG_QT01|ANCHOR|move=c7b9|score=-25|mate=-|depth=26|nodes=3609262|crit=0
L|1|MG_QT01|AM0|SEL|move=h9g7|slotScore=-621|top1=-31|gap=590|rule=slot|hit=slot|slotUsed=4|seed=2326719944|probs=|depth=15|nodes=291746|slots=1:-31,2:-607,3:-616,4:-621|crit=0
L|1|MG_QT01|AM0|REF|move=h9g7|score=617|mate=-|depth=23|nodes=3242083|crit=0
L|1|MG_QT01|CAP_AD|SEL|move=c7b9|slotScore=-27|top1=-27|gap=0|rule=cap|hit=above|slotUsed=1|seed=2698770184|probs=1:0,2:571,3:575,4:585,5:588,6:593,7:593,8:593|depth=14|nodes=323321|slots=1:-27,2:-598,3:-602,4:-612,5:-615,6:-620,7:-620,8:-620|crit=0
L|1|MG_QT01|CAP_AD|REF|move=c7b9|score=24|mate=-|depth=26|nodes=3682461|crit=0
L|1|MG_QT01|CAP_AM|SEL|move=c7b9|slotScore=-25|top1=-25|gap=0|rule=cap|hit=above|slotUsed=1|seed=2547713375|probs=1:0,2:572,3:579,4:583,5:592,6:593,7:595,8:596|depth=13|nodes=311964|slots=1:-25,2:-597,3:-604,4:-608,5:-617,6:-618,7:-620,8:-621|crit=0
L|1|MG_QT01|CAP_AM|REF|move=c7b9|score=27|mate=-|depth=29|nodes=3657919|crit=0
L|1|MG_QT01|NOI_AM|SEL|move=d9e8|slotScore=-619|top1=-31|gap=588|rule=noise|hit=engine|slotUsed=4|seed=2723834493|probs=p=0.25,legal=30|depth=14|nodes=286417|slots=1:-31,2:-593,3:-613,4:-619|crit=0
L|1|MG_QT01|NOI_AM|REF|move=d9e8|score=626|mate=-|depth=22|nodes=3189556|crit=0
L|1|MG_QT01|AC_AD|SEL|move=c7b9|slotScore=-32|top1=-32|gap=0|rule=capnoise|hit=above|slotUsed=1|seed=2279020850|probs=cap=60,p=0.1,legal=30,1:0,2:552,3:562,4:573,5:585,6:588,7:589,8:590|depth=14|nodes=311683|slots=1:-32,2:-584,3:-594,4:-605,5:-617,6:-620,7:-621,8:-622|crit=0
L|1|MG_QT01|AC_AD|REF|move=c7b9|score=36|mate=-|depth=26|nodes=3756291|crit=0
L|1|MG_QT01|AC_P15|SEL|move=c7b9|slotScore=-32|top1=-32|gap=0|rule=capnoise|hit=above|slotUsed=1|seed=2454440261|probs=cap=200,p=0.15,legal=30,1:0,2:573,3:573,4:581,5:583,6:584,7:585,8:585|depth=15|nodes=309918|slots=1:-32,2:-605,3:-605,4:-613,5:-615,6:-616,7:-617,8:-617|crit=0
L|1|MG_QT01|AC_P15|REF|move=c7b9|score=38|mate=-|depth=25|nodes=3783525|crit=0
L|1|MG_QT01|AC_P20|SEL|move=c7b9|slotScore=-36|top1=-36|gap=0|rule=capnoise|hit=above|slotUsed=1|seed=490880337|probs=cap=200,p=0.2,legal=30,1:0,2:562,3:574,4:579,5:580,6:580,7:598,8:582|depth=13|nodes=302741|slots=1:-36,2:-598,3:-610,4:-615,5:-616,6:-616,7:-634,8:-618|crit=0
L|1|MG_QT01|AC_P20|REF|move=c7b9|score=36|mate=-|depth=27|nodes=3735203|crit=0
L|1|MG_QT01|AC_AM|SEL|move=c7b9|slotScore=-35|top1=-35|gap=0|rule=capnoise|hit=above|slotUsed=1|seed=2128025433|probs=cap=200,p=0.25,legal=30,1:0,2:570,3:570,4:585,5:588,6:588,7:578,8:582|depth=14|nodes=321697|slots=1:-35,2:-605,3:-605,4:-620,5:-623,6:-623,7:-613,8:-617|crit=0
L|1|MG_QT01|AC_AM|REF|move=c7b9|score=35|mate=-|depth=27|nodes=3781857|crit=0
L|1|MG_QT01|AC_X1|SEL|move=c7b9|slotScore=-34|top1=-34|gap=0|rule=capnoise|hit=above|slotUsed=1|seed=3337185984|probs=cap=60,p=0.25,legal=30,1:0,2:562,3:574,4:579,5:582,6:581,7:585,8:585|depth=13|nodes=294932|slots=1:-34,2:-596,3:-608,4:-613,5:-616,6:-615,7:-619,8:-619|crit=0
L|1|MG_QT01|AC_X1|REF|move=c7b9|score=39|mate=-|depth=27|nodes=3699141|crit=0
L|1|MG_QT01|ANCH|SEL|move=c7b9|slotScore=-25|top1=-25|gap=0|rule=anchor|hit=anchor|slotUsed=1|seed=859908052|probs=|depth=26|nodes=3609262|slots=1:-25|crit=0
L|1|MG_QT01|ANCH|REF|move=c7b9|score=39|mate=-|depth=26|nodes=3814295|crit=0
PROG|1|MG_QT01
L|1|MG_QT05|ANCHOR|move=h7h9|score=-33|mate=-|depth=23|nodes=3637956|crit=0
L|1|MG_QT05|AM0|SEL|move=h7i7|slotScore=-65|top1=-38|gap=27|rule=slot|hit=slot|slotUsed=4|seed=643645668|probs=|depth=11|nodes=244032|slots=1:-38,2:-44,3:-44,4:-65|crit=0
L|1|MG_QT05|AM0|REF|move=h7i7|score=73|mate=-|depth=23|nodes=3685432|crit=0
L|1|MG_QT05|CAP_AD|SEL|move=b9c7|slotScore=-77|top1=-44|gap=33|rule=cap|hit=cap|slotUsed=8|seed=3259382260|probs=1:0,2:7,3:10,4:21,5:29,6:25,7:29,8:33|depth=9|nodes=288648|slots=1:-44,2:-51,3:-54,4:-65,5:-73,6:-69,7:-73,8:-77|crit=0
L|1|MG_QT05|CAP_AD|REF|move=b9c7|score=76|mate=-|depth=22|nodes=3693897|crit=0
L|1|MG_QT05|CAP_AM|SEL|move=i9g9|slotScore=-81|top1=-43|gap=38|rule=cap|hit=cap|slotUsed=8|seed=3108386331|probs=1:0,2:5,3:21,4:13,5:20,6:27,7:35,8:38|depth=10|nodes=308313|slots=1:-43,2:-48,3:-64,4:-56,5:-63,6:-70,7:-78,8:-81|crit=0
L|1|MG_QT05|CAP_AM|REF|move=i9g9|score=63|mate=-|depth=19|nodes=3774303|crit=0
L|1|MG_QT05|NOI_AM|SEL|move=h7i7|slotScore=-61|top1=-37|gap=24|rule=noise|hit=engine|slotUsed=4|seed=3993729577|probs=p=0.25,legal=33|depth=12|nodes=294712|slots=1:-37,2:-39,3:-42,4:-61|crit=0
L|1|MG_QT05|NOI_AM|REF|move=h7i7|score=73|mate=-|depth=22|nodes=3666906|crit=0
L|1|MG_QT05|AC_AD|SEL|move=a7a8|slotScore=-73|top1=-43|gap=30|rule=capnoise|hit=cap|slotUsed=8|seed=2822261174|probs=cap=60,p=0.1,legal=33,1:0,2:1,3:11,4:27,5:22,6:25,7:28,8:30|depth=10|nodes=324250|slots=1:-43,2:-44,3:-54,4:-70,5:-65,6:-68,7:-71,8:-73|crit=0
L|1|MG_QT05|AC_AD|REF|move=a7a8|score=114|mate=-|depth=21|nodes=3709507|crit=0
L|1|MG_QT05|AC_P15|SEL|move=f8e6|slotScore=-85|top1=-38|gap=47|rule=capnoise|hit=cap|slotUsed=8|seed=4243346897|probs=cap=200,p=0.15,legal=33,1:0,2:1,3:17,4:16,5:26,6:36,7:37,8:47|depth=11|nodes=304735|slots=1:-38,2:-39,3:-55,4:-54,5:-64,6:-74,7:-75,8:-85|crit=0
L|1|MG_QT05|AC_P15|REF|move=f8e6|score=95|mate=-|depth=20|nodes=3620687|crit=0
L|1|MG_QT05|AC_P20|SEL|move=a7b7|slotScore=-84|top1=-43|gap=41|rule=capnoise|hit=cap|slotUsed=8|seed=1877278613|probs=cap=200,p=0.2,legal=33,1:0,2:2,3:6,4:14,5:20,6:26,7:29,8:41|depth=11|nodes=305639|slots=1:-43,2:-45,3:-49,4:-57,5:-63,6:-69,7:-72,8:-84|crit=0
L|1|MG_QT05|AC_P20|REF|move=a7b7|score=117|mate=-|depth=21|nodes=3740004|crit=0
L|1|MG_QT05|AC_AM|SEL|move=f8e6|slotScore=-81|top1=-48|gap=33|rule=capnoise|hit=rand|slotUsed=6|seed=2939698317|probs=cap=200,p=0.25,legal=33,1:0,2:1,3:8,4:9,5:26,6:33,7:36,8:38,wouldBe=8|depth=9|nodes=254515|slots=1:-48,2:-49,3:-56,4:-57,5:-74,6:-81,7:-84,8:-86|crit=0
L|1|MG_QT05|AC_AM|REF|move=f8e6|score=96|mate=-|depth=19|nodes=3489775|crit=0
L|1|MG_QT05|AC_X1|SEL|move=f8e6|slotScore=-85|top1=-44|gap=41|rule=capnoise|hit=cap|slotUsed=8|seed=519759644|probs=cap=60,p=0.25,legal=33,1:0,2:5,3:9,4:19,5:20,6:40,7:40,8:41|depth=11|nodes=317628|slots=1:-44,2:-49,3:-53,4:-63,5:-64,6:-84,7:-84,8:-85|crit=0
L|1|MG_QT05|AC_X1|REF|move=f8e6|score=95|mate=-|depth=22|nodes=3510675|crit=0
L|1|MG_QT05|ANCH|SEL|move=h7h9|slotScore=-33|top1=-33|gap=0|rule=anchor|hit=anchor|slotUsed=1|seed=835866344|probs=|depth=23|nodes=3637956|slots=1:-33|crit=0
L|1|MG_QT05|ANCH|REF|move=h7h9|score=47|mate=-|depth=23|nodes=3633589|crit=0
PROG|1|MG_QT05
L|1|MG_QT10|ANCHOR|move=i9h9|score=-26|mate=-|depth=24|nodes=3848254|crit=0
L|1|MG_QT10|AM0|SEL|move=f8h9|slotScore=-65|top1=-31|gap=34|rule=slot|hit=slot|slotUsed=4|seed=1791640310|probs=|depth=13|nodes=317859|slots=1:-31,2:-53,3:-63,4:-65|crit=0
L|1|MG_QT10|AM0|REF|move=f8h9|score=74|mate=-|depth=24|nodes=3693369|crit=0
L|1|MG_QT10|CAP_AD|SEL|move=i9g9|slotScore=-77|top1=-36|gap=41|rule=cap|hit=cap|slotUsed=8|seed=1488103274|probs=1:0,2:19,3:27,4:32,5:39,6:39,7:41,8:41|depth=10|nodes=321398|slots=1:-36,2:-55,3:-63,4:-68,5:-75,6:-75,7:-77,8:-77|crit=0
L|1|MG_QT10|CAP_AD|REF|move=i9g9|score=124|mate=-|depth=21|nodes=3635527|crit=0
L|1|MG_QT10|CAP_AM|SEL|move=f9g9|slotScore=-89|top1=-31|gap=58|rule=cap|hit=cap|slotUsed=8|seed=1605544545|probs=1:0,2:23,3:25,4:31,5:40,6:45,7:47,8:58|depth=12|nodes=328932|slots=1:-31,2:-54,3:-56,4:-62,5:-71,6:-76,7:-78,8:-89|crit=0
L|1|MG_QT10|CAP_AM|REF|move=f9g9|score=81|mate=-|depth=24|nodes=3991339|crit=0
L|1|MG_QT10|NOI_AM|SEL|move=a6a5|slotScore=-65|top1=-35|gap=30|rule=noise|hit=engine|slotUsed=4|seed=2231498475|probs=p=0.25,legal=29|depth=13|nodes=303690|slots=1:-35,2:-44,3:-60,4:-65|crit=0
L|1|MG_QT10|NOI_AM|REF|move=a6a5|score=58|mate=-|depth=22|nodes=3796512|crit=0
L|1|MG_QT10|AC_AD|SEL|move=f9g9|slotScore=-73|top1=-31|gap=42|rule=capnoise|hit=cap|slotUsed=8|seed=127540192|probs=cap=60,p=0.1,legal=29,1:0,2:17,3:27,4:33,5:36,6:40,7:40,8:42|depth=12|nodes=315993|slots=1:-31,2:-48,3:-58,4:-64,5:-67,6:-71,7:-71,8:-73|crit=0
L|1|MG_QT10|AC_AD|REF|move=f9g9|score=73|mate=-|depth=21|nodes=3886405|crit=0
L|1|MG_QT10|AC_P15|SEL|move=f8h9|slotScore=-73|top1=-33|gap=40|rule=capnoise|hit=cap|slotUsed=8|seed=449262999|probs=cap=200,p=0.15,legal=29,1:0,2:22,3:30,4:31,5:36,6:39,7:39,8:40|depth=11|nodes=296223|slots=1:-33,2:-55,3:-63,4:-64,5:-69,6:-72,7:-72,8:-73|crit=0
L|1|MG_QT10|AC_P15|REF|move=f8h9|score=78|mate=-|depth=22|nodes=3801258|crit=0
L|1|MG_QT10|AC_P20|SEL|move=c3e4|slotScore=-77|top1=-38|gap=39|rule=capnoise|hit=cap|slotUsed=8|seed=2244500591|probs=cap=200,p=0.2,legal=29,1:0,2:14,3:23,4:28,5:32,6:26,7:29,8:39|depth=10|nodes=308867|slots=1:-38,2:-52,3:-61,4:-66,5:-70,6:-64,7:-67,8:-77|crit=0
L|1|MG_QT10|AC_P20|REF|move=c3e4|score=104|mate=-|depth=21|nodes=3701885|crit=0
L|1|MG_QT10|AC_AM|SEL|move=a7a3|slotScore=NA|top1=-38|gap=NA|rule=capnoise|hit=rand|slotUsed=-1|seed=244977383|probs=cap=200,p=0.25,legal=29,1:0,2:23,3:30,4:30,5:36,6:44,7:46,8:50,wouldBe=8|depth=12|nodes=318542|slots=1:-38,2:-61,3:-68,4:-68,5:-74,6:-82,7:-84,8:-88|crit=0
L|1|MG_QT10|AC_AM|REF|move=a7a3|score=484|mate=-|depth=18|nodes=3059234|crit=0
L|1|MG_QT10|AC_X1|SEL|move=a7a8|slotScore=-86|top1=-36|gap=50|rule=capnoise|hit=cap|slotUsed=8|seed=2796383134|probs=cap=60,p=0.25,legal=29,1:0,2:26,3:29,4:33,5:37,6:43,7:45,8:50|depth=10|nodes=298017|slots=1:-36,2:-62,3:-65,4:-69,5:-73,6:-79,7:-81,8:-86|crit=0
L|1|MG_QT10|AC_X1|REF|move=a7a8|score=69|mate=-|depth=21|nodes=3707107|crit=0
L|1|MG_QT10|ANCH|SEL|move=i9h9|slotScore=-26|top1=-26|gap=0|rule=anchor|hit=anchor|slotUsed=1|seed=1263142998|probs=|depth=24|nodes=3848254|slots=1:-26|crit=0
L|1|MG_QT10|ANCH|REF|move=i9h9|score=29|mate=-|depth=23|nodes=3957793|crit=0
PROG|1|MG_QT10
L|1|MG_QT14|ANCHOR|move=f4b4|score=-30|mate=-|depth=23|nodes=3869541|crit=0
L|1|MG_QT14|AM0|SEL|move=a7b7|slotScore=-42|top1=-34|gap=8|rule=slot|hit=slot|slotUsed=4|seed=4191373538|probs=|depth=13|nodes=313375|slots=1:-34,2:-35,3:-40,4:-42|crit=0
L|1|MG_QT14|AM0|REF|move=a7b7|score=26|mate=-|depth=25|nodes=3779399|crit=0
L|1|MG_QT14|CAP_AD|SEL|move=e9f9|slotScore=-85|top1=-28|gap=57|rule=cap|hit=cap|slotUsed=8|seed=3209366518|probs=1:0,2:5,3:18,4:18,5:28,6:29,7:35,8:57|depth=13|nodes=347461|slots=1:-28,2:-33,3:-46,4:-46,5:-56,6:-57,7:-63,8:-85|crit=0
L|1|MG_QT14|CAP_AD|REF|move=e9f9|score=110|mate=-|depth=22|nodes=3858069|crit=0
L|1|MG_QT14|CAP_AM|SEL|move=e8f7|slotScore=-88|top1=-39|gap=49|rule=cap|hit=cap|slotUsed=8|seed=3326869197|probs=1:0,2:6,3:7,4:14,5:20,6:25,7:36,8:49|depth=11|nodes=320942|slots=1:-39,2:-45,3:-46,4:-53,5:-59,6:-64,7:-75,8:-88|crit=0
L|1|MG_QT14|CAP_AM|REF|move=e8f7|score=134|mate=-|depth=25|nodes=4119989|crit=0
L|1|MG_QT14|NOI_AM|SEL|move=f4f2|slotScore=-51|top1=-40|gap=11|rule=noise|hit=engine|slotUsed=4|seed=39343863|probs=p=0.25,legal=37|depth=14|nodes=303064|slots=1:-40,2:-44,3:-57,4:-51|crit=0
L|1|MG_QT14|NOI_AM|REF|move=f4f2|score=86|mate=-|depth=24|nodes=4248804|crit=0
L|1|MG_QT14|AC_AD|SEL|move=a6a5|slotScore=NA|top1=-34|gap=NA|rule=capnoise|hit=rand|slotUsed=-1|seed=2074306788|probs=cap=60,p=0.1,legal=37,1:0,2:24,3:24,4:26,5:26,6:31,7:36,8:66,wouldBe=7|depth=12|nodes=328280|slots=1:-34,2:-58,3:-58,4:-60,5:-60,6:-65,7:-70,8:-100|crit=0
L|1|MG_QT14|AC_AD|REF|move=a6a5|score=135|mate=-|depth=20|nodes=3689184|crit=0
L|1|MG_QT14|AC_P15|SEL|move=a7d7|slotScore=NA|top1=-33|gap=NA|rule=capnoise|hit=rand|slotUsed=-1|seed=543434035|probs=cap=200,p=0.15,legal=37,1:0,2:5,3:14,4:22,5:29,6:30,7:34,8:77,wouldBe=8|depth=13|nodes=336452|slots=1:-33,2:-38,3:-47,4:-55,5:-62,6:-63,7:-67,8:-110|crit=0
L|1|MG_QT14|AC_P15|REF|move=a7d7|score=148|mate=-|depth=21|nodes=3862816|crit=0
L|1|MG_QT14|AC_P20|SEL|move=e8f7|slotScore=-98|top1=-39|gap=59|rule=capnoise|hit=cap|slotUsed=8|seed=593945027|probs=cap=200,p=0.2,legal=37,1:0,2:6,3:12,4:16,5:32,6:35,7:36,8:59|depth=13|nodes=306096|slots=1:-39,2:-45,3:-51,4:-55,5:-71,6:-74,7:-75,8:-98|crit=0
L|1|MG_QT14|AC_P20|REF|move=e8f7|score=143|mate=-|depth=25|nodes=4088341|crit=0
L|1|MG_QT14|AC_AM|SEL|move=a7c7|slotScore=-62|top1=-44|gap=18|rule=capnoise|hit=rand|slotUsed=5|seed=1923315979|probs=cap=200,p=0.25,legal=37,1:0,2:4,3:4,4:12,5:18,6:20,7:32,8:68,wouldBe=8|depth=12|nodes=329324|slots=1:-44,2:-48,3:-48,4:-56,5:-62,6:-64,7:-76,8:-112|crit=0
L|1|MG_QT14|AC_AM|REF|move=a7c7|score=107|mate=-|depth=22|nodes=4094708|crit=0
L|1|MG_QT14|AC_X1|SEL|move=a7a9|slotScore=NA|top1=-43|gap=NA|rule=capnoise|hit=rand|slotUsed=-1|seed=2992995594|probs=cap=60,p=0.25,legal=37,1:0,2:7,3:10,4:15,5:22,6:28,7:29,8:62,wouldBe=7|depth=13|nodes=320238|slots=1:-43,2:-50,3:-53,4:-58,5:-65,6:-71,7:-72,8:-105|crit=0
L|1|MG_QT14|AC_X1|REF|move=a7a9|score=209|mate=-|depth=21|nodes=3836832|crit=0
L|1|MG_QT14|ANCH|SEL|move=f4b4|slotScore=-30|top1=-30|gap=0|rule=anchor|hit=anchor|slotUsed=1|seed=1568960234|probs=|depth=23|nodes=3869541|slots=1:-30|crit=0
L|1|MG_QT14|ANCH|REF|move=f4b4|score=29|mate=-|depth=27|nodes=3854480|crit=0
PROG|1|MG_QT14
L|1|MG_QT19|ANCHOR|move=c7c3|score=-14|mate=-|depth=29|nodes=3666016|crit=0
L|1|MG_QT19|AM0|SEL|move=c7d7|slotScore=-587|top1=-19|gap=568|rule=slot|hit=slot|slotUsed=4|seed=2044308817|probs=|depth=16|nodes=316954|slots=1:-19,2:-576,3:-587,4:-587|crit=0
L|1|MG_QT19|AM0|REF|move=c7d7|score=606|mate=-|depth=29|nodes=3598132|crit=0
L|1|MG_QT19|CAP_AD|SEL|move=c7c3|slotScore=-17|top1=-17|gap=0|rule=cap|hit=above|slotUsed=1|seed=2799903359|probs=1:0,2:562,3:573,4:596,5:639,6:710,7:714,8:725|depth=13|nodes=328862|slots=1:-17,2:-579,3:-590,4:-613,5:-656,6:-727,7:-731,8:-742|crit=0
L|1|MG_QT19|CAP_AD|REF|move=c7c3|score=15|mate=-|depth=27|nodes=3748365|crit=0
L|1|MG_QT19|CAP_AM|SEL|move=c7c3|slotScore=-16|top1=-16|gap=0|rule=cap|hit=above|slotUsed=1|seed=2950894632|probs=1:0,2:576,3:576,4:579,5:619,6:705,7:722,8:723|depth=14|nodes=318241|slots=1:-16,2:-592,3:-592,4:-595,5:-635,6:-721,7:-738,8:-739|crit=0
L|1|MG_QT19|CAP_AM|REF|move=c7c3|score=15|mate=-|depth=29|nodes=3825895|crit=0
L|1|MG_QT19|NOI_AM|SEL|move=c7b7|slotScore=-597|top1=-17|gap=580|rule=noise|hit=engine|slotUsed=4|seed=2288444878|probs=p=0.25,legal=33|depth=16|nodes=303130|slots=1:-17,2:-596,3:-597,4:-597|crit=0
L|1|MG_QT19|NOI_AM|REF|move=c7b7|score=599|mate=-|depth=29|nodes=3516205|crit=0
L|1|MG_QT19|AC_AD|SEL|move=c7c3|slotScore=-19|top1=-19|gap=0|rule=capnoise|hit=above|slotUsed=1|seed=1763334587|probs=cap=60,p=0.1,legal=33,1:0,2:574,3:575,4:580,5:582,6:704,7:716,8:723|depth=14|nodes=295411|slots=1:-19,2:-593,3:-594,4:-599,5:-601,6:-723,7:-735,8:-742|crit=0
L|1|MG_QT19|AC_AD|REF|move=c7c3|score=15|mate=-|depth=28|nodes=3502839|crit=0
L|1|MG_QT19|AC_P15|SEL|move=c7c3|slotScore=-20|top1=-20|gap=0|rule=capnoise|hit=above|slotUsed=1|seed=139546082|probs=cap=200,p=0.15,legal=33,1:0,2:562,3:570,4:589,5:621,6:638,7:720,8:735|depth=13|nodes=302836|slots=1:-20,2:-582,3:-590,4:-609,5:-641,6:-658,7:-740,8:-755|crit=0
L|1|MG_QT19|AC_P15|REF|move=c7c3|score=14|mate=-|depth=30|nodes=3476969|crit=0
L|1|MG_QT19|AC_P20|SEL|move=c7c3|slotScore=-19|top1=-19|gap=0|rule=capnoise|hit=above|slotUsed=1|seed=2102843414|probs=cap=200,p=0.2,legal=33,1:0,2:570,3:580,4:581,5:627,6:704,7:706,8:717|depth=15|nodes=310819|slots=1:-19,2:-589,3:-599,4:-600,5:-646,6:-723,7:-725,8:-736|crit=0
L|1|MG_QT19|AC_P20|REF|move=c7c3|score=15|mate=-|depth=31|nodes=3618204|crit=0
L|1|MG_QT19|AC_AM|SEL|move=c7c3|slotScore=-17|top1=-17|gap=0|rule=capnoise|hit=above|slotUsed=1|seed=1914325908|probs=cap=200,p=0.25,legal=33,1:0,2:539,3:576,4:579,5:625,6:695,7:699,8:740|depth=15|nodes=329771|slots=1:-17,2:-556,3:-593,4:-596,5:-642,6:-712,7:-716,8:-757|crit=0
L|1|MG_QT19|AC_AM|REF|move=c7c3|score=16|mate=-|depth=30|nodes=3650474|crit=0
L|1|MG_QT19|AC_X1|SEL|move=c7c3|slotScore=-20|top1=-20|gap=0|rule=capnoise|hit=above|slotUsed=1|seed=2852862573|probs=cap=60,p=0.25,legal=33,1:0,2:561,3:575,4:585,5:631,6:697,7:699,8:722|depth=14|nodes=315322|slots=1:-20,2:-581,3:-595,4:-605,5:-651,6:-717,7:-719,8:-742|crit=0
L|1|MG_QT19|AC_X1|REF|move=c7c3|score=16|mate=-|depth=29|nodes=3794702|crit=0
L|1|MG_QT19|ANCH|SEL|move=c7c3|slotScore=-14|top1=-14|gap=0|rule=anchor|hit=anchor|slotUsed=1|seed=3549342995|probs=|depth=29|nodes=3666016|slots=1:-14|crit=0
L|1|MG_QT19|ANCH|REF|move=c7c3|score=15|mate=-|depth=30|nodes=3782194|crit=0
PROG|1|MG_QT19
L|1|MG_QT24|ANCHOR|move=g7f5|score=-14|mate=-|depth=29|nodes=3623661|crit=0
L|1|MG_QT24|AM0|SEL|move=g7e6|slotScore=-19|top1=-15|gap=4|rule=slot|hit=slot|slotUsed=4|seed=3085773113|probs=|depth=14|nodes=306002|slots=1:-15,2:-20,3:-18,4:-19|crit=0
L|1|MG_QT24|AM0|REF|move=g7e6|score=19|mate=-|depth=26|nodes=3681548|crit=0
L|1|MG_QT24|CAP_AD|SEL|move=c3b3|slotScore=-28|top1=-14|gap=14|rule=cap|hit=cap|slotUsed=8|seed=95440983|probs=1:0,2:1,3:6,4:5,5:7,6:9,7:10,8:14|depth=13|nodes=309796|slots=1:-14,2:-15,3:-20,4:-19,5:-21,6:-23,7:-24,8:-28|crit=0
L|1|MG_QT24|CAP_AD|REF|move=c3b3|score=23|mate=-|depth=29|nodes=3799807|crit=0
L|1|MG_QT24|CAP_AM|SEL|move=c3b3|slotScore=-27|top1=-17|gap=10|rule=cap|hit=cap|slotUsed=8|seed=4272975184|probs=1:0,2:2,3:2,4:4,5:5,6:8,7:9,8:10|depth=13|nodes=313388|slots=1:-17,2:-19,3:-19,4:-21,5:-22,6:-25,7:-26,8:-27|crit=0
L|1|MG_QT24|CAP_AM|REF|move=c3b3|score=24|mate=-|depth=27|nodes=3760909|crit=0
L|1|MG_QT24|NOI_AM|SEL|move=f8f9|slotScore=-20|top1=-13|gap=7|rule=noise|hit=engine|slotUsed=4|seed=32865702|probs=p=0.25,legal=33|depth=14|nodes=288428|slots=1:-13,2:-13,3:-17,4:-20|crit=0
L|1|MG_QT24|NOI_AM|REF|move=f8f9|score=16|mate=-|depth=28|nodes=3645572|crit=0
L|1|MG_QT24|AC_AD|SEL|move=c9e7|slotScore=-27|top1=-17|gap=10|rule=capnoise|hit=cap|slotUsed=8|seed=1698665187|probs=cap=60,p=0.1,legal=33,1:0,2:-3,3:0,4:2,5:5,6:8,7:8,8:10|depth=14|nodes=310122|slots=1:-17,2:-14,3:-17,4:-19,5:-22,6:-25,7:-25,8:-27|crit=0
L|1|MG_QT24|AC_AD|REF|move=c9e7|score=20|mate=-|depth=29|nodes=3693859|crit=0
L|1|MG_QT24|AC_P15|SEL|move=c3b3|slotScore=-23|top1=-14|gap=9|rule=capnoise|hit=cap|slotUsed=8|seed=1230687162|probs=cap=200,p=0.15,legal=33,1:0,2:9,3:6,4:6,5:7,6:8,7:9,8:9|depth=13|nodes=324040|slots=1:-14,2:-23,3:-20,4:-20,5:-21,6:-22,7:-23,8:-23|crit=0
L|1|MG_QT24|AC_P15|REF|move=c3b3|score=23|mate=-|depth=27|nodes=3782934|crit=0
L|1|MG_QT24|AC_P20|SEL|move=e4g4|slotScore=NA|top1=-17|gap=NA|rule=capnoise|hit=rand|slotUsed=-1|seed=3730969934|probs=cap=200,p=0.2,legal=33,1:0,2:1,3:5,4:5,5:7,6:9,7:10,8:10,wouldBe=8|depth=14|nodes=321124|slots=1:-17,2:-18,3:-22,4:-22,5:-24,6:-26,7:-27,8:-27|crit=0
L|1|MG_QT24|AC_P20|REF|move=e4g4|score=484|mate=-|depth=26|nodes=4333990|crit=0
L|1|MG_QT24|AC_AM|SEL|move=c9e7|slotScore=-25|top1=-12|gap=13|rule=capnoise|hit=cap|slotUsed=8|seed=1581232108|probs=cap=200,p=0.25,legal=33,1:0,2:5,3:7,4:9,5:9,6:10,7:12,8:13|depth=13|nodes=335340|slots=1:-12,2:-17,3:-19,4:-21,5:-21,6:-22,7:-24,8:-25|crit=0
L|1|MG_QT24|AC_AM|REF|move=c9e7|score=19|mate=-|depth=27|nodes=3713570|crit=0
L|1|MG_QT24|AC_X1|SEL|move=e4d4|slotScore=-25|top1=-13|gap=12|rule=capnoise|hit=cap|slotUsed=8|seed=3327407589|probs=cap=60,p=0.25,legal=33,1:0,2:4,3:5,4:6,5:10,6:11,7:11,8:12|depth=13|nodes=315717|slots=1:-13,2:-17,3:-18,4:-19,5:-23,6:-24,7:-24,8:-25|crit=0
L|1|MG_QT24|AC_X1|REF|move=e4d4|score=26|mate=-|depth=27|nodes=3713054|crit=0
L|1|MG_QT24|ANCH|SEL|move=g7f5|slotScore=-14|top1=-14|gap=0|rule=anchor|hit=anchor|slotUsed=1|seed=1387929499|probs=|depth=29|nodes=3623661|slots=1:-14|crit=0
L|1|MG_QT24|ANCH|REF|move=g7f5|score=12|mate=-|depth=29|nodes=3589706|crit=0
PROG|1|MG_QT24
L|1|MG_QT29|ANCHOR|move=a9b9|score=-12|mate=-|depth=26|nodes=3618696|crit=0
L|1|MG_QT29|AM0|SEL|move=d9e8|slotScore=-24|top1=-10|gap=14|rule=slot|hit=slot|slotUsed=4|seed=1582413146|probs=|depth=13|nodes=294335|slots=1:-10,2:-11,3:-18,4:-24|crit=0
L|1|MG_QT29|AM0|REF|move=d9e8|score=29|mate=-|depth=23|nodes=3436861|crit=0
L|1|MG_QT29|CAP_AD|SEL|move=b6c6|slotScore=-35|top1=-16|gap=19|rule=cap|hit=cap|slotUsed=8|seed=2445993374|probs=1:0,2:1,3:2,4:7,5:8,6:15,7:17,8:19|depth=12|nodes=296610|slots=1:-16,2:-17,3:-18,4:-23,5:-24,6:-31,7:-33,8:-35|crit=0
L|1|MG_QT29|CAP_AD|REF|move=b6c6|score=30|mate=-|depth=25|nodes=3805879|crit=0
L|1|MG_QT29|CAP_AM|SEL|move=f9e8|slotScore=-36|top1=-9|gap=27|rule=cap|hit=cap|slotUsed=8|seed=2295002021|probs=1:0,2:0,3:13,4:13,5:21,6:15,7:18,8:27|depth=11|nodes=311196|slots=1:-9,2:-9,3:-22,4:-22,5:-30,6:-24,7:-27,8:-36|crit=0
L|1|MG_QT29|CAP_AM|REF|move=f9e8|score=18|mate=-|depth=21|nodes=3696135|crit=0
L|1|MG_QT29|NOI_AM|SEL|move=d9e8|slotScore=-22|top1=-3|gap=19|rule=noise|hit=engine|slotUsed=4|seed=2508787231|probs=p=0.25,legal=41|depth=13|nodes=274304|slots=1:-3,2:-16,3:-13,4:-22|crit=0
L|1|MG_QT29|NOI_AM|REF|move=d9e8|score=22|mate=-|depth=23|nodes=3461250|crit=0
L|1|MG_QT29|AC_AD|SEL|move=f9e8|slotScore=-30|top1=-13|gap=17|rule=capnoise|hit=cap|slotUsed=8|seed=2304271964|probs=cap=60,p=0.1,legal=41,1:0,2:2,3:6,4:8,5:14,6:16,7:17,8:17|depth=12|nodes=299994|slots=1:-13,2:-15,3:-19,4:-21,5:-27,6:-29,7:-30,8:-30|crit=0
L|1|MG_QT29|AC_AD|REF|move=f9e8|score=20|mate=-|depth=22|nodes=3629719|crit=0
L|1|MG_QT29|AC_P15|SEL|move=c7b5|slotScore=-33|top1=-10|gap=23|rule=capnoise|hit=cap|slotUsed=8|seed=2631619963|probs=cap=200,p=0.15,legal=41,1:0,2:2,3:3,4:6,5:9,6:16,7:19,8:23|depth=12|nodes=281501|slots=1:-10,2:-12,3:-13,4:-16,5:-19,6:-26,7:-29,8:-33|crit=0
L|1|MG_QT29|AC_P15|REF|move=c7b5|score=32|mate=-|depth=22|nodes=3374482|crit=0
L|1|MG_QT29|AC_P20|SEL|move=f9e8|slotScore=-32|top1=-8|gap=24|rule=capnoise|hit=cap|slotUsed=8|seed=2682064907|probs=cap=200,p=0.2,legal=41,1:0,2:8,3:11,4:13,5:16,6:18,7:23,8:24|depth=12|nodes=282525|slots=1:-8,2:-16,3:-19,4:-21,5:-24,6:-26,7:-31,8:-32|crit=0
L|1|MG_QT29|AC_P20|REF|move=f9e8|score=22|mate=-|depth=25|nodes=3659111|crit=0
L|1|MG_QT29|AC_AM|SEL|move=f9e8|slotScore=-33|top1=-8|gap=25|rule=capnoise|hit=cap|slotUsed=8|seed=2421714259|probs=cap=200,p=0.25,legal=41,1:0,2:2,3:6,4:13,5:16,6:18,7:24,8:25|depth=13|nodes=299413|slots=1:-8,2:-10,3:-14,4:-21,5:-24,6:-26,7:-32,8:-33|crit=0
L|1|MG_QT29|AC_AM|REF|move=f9e8|score=22|mate=-|depth=26|nodes=3707745|crit=0
L|1|MG_QT29|AC_X1|SEL|move=c7d5|slotScore=-13|top1=-7|gap=6|rule=capnoise|hit=cap|slotUsed=8|seed=1620299090|probs=cap=60,p=0.25,legal=41,1:0,2:8,3:11,4:11,5:13,6:16,7:18,8:6|depth=12|nodes=306516|slots=1:-7,2:-15,3:-18,4:-18,5:-20,6:-23,7:-25,8:-13|crit=0
L|1|MG_QT29|AC_X1|REF|move=c7d5|score=23|mate=-|depth=21|nodes=3265829|crit=0
L|1|MG_QT29|ANCH|SEL|move=a9b9|slotScore=-12|top1=-12|gap=0|rule=anchor|hit=anchor|slotUsed=1|seed=3387913538|probs=|depth=26|nodes=3618696|slots=1:-12|crit=0
L|1|MG_QT29|ANCH|REF|move=a9b9|score=10|mate=-|depth=25|nodes=3407274|crit=0
PROG|1|MG_QT29
L|1|MG_QT34|ANCHOR|move=d9d3|score=-3|mate=-|depth=26|nodes=3730874|crit=0
L|1|MG_QT34|AM0|SEL|move=b5a5|slotScore=-48|top1=-10|gap=38|rule=slot|hit=slot|slotUsed=4|seed=4103884092|probs=|depth=12|nodes=287794|slots=1:-10,2:-36,3:-47,4:-48|crit=0
L|1|MG_QT34|AM0|REF|move=b5a5|score=32|mate=-|depth=23|nodes=4043015|crit=0
L|1|MG_QT34|CAP_AD|SEL|move=c5c4|slotScore=-46|top1=-11|gap=35|rule=cap|hit=cap|slotUsed=5|seed=1497192060|probs=1:0,2:18,3:30,4:32,5:35,6:95,7:90,8:116|depth=11|nodes=307365|slots=1:-11,2:-29,3:-41,4:-43,5:-46,6:-106,7:-101,8:-127|crit=0
L|1|MG_QT34|CAP_AD|REF|move=c5c4|score=16|mate=-|depth=24|nodes=3694112|crit=0
L|1|MG_QT34|CAP_AM|SEL|move=d9d7|slotScore=-135|top1=-23|gap=112|rule=cap|hit=cap|slotUsed=8|seed=1614634355|probs=1:0,2:2,3:5,4:22,5:28,6:67,7:84,8:112|depth=12|nodes=292510|slots=1:-23,2:-25,3:-28,4:-45,5:-51,6:-90,7:-107,8:-135|crit=0
L|1|MG_QT34|CAP_AM|REF|move=d9d7|score=227|mate=-|depth=21|nodes=3949451|crit=0
L|1|MG_QT34|NOI_AM|SEL|move=b5a5|slotScore=-40|top1=-15|gap=25|rule=noise|hit=engine|slotUsed=4|seed=2617821361|probs=p=0.25,legal=32|depth=13|nodes=293134|slots=1:-15,2:-32,3:-32,4:-40|crit=0
L|1|MG_QT34|NOI_AM|REF|move=b5a5|score=38|mate=-|depth=27|nodes=4098262|crit=0
L|1|MG_QT34|AC_AD|SEL|move=b5a5|slotScore=-39|top1=-14|gap=25|rule=capnoise|hit=cap|slotUsed=5|seed=1081493134|probs=cap=60,p=0.1,legal=32,1:0,2:19,3:23,4:25,5:25,6:82,7:135,8:138|depth=11|nodes=324218|slots=1:-14,2:-33,3:-37,4:-39,5:-39,6:-96,7:-149,8:-152|crit=0
L|1|MG_QT34|AC_AD|REF|move=b5a5|score=33|mate=-|depth=26|nodes=3905947|crit=0
L|1|MG_QT34|AC_P15|SEL|move=d9a9|slotScore=-115|top1=-12|gap=103|rule=capnoise|hit=cap|slotUsed=8|seed=2852752633|probs=cap=200,p=0.15,legal=32,1:0,2:19,3:25,4:31,5:38,6:76,7:76,8:103|depth=11|nodes=333281|slots=1:-12,2:-31,3:-37,4:-43,5:-50,6:-88,7:-88,8:-115|crit=0
L|1|MG_QT34|AC_P15|REF|move=d9a9|score=233|mate=-|depth=24|nodes=3904283|crit=0
L|1|MG_QT34|AC_P20|SEL|move=a6a5|slotScore=-129|top1=-11|gap=118|rule=capnoise|hit=cap|slotUsed=8|seed=1023468637|probs=cap=200,p=0.2,legal=32,1:0,2:24,3:26,4:43,5:43,6:101,7:107,8:118|depth=13|nodes=335529|slots=1:-11,2:-35,3:-37,4:-54,5:-54,6:-112,7:-118,8:-129|crit=0
L|1|MG_QT34|AC_P20|REF|move=a6a5|score=162|mate=-|depth=22|nodes=3865170|crit=0
L|1|MG_QT34|AC_AM|SEL|move=c7d5|slotScore=NA|top1=-19|gap=NA|rule=capnoise|hit=rand|slotUsed=-1|seed=930501845|probs=cap=200,p=0.25,legal=32,1:0,2:14,3:32,4:38,5:40,6:80,7:98,8:108,wouldBe=8|depth=12|nodes=320727|slots=1:-19,2:-33,3:-51,4:-57,5:-59,6:-99,7:-117,8:-127|crit=0
L|1|MG_QT34|AC_AM|REF|move=c7d5|score=456|mate=-|depth=22|nodes=3698549|crit=0
L|1|MG_QT34|AC_X1|SEL|move=d9b9|slotScore=-54|top1=-23|gap=31|rule=capnoise|hit=cap|slotUsed=5|seed=2544985860|probs=cap=60,p=0.25,legal=32,1:0,2:25,3:25,4:25,5:31,6:110,7:110,8:118|depth=12|nodes=318231|slots=1:-23,2:-48,3:-48,4:-48,5:-54,6:-133,7:-133,8:-141|crit=0
L|1|MG_QT34|AC_X1|REF|move=d9b9|score=54|mate=-|depth=24|nodes=4079097|crit=0
L|1|MG_QT34|ANCH|SEL|move=d9d3|slotScore=-3|top1=-3|gap=0|rule=anchor|hit=anchor|slotUsed=1|seed=408035072|probs=|depth=26|nodes=3730874|slots=1:-3|crit=0
L|1|MG_QT34|ANCH|REF|move=d9d3|score=4|mate=-|depth=24|nodes=3569713|crit=0
PROG|1|MG_QT34
L|1|MG_QT39|ANCHOR|move=b5c5|score=0|mate=-|depth=27|nodes=3581416|crit=0
L|1|MG_QT39|AM0|SEL|move=c7d5|slotScore=-9|top1=-3|gap=6|rule=slot|hit=slot|slotUsed=4|seed=455028011|probs=|depth=14|nodes=299704|slots=1:-3,2:-7,3:-9,4:-9|crit=0
L|1|MG_QT39|AM0|REF|move=c7d5|score=8|mate=-|depth=24|nodes=3438244|crit=0
L|1|MG_QT39|CAP_AD|SEL|move=f5f8|slotScore=-29|top1=0|gap=29|rule=cap|hit=cap|slotUsed=8|seed=2193818533|probs=1:0,2:7,3:8,4:8,5:10,6:19,7:24,8:29|depth=11|nodes=299179|slots=1:0,2:-7,3:-8,4:-8,5:-10,6:-19,7:-24,8:-29|crit=0
L|1|MG_QT39|CAP_AD|REF|move=f5f8|score=23|mate=-|depth=27|nodes=3545831|crit=0
L|1|MG_QT39|CAP_AM|SEL|move=b5a5|slotScore=-23|top1=-1|gap=22|rule=cap|hit=cap|slotUsed=8|seed=2344875422|probs=1:0,2:1,3:6,4:7,5:17,6:19,7:20,8:22|depth=12|nodes=305438|slots=1:-1,2:-2,3:-7,4:-8,5:-18,6:-20,7:-21,8:-23|crit=0
L|1|MG_QT39|CAP_AM|REF|move=b5a5|score=20|mate=-|depth=25|nodes=3851515|crit=0
L|1|MG_QT39|NOI_AM|SEL|move=i6i5|slotScore=-9|top1=2|gap=11|rule=noise|hit=engine|slotUsed=4|seed=3330669880|probs=p=0.25,legal=43|depth=12|nodes=262393|slots=1:2,2:-5,3:-9,4:-9|crit=0
L|1|MG_QT39|NOI_AM|REF|move=i6i5|score=10|mate=-|depth=24|nodes=3380033|crit=0
L|1|MG_QT39|AC_AD|SEL|move=b5a5|slotScore=-26|top1=-1|gap=25|rule=capnoise|hit=cap|slotUsed=8|seed=1861239525|probs=cap=60,p=0.1,legal=43,1:0,2:7,3:7,4:10,5:11,6:14,7:19,8:25|depth=11|nodes=268531|slots=1:-1,2:-8,3:-8,4:-11,5:-12,6:-15,7:-20,8:-26|crit=0
L|1|MG_QT39|AC_AD|REF|move=b5a5|score=16|mate=-|depth=26|nodes=3696979|crit=0
L|1|MG_QT39|AC_P15|SEL|move=f5f6|slotScore=-22|top1=0|gap=22|rule=capnoise|hit=cap|slotUsed=8|seed=2379418896|probs=cap=200,p=0.15,legal=43,1:0,2:1,3:7,4:10,5:14,6:15,7:17,8:22|depth=12|nodes=300404|slots=1:0,2:-1,3:-7,4:-10,5:-14,6:-15,7:-17,8:-22|crit=0
L|1|MG_QT39|AC_P15|REF|move=f5f6|score=21|mate=-|depth=26|nodes=3665681|crit=0
L|1|MG_QT39|AC_P20|SEL|move=b5a5|slotScore=-19|top1=0|gap=19|rule=capnoise|hit=cap|slotUsed=8|seed=2328972864|probs=cap=200,p=0.2,legal=43,1:0,2:3,3:6,4:11,5:12,6:13,7:16,8:19|depth=12|nodes=291475|slots=1:0,2:-3,3:-6,4:-11,5:-12,6:-13,7:-16,8:-19|crit=0
L|1|MG_QT39|AC_P20|REF|move=b5a5|score=15|mate=-|depth=26|nodes=3758461|crit=0
L|1|MG_QT39|AC_AM|SEL|move=b5a5|slotScore=-23|top1=0|gap=23|rule=capnoise|hit=cap|slotUsed=8|seed=2012230878|probs=cap=200,p=0.25,legal=43,1:0,2:4,3:7,4:9,5:10,6:16,7:16,8:23|depth=12|nodes=319619|slots=1:0,2:-4,3:-7,4:-9,5:-10,6:-16,7:-16,8:-23|crit=0
L|1|MG_QT39|AC_AM|REF|move=b5a5|score=14|mate=-|depth=26|nodes=3735276|crit=0
L|1|MG_QT39|AC_X1|SEL|move=f5f6|slotScore=-22|top1=-1|gap=21|rule=capnoise|hit=cap|slotUsed=8|seed=4029653559|probs=cap=60,p=0.25,legal=43,1:0,2:4,3:6,4:7,5:7,6:13,7:20,8:21|depth=12|nodes=297435|slots=1:-1,2:-5,3:-7,4:-8,5:-8,6:-14,7:-21,8:-22|crit=0
L|1|MG_QT39|AC_X1|REF|move=f5f6|score=18|mate=-|depth=26|nodes=3720190|crit=0
L|1|MG_QT39|ANCH|SEL|move=b5c5|slotScore=0|top1=0|gap=0|rule=anchor|hit=anchor|slotUsed=1|seed=3926059169|probs=|depth=27|nodes=3581416|slots=1:0|crit=0
L|1|MG_QT39|ANCH|REF|move=b5c5|score=0|mate=-|depth=29|nodes=3546479|crit=0
PROG|1|MG_QT39
L|1|MG_QH01|ANCHOR|move=d0e1|score=-3|mate=-|depth=24|nodes=3662037|crit=0
L|1|MG_QH01|AM0|SEL|move=c0a2|slotScore=-2|top1=2|gap=4|rule=slot|hit=slot|slotUsed=4|seed=3842928956|probs=|depth=13|nodes=263678|slots=1:2,2:-2,3:2,4:-2|crit=0
L|1|MG_QH01|AM0|REF|move=c0a2|score=1|mate=-|depth=25|nodes=3894118|crit=0
L|1|MG_QH01|CAP_AD|SEL|move=c2e1|slotScore=-21|top1=2|gap=23|rule=cap|hit=cap|slotUsed=8|seed=2755105404|probs=1:0,2:2,3:3,4:8,5:10,6:11,7:17,8:23|depth=11|nodes=303948|slots=1:2,2:0,3:-1,4:-6,5:-8,6:-9,7:-15,8:-21|crit=0
L|1|MG_QH01|CAP_AD|REF|move=c2e1|score=20|mate=-|depth=22|nodes=3430831|crit=0
L|1|MG_QH01|CAP_AM|SEL|move=i3i4|slotScore=-20|top1=8|gap=28|rule=cap|hit=cap|slotUsed=8|seed=2872547699|probs=1:0,2:4,3:5,4:7,5:19,6:10,7:15,8:28|depth=11|nodes=301296|slots=1:8,2:4,3:3,4:1,5:-11,6:-2,7:-7,8:-20|crit=0
L|1|MG_QH01|CAP_AM|REF|move=i3i4|score=14|mate=-|depth=21|nodes=3483921|crit=0
L|1|MG_QH01|NOI_AM|SEL|move=b6g6|slotScore=-1|top1=5|gap=6|rule=noise|hit=engine|slotUsed=4|seed=3875927217|probs=p=0.25,legal=33|depth=14|nodes=301219|slots=1:5,2:5,3:0,4:-1|crit=0
L|1|MG_QH01|NOI_AM|REF|move=b6g6|score=0|mate=-|depth=24|nodes=3564517|crit=0
L|1|MG_QH01|AC_AD|SEL|move=a0a1|slotScore=-11|top1=8|gap=19|rule=capnoise|hit=cap|slotUsed=8|seed=2992286350|probs=cap=60,p=0.1,legal=33,1:0,2:0,3:6,4:7,5:3,6:13,7:18,8:19|depth=12|nodes=294550|slots=1:8,2:8,3:2,4:1,5:5,6:-5,7:-10,8:-11|crit=0
L|1|MG_QH01|AC_AD|REF|move=a0a1|score=3|mate=-|depth=26|nodes=3640826|crit=0
L|1|MG_QH01|AC_P15|SEL|move=c2b0|slotScore=-15|top1=-1|gap=14|rule=capnoise|hit=cap|slotUsed=8|seed=4110600441|probs=cap=200,p=0.15,legal=33,1:0,2:-7,3:-6,4:5,5:6,6:6,7:10,8:14|depth=11|nodes=313754|slots=1:-1,2:6,3:5,4:-6,5:-7,6:-7,7:-11,8:-15|crit=0
L|1|MG_QH01|AC_P15|REF|move=c2b0|score=16|mate=-|depth=24|nodes=3739508|crit=0
L|1|MG_QH01|AC_P20|SEL|move=a3a4|slotScore=-20|top1=8|gap=28|rule=capnoise|hit=cap|slotUsed=8|seed=2281513053|probs=cap=200,p=0.2,legal=33,1:0,2:2,3:3,4:6,5:6,6:17,7:24,8:28|depth=10|nodes=249027|slots=1:8,2:6,3:5,4:2,5:2,6:-9,7:-16,8:-20|crit=0
L|1|MG_QH01|AC_P20|REF|move=a3a4|score=39|mate=-|depth=23|nodes=3398314|crit=0
L|1|MG_QH01|AC_AM|SEL|move=i3i4|slotScore=-16|top1=10|gap=26|rule=capnoise|hit=cap|slotUsed=8|seed=2841295061|probs=cap=200,p=0.25,legal=33,1:0,2:2,3:7,4:10,5:13,6:17,7:25,8:26|depth=11|nodes=302967|slots=1:10,2:8,3:3,4:0,5:-3,6:-7,7:-15,8:-16|crit=0
L|1|MG_QH01|AC_AM|REF|move=i3i4|score=13|mate=-|depth=22|nodes=3573653|crit=0
L|1|MG_QH01|AC_X1|SEL|move=i3i4|slotScore=-17|top1=7|gap=24|rule=capnoise|hit=cap|slotUsed=8|seed=160811780|probs=cap=60,p=0.25,legal=33,1:0,2:4,3:6,4:12,5:10,6:13,7:17,8:24|depth=12|nodes=308173|slots=1:7,2:3,3:1,4:-5,5:-3,6:-6,7:-10,8:-17|crit=0
L|1|MG_QH01|AC_X1|REF|move=i3i4|score=16|mate=-|depth=24|nodes=3508965|crit=0
L|1|MG_QH01|ANCH|SEL|move=d0e1|slotScore=-3|top1=-3|gap=0|rule=anchor|hit=anchor|slotUsed=1|seed=2608265984|probs=|depth=24|nodes=3662037|slots=1:-3|crit=0
L|1|MG_QH01|ANCH|REF|move=d0e1|score=-4|mate=-|depth=24|nodes=3604556|crit=0
PROG|1|MG_QH01
L|1|MG_QB3|ANCHOR|move=a0b0|score=332|mate=-|depth=20|nodes=3259031|crit=0
L|1|MG_QB3|AM0|SEL|move=d1f2|slotScore=221|top1=315|gap=94|rule=slot|hit=slot|slotUsed=4|seed=4045035576|probs=|depth=10|nodes=319779|slots=1:315,2:265,3:263,4:221|crit=0
L|1|MG_QB3|AM0|REF|move=d1f2|score=-177|mate=-|depth=18|nodes=3563615|crit=0
L|1|MG_QB3|CAP_AD|SEL|move=c4i4|slotScore=244|top1=289|gap=45|rule=cap|hit=cap|slotUsed=4|seed=1369936696|probs=1:0,2:24,3:24,4:45,5:71,6:91,7:106,8:117|depth=8|nodes=341540|slots=1:289,2:265,3:265,4:244,5:218,6:198,7:183,8:172|crit=0
L|1|MG_QB3|CAP_AD|REF|move=c4i4|score=-190|mate=-|depth=20|nodes=3696113|crit=0
L|1|MG_QB3|CAP_AM|SEL|move=a0c0|slotScore=198|top1=311|gap=113|rule=cap|hit=cap|slotUsed=8|seed=1218945359|probs=1:0,2:46,3:64,4:102,5:109,6:135,7:107,8:113|depth=9|nodes=344589|slots=1:311,2:265,3:247,4:209,5:202,6:176,7:204,8:198|crit=0
L|1|MG_QB3|CAP_AM|REF|move=a0c0|score=-68|mate=-|depth=20|nodes=3664941|crit=0
L|1|MG_QB3|NOI_AM|SEL|move=c4i4|slotScore=220|top1=317|gap=97|rule=noise|hit=engine|slotUsed=4|seed=3843563021|probs=p=0.25,legal=39|depth=11|nodes=300206|slots=1:317,2:282,3:265,4:220|crit=0
L|1|MG_QB3|NOI_AM|REF|move=c4i4|score=-206|mate=-|depth=20|nodes=3781095|crit=0
L|1|MG_QB3|AC_AD|SEL|move=c4a4|slotScore=275|top1=312|gap=37|rule=capnoise|hit=cap|slotUsed=3|seed=1311325218|probs=cap=60,p=0.1,legal=39,1:0,2:32,3:37,4:65,5:91,6:117,7:121,8:123|depth=10|nodes=320316|slots=1:312,2:280,3:275,4:247,5:221,6:195,7:191,8:189|crit=0
L|1|MG_QB3|AC_AD|REF|move=c4a4|score=-269|mate=-|depth=20|nodes=3578593|crit=0
L|1|MG_QB3|AC_P15|SEL|move=i1f1|slotScore=191|top1=293|gap=102|rule=capnoise|hit=cap|slotUsed=8|seed=3076734965|probs=cap=200,p=0.15,legal=39,1:0,2:32,3:34,4:71,5:73,6:85,7:90,8:102|depth=8|nodes=323093|slots=1:293,2:261,3:259,4:222,5:220,6:208,7:203,8:191|crit=0
L|1|MG_QB3|AC_P15|REF|move=i1f1|score=-186|mate=-|depth=21|nodes=3378540|crit=0
L|1|MG_QB3|AC_P20|SEL|move=d0e1|slotScore=NA|top1=313|gap=NA|rule=capnoise|hit=rand|slotUsed=-1|seed=1113301953|probs=cap=200,p=0.2,legal=39,1:0,2:27,3:29,4:68,5:89,6:116,7:125,8:133,wouldBe=8|depth=8|nodes=316531|slots=1:313,2:286,3:284,4:245,5:224,6:197,7:188,8:180|crit=0
L|1|MG_QB3|AC_P20|REF|move=d0e1|score=-49|mate=-|depth=21|nodes=4115410|crit=0
L|1|MG_QB3|AC_AM|SEL|move=a2c0|slotScore=NA|top1=315|gap=NA|rule=capnoise|hit=rand|slotUsed=-1|seed=1160333897|probs=cap=200,p=0.25,legal=39,1:0,2:36,3:55,4:68,5:93,6:96,7:106,8:108,wouldBe=8|depth=10|nodes=334557|slots=1:315,2:279,3:260,4:247,5:222,6:219,7:209,8:207|crit=0
L|1|MG_QB3|AC_AM|REF|move=a2c0|score=-89|mate=-|depth=20|nodes=3683893|crit=0
L|1|MG_QB3|AC_X1|SEL|move=c4a4|slotScore=258|top1=308|gap=50|rule=capnoise|hit=cap|slotUsed=3|seed=1827365936|probs=cap=60,p=0.25,legal=39,1:0,2:25,3:50,4:89,5:97,6:104,7:118,8:135|depth=8|nodes=308505|slots=1:308,2:283,3:258,4:219,5:211,6:204,7:190,8:173|crit=0
L|1|MG_QB3|AC_X1|REF|move=c4a4|score=-305|mate=-|depth=19|nodes=3408475|crit=0
L|1|MG_QB3|ANCH|SEL|move=a0b0|slotScore=332|top1=332|gap=0|rule=anchor|hit=anchor|slotUsed=1|seed=3750206404|probs=|depth=20|nodes=3259031|slots=1:332|crit=0
L|1|MG_QB3|ANCH|REF|move=a0b0|score=-339|mate=-|depth=19|nodes=3202691|crit=0
PROG|1|MG_QB3
L|1|MG_QB9|ANCHOR|move=a6b6|score=592|mate=-|depth=21|nodes=3070433|crit=0
L|1|MG_QB9|AM0|SEL|move=i8f8|slotScore=527|top1=571|gap=44|rule=slot|hit=slot|slotUsed=4|seed=1831963486|probs=|depth=11|nodes=238021|slots=1:571,2:568,3:555,4:527|crit=0
L|1|MG_QB9|AM0|REF|move=i8f8|score=-590|mate=-|depth=20|nodes=3041872|crit=0
L|1|MG_QB9|CAP_AD|SEL|move=i7e7|slotScore=532|top1=581|gap=49|rule=cap|hit=cap|slotUsed=6|seed=4117956418|probs=1:0,2:8,3:13,4:18,5:34,6:49,7:61,8:70|depth=11|nodes=245615|slots=1:581,2:573,3:568,4:563,5:547,6:532,7:520,8:511|crit=0
L|1|MG_QB9|CAP_AD|REF|move=i7e7|score=-558|mate=-|depth=23|nodes=3226148|crit=0
L|1|MG_QB9|CAP_AM|SEL|move=a6a8|slotScore=509|top1=578|gap=69|rule=cap|hit=cap|slotUsed=8|seed=3966965097|probs=1:0,2:21,3:27,4:16,5:34,6:37,7:41,8:69|depth=11|nodes=255696|slots=1:578,2:557,3:551,4:562,5:544,6:541,7:537,8:509|crit=0
L|1|MG_QB9|CAP_AM|REF|move=a6a8|score=-561|mate=-|depth=19|nodes=3061888|crit=0
L|1|MG_QB9|NOI_AM|SEL|move=e9e8|slotScore=NA|top1=578|gap=NA|rule=noise|hit=rand|slotUsed=-1|seed=2447187555|probs=p=0.25,legal=41|depth=12|nodes=230960|slots=1:578,2:577,3:571,4:553|crit=0
L|1|MG_QB9|NOI_AM|REF|move=e9e8|score=-447|mate=-|depth=18|nodes=2982316|crit=0
L|1|MG_QB9|AC_AD|SEL|move=g6g5|slotScore=521|top1=568|gap=47|rule=capnoise|hit=cap|slotUsed=8|seed=2678872680|probs=cap=60,p=0.1,legal=41,1:0,2:6,3:0,4:18,5:21,6:35,7:44,8:47|depth=11|nodes=256982|slots=1:568,2:562,3:568,4:550,5:547,6:533,7:524,8:521|crit=0
L|1|MG_QB9|AC_AD|REF|move=g6g5|score=-552|mate=-|depth=21|nodes=2902643|crit=0
L|1|MG_QB9|AC_P15|SEL|move=e3e4|slotScore=515|top1=578|gap=63|rule=capnoise|hit=cap|slotUsed=8|seed=2002006351|probs=cap=200,p=0.15,legal=41,1:0,2:5,3:9,4:27,5:37,6:39,7:59,8:63|depth=11|nodes=247595|slots=1:578,2:573,3:569,4:551,5:541,6:539,7:519,8:515|crit=0
L|1|MG_QB9|AC_P15|REF|move=e3e4|score=-511|mate=-|depth=21|nodes=3016081|crit=0
L|1|MG_QB9|AC_P20|SEL|move=i6i5|slotScore=501|top1=560|gap=59|rule=capnoise|hit=cap|slotUsed=8|seed=39393255|probs=cap=200,p=0.2,legal=41,1:0,2:5,3:9,4:10,5:19,6:45,7:56,8:59|depth=11|nodes=236728|slots=1:560,2:555,3:551,4:550,5:541,6:515,7:504,8:501|crit=0
L|1|MG_QB9|AC_P20|REF|move=i6i5|score=-524|mate=-|depth=22|nodes=3022542|crit=0
L|1|MG_QB9|AC_AM|SEL|move=a6a8|slotScore=524|top1=576|gap=52|rule=capnoise|hit=cap|slotUsed=8|seed=2527881407|probs=cap=200,p=0.25,legal=41,1:0,2:11,3:-2,4:37,5:41,6:45,7:48,8:52|depth=11|nodes=249253|slots=1:576,2:565,3:578,4:539,5:535,6:531,7:528,8:524|crit=0
L|1|MG_QB9|AC_AM|REF|move=a6a8|score=-557|mate=-|depth=21|nodes=3115556|crit=0
L|1|MG_QB9|AC_X1|SEL|move=i8h8|slotScore=539|top1=577|gap=38|rule=capnoise|hit=cap|slotUsed=8|seed=1592248150|probs=cap=60,p=0.25,legal=41,1:0,2:4,3:16,4:22,5:29,6:37,7:38,8:38|depth=11|nodes=244505|slots=1:577,2:573,3:561,4:555,5:548,6:540,7:539,8:539|crit=0
L|1|MG_QB9|AC_X1|REF|move=i8h8|score=-561|mate=-|depth=22|nodes=2984284|crit=0
L|1|MG_QB9|ANCH|SEL|move=a6b6|slotScore=592|top1=592|gap=0|rule=anchor|hit=anchor|slotUsed=1|seed=944435678|probs=|depth=21|nodes=3070433|slots=1:592|crit=0
L|1|MG_QB9|ANCH|REF|move=a6b6|score=-593|mate=-|depth=22|nodes=3009301|crit=0
PROG|1|MG_QB9
DRV DONE positions=17 round=1
