DRV: not isolated, registering SW (try 0)
DRV: not isolated, registering SW (try 1)
DRV: isolated ok, task=task_ac_r3.json
DRV: engine ready
L|3|OP00|ANCHOR|move=g3g4|score=21|mate=-|depth=22|nodes=2724469|crit=0
L|3|OP00|AM0|SEL|move=b2e2|slotScore=23|top1=28|gap=5|rule=slot|hit=slot|slotUsed=4|seed=2994744312|probs=|depth=13|nodes=264259|slots=1:28,2:27,3:24,4:23|crit=0
L|3|OP00|AM0|REF|move=b2e2|score=-20|mate=-|depth=24|nodes=3481632|crit=0
L|3|OP00|AD0|SEL|move=h2e2|slotScore=26|top1=32|gap=6|rule=slot|hit=slot|slotUsed=3|seed=3163812569|probs=|depth=15|nodes=539209|slots=1:32,2:27,3:26|crit=0
L|3|OP00|AD0|REF|move=h2e2|score=-24|mate=-|depth=23|nodes=3323300|crit=0
L|3|OP00|EX0|SEL|move=h2e2|slotScore=25|top1=26|gap=1|rule=slot|hit=slot|slotUsed=2|seed=1615567505|probs=|depth=18|nodes=890216|slots=1:26,2:25|crit=0
L|3|OP00|EX0|REF|move=h2e2|score=-19|mate=-|depth=24|nodes=3244365|crit=0
L|3|OP00|CAP_AD|SEL|move=h2d2|slotScore=14|top1=28|gap=14|rule=cap|hit=cap|slotUsed=8|seed=2367514956|probs=1:0,2:2,3:3,4:7,5:10,6:10,7:13,8:14|depth=12|nodes=258664|slots=1:28,2:26,3:25,4:21,5:18,6:18,7:15,8:14|crit=0
L|3|OP00|CAP_AD|REF|move=h2d2|score=-10|mate=-|depth=24|nodes=3376032|crit=0
L|3|OP00|CAP_AM|SEL|move=b2f2|slotScore=14|top1=27|gap=13|rule=cap|hit=cap|slotUsed=8|seed=2484954711|probs=1:0,2:3,3:5,4:5,5:9,6:7,7:12,8:13|depth=11|nodes=290650|slots=1:27,2:24,3:22,4:22,5:18,6:20,7:15,8:14|crit=0
L|3|OP00|CAP_AM|REF|move=b2f2|score=-6|mate=-|depth=24|nodes=3487130|crit=0
L|3|OP00|NOI_AD|SEL|move=h2d2|slotScore=NA|top1=35|gap=NA|rule=noise|hit=rand|slotUsed=-1|seed=1437608554|probs=p=0.1,legal=44|depth=14|nodes=260080|slots=1:35,2:29,3:26,4:24|crit=0
L|3|OP00|NOI_AD|REF|move=h2d2|score=-10|mate=-|depth=23|nodes=3504904|crit=0
L|3|OP00|NOI_AM|SEL|move=g3g4|slotScore=18|top1=28|gap=10|rule=noise|hit=engine|slotUsed=4|seed=1555048301|probs=p=0.25,legal=44|depth=13|nodes=287272|slots=1:28,2:24,3:24,4:18|crit=0
L|3|OP00|NOI_AM|REF|move=g3g4|score=-17|mate=-|depth=23|nodes=3336952|crit=0
L|3|OP00|AC_AD|SEL|move=i0i1|slotScore=NA|top1=26|gap=NA|rule=capnoise|hit=rand|slotUsed=-1|seed=1007215998|probs=cap=60,p=0.1,legal=44,1:0,2:2,3:3,4:4,5:4,6:5,7:8,8:13,wouldBe=8|depth=12|nodes=291085|slots=1:26,2:24,3:23,4:22,5:22,6:21,7:18,8:13|crit=0
L|3|OP00|AC_AD|REF|move=i0i1|score=65|mate=-|depth=25|nodes=3558748|crit=0
L|3|OP00|AC_AM|SEL|move=h2d2|slotScore=14|top1=26|gap=12|rule=capnoise|hit=cap|slotUsed=8|seed=856222545|probs=cap=200,p=0.25,legal=44,1:0,2:2,3:2,4:2,5:3,6:5,7:8,8:12|depth=12|nodes=285364|slots=1:26,2:24,3:24,4:24,5:23,6:21,7:18,8:14|crit=0
L|3|OP00|AC_AM|REF|move=h2d2|score=-12|mate=-|depth=25|nodes=3163377|crit=0
L|3|OP00|T8S1|SEL|move=b2e2|slotScore=31|top1=31|gap=0|rule=slot|hit=slot|slotUsed=1|seed=4022733468|probs=|depth=12|nodes=291984|slots=1:31,2:26,3:24,4:24,5:21,6:20,7:20,8:19|crit=0
L|3|OP00|T8S1|REF|move=b2e2|score=-19|mate=-|depth=25|nodes=3399526|crit=0
L|3|OP00|ANCH|SEL|move=g3g4|slotScore=21|top1=21|gap=0|rule=anchor|hit=anchor|slotUsed=1|seed=1240855600|probs=|depth=22|nodes=2724469|slots=1:21|crit=0
L|3|OP00|ANCH|REF|move=g3g4|score=-18|mate=-|depth=23|nodes=3377315|crit=0
PROG|3|OP00
L|3|OP02|ANCHOR|move=h0g2|score=13|mate=-|depth=23|nodes=3276189|crit=0
L|3|OP02|AM0|SEL|move=h2e2|slotScore=8|top1=12|gap=4|rule=slot|hit=slot|slotUsed=4|seed=609641166|probs=|depth=14|nodes=288804|slots=1:12,2:11,3:9,4:8|crit=0
L|3|OP02|AM0|REF|move=h2e2|score=-2|mate=-|depth=25|nodes=3490784|crit=0
L|3|OP02|AD0|SEL|move=h2f2|slotScore=5|top1=12|gap=7|rule=slot|hit=slot|slotUsed=3|seed=241785679|probs=|depth=14|nodes=521459|slots=1:12,2:16,3:5|crit=0
L|3|OP02|AD0|REF|move=h2f2|score=4|mate=-|depth=26|nodes=3552281|crit=0
L|3|OP02|EX0|SEL|move=g3g4|slotScore=6|top1=13|gap=7|rule=slot|hit=slot|slotUsed=2|seed=1110808943|probs=|depth=17|nodes=897845|slots=1:13,2:6|crit=0
L|3|OP02|EX0|REF|move=g3g4|score=-3|mate=-|depth=23|nodes=3502905|crit=0
L|3|OP02|CAP_AD|SEL|move=i0i1|slotScore=-2|top1=18|gap=20|rule=cap|hit=cap|slotUsed=8|seed=2148133982|probs=1:0,2:2,3:12,4:13,5:13,6:14,7:17,8:20|depth=12|nodes=294698|slots=1:18,2:16,3:6,4:5,5:5,6:4,7:1,8:-2|crit=0
L|3|OP02|CAP_AD|REF|move=i0i1|score=-4|mate=-|depth=24|nodes=3492145|crit=0
L|3|OP02|CAP_AM|SEL|move=h2f2|slotScore=-4|top1=26|gap=30|rule=cap|hit=cap|slotUsed=8|seed=1997083185|probs=1:0,2:5,3:21,4:21,5:23,6:23,7:25,8:30|depth=12|nodes=307381|slots=1:26,2:21,3:5,4:5,5:3,6:3,7:1,8:-4|crit=0
L|3|OP02|CAP_AM|REF|move=h2f2|score=9|mate=-|depth=25|nodes=3438128|crit=0
L|3|OP02|NOI_AD|SEL|move=f0e1|slotScore=NA|top1=17|gap=NA|rule=noise|hit=rand|slotUsed=-1|seed=1544611880|probs=p=0.1,legal=43|depth=12|nodes=275395|slots=1:17,2:13,3:5,4:4|crit=0
L|3|OP02|NOI_AD|REF|move=f0e1|score=60|mate=-|depth=23|nodes=3630396|crit=0
L|3|OP02|NOI_AM|SEL|move=b0c2|slotScore=12|top1=16|gap=4|rule=noise|hit=engine|slotUsed=4|seed=1393565187|probs=p=0.25,legal=43|depth=14|nodes=300250|slots=1:16,2:19,3:13,4:12|crit=0
L|3|OP02|NOI_AM|REF|move=b0c2|score=-5|mate=-|depth=25|nodes=3498517|crit=0
L|3|OP02|AC_AD|SEL|move=c3c4|slotScore=2|top1=20|gap=18|rule=capnoise|hit=cap|slotUsed=8|seed=1990310044|probs=cap=60,p=0.1,legal=43,1:0,2:3,3:12,4:12,5:13,6:15,7:16,8:18|depth=12|nodes=315406|slots=1:20,2:17,3:8,4:8,5:7,6:5,7:4,8:2|crit=0
L|3|OP02|AC_AD|REF|move=c3c4|score=3|mate=-|depth=23|nodes=3221277|crit=0
L|3|OP02|AC_AM|SEL|move=d0e1|slotScore=-3|top1=16|gap=19|rule=capnoise|hit=cap|slotUsed=8|seed=2107749799|probs=cap=200,p=0.25,legal=43,1:0,2:1,3:9,4:15,5:17,6:18,7:19,8:19|depth=12|nodes=290975|slots=1:16,2:15,3:7,4:1,5:-1,6:-2,7:-3,8:-3|crit=0
L|3|OP02|AC_AM|REF|move=d0e1|score=16|mate=-|depth=24|nodes=3442062|crit=0
L|3|OP02|T8S1|SEL|move=h0g2|slotScore=18|top1=18|gap=0|rule=slot|hit=slot|slotUsed=1|seed=3520465586|probs=|depth=12|nodes=311067|slots=1:18,2:17,3:6,4:8,5:8,6:4,7:-2,8:-2|crit=0
L|3|OP02|T8S1|REF|move=h0g2|score=-15|mate=-|depth=23|nodes=3287878|crit=0
L|3|OP02|ANCH|SEL|move=h0g2|slotScore=13|top1=13|gap=0|rule=anchor|hit=anchor|slotUsed=1|seed=1114853186|probs=|depth=23|nodes=3276189|slots=1:13|crit=0
L|3|OP02|ANCH|REF|move=h0g2|score=-9|mate=-|depth=22|nodes=3100887|crit=0
PROG|3|OP02
L|3|OP04|ANCHOR|move=d0e1|score=20|mate=-|depth=23|nodes=3558523|crit=0
L|3|OP04|AM0|SEL|move=c3c4|slotScore=19|top1=22|gap=3|rule=slot|hit=slot|slotUsed=4|seed=595287052|probs=|depth=14|nodes=294899|slots=1:22,2:21,3:21,4:19|crit=0
L|3|OP04|AM0|REF|move=c3c4|score=-10|mate=-|depth=25|nodes=3575626|crit=0
L|3|OP04|AD0|SEL|move=i0h0|slotScore=19|top1=18|gap=-1|rule=slot|hit=slot|slotUsed=3|seed=764077293|probs=|depth=16|nodes=565584|slots=1:18,2:16,3:19|crit=0
L|3|OP04|AD0|REF|move=i0h0|score=-16|mate=-|depth=25|nodes=3571010|crit=0
L|3|OP04|EX0|SEL|move=b0c2|slotScore=15|top1=15|gap=0|rule=slot|hit=slot|slotUsed=2|seed=3899429733|probs=|depth=19|nodes=903061|slots=1:15,2:15|crit=0
L|3|OP04|EX0|REF|move=b0c2|score=-12|mate=-|depth=24|nodes=3421536|crit=0
L|3|OP04|CAP_AD|SEL|move=b2e2|slotScore=2|top1=18|gap=16|rule=cap|hit=cap|slotUsed=8|seed=2791907888|probs=1:0,2:0,3:2,4:5,5:5,6:5,7:12,8:16|depth=13|nodes=306395|slots=1:18,2:18,3:16,4:13,5:13,6:13,7:6,8:2|crit=0
L|3|OP04|CAP_AD|REF|move=b2e2|score=-11|mate=-|depth=25|nodes=3439053|crit=0
L|3|OP04|CAP_AM|SEL|move=g3g4|slotScore=7|top1=20|gap=13|rule=cap|hit=cap|slotUsed=8|seed=2909355835|probs=1:0,2:1,3:2,4:2,5:6,6:5,7:12,8:13|depth=12|nodes=297562|slots=1:20,2:19,3:18,4:18,5:14,6:15,7:8,8:7|crit=0
L|3|OP04|CAP_AM|REF|move=g3g4|score=-3|mate=-|depth=23|nodes=3482282|crit=0
L|3|OP04|NOI_AD|SEL|move=d0e1|slotScore=17|top1=17|gap=0|rule=noise|hit=engine|slotUsed=1|seed=2930629182|probs=p=0.1,legal=41|depth=13|nodes=275733|slots=1:17,2:16,3:16,4:22|crit=0
L|3|OP04|NOI_AD|REF|move=d0e1|score=-11|mate=-|depth=24|nodes=3461333|crit=0
L|3|OP04|NOI_AM|SEL|move=h2h6|slotScore=NA|top1=18|gap=NA|rule=noise|hit=rand|slotUsed=-1|seed=2779629585|probs=p=0.25,legal=41|depth=14|nodes=284341|slots=1:18,2:16,3:20,4:15|crit=0
L|3|OP04|NOI_AM|REF|move=h2h6|score=19|mate=-|depth=23|nodes=3568002|crit=0
L|3|OP04|AC_AD|SEL|move=g3g4|slotScore=9|top1=20|gap=11|rule=capnoise|hit=cap|slotUsed=8|seed=1611811962|probs=cap=60,p=0.1,legal=41,1:0,2:2,3:2,4:2,5:5,6:10,7:9,8:11|depth=11|nodes=301904|slots=1:20,2:18,3:18,4:18,5:15,6:10,7:11,8:9|crit=0
L|3|OP04|AC_AD|REF|move=g3g4|score=-7|mate=-|depth=22|nodes=3538286|crit=0
L|3|OP04|AC_AM|SEL|move=g3g4|slotScore=8|top1=24|gap=16|rule=capnoise|hit=cap|slotUsed=8|seed=1729255805|probs=cap=200,p=0.25,legal=41,1:0,2:-1,3:1,4:7,5:10,6:13,7:15,8:16|depth=13|nodes=318573|slots=1:24,2:25,3:23,4:17,5:14,6:11,7:9,8:8|crit=0
L|3|OP04|AC_AM|REF|move=g3g4|score=-6|mate=-|depth=24|nodes=3484302|crit=0
L|3|OP04|T8S1|SEL|move=d0e1|slotScore=26|top1=26|gap=0|rule=slot|hit=slot|slotUsed=1|seed=617543048|probs=|depth=13|nodes=317028|slots=1:26,2:25,3:22,4:21,5:18,6:11,7:10,8:4|crit=0
L|3|OP04|T8S1|REF|move=d0e1|score=-11|mate=-|depth=23|nodes=3468824|crit=0
L|3|OP04|ANCH|SEL|move=d0e1|slotScore=20|top1=20|gap=0|rule=anchor|hit=anchor|slotUsed=1|seed=893515756|probs=|depth=23|nodes=3558523|slots=1:20|crit=0
L|3|OP04|ANCH|REF|move=d0e1|score=-15|mate=-|depth=25|nodes=3522615|crit=0
PROG|3|OP04
L|3|OP06|ANCHOR|move=h2b2|score=126|mate=-|depth=22|nodes=3521528|crit=0
L|3|OP06|AM0|SEL|move=i0h0|slotScore=-77|top1=119|gap=196|rule=slot|hit=slot|slotUsed=4|seed=1933361890|probs=|depth=12|nodes=296224|slots=1:119,2:103,3:-34,4:-77|crit=0
L|3|OP06|AM0|REF|move=i0h0|score=108|mate=-|depth=23|nodes=3592330|crit=0
L|3|OP06|AD0|SEL|move=b9d9|slotScore=-20|top1=117|gap=137|rule=slot|hit=slot|slotUsed=3|seed=3710360691|probs=|depth=14|nodes=517709|slots=1:117,2:78,3:-20|crit=0
L|3|OP06|AD0|REF|move=b9d9|score=33|mate=-|depth=21|nodes=3589496|crit=0
L|3|OP06|EX0|SEL|move=b9b8|slotScore=88|top1=118|gap=30|rule=slot|hit=slot|slotUsed=2|seed=714692691|probs=|depth=15|nodes=894468|slots=1:118,2:88|crit=0
L|3|OP06|EX0|REF|move=b9b8|score=-68|mate=-|depth=18|nodes=3301388|crit=0
L|3|OP06|CAP_AD|SEL|move=b9b8|slotScore=80|top1=111|gap=31|rule=cap|hit=cap|slotUsed=2|seed=2686133282|probs=1:0,2:31,3:135,4:199,5:203,6:226,7:261,8:265|depth=11|nodes=320514|slots=1:111,2:80,3:-24,4:-88,5:-92,6:-115,7:-150,8:-154|crit=0
L|3|OP06|CAP_AD|REF|move=b9b8|score=-63|mate=-|depth=19|nodes=3476516|crit=0
L|3|OP06|CAP_AM|SEL|move=b9d9|slotScore=-34|top1=113|gap=147|rule=cap|hit=cap|slotUsed=3|seed=2535140341|probs=1:0,2:27,3:147,4:208,5:210,6:232,7:241,8:291|depth=10|nodes=314726|slots=1:113,2:86,3:-34,4:-95,5:-97,6:-119,7:-128,8:-178|crit=0
L|3|OP06|CAP_AM|REF|move=b9d9|score=26|mate=-|depth=22|nodes=3679359|crit=0
L|3|OP06|NOI_AD|SEL|move=h2b2|slotScore=122|top1=122|gap=0|rule=noise|hit=engine|slotUsed=1|seed=1893162444|probs=p=0.1,legal=33|depth=12|nodes=288377|slots=1:122,2:78,3:-18,4:-69|crit=0
L|3|OP06|NOI_AD|REF|move=h2b2|score=-125|mate=-|depth=19|nodes=3455465|crit=0
L|3|OP06|NOI_AM|SEL|move=i0h0|slotScore=-80|top1=120|gap=200|rule=noise|hit=engine|slotUsed=4|seed=2010589911|probs=p=0.25,legal=33|depth=11|nodes=291711|slots=1:120,2:75,3:-38,4:-80|crit=0
L|3|OP06|NOI_AM|REF|move=i0h0|score=107|mate=-|depth=23|nodes=3297560|crit=0
L|3|OP06|AC_AD|SEL|move=b9b8|slotScore=97|top1=120|gap=23|rule=capnoise|hit=cap|slotUsed=2|seed=1175095064|probs=cap=60,p=0.1,legal=33,1:0,2:23,3:155,4:211,5:217,6:248,7:265,8:271|depth=12|nodes=323402|slots=1:120,2:97,3:-35,4:-91,5:-97,6:-128,7:-145,8:-151|crit=0
L|3|OP06|AC_AD|REF|move=b9b8|score=-76|mate=-|depth=20|nodes=3349298|crit=0
L|3|OP06|AC_AM|SEL|move=h2f2|slotScore=NA|top1=118|gap=NA|rule=capnoise|hit=rand|slotUsed=-1|seed=1024112371|probs=cap=200,p=0.25,legal=33,1:0,2:28,3:143,4:212,5:221,6:230,7:235,8:268,wouldBe=3|depth=12|nodes=348777|slots=1:118,2:90,3:-25,4:-94,5:-103,6:-112,7:-117,8:-150|crit=0
L|3|OP06|AC_AM|REF|move=h2f2|score=179|mate=-|depth=22|nodes=3532193|crit=0
L|3|OP06|T8S1|SEL|move=h2b2|slotScore=122|top1=122|gap=0|rule=slot|hit=slot|slotUsed=1|seed=3380011678|probs=|depth=12|nodes=339281|slots=1:122,2:85,3:-19,4:-77,5:-78,6:-114,7:-136,8:-159|crit=0
L|3|OP06|T8S1|REF|move=h2b2|score=-125|mate=-|depth=21|nodes=3530548|crit=0
L|3|OP06|ANCH|SEL|move=h2b2|slotScore=126|top1=126|gap=0|rule=anchor|hit=anchor|slotUsed=1|seed=2350686078|probs=|depth=22|nodes=3521528|slots=1:126|crit=0
L|3|OP06|ANCH|REF|move=h2b2|score=-132|mate=-|depth=21|nodes=3577181|crit=0
PROG|3|OP06
L|3|OP08|ANCHOR|move=b9b7|score=174|mate=-|depth=23|nodes=3717090|crit=0
L|3|OP08|AM0|SEL|move=b9d9|slotScore=-34|top1=168|gap=202|rule=slot|hit=slot|slotUsed=4|seed=1836786000|probs=|depth=13|nodes=325341|slots=1:168,2:52,3:-18,4:-34|crit=0
L|3|OP08|AM0|REF|move=b9d9|score=63|mate=-|depth=21|nodes=3644503|crit=0
L|3|OP08|AD0|SEL|move=b9b5|slotScore=-43|top1=160|gap=203|rule=slot|hit=slot|slotUsed=3|seed=2003171521|probs=|depth=15|nodes=587689|slots=1:160,2:48,3:-43|crit=0
L|3|OP08|AD0|REF|move=b9b5|score=96|mate=-|depth=22|nodes=3552769|crit=0
L|3|OP08|EX0|SEL|move=b9b4|slotScore=52|top1=164|gap=112|rule=slot|hit=slot|slotUsed=2|seed=3115940713|probs=|depth=16|nodes=913742|slots=1:164,2:52|crit=0
L|3|OP08|EX0|REF|move=b9b4|score=-43|mate=-|depth=20|nodes=3397827|crit=0
L|3|OP08|CAP_AD|SEL|move=b9b7|slotScore=133|top1=133|gap=0|rule=cap|hit=above|slotUsed=1|seed=1438288148|probs=1:0,2:91,3:152,4:199,5:207,6:239,7:277,8:279|depth=12|nodes=362258|slots=1:133,2:42,3:-19,4:-66,5:-74,6:-106,7:-144,8:-146|crit=0
L|3|OP08|CAP_AD|REF|move=b9b7|score=-177|mate=-|depth=21|nodes=3633527|crit=0
L|3|OP08|CAP_AM|SEL|move=b9b4|slotScore=38|top1=174|gap=136|rule=cap|hit=cap|slotUsed=2|seed=1287305455|probs=1:0,2:136,3:228,4:230,5:233,6:267,7:275,8:325|depth=13|nodes=359017|slots=1:174,2:38,3:-54,4:-56,5:-59,6:-93,7:-101,8:-151|crit=0
L|3|OP08|CAP_AM|REF|move=b9b4|score=-34|mate=-|depth=21|nodes=3282264|crit=0
L|3|OP08|NOI_AD|SEL|move=b9b7|slotScore=161|top1=161|gap=0|rule=noise|hit=engine|slotUsed=1|seed=2767378498|probs=p=0.1,legal=44|depth=14|nodes=313832|slots=1:161,2:45,3:-34,4:-67|crit=0
L|3|OP08|NOI_AD|REF|move=b9b7|score=-170|mate=-|depth=21|nodes=3627036|crit=0
L|3|OP08|NOI_AM|SEL|move=b9d9|slotScore=-101|top1=171|gap=272|rule=noise|hit=engine|slotUsed=4|seed=2616380949|probs=p=0.25,legal=44|depth=14|nodes=310250|slots=1:171,2:32,3:-54,4:-101|crit=0
L|3|OP08|NOI_AM|REF|move=b9d9|score=58|mate=-|depth=22|nodes=3585493|crit=0
L|3|OP08|AC_AD|SEL|move=b9b7|slotScore=151|top1=151|gap=0|rule=capnoise|hit=above|slotUsed=1|seed=288902550|probs=cap=60,p=0.1,legal=44,1:0,2:96,3:196,4:210,5:219,6:252,7:272,8:281|depth=13|nodes=290605|slots=1:151,2:55,3:-45,4:-59,5:-68,6:-101,7:-121,8:-130|crit=0
L|3|OP08|AC_AD|REF|move=b9b7|score=-188|mate=-|depth=21|nodes=3547064|crit=0
L|3|OP08|AC_AM|SEL|move=b9d9|slotScore=-41|top1=155|gap=196|rule=capnoise|hit=cap|slotUsed=4|seed=406346393|probs=cap=200,p=0.25,legal=44,1:0,2:130,3:213,4:196,5:269,6:294,7:295,8:296|depth=12|nodes=353804|slots=1:155,2:25,3:-58,4:-41,5:-114,6:-139,7:-140,8:-141|crit=0
L|3|OP08|AC_AM|REF|move=b9d9|score=48|mate=-|depth=20|nodes=3520245|crit=0
L|3|OP08|T8S1|SEL|move=b9b7|slotScore=104|top1=104|gap=0|rule=slot|hit=slot|slotUsed=1|seed=882010404|probs=|depth=10|nodes=362859|slots=1:104,2:22,3:-55,4:-61,5:-91,6:-109,7:-157,8:-158|crit=0
L|3|OP08|T8S1|REF|move=b9b7|score=-148|mate=-|depth=21|nodes=3701177|crit=0
L|3|OP08|ANCH|SEL|move=b9b7|slotScore=174|top1=174|gap=0|rule=anchor|hit=anchor|slotUsed=1|seed=1223507528|probs=|depth=23|nodes=3717090|slots=1:174|crit=0
L|3|OP08|ANCH|REF|move=b9b7|score=-181|mate=-|depth=21|nodes=3567649|crit=0
PROG|3|OP08
L|3|MG_QT01|ANCHOR|move=c7b9|score=-30|mate=-|depth=25|nodes=3607164|crit=0
L|3|MG_QT01|AM0|SEL|move=h9g7|slotScore=-620|top1=-26|gap=594|rule=slot|hit=slot|slotUsed=4|seed=974299540|probs=|depth=16|nodes=294289|slots=1:-26,2:-595,3:-601,4:-620|crit=0
L|3|MG_QT01|AM0|REF|move=h9g7|score=618|mate=-|depth=24|nodes=3160275|crit=0
L|3|MG_QT01|AD0|SEL|move=f9e8|slotScore=-602|top1=-26|gap=576|rule=slot|hit=slot|slotUsed=3|seed=2751230757|probs=|depth=17|nodes=602416|slots=1:-26,2:-588,3:-602|crit=0
L|3|MG_QT01|AD0|REF|move=f9e8|score=607|mate=-|depth=24|nodes=3094446|crit=0
L|3|MG_QT01|EX0|SEL|move=f9e8|slotScore=-601|top1=-24|gap=577|rule=slot|hit=slot|slotUsed=2|seed=4565869|probs=|depth=19|nodes=902183|slots=1:-24,2:-601|crit=0
L|3|MG_QT01|EX0|REF|move=f9e8|score=605|mate=-|depth=24|nodes=3053169|crit=0
L|3|MG_QT01|CAP_AD|SEL|move=c7b9|slotScore=-33|top1=-33|gap=0|rule=cap|hit=above|slotUsed=1|seed=3557936264|probs=1:0,2:566,3:573,4:578,5:583,6:587,7:590,8:591|depth=13|nodes=279662|slots=1:-33,2:-599,3:-606,4:-611,5:-616,6:-620,7:-623,8:-624|crit=0
L|3|MG_QT01|CAP_AD|REF|move=c7b9|score=29|mate=-|depth=26|nodes=3293339|crit=0
L|3|MG_QT01|CAP_AM|SEL|move=c7b9|slotScore=-28|top1=-28|gap=0|rule=cap|hit=above|slotUsed=1|seed=3406951011|probs=1:0,2:571,3:574,4:585,5:586,6:587,7:591,8:592|depth=14|nodes=281409|slots=1:-28,2:-599,3:-602,4:-613,5:-614,6:-615,7:-619,8:-620|crit=0
L|3|MG_QT01|CAP_AM|REF|move=c7b9|score=27|mate=-|depth=27|nodes=3569933|crit=0
L|3|MG_QT01|NOI_AD|SEL|move=c7b9|slotScore=-30|top1=-30|gap=0|rule=noise|hit=engine|slotUsed=1|seed=2801764198|probs=p=0.1,legal=30|depth=16|nodes=275561|slots=1:-30,2:-599,3:-600,4:-615|crit=0
L|3|MG_QT01|NOI_AD|REF|move=c7b9|score=37|mate=-|depth=26|nodes=3455387|crit=0
L|3|MG_QT01|NOI_AM|SEL|move=i6i5|slotScore=-612|top1=-39|gap=573|rule=noise|hit=engine|slotUsed=4|seed=2919210089|probs=p=0.25,legal=30|depth=14|nodes=273707|slots=1:-39,2:-599,3:-544,4:-612|crit=0
L|3|MG_QT01|NOI_AM|REF|move=i6i5|score=621|mate=-|depth=23|nodes=2860957|crit=0
L|3|MG_QT01|AC_AD|SEL|move=c7b9|slotScore=-35|top1=-35|gap=0|rule=capnoise|hit=above|slotUsed=1|seed=1583906850|probs=cap=60,p=0.1,legal=30,1:0,2:566,3:568,4:570,5:579,6:579,7:581,8:587|depth=14|nodes=290522|slots=1:-35,2:-601,3:-603,4:-605,5:-614,6:-614,7:-616,8:-622|crit=0
L|3|MG_QT01|AC_AD|REF|move=c7b9|score=34|mate=-|depth=27|nodes=3508732|crit=0
L|3|MG_QT01|AC_AM|SEL|move=c7b9|slotScore=-34|top1=-34|gap=0|rule=capnoise|hit=above|slotUsed=1|seed=1432926197|probs=cap=200,p=0.25,legal=30,1:0,2:564,3:575,4:577,5:578,6:585,7:585,8:589|depth=13|nodes=290206|slots=1:-34,2:-598,3:-609,4:-611,5:-612,6:-619,7:-619,8:-623|crit=0
L|3|MG_QT01|AC_AM|REF|move=c7b9|score=37|mate=-|depth=24|nodes=3424705|crit=0
L|3|MG_QT01|T8S1|SEL|move=c7b9|slotScore=-36|top1=-36|gap=0|rule=slot|hit=slot|slotUsed=1|seed=1522145024|probs=|depth=14|nodes=301241|slots=1:-36,2:-602,3:-602,4:-606,5:-613,6:-616,7:-618,8:-622|crit=0
L|3|MG_QT01|T8S1|REF|move=c7b9|score=36|mate=-|depth=27|nodes=3460518|crit=0
L|3|MG_QT01|ANCH|SEL|move=c7b9|slotScore=-30|top1=-30|gap=0|rule=anchor|hit=anchor|slotUsed=1|seed=569625876|probs=|depth=25|nodes=3607164|slots=1:-30|crit=0
L|3|MG_QT01|ANCH|REF|move=c7b9|score=37|mate=-|depth=26|nodes=3541371|crit=0
PROG|3|MG_QT01
L|3|MG_QT05|ANCHOR|move=h7h9|score=-39|mate=-|depth=22|nodes=3332271|crit=0
L|3|MG_QT05|AM0|SEL|move=h7i7|slotScore=-51|top1=-38|gap=13|rule=slot|hit=slot|slotUsed=4|seed=3579369504|probs=|depth=12|nodes=277596|slots=1:-38,2:-49,3:-51,4:-51|crit=0
L|3|MG_QT05|AM0|REF|move=h7i7|score=70|mate=-|depth=22|nodes=3353805|crit=0
L|3|MG_QT05|AD0|SEL|move=i9h9|slotScore=-55|top1=-39|gap=16|rule=slot|hit=slot|slotUsed=3|seed=1598183441|probs=|depth=15|nodes=562244|slots=1:-39,2:-47,3:-55|crit=0
L|3|MG_QT05|AD0|REF|move=i9h9|score=45|mate=-|depth=23|nodes=3628395|crit=0
L|3|MG_QT05|EX0|SEL|move=i9h9|slotScore=-44|top1=-40|gap=4|rule=slot|hit=slot|slotUsed=2|seed=2757861785|probs=|depth=17|nodes=856468|slots=1:-40,2:-44|crit=0
L|3|MG_QT05|EX0|REF|move=i9h9|score=44|mate=-|depth=22|nodes=3477481|crit=0
L|3|MG_QT05|CAP_AD|SEL|move=a7a8|slotScore=-84|top1=-37|gap=47|rule=cap|hit=cap|slotUsed=8|seed=3077076388|probs=1:0,2:6,3:10,4:27,5:39,6:39,7:42,8:47|depth=12|nodes=320385|slots=1:-37,2:-43,3:-47,4:-64,5:-76,6:-76,7:-79,8:-84|crit=0
L|3|MG_QT05|CAP_AD|REF|move=a7a8|score=113|mate=-|depth=20|nodes=3331881|crit=0
L|3|MG_QT05|CAP_AM|SEL|move=a7a8|slotScore=-55|top1=-37|gap=18|rule=cap|hit=cap|slotUsed=8|seed=2926082943|probs=1:0,2:6,3:10,4:24,5:27,6:40,7:47,8:18|depth=10|nodes=292221|slots=1:-37,2:-43,3:-47,4:-61,5:-64,6:-77,7:-84,8:-55|crit=0
L|3|MG_QT05|CAP_AM|REF|move=a7a8|score=119|mate=-|depth=21|nodes=3572445|crit=0
L|3|MG_QT05|NOI_AD|SEL|move=e8f7|slotScore=NA|top1=-35|gap=NA|rule=noise|hit=rand|slotUsed=-1|seed=1400820146|probs=p=0.1,legal=33|depth=13|nodes=298846|slots=1:-35,2:-49,3:-53,4:-54|crit=0
L|3|MG_QT05|NOI_AD|REF|move=e8f7|score=513|mate=-|depth=22|nodes=3461464|crit=0
L|3|MG_QT05|NOI_AM|SEL|move=h7i7|slotScore=-60|top1=-44|gap=16|rule=noise|hit=engine|slotUsed=4|seed=1249822597|probs=p=0.25,legal=33|depth=13|nodes=272210|slots=1:-44,2:-46,3:-59,4:-60|crit=0
L|3|MG_QT05|NOI_AM|REF|move=h7i7|score=80|mate=-|depth=22|nodes=3559267|crit=0
L|3|MG_QT05|AC_AD|SEL|move=f8e6|slotScore=-84|top1=-48|gap=36|rule=capnoise|hit=cap|slotUsed=8|seed=253397798|probs=cap=60,p=0.1,legal=33,1:0,2:1,3:2,4:18,5:20,6:24,7:34,8:36|depth=10|nodes=307327|slots=1:-48,2:-49,3:-50,4:-66,5:-68,6:-72,7:-82,8:-84|crit=0
L|3|MG_QT05|AC_AD|REF|move=f8e6|score=103|mate=-|depth=20|nodes=3454413|crit=0
L|3|MG_QT05|AC_AM|SEL|move=f8e6|slotScore=-86|top1=-43|gap=43|rule=capnoise|hit=cap|slotUsed=8|seed=370835497|probs=cap=200,p=0.25,legal=33,1:0,2:4,3:7,4:13,5:26,6:27,7:28,8:43|depth=9|nodes=293276|slots=1:-43,2:-47,3:-50,4:-56,5:-69,6:-70,7:-71,8:-86|crit=0
L|3|MG_QT05|AC_AM|REF|move=f8e6|score=97|mate=-|depth=20|nodes=3462899|crit=0
L|3|MG_QT05|T8S1|SEL|move=i6i5|slotScore=-42|top1=-42|gap=0|rule=slot|hit=slot|slotUsed=1|seed=3996713972|probs=|depth=11|nodes=309013|slots=1:-42,2:-52,3:-50,4:-51,5:-63,6:-64,7:-76,8:-84|crit=0
L|3|MG_QT05|T8S1|REF|move=i6i5|score=62|mate=-|depth=23|nodes=3310771|crit=0
L|3|MG_QT05|ANCH|SEL|move=h7h9|slotScore=-39|top1=-39|gap=0|rule=anchor|hit=anchor|slotUsed=1|seed=3681748056|probs=|depth=22|nodes=3332271|slots=1:-39|crit=0
L|3|MG_QT05|ANCH|REF|move=h7h9|score=38|mate=-|depth=22|nodes=3548071|crit=0
PROG|3|MG_QT05
L|3|MG_QT10|ANCHOR|move=i9h9|score=-39|mate=-|depth=23|nodes=3757386|crit=0
L|3|MG_QT10|AM0|SEL|move=a6a5|slotScore=-69|top1=-35|gap=34|rule=slot|hit=slot|slotUsed=4|seed=3508147014|probs=|depth=11|nodes=269931|slots=1:-35,2:-48,3:-68,4:-69|crit=0
L|3|MG_QT10|AM0|REF|move=a6a5|score=58|mate=-|depth=22|nodes=3638520|crit=0
L|3|MG_QT10|AD0|SEL|move=a6a5|slotScore=-61|top1=-29|gap=32|rule=slot|hit=slot|slotUsed=3|seed=3674516151|probs=|depth=15|nodes=548958|slots=1:-29,2:-50,3:-61|crit=0
L|3|MG_QT10|AD0|REF|move=a6a5|score=56|mate=-|depth=22|nodes=3737178|crit=0
L|3|MG_QT10|EX0|SEL|move=i9i7|slotScore=-74|top1=-31|gap=43|rule=slot|hit=slot|slotUsed=2|seed=266764007|probs=|depth=16|nodes=934887|slots=1:-31,2:-74|crit=0
L|3|MG_QT10|EX0|REF|move=i9i7|score=64|mate=-|depth=22|nodes=3461524|crit=0
L|3|MG_QT10|CAP_AD|SEL|move=c3e4|slotScore=-78|top1=-37|gap=41|rule=cap|hit=cap|slotUsed=8|seed=1423115590|probs=1:0,2:25,3:23,4:23,5:36,6:38,7:40,8:41|depth=11|nodes=311063|slots=1:-37,2:-62,3:-60,4:-60,5:-73,6:-75,7:-77,8:-78|crit=0
L|3|MG_QT10|CAP_AD|REF|move=c3e4|score=80|mate=-|depth=20|nodes=3460602|crit=0
L|3|MG_QT10|CAP_AM|SEL|move=a7d7|slotScore=-83|top1=-34|gap=49|rule=cap|hit=cap|slotUsed=8|seed=1540559433|probs=1:0,2:26,3:28,4:32,5:38,6:49,7:44,8:49|depth=11|nodes=308741|slots=1:-34,2:-60,3:-62,4:-66,5:-72,6:-83,7:-78,8:-83|crit=0
L|3|MG_QT10|CAP_AM|REF|move=a7d7|score=123|mate=-|depth=22|nodes=3624074|crit=0
L|3|MG_QT10|NOI_AD|SEL|move=i9h9|slotScore=-39|top1=-39|gap=0|rule=noise|hit=engine|slotUsed=1|seed=2525040736|probs=p=0.1,legal=29|depth=13|nodes=279016|slots=1:-39,2:-63,3:-64,4:-66|crit=0
L|3|MG_QT10|NOI_AD|REF|move=i9h9|score=29|mate=-|depth=23|nodes=3724878|crit=0
L|3|MG_QT10|NOI_AM|SEL|move=f9h9|slotScore=NA|top1=-31|gap=NA|rule=noise|hit=rand|slotUsed=-1|seed=2642537835|probs=p=0.25,legal=29|depth=13|nodes=279498|slots=1:-31,2:-53,3:-62,4:-65|crit=0
L|3|MG_QT10|NOI_AM|REF|move=f9h9|score=119|mate=-|depth=21|nodes=3522252|crit=0
L|3|MG_QT10|AC_AD|SEL|move=f8h9|slotScore=-82|top1=-35|gap=47|rule=capnoise|hit=cap|slotUsed=8|seed=2899577492|probs=cap=60,p=0.1,legal=29,1:0,2:8,3:22,4:25,5:44,6:44,7:44,8:47|depth=11|nodes=298182|slots=1:-35,2:-43,3:-57,4:-60,5:-79,6:-79,7:-79,8:-82|crit=0
L|3|MG_QT10|AC_AD|REF|move=f8h9|score=73|mate=-|depth=21|nodes=3691529|crit=0
L|3|MG_QT10|AC_AM|SEL|move=c3e4|slotScore=-81|top1=-35|gap=46|rule=capnoise|hit=cap|slotUsed=8|seed=2748594287|probs=cap=200,p=0.25,legal=29,1:0,2:19,3:26,4:26,5:33,6:38,7:45,8:46|depth=10|nodes=302129|slots=1:-35,2:-54,3:-61,4:-61,5:-68,6:-73,7:-80,8:-81|crit=0
L|3|MG_QT10|AC_AM|REF|move=c3e4|score=90|mate=-|depth=19|nodes=3347264|crit=0
L|3|MG_QT10|T8S1|SEL|move=i9h9|slotScore=-37|top1=-37|gap=0|rule=slot|hit=slot|slotUsed=1|seed=2576708858|probs=|depth=11|nodes=311047|slots=1:-37,2:-65,3:-64,4:-69,5:-70,6:-77,7:-78,8:-96|crit=0
L|3|MG_QT10|T8S1|REF|move=i9h9|score=28|mate=-|depth=24|nodes=3806278|crit=0
L|3|MG_QT10|ANCH|SEL|move=i9h9|slotScore=-39|top1=-39|gap=0|rule=anchor|hit=anchor|slotUsed=1|seed=3845570842|probs=|depth=23|nodes=3757386|slots=1:-39|crit=0
L|3|MG_QT10|ANCH|REF|move=i9h9|score=29|mate=-|depth=26|nodes=3810144|crit=0
PROG|3|MG_QT10
L|3|MG_QT14|ANCHOR|move=f4b4|score=-28|mate=-|depth=24|nodes=3818459|crit=0
L|3|MG_QT14|AM0|SEL|move=c3e4|slotScore=-46|top1=-32|gap=14|rule=slot|hit=slot|slotUsed=4|seed=3230218874|probs=|depth=13|nodes=315151|slots=1:-32,2:-40,3:-47,4:-46|crit=0
L|3|MG_QT14|AM0|REF|move=c3e4|score=68|mate=-|depth=22|nodes=3861295|crit=0
L|3|MG_QT14|AD0|SEL|move=c3e4|slotScore=-41|top1=-27|gap=14|rule=slot|hit=slot|slotUsed=3|seed=3399008603|probs=|depth=17|nodes=617199|slots=1:-27,2:-40,3:-41|crit=0
L|3|MG_QT14|AD0|REF|move=c3e4|score=67|mate=-|depth=22|nodes=3885666|crit=0
L|3|MG_QT14|EX0|SEL|move=a7b7|slotScore=-34|top1=-27|gap=7|rule=slot|hit=slot|slotUsed=2|seed=411094155|probs=|depth=19|nodes=992404|slots=1:-27,2:-34|crit=0
L|3|MG_QT14|EX0|REF|move=a7b7|score=24|mate=-|depth=24|nodes=3740453|crit=0
L|3|MG_QT14|CAP_AD|SEL|move=f4e4|slotScore=-69|top1=-25|gap=44|rule=cap|hit=cap|slotUsed=7|seed=1847582250|probs=1:0,2:18,3:28,4:31,5:33,6:43,7:44,8:61|depth=12|nodes=343359|slots=1:-25,2:-43,3:-53,4:-56,5:-58,6:-68,7:-69,8:-86|crit=0
L|3|MG_QT14|CAP_AD|REF|move=f4e4|score=72|mate=-|depth=22|nodes=3754261|crit=0
L|3|MG_QT14|CAP_AM|SEL|move=e9f9|slotScore=-98|top1=-35|gap=63|rule=cap|hit=cap|slotUsed=8|seed=1965009709|probs=1:0,2:7,3:20,4:20,5:23,6:25,7:30,8:63|depth=11|nodes=319328|slots=1:-35,2:-42,3:-55,4:-55,5:-58,6:-60,7:-65,8:-98|crit=0
L|3|MG_QT14|CAP_AM|REF|move=e9f9|score=115|mate=-|depth=21|nodes=3757902|crit=0
L|3|MG_QT14|NOI_AD|SEL|move=c5c4|slotScore=NA|top1=-29|gap=NA|rule=noise|hit=rand|slotUsed=-1|seed=1989507396|probs=p=0.1,legal=37|depth=13|nodes=301680|slots=1:-29,2:-37,3:-50,4:-56|crit=0
L|3|MG_QT14|NOI_AD|REF|move=c5c4|score=160|mate=-|depth=23|nodes=3874895|crit=0
L|3|MG_QT14|NOI_AM|SEL|move=c5c4|slotScore=NA|top1=-36|gap=NA|rule=noise|hit=rand|slotUsed=-1|seed=1838509855|probs=p=0.25,legal=37|depth=15|nodes=310813|slots=1:-36,2:-47,3:-55,4:-64|crit=0
L|3|MG_QT14|NOI_AM|REF|move=c5c4|score=168|mate=-|depth=26|nodes=3912439|crit=0
L|3|MG_QT14|AC_AD|SEL|move=e9f9|slotScore=-86|top1=-28|gap=58|rule=capnoise|hit=cap|slotUsed=8|seed=3153754256|probs=cap=60,p=0.1,legal=37,1:0,2:10,3:21,4:26,5:26,6:28,7:36,8:58|depth=13|nodes=312778|slots=1:-28,2:-38,3:-49,4:-54,5:-54,6:-56,7:-64,8:-86|crit=0
L|3|MG_QT14|AC_AD|REF|move=e9f9|score=105|mate=-|depth=21|nodes=3726751|crit=0
L|3|MG_QT14|AC_AM|SEL|move=e9f9|slotScore=-85|top1=-37|gap=48|rule=capnoise|hit=cap|slotUsed=8|seed=3271194011|probs=cap=200,p=0.25,legal=37,1:0,2:5,3:6,4:17,5:30,6:33,7:39,8:48|depth=12|nodes=313923|slots=1:-37,2:-42,3:-43,4:-54,5:-67,6:-70,7:-76,8:-85|crit=0
L|3|MG_QT14|AC_AM|REF|move=e9f9|score=109|mate=-|depth=21|nodes=3743484|crit=0
L|3|MG_QT14|T8S1|SEL|move=f4b4|slotScore=-36|top1=-36|gap=0|rule=slot|hit=slot|slotUsed=1|seed=1329306662|probs=|depth=13|nodes=323319|slots=1:-36,2:-41,3:-53,4:-54,5:-53,6:-54,7:-74,8:-95|crit=0
L|3|MG_QT14|T8S1|REF|move=f4b4|score=22|mate=-|depth=22|nodes=3946942|crit=0
L|3|MG_QT14|ANCH|SEL|move=f4b4|slotScore=-28|top1=-28|gap=0|rule=anchor|hit=anchor|slotUsed=1|seed=2173897590|probs=|depth=24|nodes=3818459|slots=1:-28|crit=0
L|3|MG_QT14|ANCH|REF|move=f4b4|score=24|mate=-|depth=27|nodes=3640166|crit=0
PROG|3|MG_QT14
L|3|MG_QT19|ANCHOR|move=c7c3|score=-17|mate=-|depth=32|nodes=4253605|crit=0
L|3|MG_QT19|AM0|SEL|move=c7a7|slotScore=-598|top1=-19|gap=579|rule=slot|hit=slot|slotUsed=4|seed=582534013|probs=|depth=15|nodes=301685|slots=1:-19,2:-582,3:-590,4:-598|crit=0
L|3|MG_QT19|AM0|REF|move=c7a7|score=603|mate=-|depth=29|nodes=3507402|crit=0
L|3|MG_QT19|AD0|SEL|move=c7a7|slotScore=-591|top1=-19|gap=572|rule=slot|hit=slot|slotUsed=3|seed=413738140|probs=|depth=18|nodes=586193|slots=1:-19,2:-583,3:-591|crit=0
L|3|MG_QT19|AD0|REF|move=c7a7|score=598|mate=-|depth=29|nodes=3487384|crit=0
L|3|MG_QT19|EX0|SEL|move=c7b7|slotScore=-604|top1=-18|gap=586|rule=slot|hit=slot|slotUsed=2|seed=1254125804|probs=|depth=20|nodes=927536|slots=1:-18,2:-604|crit=0
L|3|MG_QT19|EX0|REF|move=c7b7|score=596|mate=-|depth=26|nodes=3546840|crit=0
L|3|MG_QT19|CAP_AD|SEL|move=c7c3|slotScore=-22|top1=-22|gap=0|rule=cap|hit=above|slotUsed=1|seed=164476203|probs=1:0,2:564,3:567,4:573,5:616,6:673,7:703,8:719|depth=14|nodes=310248|slots=1:-22,2:-586,3:-589,4:-595,5:-638,6:-695,7:-725,8:-741|crit=0
L|3|MG_QT19|CAP_AD|REF|move=c7c3|score=17|mate=-|depth=28|nodes=3549077|crit=0
L|3|MG_QT19|CAP_AM|SEL|move=c7c3|slotScore=-19|top1=-19|gap=0|rule=cap|hit=above|slotUsed=1|seed=47036448|probs=1:0,2:568,3:569,4:577,5:604,6:711,7:712,8:723|depth=13|nodes=301913|slots=1:-19,2:-587,3:-588,4:-596,5:-623,6:-730,7:-731,8:-742|crit=0
L|3|MG_QT19|CAP_AM|REF|move=c7c3|score=17|mate=-|depth=29|nodes=3624221|crit=0
L|3|MG_QT19|NOI_AD|SEL|move=c7c3|slotScore=-19|top1=-19|gap=0|rule=noise|hit=engine|slotUsed=1|seed=291698753|probs=p=0.1,legal=33|depth=14|nodes=296114|slots=1:-19,2:-589,3:-599,4:-597|crit=0
L|3|MG_QT19|NOI_AD|REF|move=c7c3|score=14|mate=-|depth=27|nodes=3547216|crit=0
L|3|MG_QT19|NOI_AM|SEL|move=c7d7|slotScore=-596|top1=-19|gap=577|rule=noise|hit=engine|slotUsed=4|seed=442681966|probs=p=0.25,legal=33|depth=15|nodes=277792|slots=1:-19,2:-590,3:-595,4:-596|crit=0
L|3|MG_QT19|NOI_AM|REF|move=c7d7|score=599|mate=-|depth=31|nodes=3417346|crit=0
L|3|MG_QT19|AC_AD|SEL|move=e8d7|slotScore=-734|top1=-24|gap=710|rule=capnoise|hit=rand|slotUsed=7|seed=1125000723|probs=cap=60,p=0.1,legal=33,1:0,2:564,3:571,4:577,5:625,6:702,7:710,8:721,wouldBe=1|depth=14|nodes=324819|slots=1:-24,2:-588,3:-595,4:-601,5:-649,6:-726,7:-734,8:-745|crit=0
L|3|MG_QT19|AC_AD|REF|move=e8d7|score=766|mate=-|depth=26|nodes=3568584|crit=0
L|3|MG_QT19|AC_AM|SEL|move=b5b3|slotScore=NA|top1=-21|gap=NA|rule=capnoise|hit=rand|slotUsed=-1|seed=1275998264|probs=cap=200,p=0.25,legal=33,1:0,2:563,3:574,4:578,5:618,6:715,7:717,8:735,wouldBe=1|depth=14|nodes=304898|slots=1:-21,2:-584,3:-595,4:-599,5:-639,6:-736,7:-738,8:-756|crit=0
L|3|MG_QT19|AC_AM|REF|move=b5b3|score=976|mate=-|depth=24|nodes=3632141|crit=0
L|3|MG_QT19|T8S1|SEL|move=c7c3|slotScore=-26|top1=-26|gap=0|rule=slot|hit=slot|slotUsed=1|seed=2378527223|probs=|depth=15|nodes=315216|slots=1:-26,2:-584,3:-595,4:-603,5:-638,6:-731,7:-731,8:-733|crit=0
L|3|MG_QT19|T8S1|REF|move=c7c3|score=16|mate=-|depth=29|nodes=4174622|crit=0
L|3|MG_QT19|ANCH|SEL|move=c7c3|slotScore=-17|top1=-17|gap=0|rule=anchor|hit=anchor|slotUsed=1|seed=1328522863|probs=|depth=32|nodes=4253605|slots=1:-17|crit=0
L|3|MG_QT19|ANCH|REF|move=c7c3|score=18|mate=-|depth=25|nodes=5707340|crit=0
PROG|3|MG_QT19
L|3|MG_QT24|ANCHOR|move=g7f5|score=-14|mate=-|depth=30|nodes=3615167|crit=0
L|3|MG_QT24|AM0|SEL|move=g7e6|slotScore=-22|top1=-16|gap=6|rule=slot|hit=slot|slotUsed=4|seed=2448353985|probs=|depth=14|nodes=290440|slots=1:-16,2:-18,3:-22,4:-22|crit=0
L|3|MG_QT24|AM0|REF|move=g7e6|score=16|mate=-|depth=27|nodes=3536708|crit=0
L|3|MG_QT24|AD0|SEL|move=g7e6|slotScore=-19|top1=-14|gap=5|rule=slot|hit=slot|slotUsed=3|seed=2281984848|probs=|depth=16|nodes=572631|slots=1:-14,2:-15,3:-19|crit=0
L|3|MG_QT24|AD0|REF|move=g7e6|score=17|mate=-|depth=27|nodes=3392133|crit=0
L|3|MG_QT24|EX0|SEL|move=g5e7|slotScore=-17|top1=-15|gap=2|rule=slot|hit=slot|slotUsed=2|seed=3547572096|probs=|depth=21|nodes=941253|slots=1:-15,2:-17|crit=0
L|3|MG_QT24|EX0|REF|move=g5e7|score=17|mate=-|depth=29|nodes=3559167|crit=0
L|3|MG_QT24|CAP_AD|SEL|move=c9e7|slotScore=-26|top1=-17|gap=9|rule=cap|hit=cap|slotUsed=8|seed=3013344335|probs=1:0,2:3,3:5,4:5,5:4,6:6,7:7,8:9|depth=13|nodes=308189|slots=1:-17,2:-20,3:-22,4:-22,5:-21,6:-23,7:-24,8:-26|crit=0
L|3|MG_QT24|CAP_AD|REF|move=c9e7|score=22|mate=-|depth=28|nodes=3527669|crit=0
L|3|MG_QT24|CAP_AM|SEL|move=c3d3|slotScore=-25|top1=-16|gap=9|rule=cap|hit=cap|slotUsed=8|seed=3164327540|probs=1:0,2:2,3:4,4:5,5:6,6:9,7:11,8:9|depth=12|nodes=293483|slots=1:-16,2:-18,3:-20,4:-21,5:-22,6:-25,7:-27,8:-25|crit=0
L|3|MG_QT24|CAP_AM|REF|move=c3d3|score=20|mate=-|depth=27|nodes=3328600|crit=0
L|3|MG_QT24|NOI_AD|SEL|move=c9e7|slotScore=NA|top1=-16|gap=NA|rule=noise|hit=rand|slotUsed=-1|seed=3999134885|probs=p=0.1,legal=33|depth=16|nodes=302283|slots=1:-16,2:-17,3:-19,4:-19|crit=0
L|3|MG_QT24|NOI_AD|REF|move=c9e7|score=20|mate=-|depth=28|nodes=3634831|crit=0
L|3|MG_QT24|NOI_AM|SEL|move=f8f9|slotScore=-21|top1=-16|gap=5|rule=noise|hit=engine|slotUsed=4|seed=4150118098|probs=p=0.25,legal=33|depth=15|nodes=299883|slots=1:-16,2:-18,3:-20,4:-21|crit=0
L|3|MG_QT24|NOI_AM|REF|move=f8f9|score=20|mate=-|depth=29|nodes=3379848|crit=0
L|3|MG_QT24|AC_AD|SEL|move=e8d7|slotScore=-24|top1=-13|gap=11|rule=capnoise|hit=cap|slotUsed=8|seed=584360207|probs=cap=60,p=0.1,legal=33,1:0,2:5,3:5,4:7,5:8,6:9,7:15,8:11|depth=13|nodes=297569|slots=1:-13,2:-18,3:-18,4:-20,5:-21,6:-22,7:-28,8:-24|crit=0
L|3|MG_QT24|AC_AD|REF|move=e8d7|score=20|mate=-|depth=27|nodes=3289983|crit=0
L|3|MG_QT24|AC_AM|SEL|move=e4d4|slotScore=-28|top1=-15|gap=13|rule=capnoise|hit=cap|slotUsed=8|seed=735359796|probs=cap=200,p=0.25,legal=33,1:0,2:3,3:5,4:6,5:9,6:9,7:13,8:13|depth=13|nodes=291613|slots=1:-15,2:-18,3:-20,4:-21,5:-24,6:-24,7:-28,8:-28|crit=0
L|3|MG_QT24|AC_AM|REF|move=e4d4|score=26|mate=-|depth=25|nodes=3428396|crit=0
L|3|MG_QT24|T8S1|SEL|move=g7f5|slotScore=-14|top1=-14|gap=0|rule=slot|hit=slot|slotUsed=1|seed=3411541139|probs=|depth=14|nodes=324004|slots=1:-14,2:-18,3:-20,4:-20,5:-21,6:-22,7:-22,8:-24|crit=0
L|3|MG_QT24|T8S1|REF|move=g7f5|score=15|mate=-|depth=28|nodes=3466131|crit=0
L|3|MG_QT24|ANCH|SEL|move=g7f5|slotScore=-14|top1=-14|gap=0|rule=anchor|hit=anchor|slotUsed=1|seed=4114815819|probs=|depth=30|nodes=3615167|slots=1:-14|crit=0
L|3|MG_QT24|ANCH|REF|move=g7f5|score=12|mate=-|depth=27|nodes=3479353|crit=0
PROG|3|MG_QT24
L|3|MG_QT29|ANCHOR|move=a9b9|score=-15|mate=-|depth=24|nodes=3413990|crit=0
L|3|MG_QT29|AM0|SEL|move=b6b5|slotScore=-14|top1=-15|gap=-1|rule=slot|hit=slot|slotUsed=4|seed=1802439382|probs=|depth=14|nodes=273305|slots=1:-15,2:-23,3:-13,4:-14|crit=0
L|3|MG_QT29|AM0|REF|move=b6b5|score=15|mate=-|depth=24|nodes=3340701|crit=0
L|3|MG_QT29|AD0|SEL|move=b6b5|slotScore=-19|top1=-19|gap=0|rule=slot|hit=slot|slotUsed=3|seed=4116089543|probs=|depth=16|nodes=563800|slots=1:-19,2:-21,3:-19|crit=0
L|3|MG_QT29|AD0|REF|move=b6b5|score=11|mate=-|depth=21|nodes=3285050|crit=0
L|3|MG_QT29|EX0|SEL|move=h9h6|slotScore=-16|top1=-13|gap=3|rule=slot|hit=slot|slotUsed=2|seed=2809040791|probs=|depth=20|nodes=883924|slots=1:-13,2:-16|crit=0
L|3|MG_QT29|EX0|REF|move=h9h6|score=12|mate=-|depth=28|nodes=3530389|crit=0
L|3|MG_QT29|CAP_AD|SEL|move=c7b5|slotScore=-34|top1=-14|gap=20|rule=cap|hit=cap|slotUsed=8|seed=2316642710|probs=1:0,2:1,3:1,4:2,5:9,6:16,7:18,8:20|depth=12|nodes=303934|slots=1:-14,2:-15,3:-15,4:-16,5:-23,6:-30,7:-32,8:-34|crit=0
L|3|MG_QT29|CAP_AD|REF|move=c7b5|score=36|mate=-|depth=22|nodes=3228188|crit=0
L|3|MG_QT29|CAP_AM|SEL|move=c7d5|slotScore=-27|top1=-15|gap=12|rule=cap|hit=cap|slotUsed=8|seed=2434082457|probs=1:0,2:1,3:1,4:8,5:14,6:18,7:9,8:12|depth=11|nodes=282786|slots=1:-15,2:-16,3:-16,4:-23,5:-29,6:-33,7:-24,8:-27|crit=0
L|3|MG_QT29|CAP_AM|REF|move=c7d5|score=23|mate=-|depth=19|nodes=3433605|crit=0
L|3|MG_QT29|NOI_AD|SEL|move=a9b9|slotScore=-17|top1=-17|gap=0|rule=noise|hit=engine|slotUsed=1|seed=3319840336|probs=p=0.1,legal=41|depth=13|nodes=261421|slots=1:-17,2:-18,3:-19,4:-20|crit=0
L|3|MG_QT29|NOI_AD|REF|move=a9b9|score=17|mate=-|depth=25|nodes=3504204|crit=0
L|3|MG_QT29|NOI_AM|SEL|move=g7i8|slotScore=NA|top1=-12|gap=NA|rule=noise|hit=rand|slotUsed=-1|seed=3437267803|probs=p=0.25,legal=41|depth=13|nodes=280758|slots=1:-12,2:-13,3:-14,4:-16|crit=0
L|3|MG_QT29|NOI_AM|REF|move=g7i8|score=165|mate=-|depth=22|nodes=3625140|crit=0
L|3|MG_QT29|AC_AD|SEL|move=b6b3|slotScore=-39|top1=-13|gap=26|rule=capnoise|hit=cap|slotUsed=8|seed=4099583332|probs=cap=60,p=0.1,legal=41,1:0,2:1,3:5,4:10,5:13,6:18,7:25,8:26|depth=11|nodes=265090|slots=1:-13,2:-14,3:-18,4:-23,5:-26,6:-31,7:-38,8:-39|crit=0
L|3|MG_QT29|AC_AD|REF|move=b6b3|score=50|mate=-|depth=24|nodes=3419406|crit=0
L|3|MG_QT29|AC_AM|SEL|move=g7f5|slotScore=NA|top1=-15|gap=NA|rule=capnoise|hit=rand|slotUsed=-1|seed=3948598079|probs=cap=200,p=0.25,legal=41,1:0,2:5,3:5,4:6,5:10,6:20,7:21,8:23,wouldBe=8|depth=12|nodes=283041|slots=1:-15,2:-20,3:-20,4:-21,5:-25,6:-35,7:-36,8:-38|crit=0
L|3|MG_QT29|AC_AM|REF|move=g7f5|score=62|mate=-|depth=23|nodes=3347260|crit=0
L|3|MG_QT29|T8S1|SEL|move=a9b9|slotScore=-15|top1=-15|gap=0|rule=slot|hit=slot|slotUsed=1|seed=2768266506|probs=|depth=12|nodes=290989|slots=1:-15,2:-15,3:-19,4:-27,5:-28,6:-28,7:-36,8:-38|crit=0
L|3|MG_QT29|T8S1|REF|move=a9b9|score=19|mate=-|depth=23|nodes=3498967|crit=0
L|3|MG_QT29|ANCH|SEL|move=a9b9|slotScore=-15|top1=-15|gap=0|rule=anchor|hit=anchor|slotUsed=1|seed=596857066|probs=|depth=24|nodes=3413990|slots=1:-15|crit=0
L|3|MG_QT29|ANCH|REF|move=a9b9|score=18|mate=-|depth=23|nodes=3532309|crit=0
PROG|3|MG_QT29
L|3|MG_QT34|ANCHOR|move=d9d3|score=-7|mate=-|depth=23|nodes=3675286|crit=0
L|3|MG_QT34|AM0|SEL|move=d9b9|slotScore=-57|top1=-9|gap=48|rule=slot|hit=slot|slotUsed=4|seed=3364226444|probs=|depth=13|nodes=309363|slots=1:-9,2:-34,3:-36,4:-57|crit=0
L|3|MG_QT34|AM0|REF|move=d9b9|score=59|mate=-|depth=24|nodes=3792280|crit=0
L|3|MG_QT34|AD0|SEL|move=c5c4|slotScore=-41|top1=-11|gap=30|rule=slot|hit=slot|slotUsed=3|seed=3533286509|probs=|depth=15|nodes=574220|slots=1:-11,2:-29,3:-41|crit=0
L|3|MG_QT34|AD0|REF|move=c5c4|score=21|mate=-|depth=24|nodes=3674861|crit=0
L|3|MG_QT34|EX0|SEL|move=c5c4|slotScore=-21|top1=-6|gap=15|rule=slot|hit=slot|slotUsed=2|seed=2373600485|probs=|depth=18|nodes=881976|slots=1:-6,2:-21|crit=0
L|3|MG_QT34|EX0|REF|move=c5c4|score=22|mate=-|depth=23|nodes=3565323|crit=0
L|3|MG_QT34|CAP_AD|SEL|move=b5a5|slotScore=-49|top1=-8|gap=41|rule=cap|hit=cap|slotUsed=5|seed=471294128|probs=1:0,2:19,3:20,4:38,5:41,6:91,7:115,8:117|depth=11|nodes=284879|slots=1:-8,2:-27,3:-28,4:-46,5:-49,6:-99,7:-123,8:-125|crit=0
L|3|MG_QT34|CAP_AD|REF|move=b5a5|score=36|mate=-|depth=23|nodes=3888652|crit=0
L|3|MG_QT34|CAP_AM|SEL|move=a6a5|slotScore=-138|top1=-3|gap=135|rule=cap|hit=cap|slotUsed=8|seed=588742075|probs=1:0,2:17,3:32,4:39,5:50,6:93,7:94,8:135|depth=13|nodes=307522|slots=1:-3,2:-20,3:-35,4:-42,5:-53,6:-96,7:-97,8:-138|crit=0
L|3|MG_QT34|CAP_AM|REF|move=a6a5|score=136|mate=-|depth=23|nodes=3683025|crit=0
L|3|MG_QT34|NOI_AD|SEL|move=d9d3|slotScore=-5|top1=-5|gap=0|rule=noise|hit=engine|slotUsed=1|seed=609949886|probs=p=0.1,legal=32|depth=14|nodes=290242|slots=1:-5,2:-21,3:-30,4:-56|crit=0
L|3|MG_QT34|NOI_AD|REF|move=d9d3|score=3|mate=-|depth=24|nodes=3327759|crit=0
L|3|MG_QT34|NOI_AM|SEL|move=d9b9|slotScore=-58|top1=-6|gap=52|rule=noise|hit=engine|slotUsed=4|seed=458952337|probs=p=0.25,legal=32|depth=12|nodes=271306|slots=1:-6,2:-20,3:-34,4:-58|crit=0
L|3|MG_QT34|NOI_AM|REF|move=d9b9|score=51|mate=-|depth=23|nodes=3891032|crit=0
L|3|MG_QT34|AC_AD|SEL|move=d9b9|slotScore=-56|top1=-6|gap=50|rule=capnoise|hit=cap|slotUsed=5|seed=3455091194|probs=cap=60,p=0.1,legal=32,1:0,2:23,3:28,4:34,5:50,6:100,7:103,8:138|depth=12|nodes=335532|slots=1:-6,2:-29,3:-34,4:-40,5:-56,6:-106,7:-109,8:-144|crit=0
L|3|MG_QT34|AC_AD|REF|move=d9b9|score=59|mate=-|depth=25|nodes=3881291|crit=0
L|3|MG_QT34|AC_AM|SEL|move=d9c9|slotScore=-145|top1=-8|gap=137|rule=capnoise|hit=cap|slotUsed=8|seed=3572539133|probs=cap=200,p=0.25,legal=32,1:0,2:23,3:31,4:36,5:44,6:95,7:115,8:137|depth=11|nodes=304222|slots=1:-8,2:-31,3:-39,4:-44,5:-52,6:-103,7:-123,8:-145|crit=0
L|3|MG_QT34|AC_AM|REF|move=d9c9|score=159|mate=-|depth=24|nodes=3821676|crit=0
L|3|MG_QT34|T8S1|SEL|move=d9d3|slotScore=-24|top1=-24|gap=0|rule=slot|hit=slot|slotUsed=1|seed=2023527944|probs=|depth=12|nodes=326067|slots=1:-24,2:-30,3:-39,4:-56,5:-56,6:-102,7:-107,8:-122|crit=0
L|3|MG_QT34|T8S1|REF|move=d9d3|score=4|mate=-|depth=26|nodes=3450547|crit=0
L|3|MG_QT34|ANCH|SEL|move=d9d3|slotScore=-7|top1=-7|gap=0|rule=anchor|hit=anchor|slotUsed=1|seed=2299498604|probs=|depth=23|nodes=3675286|slots=1:-7|crit=0
L|3|MG_QT34|ANCH|REF|move=d9d3|score=9|mate=-|depth=24|nodes=3472565|crit=0
PROG|3|MG_QT34
L|3|MG_QT39|ANCHOR|move=b5c5|score=-3|mate=-|depth=27|nodes=3549601|crit=0
L|3|MG_QT39|AM0|SEL|move=c7d5|slotScore=-16|top1=-2|gap=14|rule=slot|hit=slot|slotUsed=4|seed=1933629975|probs=|depth=13|nodes=261214|slots=1:-2,2:-7,3:-8,4:-16|crit=0
L|3|MG_QT39|AM0|REF|move=c7d5|score=10|mate=-|depth=26|nodes=3324684|crit=0
L|3|MG_QT39|AD0|SEL|move=f5f7|slotScore=-6|top1=-2|gap=4|rule=slot|hit=slot|slotUsed=3|seed=3914947110|probs=|depth=16|nodes=558834|slots=1:-2,2:-5,3:-6|crit=0
L|3|MG_QT39|AD0|REF|move=f5f7|score=8|mate=-|depth=26|nodes=3554289|crit=0
L|3|MG_QT39|EX0|SEL|move=d9b9|slotScore=-8|top1=0|gap=8|rule=slot|hit=slot|slotUsed=2|seed=504569574|probs=|depth=20|nodes=929156|slots=1:0,2:-8|crit=0
L|3|MG_QT39|EX0|REF|move=d9b9|score=7|mate=-|depth=26|nodes=3604239|crit=0
L|3|MG_QT39|CAP_AD|SEL|move=f5f6|slotScore=-22|top1=-3|gap=19|rule=cap|hit=cap|slotUsed=8|seed=1557411937|probs=1:0,2:4,3:5,4:5,5:12,6:13,7:18,8:19|depth=12|nodes=280130|slots=1:-3,2:-7,3:-8,4:-8,5:-15,6:-16,7:-21,8:-22|crit=0
L|3|MG_QT39|CAP_AD|REF|move=f5f6|score=22|mate=-|depth=25|nodes=3515331|crit=0
L|3|MG_QT39|CAP_AM|SEL|move=f5f8|slotScore=-19|top1=0|gap=19|rule=cap|hit=cap|slotUsed=8|seed=1708395150|probs=1:0,2:3,3:6,4:10,5:12,6:17,7:17,8:19|depth=11|nodes=278963|slots=1:0,2:-3,3:-6,4:-10,5:-12,6:-17,7:-17,8:-19|crit=0
L|3|MG_QT39|CAP_AM|REF|move=f5f8|score=22|mate=-|depth=26|nodes=3405915|crit=0
L|3|MG_QT39|NOI_AD|SEL|move=b5c5|slotScore=-1|top1=-1|gap=0|rule=noise|hit=engine|slotUsed=1|seed=4029501339|probs=p=0.1,legal=43|depth=13|nodes=282374|slots=1:-1,2:-4,3:-11,4:-12|crit=0
L|3|MG_QT39|NOI_AD|REF|move=b5c5|score=4|mate=-|depth=28|nodes=3400948|crit=0
L|3|MG_QT39|NOI_AM|SEL|move=b5b8|slotScore=NA|top1=-5|gap=NA|rule=noise|hit=rand|slotUsed=-1|seed=3912069776|probs=p=0.25,legal=43|depth=13|nodes=272974|slots=1:-5,2:-9,3:-8,4:-10|crit=0
L|3|MG_QT39|NOI_AM|REF|move=b5b8|score=498|mate=-|depth=21|nodes=3188590|crit=0
L|3|MG_QT39|AC_AD|SEL|move=d9d7|slotScore=NA|top1=-4|gap=NA|rule=capnoise|hit=rand|slotUsed=-1|seed=1826336981|probs=cap=60,p=0.1,legal=43,1:0,2:7,3:5,4:10,5:11,6:15,7:18,8:21,wouldBe=8|depth=11|nodes=282658|slots=1:-4,2:-11,3:-9,4:-14,5:-15,6:-19,7:-22,8:-25|crit=0
L|3|MG_QT39|AC_AD|REF|move=d9d7|score=25|mate=-|depth=21|nodes=3466189|crit=0
L|3|MG_QT39|AC_AM|SEL|move=a6a5|slotScore=-22|top1=1|gap=23|rule=capnoise|hit=cap|slotUsed=8|seed=1977319682|probs=cap=200,p=0.25,legal=43,1:0,2:2,3:12,4:14,5:16,6:18,7:20,8:23|depth=11|nodes=288380|slots=1:1,2:-1,3:-11,4:-13,5:-15,6:-17,7:-19,8:-22|crit=0
L|3|MG_QT39|AC_AM|REF|move=a6a5|score=11|mate=-|depth=23|nodes=3436193|crit=0
L|3|MG_QT39|T8S1|SEL|move=b5c5|slotScore=-1|top1=-1|gap=0|rule=slot|hit=slot|slotUsed=1|seed=4205480465|probs=|depth=12|nodes=296969|slots=1:-1,2:-6,3:-12,4:-7,5:-12,6:-16,7:-19,8:-27|crit=0
L|3|MG_QT39|T8S1|REF|move=b5c5|score=2|mate=-|depth=31|nodes=3252069|crit=0
L|3|MG_QT39|ANCH|SEL|move=b5c5|slotScore=-3|top1=-3|gap=0|rule=anchor|hit=anchor|slotUsed=1|seed=245916141|probs=|depth=27|nodes=3549601|slots=1:-3|crit=0
L|3|MG_QT39|ANCH|REF|move=b5c5|score=4|mate=-|depth=28|nodes=3344935|crit=0
PROG|3|MG_QT39
L|3|MG_QH01|ANCHOR|move=d0e1|score=-4|mate=-|depth=22|nodes=3408395|crit=0
L|3|MG_QH01|AM0|SEL|move=c0a2|slotScore=-3|top1=5|gap=8|rule=slot|hit=slot|slotUsed=4|seed=4179631736|probs=|depth=12|nodes=284712|slots=1:5,2:1,3:0,4:-3|crit=0
L|3|MG_QH01|AM0|REF|move=c0a2|score=11|mate=-|depth=24|nodes=3720042|crit=0
L|3|MG_QH01|AD0|SEL|move=d0e1|slotScore=-1|top1=1|gap=2|rule=slot|hit=slot|slotUsed=3|seed=53716313|probs=|depth=14|nodes=540707|slots=1:1,2:-2,3:-1|crit=0
L|3|MG_QH01|AD0|REF|move=d0e1|score=-1|mate=-|depth=27|nodes=3564680|crit=0
L|3|MG_QH01|EX0|SEL|move=g2f4|slotScore=-3|top1=4|gap=7|rule=slot|hit=slot|slotUsed=2|seed=2800373009|probs=|depth=18|nodes=867469|slots=1:4,2:-3|crit=0
L|3|MG_QH01|EX0|REF|move=g2f4|score=0|mate=-|depth=25|nodes=3458650|crit=0
L|3|MG_QH01|CAP_AD|SEL|move=i3i4|slotScore=-20|top1=7|gap=27|rule=cap|hit=cap|slotUsed=8|seed=1841400012|probs=1:0,2:3,3:3,4:8,5:16,6:19,7:26,8:27|depth=11|nodes=302303|slots=1:7,2:4,3:4,4:-1,5:-9,6:-12,7:-19,8:-20|crit=0
L|3|MG_QH01|CAP_AD|REF|move=i3i4|score=19|mate=-|depth=22|nodes=3373993|crit=0
L|3|MG_QH01|CAP_AM|SEL|move=i3i4|slotScore=-19|top1=9|gap=28|rule=cap|hit=cap|slotUsed=8|seed=1958839767|probs=1:0,2:1,3:8,4:6,5:17,6:19,7:24,8:28|depth=11|nodes=297662|slots=1:9,2:8,3:1,4:3,5:-8,6:-10,7:-15,8:-19|crit=0
L|3|MG_QH01|CAP_AM|REF|move=i3i4|score=19|mate=-|depth=23|nodes=3480293|crit=0
L|3|MG_QH01|NOI_AD|SEL|move=d0e1|slotScore=9|top1=9|gap=0|rule=noise|hit=engine|slotUsed=1|seed=911690218|probs=p=0.1,legal=33|depth=13|nodes=284504|slots=1:9,2:1,3:1,4:-2|crit=0
L|3|MG_QH01|NOI_AD|REF|move=d0e1|score=2|mate=-|depth=24|nodes=3303343|crit=0
L|3|MG_QH01|NOI_AM|SEL|move=d0e1|slotScore=0|top1=3|gap=3|rule=noise|hit=rand|slotUsed=3|seed=1029129965|probs=p=0.25,legal=33|depth=13|nodes=272987|slots=1:3,2:1,3:0,4:-3|crit=0
L|3|MG_QH01|NOI_AM|REF|move=d0e1|score=-6|mate=-|depth=23|nodes=3494327|crit=0
L|3|MG_QH01|AC_AD|SEL|move=c2e1|slotScore=-22|top1=3|gap=25|rule=capnoise|hit=cap|slotUsed=8|seed=4123360766|probs=cap=60,p=0.1,legal=33,1:0,2:3,3:5,4:8,5:10,6:13,7:21,8:25|depth=11|nodes=301985|slots=1:3,2:0,3:-2,4:-5,5:-7,6:-10,7:-18,8:-22|crit=0
L|3|MG_QH01|AC_AD|REF|move=c2e1|score=21|mate=-|depth=25|nodes=3337722|crit=0
L|3|MG_QH01|AC_AM|SEL|move=c2e1|slotScore=-16|top1=9|gap=25|rule=capnoise|hit=cap|slotUsed=8|seed=3972359121|probs=cap=200,p=0.25,legal=33,1:0,2:4,3:4,4:11,5:14,6:17,7:22,8:25|depth=11|nodes=300726|slots=1:9,2:5,3:5,4:-2,5:-5,6:-8,7:-13,8:-16|crit=0
L|3|MG_QH01|AC_AM|REF|move=c2e1|score=21|mate=-|depth=24|nodes=3192423|crit=0
L|3|MG_QH01|T8S1|SEL|move=e3e4|slotScore=6|top1=6|gap=0|rule=slot|hit=slot|slotUsed=1|seed=2650500124|probs=|depth=12|nodes=294680|slots=1:6,2:4,3:1,4:1,5:-4,6:-14,7:-19,8:-25|crit=0
L|3|MG_QH01|T8S1|REF|move=e3e4|score=16|mate=-|depth=21|nodes=3333671|crit=0
L|3|MG_QH01|ANCH|SEL|move=d0e1|slotScore=-4|top1=-4|gap=0|rule=anchor|hit=anchor|slotUsed=1|seed=4163252144|probs=|depth=22|nodes=3408395|slots=1:-4|crit=0
L|3|MG_QH01|ANCH|REF|move=d0e1|score=0|mate=-|depth=27|nodes=3502537|crit=0
PROG|3|MG_QH01
L|3|MG_QB3|ANCHOR|move=a0b0|score=327|mate=-|depth=20|nodes=3200152|crit=0
L|3|MG_QB3|AM0|SEL|move=c4f4|slotScore=215|top1=342|gap=127|rule=slot|hit=slot|slotUsed=4|seed=2203276280|probs=|depth=11|nodes=306392|slots=1:342,2:285,3:241,4:215|crit=0
L|3|MG_QB3|AM0|REF|move=c4f4|score=-163|mate=-|depth=20|nodes=3447141|crit=0
L|3|MG_QB3|AD0|SEL|move=c4a4|slotScore=291|top1=341|gap=50|rule=slot|hit=slot|slotUsed=3|seed=2372074201|probs=|depth=14|nodes=546894|slots=1:341,2:327,3:291|crit=0
L|3|MG_QB3|AD0|REF|move=c4a4|score=-262|mate=-|depth=21|nodes=3542626|crit=0
L|3|MG_QB3|EX0|SEL|move=i1h1|slotScore=351|top1=355|gap=4|rule=slot|hit=slot|slotUsed=2|seed=823820945|probs=|depth=15|nodes=961503|slots=1:355,2:351|crit=0
L|3|MG_QB3|EX0|REF|move=i1h1|score=-393|mate=-|depth=21|nodes=3609438|crit=0
L|3|MG_QB3|CAP_AD|SEL|move=c4a4|slotScore=304|top1=324|gap=20|rule=cap|hit=cap|slotUsed=3|seed=2814230860|probs=1:0,2:18,3:20,4:87,5:100,6:117,7:118,8:138|depth=9|nodes=318505|slots=1:324,2:306,3:304,4:237,5:224,6:207,7:206,8:186|crit=0
L|3|MG_QB3|CAP_AD|REF|move=c4a4|score=-274|mate=-|depth=19|nodes=3450132|crit=0
L|3|MG_QB3|CAP_AM|SEL|move=c4f4|slotScore=182|top1=321|gap=139|rule=cap|hit=cap|slotUsed=8|seed=2931678807|probs=1:0,2:16,3:51,4:96,5:102,6:114,7:116,8:139|depth=8|nodes=318668|slots=1:321,2:305,3:270,4:225,5:219,6:207,7:205,8:182|crit=0
L|3|MG_QB3|CAP_AM|REF|move=c4f4|score=-191|mate=-|depth=19|nodes=3289533|crit=0
L|3|MG_QB3|NOI_AD|SEL|move=a0b0|slotScore=326|top1=326|gap=0|rule=noise|hit=engine|slotUsed=1|seed=1884324458|probs=p=0.1,legal=39|depth=12|nodes=300934|slots=1:326,2:307,3:265,4:238|crit=0
L|3|MG_QB3|NOI_AD|REF|move=a0b0|score=-380|mate=-|depth=19|nodes=3240398|crit=0
L|3|MG_QB3|NOI_AM|SEL|move=c4i4|slotScore=244|top1=333|gap=89|rule=noise|hit=engine|slotUsed=4|seed=2001772397|probs=p=0.25,legal=39|depth=10|nodes=276868|slots=1:333,2:314,3:272,4:244|crit=0
L|3|MG_QB3|NOI_AM|REF|move=c4i4|score=-206|mate=-|depth=20|nodes=3628455|crit=0
L|3|MG_QB3|AC_AD|SEL|move=c4a4|slotScore=274|top1=328|gap=54|rule=capnoise|hit=cap|slotUsed=3|seed=1743662462|probs=cap=60,p=0.1,legal=39,1:0,2:50,3:54,4:101,5:106,6:110,7:121,8:133|depth=10|nodes=320281|slots=1:328,2:278,3:274,4:227,5:222,6:218,7:207,8:195|crit=0
L|3|MG_QB3|AC_AD|REF|move=c4a4|score=-302|mate=-|depth=19|nodes=3361101|crit=0
L|3|MG_QB3|AC_AM|SEL|move=c4f4|slotScore=201|top1=314|gap=113|rule=capnoise|hit=cap|slotUsed=8|seed=1592677201|probs=cap=200,p=0.25,legal=39,1:0,2:18,3:55,4:66,5:109,6:109,7:111,8:113|depth=9|nodes=312088|slots=1:314,2:296,3:259,4:248,5:205,6:205,7:203,8:201|crit=0
L|3|MG_QB3|AC_AM|REF|move=c4f4|score=-194|mate=-|depth=19|nodes=3318342|crit=0
L|3|MG_QB3|T8S1|SEL|move=a0b0|slotScore=313|top1=313|gap=0|rule=slot|hit=slot|slotUsed=1|seed=2830934684|probs=|depth=10|nodes=306707|slots=1:313,2:305,3:242,4:238,5:211,6:191,7:191,8:186|crit=0
L|3|MG_QB3|T8S1|REF|move=a0b0|score=-344|mate=-|depth=20|nodes=3132847|crit=0
L|3|MG_QB3|ANCH|SEL|move=a0b0|slotScore=327|top1=327|gap=0|rule=anchor|hit=anchor|slotUsed=1|seed=48917552|probs=|depth=20|nodes=3200152|slots=1:327|crit=0
L|3|MG_QB3|ANCH|REF|move=a0b0|score=-338|mate=-|depth=20|nodes=3205473|crit=0
PROG|3|MG_QB3
L|3|MG_QB9|ANCHOR|move=a6b6|score=595|mate=-|depth=21|nodes=2984930|crit=0
L|3|MG_QB9|AM0|SEL|move=i8f8|slotScore=542|top1=571|gap=29|rule=slot|hit=slot|slotUsed=4|seed=765853862|probs=|depth=11|nodes=223353|slots=1:571,2:555,3:562,4:542|crit=0
L|3|MG_QB9|AM0|REF|move=i8f8|score=-589|mate=-|depth=20|nodes=2948544|crit=0
L|3|MG_QB9|AD0|SEL|move=c6c5|slotScore=574|top1=581|gap=7|rule=slot|hit=slot|slotUsed=3|seed=3079766167|probs=|depth=13|nodes=446195|slots=1:581,2:576,3:574|crit=0
L|3|MG_QB9|AD0|REF|move=c6c5|score=-596|mate=-|depth=20|nodes=2795452|crit=0
L|3|MG_QB9|EX0|SEL|move=c6c5|slotScore=575|top1=586|gap=11|rule=slot|hit=slot|slotUsed=2|seed=1819435591|probs=|depth=14|nodes=721685|slots=1:586,2:575|crit=0
L|3|MG_QB9|EX0|REF|move=c6c5|score=-600|mate=-|depth=21|nodes=2824862|crit=0
L|3|MG_QB9|CAP_AD|SEL|move=i8f8|slotScore=536|top1=589|gap=53|rule=cap|hit=cap|slotUsed=5|seed=4025352870|probs=1:0,2:14,3:36,4:33,5:53,6:64,7:70,8:71|depth=10|nodes=242514|slots=1:589,2:575,3:553,4:556,5:536,6:525,7:519,8:518|crit=0
L|3|MG_QB9|CAP_AD|REF|move=i8f8|score=-592|mate=-|depth=21|nodes=2957044|crit=0
L|3|MG_QB9|CAP_AM|SEL|move=i8h8|slotScore=513|top1=586|gap=73|rule=cap|hit=cap|slotUsed=8|seed=4142800809|probs=1:0,2:11,3:8,4:16,5:43,6:48,7:53,8:73|depth=10|nodes=238098|slots=1:586,2:575,3:578,4:570,5:543,6:538,7:533,8:513|crit=0
L|3|MG_QB9|CAP_AM|REF|move=i8h8|score=-539|mate=-|depth=24|nodes=2870297|crit=0
L|3|MG_QB9|NOI_AD|SEL|move=a6b6|slotScore=599|top1=599|gap=0|rule=noise|hit=engine|slotUsed=1|seed=54033600|probs=p=0.1,legal=41|depth=11|nodes=226417|slots=1:599,2:594,3:552,4:550|crit=0
L|3|MG_QB9|NOI_AD|REF|move=a6b6|score=-607|mate=-|depth=19|nodes=2651606|crit=0
L|3|MG_QB9|NOI_AM|SEL|move=i8d8|slotScore=569|top1=600|gap=31|rule=noise|hit=engine|slotUsed=4|seed=171461067|probs=p=0.25,legal=41|depth=11|nodes=219611|slots=1:600,2:583,3:574,4:569|crit=0
L|3|MG_QB9|NOI_AM|REF|move=i8d8|score=-593|mate=-|depth=22|nodes=2898562|crit=0
L|3|MG_QB9|AC_AD|SEL|move=a6a8|slotScore=539|top1=590|gap=51|rule=capnoise|hit=cap|slotUsed=7|seed=3242871348|probs=cap=60,p=0.1,legal=41,1:0,2:7,3:8,4:26,5:32,6:48,7:51,8:63|depth=11|nodes=240873|slots=1:590,2:583,3:582,4:564,5:558,6:542,7:539,8:527|crit=0
L|3|MG_QB9|AC_AD|REF|move=a6a8|score=-540|mate=-|depth=20|nodes=2841623|crit=0
L|3|MG_QB9|AC_AM|SEL|move=a6a8|slotScore=530|top1=580|gap=50|rule=capnoise|hit=cap|slotUsed=8|seed=3091888143|probs=cap=200,p=0.25,legal=41,1:0,2:4,3:14,4:29,5:36,6:39,7:47,8:50|depth=11|nodes=239556|slots=1:580,2:576,3:566,4:551,5:544,6:541,7:533,8:530|crit=0
L|3|MG_QB9|AC_AM|REF|move=a6a8|score=-562|mate=-|depth=21|nodes=2927385|crit=0
L|3|MG_QB9|T8S1|SEL|move=c6c5|slotScore=600|top1=600|gap=0|rule=slot|hit=slot|slotUsed=1|seed=2945998042|probs=|depth=10|nodes=240547|slots=1:600,2:582,3:575,4:572,5:552,6:551,7:544,8:537|crit=0
L|3|MG_QB9|T8S1|REF|move=c6c5|score=-599|mate=-|depth=20|nodes=2887703|crit=0
L|3|MG_QB9|ANCH|SEL|move=a6b6|slotScore=595|top1=595|gap=0|rule=anchor|hit=anchor|slotUsed=1|seed=4088246266|probs=|depth=21|nodes=2984930|slots=1:595|crit=0
L|3|MG_QB9|ANCH|REF|move=a6b6|score=-595|mate=-|depth=21|nodes=2955579|crit=0
PROG|3|MG_QB9
DRV DONE positions=17 round=3
