DRV: not isolated, registering SW (try 0)
DRV: not isolated, registering SW (try 1)
DRV: isolated ok, task=task_ac_r2.json
DRV: engine ready
L|2|OP00|ANCHOR|move=g3g4|score=27|mate=-|depth=21|nodes=2927953|crit=0
L|2|OP00|AM0|SEL|move=h0g2|slotScore=21|top1=32|gap=11|rule=slot|hit=slot|slotUsed=4|seed=46406596|probs=|depth=12|nodes=273300|slots=1:32,2:31,3:27,4:21|crit=0
L|2|OP00|AM0|REF|move=h0g2|score=-4|mate=-|depth=25|nodes=3458094|crit=0
L|2|OP00|AD0|SEL|move=h2e2|slotScore=24|top1=29|gap=5|rule=slot|hit=slot|slotUsed=3|seed=416940757|probs=|depth=15|nodes=537524|slots=1:29,2:27,3:24|crit=0
L|2|OP00|AD0|REF|move=h2e2|score=-19|mate=-|depth=24|nodes=3518186|crit=0
L|2|OP00|EX0|SEL|move=g3g4|slotScore=23|top1=25|gap=2|rule=slot|hit=slot|slotUsed=2|seed=1286164277|probs=|depth=17|nodes=886813|slots=1:25,2:23|crit=0
L|2|OP00|EX0|REF|move=g3g4|score=-24|mate=-|depth=22|nodes=3569459|crit=0
L|2|OP00|CAP_AD|SEL|move=b0c2|slotScore=12|top1=29|gap=17|rule=cap|hit=cap|slotUsed=8|seed=2121525570|probs=1:0,2:0,3:1,4:8,5:9,6:12,7:12,8:17|depth=12|nodes=295755|slots=1:29,2:29,3:28,4:21,5:20,6:17,7:17,8:12|crit=0
L|2|OP00|CAP_AD|REF|move=b0c2|score=-15|mate=-|depth=24|nodes=3510397|crit=0
L|2|OP00|CAP_AM|SEL|move=g0e2|slotScore=13|top1=26|gap=13|rule=cap|hit=cap|slotUsed=8|seed=2272525225|probs=1:0,2:-1,3:0,4:6,5:9,6:11,7:11,8:13|depth=12|nodes=278807|slots=1:26,2:27,3:26,4:20,5:17,6:15,7:15,8:13|crit=0
L|2|OP00|CAP_AM|REF|move=g0e2|score=-12|mate=-|depth=22|nodes=3295914|crit=0
L|2|OP00|NOI_AD|SEL|move=d0e1|slotScore=NA|top1=26|gap=NA|rule=noise|hit=rand|slotUsed=-1|seed=594594920|probs=p=0.1,legal=44|depth=13|nodes=263672|slots=1:26,2:26,3:25,4:22|crit=0
L|2|OP00|NOI_AD|REF|move=d0e1|score=2|mate=-|depth=22|nodes=3400618|crit=0
L|2|OP00|NOI_AM|SEL|move=b0c2|slotScore=NA|top1=30|gap=NA|rule=noise|hit=rand|slotUsed=-1|seed=477153127|probs=p=0.25,legal=44|depth=13|nodes=263167|slots=1:30,2:30,3:27,4:26|crit=0
L|2|OP00|NOI_AM|REF|move=b0c2|score=-18|mate=-|depth=24|nodes=3483003|crit=0
L|2|OP00|AC_AD|SEL|move=h0g2|slotScore=15|top1=36|gap=21|rule=capnoise|hit=cap|slotUsed=8|seed=537259738|probs=cap=60,p=0.1,legal=44,1:0,2:6,3:9,4:11,5:15,6:18,7:21,8:21|depth=11|nodes=301935|slots=1:36,2:30,3:27,4:25,5:21,6:18,7:15,8:15|crit=0
L|2|OP00|AC_AD|REF|move=h0g2|score=-11|mate=-|depth=24|nodes=3224519|crit=0
L|2|OP00|AC_AM|SEL|move=h0i2|slotScore=12|top1=29|gap=17|rule=capnoise|hit=cap|slotUsed=8|seed=419764689|probs=cap=200,p=0.25,legal=44,1:0,2:2,3:6,4:9,5:11,6:14,7:16,8:17|depth=11|nodes=270208|slots=1:29,2:27,3:23,4:20,5:18,6:15,7:13,8:12|crit=0
L|2|OP00|AC_AM|REF|move=h0i2|score=0|mate=-|depth=25|nodes=3242834|crit=0
L|2|OP00|T8S1|SEL|move=g3g4|slotScore=29|top1=29|gap=0|rule=slot|hit=slot|slotUsed=1|seed=3841383118|probs=|depth=13|nodes=281387|slots=1:29,2:27,3:22,4:19,5:17,6:15,7:13,8:11|crit=0
L|2|OP00|T8S1|REF|move=g3g4|score=-18|mate=-|depth=23|nodes=3475997|crit=0
L|2|OP00|ANCH|SEL|move=g3g4|slotScore=27|top1=27|gap=0|rule=anchor|hit=anchor|slotUsed=1|seed=1243401110|probs=|depth=21|nodes=2927953|slots=1:27|crit=0
L|2|OP00|ANCH|REF|move=g3g4|score=-16|mate=-|depth=24|nodes=3529228|crit=0
PROG|2|OP00
L|2|OP02|ANCHOR|move=h0g2|score=9|mate=-|depth=24|nodes=3345300|crit=0
L|2|OP02|AM0|SEL|move=b2e2|slotScore=1|top1=13|gap=12|rule=slot|hit=slot|slotUsed=4|seed=40139782|probs=|depth=13|nodes=272404|slots=1:13,2:13,3:10,4:1|crit=0
L|2|OP02|AM0|REF|move=b2e2|score=22|mate=-|depth=25|nodes=3376419|crit=0
L|2|OP02|AD0|SEL|move=h2f2|slotScore=8|top1=11|gap=3|rule=slot|hit=slot|slotUsed=3|seed=4168857335|probs=|depth=16|nodes=522513|slots=1:11,2:5,3:8|crit=0
L|2|OP02|AD0|REF|move=h2f2|score=4|mate=-|depth=26|nodes=3407875|crit=0
L|2|OP02|EX0|SEL|move=g3g4|slotScore=8|top1=8|gap=0|rule=slot|hit=slot|slotUsed=2|seed=758411703|probs=|depth=19|nodes=924476|slots=1:8,2:8|crit=0
L|2|OP02|EX0|REF|move=g3g4|score=-7|mate=-|depth=26|nodes=3399542|crit=0
L|2|OP02|CAP_AD|SEL|move=b0d1|slotScore=-7|top1=11|gap=18|rule=cap|hit=cap|slotUsed=8|seed=1287348272|probs=1:0,2:1,3:8,4:9,5:12,6:14,7:17,8:18|depth=12|nodes=287568|slots=1:11,2:10,3:3,4:2,5:-1,6:-3,7:-6,8:-7|crit=0
L|2|OP02|CAP_AD|REF|move=b0d1|score=35|mate=-|depth=21|nodes=3095440|crit=0
L|2|OP02|CAP_AM|SEL|move=d0e1|slotScore=-9|top1=17|gap=26|rule=cap|hit=cap|slotUsed=8|seed=1438347807|probs=1:0,2:5,3:15,4:18,5:18,6:20,7:24,8:26|depth=12|nodes=256762|slots=1:17,2:12,3:2,4:-1,5:-1,6:-3,7:-7,8:-9|crit=0
L|2|OP02|CAP_AM|REF|move=d0e1|score=15|mate=-|depth=26|nodes=3315228|crit=0
L|2|OP02|NOI_AD|SEL|move=g3g4|slotScore=18|top1=18|gap=0|rule=noise|hit=engine|slotUsed=1|seed=1769307402|probs=p=0.1,legal=43|depth=13|nodes=264657|slots=1:18,2:14,3:9,4:9|crit=0
L|2|OP02|NOI_AD|REF|move=g3g4|score=0|mate=-|depth=23|nodes=3391976|crit=0
L|2|OP02|NOI_AM|SEL|move=h2f2|slotScore=2|top1=13|gap=11|rule=noise|hit=engine|slotUsed=4|seed=1651861505|probs=p=0.25,legal=43|depth=13|nodes=291365|slots=1:13,2:6,3:3,4:2|crit=0
L|2|OP02|NOI_AM|REF|move=h2f2|score=3|mate=-|depth=25|nodes=3399191|crit=0
L|2|OP02|AC_AD|SEL|move=i0i1|slotScore=-8|top1=13|gap=21|rule=capnoise|hit=cap|slotUsed=8|seed=3737412484|probs=cap=60,p=0.1,legal=43,1:0,2:1,3:11,4:17,5:17,6:20,7:21,8:21|depth=11|nodes=302490|slots=1:13,2:12,3:2,4:-4,5:-4,6:-7,7:-8,8:-8|crit=0
L|2|OP02|AC_AD|REF|move=i0i1|score=2|mate=-|depth=24|nodes=3346655|crit=0
L|2|OP02|AC_AM|SEL|move=h0i2|slotScore=-3|top1=17|gap=20|rule=capnoise|hit=cap|slotUsed=8|seed=3888412115|probs=cap=200,p=0.25,legal=43,1:0,2:3,3:9,4:15,5:15,6:16,7:16,8:20|depth=12|nodes=265450|slots=1:17,2:14,3:8,4:2,5:2,6:1,7:1,8:-3|crit=0
L|2|OP02|AC_AM|REF|move=h0i2|score=18|mate=-|depth=25|nodes=3367887|crit=0
L|2|OP02|T8S1|SEL|move=h0g2|slotScore=11|top1=11|gap=0|rule=slot|hit=slot|slotUsed=1|seed=1752736256|probs=|depth=13|nodes=295980|slots=1:11,2:10,3:6,4:6,5:5,6:-2,7:-4,8:-5|crit=0
L|2|OP02|T8S1|REF|move=h0g2|score=-5|mate=-|depth=26|nodes=3341202|crit=0
L|2|OP02|ANCH|SEL|move=h0g2|slotScore=9|top1=9|gap=0|rule=anchor|hit=anchor|slotUsed=1|seed=2215188540|probs=|depth=24|nodes=3345300|slots=1:9|crit=0
L|2|OP02|ANCH|REF|move=h0g2|score=-12|mate=-|depth=25|nodes=3242321|crit=0
PROG|2|OP02
L|2|OP04|ANCHOR|move=d0e1|score=16|mate=-|depth=23|nodes=3425672|crit=0
L|2|OP04|AM0|SEL|move=c3c4|slotScore=14|top1=19|gap=5|rule=slot|hit=slot|slotUsed=4|seed=77367000|probs=|depth=13|nodes=290827|slots=1:19,2:16,3:15,4:14|crit=0
L|2|OP04|AM0|REF|move=c3c4|score=-10|mate=-|depth=25|nodes=3467139|crit=0
L|2|OP04|AD0|SEL|move=d0e1|slotScore=17|top1=15|gap=-2|rule=slot|hit=slot|slotUsed=3|seed=4203605561|probs=|depth=17|nodes=536969|slots=1:15,2:17,3:17|crit=0
L|2|OP04|AD0|REF|move=d0e1|score=-14|mate=-|depth=23|nodes=3020559|crit=0
L|2|OP04|EX0|SEL|move=i0h0|slotScore=20|top1=20|gap=0|rule=slot|hit=slot|slotUsed=2|seed=3355286617|probs=|depth=18|nodes=905487|slots=1:20,2:20|crit=0
L|2|OP04|EX0|REF|move=i0h0|score=-16|mate=-|depth=24|nodes=3366737|crit=0
L|2|OP04|CAP_AD|SEL|move=h2g2|slotScore=0|top1=17|gap=17|rule=cap|hit=cap|slotUsed=8|seed=3535506486|probs=1:0,2:0,3:1,4:3,5:8,6:12,7:15,8:17|depth=12|nodes=298598|slots=1:17,2:17,3:16,4:14,5:9,6:5,7:2,8:0|crit=0
L|2|OP04|CAP_AD|REF|move=h2g2|score=1|mate=-|depth=26|nodes=3566059|crit=0
L|2|OP04|CAP_AM|SEL|move=b2e2|slotScore=6|top1=23|gap=17|rule=cap|hit=cap|slotUsed=8|seed=3418077389|probs=1:0,2:4,3:4,4:6,5:12,6:12,7:15,8:17|depth=12|nodes=300249|slots=1:23,2:19,3:19,4:17,5:11,6:11,7:8,8:6|crit=0
L|2|OP04|CAP_AM|REF|move=b2e2|score=-14|mate=-|depth=24|nodes=3392957|crit=0
L|2|OP04|NOI_AD|SEL|move=h2h6|slotScore=NA|top1=18|gap=NA|rule=noise|hit=rand|slotUsed=-1|seed=863617948|probs=p=0.1,legal=41|depth=14|nodes=284061|slots=1:18,2:16,3:14,4:12|crit=0
L|2|OP04|NOI_AD|REF|move=h2h6|score=20|mate=-|depth=22|nodes=3281807|crit=0
L|2|OP04|NOI_AM|SEL|move=h2h7|slotScore=NA|top1=19|gap=NA|rule=noise|hit=rand|slotUsed=-1|seed=746192539|probs=p=0.25,legal=41|depth=14|nodes=287202|slots=1:19,2:18,3:15,4:18|crit=0
L|2|OP04|NOI_AM|REF|move=h2h7|score=464|mate=-|depth=20|nodes=3205921|crit=0
L|2|OP04|AC_AD|SEL|move=i0h0|slotScore=11|top1=11|gap=0|rule=capnoise|hit=rand|slotUsed=1|seed=1667276326|probs=cap=60,p=0.1,legal=41,1:0,2:1,3:1,4:1,5:2,6:7,7:7,8:8,wouldBe=8|depth=14|nodes=306767|slots=1:11,2:10,3:10,4:10,5:9,6:4,7:4,8:3|crit=0
L|2|OP04|AC_AD|REF|move=i0h0|score=-8|mate=-|depth=24|nodes=3579984|crit=0
L|2|OP04|AC_AM|SEL|move=g3g4|slotScore=1|top1=18|gap=17|rule=capnoise|hit=cap|slotUsed=8|seed=1549830461|probs=cap=200,p=0.25,legal=41,1:0,2:4,3:5,4:5,5:12,6:14,7:16,8:17|depth=13|nodes=305664|slots=1:18,2:14,3:13,4:13,5:6,6:4,7:2,8:1|crit=0
L|2|OP04|AC_AM|REF|move=g3g4|score=-1|mate=-|depth=24|nodes=3543376|crit=0
L|2|OP04|T8S1|SEL|move=b0c2|slotScore=18|top1=18|gap=0|rule=slot|hit=slot|slotUsed=1|seed=2965338778|probs=|depth=13|nodes=327968|slots=1:18,2:15,3:18,4:14,5:10,6:9,7:8,8:4|crit=0
L|2|OP04|T8S1|REF|move=b0c2|score=-11|mate=-|depth=22|nodes=3582110|crit=0
L|2|OP04|ANCH|SEL|move=d0e1|slotScore=16|top1=16|gap=0|rule=anchor|hit=anchor|slotUsed=1|seed=1444045826|probs=|depth=23|nodes=3425672|slots=1:16|crit=0
L|2|OP04|ANCH|REF|move=d0e1|score=-13|mate=-|depth=25|nodes=3545232|crit=0
PROG|2|OP04
L|2|OP06|ANCHOR|move=h2b2|score=125|mate=-|depth=22|nodes=3584491|crit=0
L|2|OP06|AM0|SEL|move=i0h0|slotScore=-70|top1=118|gap=188|rule=slot|hit=slot|slotUsed=4|seed=3850102138|probs=|depth=12|nodes=301369|slots=1:118,2:118,3:10,4:-70|crit=0
L|2|OP06|AM0|REF|move=i0h0|score=102|mate=-|depth=23|nodes=3326113|crit=0
L|2|OP06|AD0|SEL|move=b9d9|slotScore=-34|top1=111|gap=145|rule=slot|hit=slot|slotUsed=3|seed=3681046107|probs=|depth=14|nodes=561058|slots=1:111,2:109,3:-34|crit=0
L|2|OP06|AD0|REF|move=b9d9|score=30|mate=-|depth=22|nodes=3691208|crit=0
L|2|OP06|EX0|SEL|move=b9b8|slotScore=69|top1=115|gap=46|rule=slot|hit=slot|slotUsed=2|seed=2837981851|probs=|depth=15|nodes=897789|slots=1:115,2:69|crit=0
L|2|OP06|EX0|REF|move=b9b8|score=-87|mate=-|depth=20|nodes=3432924|crit=0
L|2|OP06|CAP_AD|SEL|move=b9b8|slotScore=87|top1=122|gap=35|rule=cap|hit=cap|slotUsed=2|seed=1773811668|probs=1:0,2:35,3:140,4:209,5:215,6:235,7:254,8:272|depth=11|nodes=323137|slots=1:122,2:87,3:-18,4:-87,5:-93,6:-113,7:-132,8:-150|crit=0
L|2|OP06|CAP_AD|REF|move=b9b8|score=-86|mate=-|depth=20|nodes=3446112|crit=0
L|2|OP06|CAP_AM|SEL|move=h2e2|slotScore=-79|top1=114|gap=193|rule=cap|hit=cap|slotUsed=4|seed=1924806691|probs=1:0,2:21,3:148,4:193,5:202,6:216,7:260,8:282|depth=11|nodes=314667|slots=1:114,2:93,3:-34,4:-79,5:-88,6:-102,7:-146,8:-168|crit=0
L|2|OP06|CAP_AM|REF|move=h2e2|score=104|mate=-|depth=23|nodes=3514538|crit=0
L|2|OP06|NOI_AD|SEL|move=h2b2|slotScore=107|top1=107|gap=0|rule=noise|hit=engine|slotUsed=1|seed=3378486942|probs=p=0.1,legal=33|depth=12|nodes=292989|slots=1:107,2:91,3:-34,4:-93|crit=0
L|2|OP06|NOI_AD|REF|move=h2b2|score=-133|mate=-|depth=22|nodes=3445410|crit=0
L|2|OP06|NOI_AM|SEL|move=h2e2|slotScore=-55|top1=118|gap=173|rule=noise|hit=engine|slotUsed=4|seed=3529400549|probs=p=0.25,legal=33|depth=12|nodes=285189|slots=1:118,2:75,3:-28,4:-55|crit=0
L|2|OP06|NOI_AM|REF|move=h2e2|score=102|mate=-|depth=22|nodes=3538824|crit=0
L|2|OP06|AC_AD|SEL|move=b9b8|slotScore=120|top1=125|gap=5|rule=capnoise|hit=cap|slotUsed=2|seed=4250524048|probs=cap=60,p=0.1,legal=33,1:0,2:5,3:152,4:154,5:222,6:231,7:277,8:286|depth=12|nodes=303898|slots=1:125,2:120,3:-27,4:-29,5:-97,6:-106,7:-152,8:-161|crit=0
L|2|OP06|AC_AD|REF|move=b9b8|score=-77|mate=-|depth=20|nodes=3520176|crit=0
L|2|OP06|AC_AM|SEL|move=b9d9|slotScore=-18|top1=117|gap=135|rule=capnoise|hit=cap|slotUsed=3|seed=106540031|probs=cap=200,p=0.25,legal=33,1:0,2:48,3:135,4:204,5:204,6:234,7:257,8:286|depth=12|nodes=342256|slots=1:117,2:69,3:-18,4:-87,5:-87,6:-117,7:-140,8:-169|crit=0
L|2|OP06|AC_AM|REF|move=b9d9|score=28|mate=-|depth=22|nodes=3705400|crit=0
L|2|OP06|T8S1|SEL|move=h2b2|slotScore=132|top1=132|gap=0|rule=slot|hit=slot|slotUsed=1|seed=2187155964|probs=|depth=12|nodes=327421|slots=1:132,2:77,3:-24,4:-77,5:-82,6:-123,7:-126,8:-137|crit=0
L|2|OP06|T8S1|REF|move=h2b2|score=-126|mate=-|depth=23|nodes=3567209|crit=0
L|2|OP06|ANCH|SEL|move=h2b2|slotScore=125|top1=125|gap=0|rule=anchor|hit=anchor|slotUsed=1|seed=2451197560|probs=|depth=22|nodes=3584491|slots=1:125|crit=0
L|2|OP06|ANCH|REF|move=h2b2|score=-123|mate=-|depth=21|nodes=3490321|crit=0
PROG|2|OP06
L|2|OP08|ANCHOR|move=b9b7|score=156|mate=-|depth=23|nodes=3704229|crit=0
L|2|OP08|AM0|SEL|move=b9b5|slotScore=-108|top1=163|gap=271|rule=slot|hit=slot|slotUsed=4|seed=3590276684|probs=|depth=13|nodes=305394|slots=1:163,2:35,3:-52,4:-108|crit=0
L|2|OP08|AM0|REF|move=b9b5|score=77|mate=-|depth=22|nodes=3634210|crit=0
L|2|OP08|AD0|SEL|move=b9b5|slotScore=-68|top1=159|gap=227|rule=slot|hit=slot|slotUsed=3|seed=3421351853|probs=|depth=15|nodes=587603|slots=1:159,2:17,3:-68|crit=0
L|2|OP08|AD0|REF|move=b9b5|score=85|mate=-|depth=23|nodes=3723432|crit=0
L|2|OP08|EX0|SEL|move=b9b4|slotScore=36|top1=143|gap=107|rule=slot|hit=slot|slotUsed=2|seed=4261737437|probs=|depth=17|nodes=960920|slots=1:143,2:36|crit=0
L|2|OP08|EX0|REF|move=b9b4|score=-24|mate=-|depth=20|nodes=3443720|crit=0
L|2|OP08|CAP_AD|SEL|move=b9b7|slotScore=164|top1=164|gap=0|rule=cap|hit=above|slotUsed=1|seed=628504090|probs=1:0,2:117,3:225,4:231,5:274,6:303,7:322,8:341|depth=13|nodes=369721|slots=1:164,2:47,3:-61,4:-67,5:-110,6:-139,7:-158,8:-177|crit=0
L|2|OP08|CAP_AD|REF|move=b9b7|score=-156|mate=-|depth=22|nodes=3486227|crit=0
L|2|OP08|CAP_AM|SEL|move=b9b4|slotScore=38|top1=158|gap=120|rule=cap|hit=cap|slotUsed=2|seed=511058193|probs=1:0,2:120,3:212,4:226,5:233,6:285,7:294,8:304|depth=12|nodes=326565|slots=1:158,2:38,3:-54,4:-68,5:-75,6:-127,7:-136,8:-146|crit=0
L|2|OP08|CAP_AM|REF|move=b9b4|score=-31|mate=-|depth=21|nodes=3382310|crit=0
L|2|OP08|NOI_AD|SEL|move=b9b7|slotScore=167|top1=167|gap=0|rule=noise|hit=engine|slotUsed=1|seed=755982704|probs=p=0.1,legal=44|depth=13|nodes=299033|slots=1:167,2:28,3:-43,4:-86|crit=0
L|2|OP08|NOI_AD|REF|move=b9b7|score=-158|mate=-|depth=22|nodes=3397586|crit=0
L|2|OP08|NOI_AM|SEL|move=b9b5|slotScore=-98|top1=155|gap=253|rule=noise|hit=engine|slotUsed=4|seed=906982239|probs=p=0.25,legal=44|depth=14|nodes=320998|slots=1:155,2:24,3:-19,4:-98|crit=0
L|2|OP08|NOI_AM|REF|move=b9b5|score=90|mate=-|depth=23|nodes=3585292|crit=0
L|2|OP08|AC_AD|SEL|move=b9b7|slotScore=165|top1=165|gap=0|rule=capnoise|hit=above|slotUsed=1|seed=1573882146|probs=cap=60,p=0.1,legal=44,1:0,2:141,3:227,4:236,5:298,6:300,7:300,8:319|depth=13|nodes=351497|slots=1:165,2:24,3:-62,4:-71,5:-133,6:-135,7:-135,8:-154|crit=0
L|2|OP08|AC_AD|REF|move=b9b7|score=-153|mate=-|depth=22|nodes=3613906|crit=0
L|2|OP08|AC_AM|SEL|move=b9b4|slotScore=35|top1=163|gap=128|rule=capnoise|hit=cap|slotUsed=2|seed=1724881673|probs=cap=200,p=0.25,legal=44,1:0,2:128,3:230,4:240,5:245,6:219,7:300,8:300|depth=11|nodes=330541|slots=1:163,2:35,3:-67,4:-77,5:-82,6:-56,7:-137,8:-137|crit=0
L|2|OP08|AC_AM|REF|move=b9b4|score=-29|mate=-|depth=21|nodes=3223449|crit=0
L|2|OP08|T8S1|SEL|move=b9b7|slotScore=164|top1=164|gap=0|rule=slot|hit=slot|slotUsed=1|seed=3264213702|probs=|depth=13|nodes=344871|slots=1:164,2:35,3:-42,4:-68,5:-82,6:-83,7:-131,8:-139|crit=0
L|2|OP08|T8S1|REF|move=b9b7|score=-167|mate=-|depth=23|nodes=3633397|crit=0
L|2|OP08|ANCH|SEL|move=b9b7|slotScore=156|top1=156|gap=0|rule=anchor|hit=anchor|slotUsed=1|seed=2214080350|probs=|depth=23|nodes=3704229|slots=1:156|crit=0
L|2|OP08|ANCH|REF|move=b9b7|score=-171|mate=-|depth=23|nodes=3624859|crit=0
PROG|2|OP08
L|2|MG_QT01|ANCHOR|move=c7b9|score=-29|mate=-|depth=26|nodes=3539880|crit=0
L|2|MG_QT01|AM0|SEL|move=f9e8|slotScore=-612|top1=-35|gap=577|rule=slot|hit=slot|slotUsed=4|seed=641859398|probs=|depth=15|nodes=285355|slots=1:-35,2:-608,3:-609,4:-612|crit=0
L|2|MG_QT01|AM0|REF|move=f9e8|score=608|mate=-|depth=27|nodes=3287388|crit=0
L|2|MG_QT01|AD0|SEL|move=f9e8|slotScore=-601|top1=-34|gap=567|rule=slot|hit=slot|slotUsed=3|seed=475473975|probs=|depth=18|nodes=574349|slots=1:-34,2:-591,3:-601|crit=0
L|2|MG_QT01|AD0|REF|move=f9e8|score=609|mate=-|depth=27|nodes=3182236|crit=0
L|2|MG_QT01|EX0|SEL|move=c6c5|slotScore=-558|top1=-34|gap=524|rule=slot|hit=slot|slotUsed=2|seed=1318538743|probs=|depth=20|nodes=856577|slots=1:-34,2:-558|crit=0
L|2|MG_QT01|EX0|REF|move=c6c5|score=612|mate=-|depth=24|nodes=3201243|crit=0
L|2|MG_QT01|CAP_AD|SEL|move=c7b9|slotScore=-31|top1=-31|gap=0|rule=cap|hit=above|slotUsed=1|seed=3403084272|probs=1:0,2:530,3:576,4:578,5:581,6:584,7:585,8:586|depth=14|nodes=306997|slots=1:-31,2:-561,3:-607,4:-609,5:-612,6:-615,7:-616,8:-617|crit=0
L|2|MG_QT01|CAP_AD|REF|move=c7b9|score=30|mate=-|depth=26|nodes=3629685|crit=0
L|2|MG_QT01|CAP_AM|SEL|move=c7b9|slotScore=-27|top1=-27|gap=0|rule=cap|hit=above|slotUsed=1|seed=3554067423|probs=1:0,2:559,3:568,4:581,5:587,6:587,7:588,8:595|depth=15|nodes=307835|slots=1:-27,2:-586,3:-595,4:-608,5:-614,6:-614,7:-615,8:-622|crit=0
L|2|MG_QT01|CAP_AM|REF|move=c7b9|score=29|mate=-|depth=27|nodes=3649766|crit=0
L|2|MG_QT01|NOI_AD|SEL|move=c7b9|slotScore=-30|top1=-30|gap=0|rule=noise|hit=engine|slotUsed=1|seed=1971995594|probs=p=0.1,legal=30|depth=15|nodes=270496|slots=1:-30,2:-495,3:-605,4:-611|crit=0
L|2|MG_QT01|NOI_AD|REF|move=c7b9|score=34|mate=-|depth=26|nodes=3648833|crit=0
L|2|MG_QT01|NOI_AM|SEL|move=h7h5|slotScore=NA|top1=-35|gap=NA|rule=noise|hit=rand|slotUsed=-1|seed=1854570177|probs=p=0.25,legal=30|depth=15|nodes=270609|slots=1:-35,2:-593,3:-596,4:-617|crit=0
L|2|MG_QT01|NOI_AM|REF|move=h7h5|score=656|mate=-|depth=23|nodes=3170674|crit=0
L|2|MG_QT01|AC_AD|SEL|move=c7b9|slotScore=-36|top1=-36|gap=0|rule=capnoise|hit=above|slotUsed=1|seed=3009721412|probs=cap=60,p=0.1,legal=30,1:0,2:575,3:577,4:577,5:587,6:588,7:589,8:590|depth=14|nodes=317480|slots=1:-36,2:-611,3:-613,4:-613,5:-623,6:-624,7:-625,8:-626|crit=0
L|2|MG_QT01|AC_AD|REF|move=c7b9|score=34|mate=-|depth=26|nodes=3584576|crit=0
L|2|MG_QT01|AC_AM|SEL|move=c7b9|slotScore=-37|top1=-37|gap=0|rule=capnoise|hit=above|slotUsed=1|seed=3160704659|probs=cap=200,p=0.25,legal=30,1:0,2:555,3:574,4:572,5:582,6:585,7:586,8:589|depth=13|nodes=280988|slots=1:-37,2:-592,3:-611,4:-609,5:-619,6:-622,7:-623,8:-626|crit=0
L|2|MG_QT01|AC_AM|REF|move=c7b9|score=30|mate=-|depth=26|nodes=3563395|crit=0
L|2|MG_QT01|T8S1|SEL|move=c7b9|slotScore=-31|top1=-31|gap=0|rule=slot|hit=slot|slotUsed=1|seed=2833389760|probs=|depth=13|nodes=292748|slots=1:-31,2:-604,3:-607,4:-608,5:-614,6:-617,7:-618,8:-625|crit=0
L|2|MG_QT01|T8S1|REF|move=c7b9|score=31|mate=-|depth=26|nodes=3323868|crit=0
L|2|MG_QT01|ANCH|SEL|move=c7b9|slotScore=-29|top1=-29|gap=0|rule=anchor|hit=anchor|slotUsed=1|seed=3042036732|probs=|depth=26|nodes=3539880|slots=1:-29|crit=0
L|2|MG_QT01|ANCH|REF|move=c7b9|score=35|mate=-|depth=27|nodes=3582519|crit=0
PROG|2|MG_QT01
L|2|MG_QT05|ANCHOR|move=h7h9|score=-34|mate=-|depth=23|nodes=3632299|crit=0
L|2|MG_QT05|AM0|SEL|move=h7i7|slotScore=-60|top1=-38|gap=22|rule=slot|hit=slot|slotUsed=4|seed=4133668026|probs=|depth=13|nodes=294719|slots=1:-38,2:-51,3:-54,4:-60|crit=0
L|2|MG_QT05|AM0|REF|move=h7i7|score=56|mate=-|depth=23|nodes=3611335|crit=0
L|2|MG_QT05|AD0|SEL|move=i6i5|slotScore=-51|top1=-32|gap=19|rule=slot|hit=slot|slotUsed=3|seed=3964874139|probs=|depth=16|nodes=573240|slots=1:-32,2:-48,3:-51|crit=0
L|2|MG_QT05|AD0|REF|move=i6i5|score=63|mate=-|depth=23|nodes=3558996|crit=0
L|2|MG_QT05|EX0|SEL|move=i9h9|slotScore=-49|top1=-37|gap=12|rule=slot|hit=slot|slotUsed=2|seed=3080282843|probs=|depth=16|nodes=907514|slots=1:-37,2:-49|crit=0
L|2|MG_QT05|EX0|REF|move=i9h9|score=59|mate=-|depth=23|nodes=3654125|crit=0
L|2|MG_QT05|CAP_AD|SEL|move=i9g9|slotScore=-80|top1=-40|gap=40|rule=cap|hit=cap|slotUsed=8|seed=3079302292|probs=1:0,2:6,3:10,4:14,5:15,6:19,7:35,8:40|depth=11|nodes=310922|slots=1:-40,2:-46,3:-50,4:-54,5:-55,6:-59,7:-75,8:-80|crit=0
L|2|MG_QT05|CAP_AD|REF|move=i9g9|score=75|mate=-|depth=20|nodes=3573245|crit=0
L|2|MG_QT05|CAP_AM|SEL|move=b9c7|slotScore=-81|top1=-41|gap=40|rule=cap|hit=cap|slotUsed=8|seed=3230301923|probs=1:0,2:5,3:6,4:25,5:21,6:36,7:37,8:40|depth=10|nodes=290845|slots=1:-41,2:-46,3:-47,4:-66,5:-62,6:-77,7:-78,8:-81|crit=0
L|2|MG_QT05|CAP_AM|REF|move=b9c7|score=68|mate=-|depth=20|nodes=3597308|crit=0
L|2|MG_QT05|NOI_AD|SEL|move=h7h9|slotScore=-41|top1=-41|gap=0|rule=noise|hit=engine|slotUsed=1|seed=2195425118|probs=p=0.1,legal=33|depth=12|nodes=289711|slots=1:-41,2:-46,3:-50,4:-57|crit=0
L|2|MG_QT05|NOI_AD|REF|move=h7h9|score=36|mate=-|depth=23|nodes=3534019|crit=0
L|2|MG_QT05|NOI_AM|SEL|move=i9h9|slotScore=-54|top1=-37|gap=17|rule=noise|hit=engine|slotUsed=4|seed=2346420645|probs=p=0.25,legal=33|depth=12|nodes=247694|slots=1:-37,2:-42,3:-50,4:-54|crit=0
L|2|MG_QT05|NOI_AM|REF|move=i9h9|score=53|mate=-|depth=23|nodes=3529895|crit=0
L|2|MG_QT05|AC_AD|SEL|move=f8e6|slotScore=-87|top1=-33|gap=54|rule=capnoise|hit=cap|slotUsed=8|seed=3610598736|probs=cap=60,p=0.1,legal=33,1:0,2:8,3:14,4:19,5:27,6:40,7:49,8:54|depth=11|nodes=308272|slots=1:-33,2:-41,3:-47,4:-52,5:-60,6:-73,7:-82,8:-87|crit=0
L|2|MG_QT05|AC_AD|REF|move=f8e6|score=95|mate=-|depth=20|nodes=3401293|crit=0
L|2|MG_QT05|AC_AM|SEL|move=h7g7|slotScore=-78|top1=-44|gap=34|rule=capnoise|hit=cap|slotUsed=8|seed=3761582015|probs=cap=200,p=0.25,legal=33,1:0,2:3,3:8,4:7,5:14,6:27,7:30,8:34|depth=10|nodes=286717|slots=1:-44,2:-47,3:-52,4:-51,5:-58,6:-71,7:-74,8:-78|crit=0
L|2|MG_QT05|AC_AM|REF|move=h7g7|score=103|mate=-|depth=21|nodes=3589373|crit=0
L|2|MG_QT05|T8S1|SEL|move=i6i5|slotScore=-42|top1=-42|gap=0|rule=slot|hit=slot|slotUsed=1|seed=4013834940|probs=|depth=10|nodes=283195|slots=1:-42,2:-47,3:-53,4:-52,5:-61,6:-65,7:-76,8:-85|crit=0
L|2|MG_QT05|T8S1|REF|move=i6i5|score=51|mate=-|depth=21|nodes=3422757|crit=0
L|2|MG_QT05|ANCH|SEL|move=h7h9|slotScore=-34|top1=-34|gap=0|rule=anchor|hit=anchor|slotUsed=1|seed=4065823544|probs=|depth=23|nodes=3632299|slots=1:-34|crit=0
L|2|MG_QT05|ANCH|REF|move=h7h9|score=35|mate=-|depth=24|nodes=3630517|crit=0
PROG|2|MG_QT05
L|2|MG_QT10|ANCHOR|move=i9h9|score=-26|mate=-|depth=24|nodes=3809992|crit=0
L|2|MG_QT10|AM0|SEL|move=a7a8|slotScore=-69|top1=-28|gap=41|rule=slot|hit=slot|slotUsed=4|seed=1612074068|probs=|depth=13|nodes=326077|slots=1:-28,2:-58,3:-63,4:-69|crit=0
L|2|MG_QT10|AM0|REF|move=a7a8|score=80|mate=-|depth=21|nodes=3495690|crit=0
L|2|MG_QT10|AD0|SEL|move=i9i7|slotScore=-63|top1=-28|gap=35|rule=slot|hit=slot|slotUsed=3|seed=4130126565|probs=|depth=15|nodes=551236|slots=1:-28,2:-58,3:-63|crit=0
L|2|MG_QT10|AD0|REF|move=i9i7|score=63|mate=-|depth=22|nodes=3474851|crit=0
L|2|MG_QT10|EX0|SEL|move=f8h7|slotScore=-62|top1=-37|gap=25|rule=slot|hit=slot|slotUsed=2|seed=719930789|probs=|depth=16|nodes=941781|slots=1:-37,2:-62|crit=0
L|2|MG_QT10|EX0|REF|move=f8h7|score=63|mate=-|depth=20|nodes=3384451|crit=0
L|2|MG_QT10|CAP_AD|SEL|move=a7d7|slotScore=-77|top1=-31|gap=46|rule=cap|hit=cap|slotUsed=8|seed=692668114|probs=1:0,2:23,3:26,4:33,5:39,6:39,7:42,8:46|depth=12|nodes=314559|slots=1:-31,2:-54,3:-57,4:-64,5:-70,6:-70,7:-73,8:-77|crit=0
L|2|MG_QT10|CAP_AD|REF|move=a7d7|score=122|mate=-|depth=22|nodes=3585112|crit=0
L|2|MG_QT10|CAP_AM|SEL|move=c5c4|slotScore=-77|top1=-43|gap=34|rule=cap|hit=cap|slotUsed=8|seed=843667257|probs=1:0,2:17,3:21,4:24,5:26,6:29,7:41,8:34|depth=11|nodes=291949|slots=1:-43,2:-60,3:-64,4:-67,5:-69,6:-72,7:-84,8:-77|crit=0
L|2|MG_QT10|CAP_AM|REF|move=c5c4|score=101|mate=-|depth=20|nodes=3576973|crit=0
L|2|MG_QT10|NOI_AD|SEL|move=i9h9|slotScore=-38|top1=-38|gap=0|rule=noise|hit=engine|slotUsed=1|seed=451465816|probs=p=0.1,legal=29|depth=12|nodes=289939|slots=1:-38,2:-58,3:-60,4:-70|crit=0
L|2|MG_QT10|NOI_AD|REF|move=i9h9|score=29|mate=-|depth=24|nodes=3764266|crit=0
L|2|MG_QT10|NOI_AM|SEL|move=i9i7|slotScore=-65|top1=-28|gap=37|rule=noise|hit=engine|slotUsed=4|seed=334024023|probs=p=0.25,legal=29|depth=13|nodes=272304|slots=1:-28,2:-47,3:-63,4:-65|crit=0
L|2|MG_QT10|NOI_AM|REF|move=i9i7|score=60|mate=-|depth=21|nodes=3491205|crit=0
L|2|MG_QT10|AC_AD|SEL|move=i9i8|slotScore=-81|top1=-35|gap=46|rule=capnoise|hit=cap|slotUsed=8|seed=4233074474|probs=cap=60,p=0.1,legal=29,1:0,2:20,3:33,4:34,5:38,6:40,7:41,8:46|depth=11|nodes=314268|slots=1:-35,2:-55,3:-68,4:-69,5:-73,6:-75,7:-76,8:-81|crit=0
L|2|MG_QT10|AC_AD|REF|move=i9i8|score=85|mate=-|depth=22|nodes=3670840|crit=0
L|2|MG_QT10|AC_AM|SEL|move=f9g9|slotScore=-84|top1=-39|gap=45|rule=capnoise|hit=cap|slotUsed=8|seed=4115628577|probs=cap=200,p=0.25,legal=29,1:0,2:9,3:15,4:24,5:33,6:36,7:38,8:45|depth=11|nodes=312697|slots=1:-39,2:-48,3:-54,4:-63,5:-72,6:-75,7:-77,8:-84|crit=0
L|2|MG_QT10|AC_AM|REF|move=f9g9|score=82|mate=-|depth=25|nodes=3886789|crit=0
L|2|MG_QT10|T8S1|SEL|move=i9h9|slotScore=-46|top1=-46|gap=0|rule=slot|hit=slot|slotUsed=1|seed=1055568158|probs=|depth=10|nodes=309096|slots=1:-46,2:-57,3:-67,4:-72,5:-74,6:-77,7:-80,8:-88|crit=0
L|2|MG_QT10|T8S1|REF|move=i9h9|score=30|mate=-|depth=24|nodes=3857443|crit=0
L|2|MG_QT10|ANCH|SEL|move=i9h9|slotScore=-26|top1=-26|gap=0|rule=anchor|hit=anchor|slotUsed=1|seed=3781336806|probs=|depth=24|nodes=3809992|slots=1:-26|crit=0
L|2|MG_QT10|ANCH|REF|move=i9h9|score=28|mate=-|depth=25|nodes=3658376|crit=0
PROG|2|MG_QT10
L|2|MG_QT14|ANCHOR|move=f4b4|score=-28|mate=-|depth=25|nodes=3748171|crit=0
L|2|MG_QT14|AM0|SEL|move=c3e4|slotScore=-49|top1=-29|gap=20|rule=slot|hit=slot|slotUsed=4|seed=3493483880|probs=|depth=13|nodes=305447|slots=1:-29,2:-40,3:-48,4:-49|crit=0
L|2|MG_QT14|AM0|REF|move=c3e4|score=60|mate=-|depth=21|nodes=3852624|crit=0
L|2|MG_QT14|AD0|SEL|move=f4f2|slotScore=-57|top1=-29|gap=28|rule=slot|hit=slot|slotUsed=3|seed=3324558921|probs=|depth=16|nodes=605717|slots=1:-29,2:-40,3:-57|crit=0
L|2|MG_QT14|AD0|REF|move=f4f2|score=77|mate=-|depth=24|nodes=4165159|crit=0
L|2|MG_QT14|EX0|SEL|move=a7b7|slotScore=-35|top1=-27|gap=8|rule=slot|hit=slot|slotUsed=2|seed=2481494665|probs=|depth=19|nodes=968323|slots=1:-27,2:-35|crit=0
L|2|MG_QT14|EX0|REF|move=a7b7|score=26|mate=-|depth=26|nodes=3762358|crit=0
L|2|MG_QT14|CAP_AD|SEL|move=f4e4|slotScore=-65|top1=-27|gap=38|rule=cap|hit=cap|slotUsed=7|seed=2784828998|probs=1:0,2:4,3:23,4:26,5:22,6:33,7:38,8:69|depth=10|nodes=320204|slots=1:-27,2:-31,3:-50,4:-53,5:-49,6:-60,7:-65,8:-96|crit=0
L|2|MG_QT14|CAP_AD|REF|move=f4e4|score=67|mate=-|depth=21|nodes=3634169|crit=0
L|2|MG_QT14|CAP_AM|SEL|move=e9f9|slotScore=-82|top1=-36|gap=46|rule=cap|hit=cap|slotUsed=8|seed=2667383133|probs=1:0,2:4,3:10,4:21,5:32,6:32,7:40,8:46|depth=12|nodes=323266|slots=1:-36,2:-40,3:-46,4:-57,5:-68,6:-68,7:-76,8:-82|crit=0
L|2|MG_QT14|CAP_AM|REF|move=e9f9|score=110|mate=-|depth=20|nodes=3794590|crit=0
L|2|MG_QT14|NOI_AD|SEL|move=f4b4|slotScore=-33|top1=-33|gap=0|rule=noise|hit=engine|slotUsed=1|seed=2140855692|probs=p=0.1,legal=37|depth=14|nodes=313865|slots=1:-33,2:-39,3:-50,4:-50|crit=0
L|2|MG_QT14|NOI_AD|REF|move=f4b4|score=23|mate=-|depth=22|nodes=3777575|crit=0
L|2|MG_QT14|NOI_AM|SEL|move=f4f2|slotScore=-47|top1=-29|gap=18|rule=noise|hit=engine|slotUsed=4|seed=2023409803|probs=p=0.25,legal=37|depth=14|nodes=299917|slots=1:-29,2:-38,3:-45,4:-47|crit=0
L|2|MG_QT14|NOI_AM|REF|move=f4f2|score=85|mate=-|depth=24|nodes=4411939|crit=0
L|2|MG_QT14|AC_AD|SEL|move=e9f9|slotScore=-92|top1=-37|gap=55|rule=capnoise|hit=cap|slotUsed=8|seed=4078418422|probs=cap=60,p=0.1,legal=37,1:0,2:3,3:19,4:23,5:28,6:30,7:31,8:55|depth=11|nodes=289920|slots=1:-37,2:-40,3:-56,4:-60,5:-65,6:-67,7:-68,8:-92|crit=0
L|2|MG_QT14|AC_AD|REF|move=e9f9|score=115|mate=-|depth=21|nodes=3772763|crit=0
L|2|MG_QT14|AC_AM|SEL|move=c3e2|slotScore=NA|top1=-29|gap=NA|rule=capnoise|hit=rand|slotUsed=-1|seed=3960976525|probs=cap=200,p=0.25,legal=37,1:0,2:5,3:23,4:28,5:30,6:39,7:39,8:58,wouldBe=8|depth=12|nodes=306291|slots=1:-29,2:-34,3:-52,4:-57,5:-59,6:-68,7:-68,8:-87|crit=0
L|2|MG_QT14|AC_AM|REF|move=c3e2|score=485|mate=-|depth=28|nodes=3595821|crit=0
L|2|MG_QT14|T8S1|SEL|move=f4b4|slotScore=-34|top1=-34|gap=0|rule=slot|hit=slot|slotUsed=1|seed=2850342058|probs=|depth=13|nodes=328586|slots=1:-34,2:-45,3:-49,4:-51,5:-62,6:-62,7:-69,8:-96|crit=0
L|2|MG_QT14|T8S1|REF|move=f4b4|score=22|mate=-|depth=24|nodes=3841885|crit=0
L|2|MG_QT14|ANCH|SEL|move=f4b4|slotScore=-28|top1=-28|gap=0|rule=anchor|hit=anchor|slotUsed=1|seed=2389193042|probs=|depth=25|nodes=3748171|slots=1:-28|crit=0
L|2|MG_QT14|ANCH|REF|move=f4b4|score=27|mate=-|depth=25|nodes=3838098|crit=0
PROG|2|MG_QT14
L|2|MG_QT19|ANCHOR|move=c7c3|score=-15|mate=-|depth=31|nodes=3679553|crit=0
L|2|MG_QT19|AM0|SEL|move=c7d7|slotScore=-596|top1=-18|gap=578|rule=slot|hit=slot|slotUsed=4|seed=3496092783|probs=|depth=15|nodes=297041|slots=1:-18,2:-583,3:-583,4:-596|crit=0
L|2|MG_QT19|AM0|REF|move=c7d7|score=604|mate=-|depth=30|nodes=3539744|crit=0
L|2|MG_QT19|AD0|SEL|move=c7a7|slotScore=-597|top1=-17|gap=580|rule=slot|hit=slot|slotUsed=3|seed=980702318|probs=|depth=19|nodes=589462|slots=1:-17,2:-589,3:-597|crit=0
L|2|MG_QT19|AD0|REF|move=c7a7|score=585|mate=-|depth=28|nodes=3583400|crit=0
L|2|MG_QT19|EX0|SEL|move=c7b7|slotScore=-581|top1=-16|gap=565|rule=slot|hit=slot|slotUsed=2|seed=1823762478|probs=|depth=21|nodes=945155|slots=1:-16,2:-581|crit=0
L|2|MG_QT19|EX0|REF|move=c7b7|score=596|mate=-|depth=27|nodes=3598987|crit=0
L|2|MG_QT19|CAP_AD|SEL|move=c7c3|slotScore=-20|top1=-20|gap=0|rule=cap|hit=above|slotUsed=1|seed=3317954975|probs=1:0,2:564,3:566,4:570,5:622,6:695,7:680,8:702|depth=13|nodes=331933|slots=1:-20,2:-584,3:-586,4:-590,5:-642,6:-715,7:-700,8:-722|crit=0
L|2|MG_QT19|CAP_AD|REF|move=c7c3|score=15|mate=-|depth=29|nodes=3552575|crit=0
L|2|MG_QT19|CAP_AM|SEL|move=c7c3|slotScore=-18|top1=-18|gap=0|rule=cap|hit=above|slotUsed=1|seed=3166959536|probs=1:0,2:571,3:576,4:576,5:626,6:692,7:701,8:722|depth=14|nodes=311331|slots=1:-18,2:-589,3:-594,4:-594,5:-644,6:-710,7:-719,8:-740|crit=0
L|2|MG_QT19|CAP_AM|REF|move=c7c3|score=15|mate=-|depth=28|nodes=3725330|crit=0
L|2|MG_QT19|NOI_AD|SEL|move=c7c3|slotScore=-19|top1=-19|gap=0|rule=noise|hit=engine|slotUsed=1|seed=3774906345|probs=p=0.1,legal=33|depth=16|nodes=303011|slots=1:-19,2:-595,3:-597,4:-603|crit=0
L|2|MG_QT19|NOI_AD|REF|move=c7c3|score=15|mate=-|depth=30|nodes=3786059|crit=0
L|2|MG_QT19|NOI_AM|SEL|move=c7b7|slotScore=-594|top1=-15|gap=579|rule=noise|hit=engine|slotUsed=4|seed=3623906690|probs=p=0.25,legal=33|depth=16|nodes=298799|slots=1:-15,2:-591,3:-593,4:-594|crit=0
L|2|MG_QT19|NOI_AM|REF|move=c7b7|score=589|mate=-|depth=28|nodes=3677406|crit=0
L|2|MG_QT19|AC_AD|SEL|move=c7c3|slotScore=-19|top1=-19|gap=0|rule=capnoise|hit=above|slotUsed=1|seed=987237661|probs=cap=60,p=0.1,legal=33,1:0,2:563,3:570,4:585,5:644,6:675,7:694,8:695|depth=13|nodes=329721|slots=1:-19,2:-582,3:-589,4:-604,5:-663,6:-694,7:-713,8:-714|crit=0
L|2|MG_QT19|AC_AD|REF|move=c7c3|score=15|mate=-|depth=28|nodes=3768872|crit=0
L|2|MG_QT19|AC_AM|SEL|move=c7c3|slotScore=-14|top1=-14|gap=0|rule=capnoise|hit=above|slotUsed=1|seed=1104679430|probs=cap=200,p=0.25,legal=33,1:0,2:573,3:578,4:595,5:627,6:711,7:722,8:724|depth=14|nodes=305093|slots=1:-14,2:-587,3:-592,4:-609,5:-641,6:-725,7:-736,8:-738|crit=0
L|2|MG_QT19|AC_AM|REF|move=c7c3|score=14|mate=-|depth=30|nodes=3727428|crit=0
L|2|MG_QT19|T8S1|SEL|move=c7c3|slotScore=-21|top1=-21|gap=0|rule=slot|hit=slot|slotUsed=1|seed=938856755|probs=|depth=13|nodes=314442|slots=1:-21,2:-585,3:-590,4:-597,5:-643,6:-738,7:-734,8:-755|crit=0
L|2|MG_QT19|T8S1|REF|move=c7c3|score=15|mate=-|depth=28|nodes=3646564|crit=0
L|2|MG_QT19|ANCH|SEL|move=c7c3|slotScore=-15|top1=-15|gap=0|rule=anchor|hit=anchor|slotUsed=1|seed=1799103651|probs=|depth=31|nodes=3679553|slots=1:-15|crit=0
L|2|MG_QT19|ANCH|REF|move=c7c3|score=15|mate=-|depth=29|nodes=3761708|crit=0
PROG|2|MG_QT19
L|2|MG_QT24|ANCHOR|move=g7f5|score=-15|mate=-|depth=30|nodes=3598074|crit=0
L|2|MG_QT24|AM0|SEL|move=g7e6|slotScore=-21|top1=-15|gap=6|rule=slot|hit=slot|slotUsed=4|seed=2375303939|probs=|depth=14|nodes=294869|slots=1:-15,2:-17,3:-20,4:-21|crit=0
L|2|MG_QT24|AM0|REF|move=g7e6|score=17|mate=-|depth=30|nodes=3519542|crit=0
L|2|MG_QT24|AD0|SEL|move=g7e6|slotScore=-20|top1=-13|gap=7|rule=slot|hit=slot|slotUsed=3|seed=4152301298|probs=|depth=17|nodes=560438|slots=1:-13,2:-16,3:-20|crit=0
L|2|MG_QT24|AD0|REF|move=g7e6|score=16|mate=-|depth=29|nodes=3672294|crit=0
L|2|MG_QT24|EX0|SEL|move=g5e7|slotScore=-17|top1=-13|gap=4|rule=slot|hit=slot|slotUsed=2|seed=3267709490|probs=|depth=20|nodes=946445|slots=1:-13,2:-17|crit=0
L|2|MG_QT24|EX0|REF|move=g5e7|score=15|mate=-|depth=29|nodes=3668231|crit=0
L|2|MG_QT24|CAP_AD|SEL|move=c9e7|slotScore=-25|top1=-13|gap=12|rule=cap|hit=cap|slotUsed=8|seed=3663982595|probs=1:0,2:6,3:6,4:7,5:9,6:11,7:12,8:12|depth=14|nodes=321371|slots=1:-13,2:-19,3:-19,4:-20,5:-22,6:-24,7:-25,8:-25|crit=0
L|2|MG_QT24|CAP_AD|REF|move=c9e7|score=21|mate=-|depth=29|nodes=3584157|crit=0
L|2|MG_QT24|CAP_AM|SEL|move=e8d7|slotScore=-25|top1=-13|gap=12|rule=cap|hit=cap|slotUsed=8|seed=3512987188|probs=1:0,2:4,3:4,4:5,5:9,6:7,7:10,8:12|depth=13|nodes=312675|slots=1:-13,2:-17,3:-17,4:-18,5:-22,6:-20,7:-23,8:-25|crit=0
L|2|MG_QT24|CAP_AM|REF|move=e8d7|score=21|mate=-|depth=28|nodes=3592071|crit=0
L|2|MG_QT24|NOI_AD|SEL|move=g7f5|slotScore=-13|top1=-13|gap=0|rule=noise|hit=engine|slotUsed=1|seed=3289271053|probs=p=0.1,legal=33|depth=15|nodes=290656|slots=1:-13,2:-17,3:-18,4:-19|crit=0
L|2|MG_QT24|NOI_AD|REF|move=g7f5|score=12|mate=-|depth=31|nodes=3700085|crit=0
L|2|MG_QT24|NOI_AM|SEL|move=g7e6|slotScore=-20|top1=-14|gap=6|rule=noise|hit=engine|slotUsed=4|seed=3406712950|probs=p=0.25,legal=33|depth=15|nodes=293107|slots=1:-14,2:-18,3:-20,4:-20|crit=0
L|2|MG_QT24|NOI_AM|REF|move=g7e6|score=15|mate=-|depth=29|nodes=3661076|crit=0
L|2|MG_QT24|AC_AD|SEL|move=c3c2|slotScore=NA|top1=-16|gap=NA|rule=capnoise|hit=rand|slotUsed=-1|seed=2585070681|probs=cap=60,p=0.1,legal=33,1:0,2:2,3:2,4:3,5:6,6:6,7:7,8:10,wouldBe=8|depth=12|nodes=303609|slots=1:-16,2:-18,3:-18,4:-19,5:-22,6:-22,7:-23,8:-26|crit=0
L|2|MG_QT24|AC_AD|REF|move=c3c2|score=475|mate=-|depth=22|nodes=3690466|crit=0
L|2|MG_QT24|AC_AM|SEL|move=c9a7|slotScore=-24|top1=-12|gap=12|rule=capnoise|hit=cap|slotUsed=8|seed=2434087538|probs=cap=200,p=0.25,legal=33,1:0,2:3,3:7,4:7,5:10,6:11,7:11,8:12|depth=13|nodes=329425|slots=1:-12,2:-15,3:-19,4:-19,5:-22,6:-23,7:-23,8:-24|crit=0
L|2|MG_QT24|AC_AM|REF|move=c9a7|score=20|mate=-|depth=29|nodes=3674920|crit=0
L|2|MG_QT24|T8S1|SEL|move=g7f5|slotScore=-14|top1=-14|gap=0|rule=slot|hit=slot|slotUsed=1|seed=471151327|probs=|depth=14|nodes=327689|slots=1:-14,2:-15,3:-15,4:-17,5:-18,6:-21,7:-24,8:-25|crit=0
L|2|MG_QT24|T8S1|REF|move=g7f5|score=14|mate=-|depth=29|nodes=3620849|crit=0
L|2|MG_QT24|ANCH|SEL|move=g7f5|slotScore=-15|top1=-15|gap=0|rule=anchor|hit=anchor|slotUsed=1|seed=2485317695|probs=|depth=30|nodes=3598074|slots=1:-15|crit=0
L|2|MG_QT24|ANCH|REF|move=g7f5|score=13|mate=-|depth=28|nodes=3624022|crit=0
PROG|2|MG_QT24
L|2|MG_QT29|ANCHOR|move=h9h6|score=-19|mate=-|depth=23|nodes=3437901|crit=0
L|2|MG_QT29|AM0|SEL|move=d9e8|slotScore=-19|top1=-13|gap=6|rule=slot|hit=slot|slotUsed=4|seed=3886958100|probs=|depth=13|nodes=293664|slots=1:-13,2:-17,3:-19,4:-19|crit=0
L|2|MG_QT29|AM0|REF|move=d9e8|score=26|mate=-|depth=23|nodes=3339046|crit=0
L|2|MG_QT29|AD0|SEL|move=d9e8|slotScore=-23|top1=-15|gap=8|rule=slot|hit=slot|slotUsed=3|seed=2110043301|probs=|depth=15|nodes=523391|slots=1:-15,2:-20,3:-23|crit=0
L|2|MG_QT29|AD0|REF|move=d9e8|score=25|mate=-|depth=22|nodes=3318968|crit=0
L|2|MG_QT29|EX0|SEL|move=h9h6|slotScore=-17|top1=-13|gap=4|rule=slot|hit=slot|slotUsed=2|seed=2953103461|probs=|depth=21|nodes=922187|slots=1:-13,2:-17|crit=0
L|2|MG_QT29|EX0|REF|move=h9h6|score=18|mate=-|depth=25|nodes=3664439|crit=0
L|2|MG_QT29|CAP_AD|SEL|move=a9c9|slotScore=-35|top1=-10|gap=25|rule=cap|hit=cap|slotUsed=8|seed=1285233426|probs=1:0,2:0,3:3,4:4,5:10,6:19,7:22,8:25|depth=12|nodes=285056|slots=1:-10,2:-10,3:-13,4:-14,5:-20,6:-29,7:-32,8:-35|crit=0
L|2|MG_QT29|CAP_AD|REF|move=a9c9|score=27|mate=-|depth=23|nodes=3367622|crit=0
L|2|MG_QT29|CAP_AM|SEL|move=a9c9|slotScore=-30|top1=-14|gap=16|rule=cap|hit=cap|slotUsed=8|seed=1436282233|probs=1:0,2:4,3:5,4:6,5:9,6:13,7:16,8:16|depth=12|nodes=293866|slots=1:-14,2:-18,3:-19,4:-20,5:-23,6:-27,7:-30,8:-30|crit=0
L|2|MG_QT29|CAP_AM|REF|move=a9c9|score=28|mate=-|depth=23|nodes=3368359|crit=0
L|2|MG_QT29|NOI_AD|SEL|move=a9b9|slotScore=-11|top1=-11|gap=0|rule=noise|hit=engine|slotUsed=1|seed=3274848920|probs=p=0.1,legal=41|depth=12|nodes=254241|slots=1:-11,2:-17,3:-18,4:-24|crit=0
L|2|MG_QT29|NOI_AD|REF|move=a9b9|score=13|mate=-|depth=26|nodes=3416142|crit=0
L|2|MG_QT29|NOI_AM|SEL|move=b6b1|slotScore=NA|top1=-21|gap=NA|rule=noise|hit=rand|slotUsed=-1|seed=3157407127|probs=p=0.25,legal=41|depth=12|nodes=271102|slots=1:-21,2:-22,3:-22,4:-23|crit=0
L|2|MG_QT29|NOI_AM|REF|move=b6b1|score=71|mate=-|depth=21|nodes=3481708|crit=0
L|2|MG_QT29|AC_AD|SEL|move=b6c6|slotScore=-33|top1=-11|gap=22|rule=capnoise|hit=cap|slotUsed=8|seed=2116416362|probs=cap=60,p=0.1,legal=41,1:0,2:3,3:12,4:13,5:19,6:21,7:22,8:22|depth=11|nodes=293595|slots=1:-11,2:-14,3:-23,4:-24,5:-30,6:-32,7:-33,8:-33|crit=0
L|2|MG_QT29|AC_AD|REF|move=b6c6|score=28|mate=-|depth=25|nodes=3530900|crit=0
L|2|MG_QT29|AC_AM|SEL|move=h5h6|slotScore=NA|top1=-12|gap=NA|rule=capnoise|hit=rand|slotUsed=-1|seed=1998974561|probs=cap=200,p=0.25,legal=41,1:0,2:9,3:3,4:3,5:11,6:17,7:18,8:19,wouldBe=8|depth=13|nodes=274144|slots=1:-12,2:-21,3:-15,4:-15,5:-23,6:-29,7:-30,8:-31|crit=0
L|2|MG_QT29|AC_AM|REF|move=h5h6|score=156|mate=-|depth=22|nodes=3608987|crit=0
L|2|MG_QT29|T8S1|SEL|move=b6b5|slotScore=-17|top1=-17|gap=0|rule=slot|hit=slot|slotUsed=1|seed=17179998|probs=|depth=12|nodes=307992|slots=1:-17,2:-18,3:-19,4:-21,5:-24,6:-32,7:-33,8:-30|crit=0
L|2|MG_QT29|T8S1|REF|move=b6b5|score=24|mate=-|depth=23|nodes=3238767|crit=0
L|2|MG_QT29|ANCH|SEL|move=h9h6|slotScore=-19|top1=-19|gap=0|rule=anchor|hit=anchor|slotUsed=1|seed=2530813222|probs=|depth=23|nodes=3437901|slots=1:-19|crit=0
L|2|MG_QT29|ANCH|REF|move=h9h6|score=24|mate=-|depth=23|nodes=3878351|crit=0
PROG|2|MG_QT29
L|2|MG_QT34|ANCHOR|move=d9d3|score=-3|mate=-|depth=24|nodes=3502177|crit=0
L|2|MG_QT34|AM0|SEL|move=d9b9|slotScore=-41|top1=-24|gap=17|rule=slot|hit=slot|slotUsed=4|seed=1238524686|probs=|depth=12|nodes=302804|slots=1:-24,2:-34,3:-36,4:-41|crit=0
L|2|MG_QT34|AM0|REF|move=d9b9|score=63|mate=-|depth=24|nodes=3814652|crit=0
L|2|MG_QT34|AD0|SEL|move=h9g7|slotScore=-37|top1=-12|gap=25|rule=slot|hit=slot|slotUsed=3|seed=1606466191|probs=|depth=15|nodes=549377|slots=1:-12,2:-18,3:-37|crit=0
L|2|MG_QT34|AD0|REF|move=h9g7|score=16|mate=-|depth=26|nodes=3791257|crit=0
L|2|MG_QT34|EX0|SEL|move=h9g7|slotScore=-21|top1=-3|gap=18|rule=slot|hit=slot|slotUsed=2|seed=346201183|probs=|depth=18|nodes=893755|slots=1:-3,2:-21|crit=0
L|2|MG_QT34|EX0|REF|move=h9g7|score=16|mate=-|depth=27|nodes=3732217|crit=0
L|2|MG_QT34|CAP_AD|SEL|move=d9b9|slotScore=-50|top1=-12|gap=38|rule=cap|hit=cap|slotUsed=5|seed=1496276456|probs=1:0,2:16,3:19,4:35,5:38,6:84,7:102,8:123|depth=12|nodes=316635|slots=1:-12,2:-28,3:-31,4:-47,5:-50,6:-96,7:-114,8:-135|crit=0
L|2|MG_QT34|CAP_AD|REF|move=d9b9|score=57|mate=-|depth=25|nodes=4081152|crit=0
L|2|MG_QT34|CAP_AM|SEL|move=h9i7|slotScore=-122|top1=-3|gap=119|rule=cap|hit=cap|slotUsed=8|seed=1378830567|probs=1:0,2:22,3:23,4:38,5:52,6:97,7:98,8:119|depth=11|nodes=303821|slots=1:-3,2:-25,3:-26,4:-41,5:-55,6:-100,7:-101,8:-122|crit=0
L|2|MG_QT34|CAP_AM|REF|move=h9i7|score=211|mate=-|depth=22|nodes=3808884|crit=0
L|2|MG_QT34|NOI_AD|SEL|move=d9d3|slotScore=-13|top1=-13|gap=0|rule=noise|hit=engine|slotUsed=1|seed=2697918034|probs=p=0.1,legal=32|depth=14|nodes=304662|slots=1:-13,2:-25,3:-30,4:-39|crit=0
L|2|MG_QT34|NOI_AD|REF|move=d9d3|score=3|mate=-|depth=23|nodes=3380457|crit=0
L|2|MG_QT34|NOI_AM|SEL|move=b5a5|slotScore=-50|top1=-7|gap=43|rule=noise|hit=engine|slotUsed=4|seed=2848913593|probs=p=0.25,legal=32|depth=14|nodes=297842|slots=1:-7,2:-23,3:-34,4:-50|crit=0
L|2|MG_QT34|NOI_AM|REF|move=b5a5|score=36|mate=-|depth=24|nodes=4024682|crit=0
L|2|MG_QT34|AC_AD|SEL|move=b5a5|slotScore=-51|top1=-9|gap=42|rule=capnoise|hit=cap|slotUsed=5|seed=249942796|probs=cap=60,p=0.1,legal=32,1:0,2:10,3:26,4:33,5:42,6:93,7:100,8:123|depth=11|nodes=319002|slots=1:-9,2:-19,3:-35,4:-42,5:-51,6:-102,7:-109,8:-132|crit=0
L|2|MG_QT34|AC_AD|REF|move=b5a5|score=33|mate=-|depth=21|nodes=3938308|crit=0
L|2|MG_QT34|AC_AM|SEL|move=a6a5|slotScore=-125|top1=-8|gap=117|rule=capnoise|hit=cap|slotUsed=8|seed=132501003|probs=cap=200,p=0.25,legal=32,1:0,2:9,3:20,4:32,5:36,6:98,7:101,8:117|depth=12|nodes=317154|slots=1:-8,2:-17,3:-28,4:-40,5:-44,6:-106,7:-109,8:-125|crit=0
L|2|MG_QT34|AC_AM|REF|move=a6a5|score=150|mate=-|depth=23|nodes=3710484|crit=0
L|2|MG_QT34|T8S1|SEL|move=d9d3|slotScore=-16|top1=-16|gap=0|rule=slot|hit=slot|slotUsed=1|seed=1662996536|probs=|depth=12|nodes=298293|slots=1:-16,2:-21,3:-34,4:-47,5:-49,6:-128,7:-131,8:-133|crit=0
L|2|MG_QT34|T8S1|REF|move=d9d3|score=2|mate=-|depth=25|nodes=3416626|crit=0
L|2|MG_QT34|ANCH|SEL|move=d9d3|slotScore=-3|top1=-3|gap=0|rule=anchor|hit=anchor|slotUsed=1|seed=4004342020|probs=|depth=24|nodes=3502177|slots=1:-3|crit=0
L|2|MG_QT34|ANCH|REF|move=d9d3|score=5|mate=-|depth=27|nodes=3492987|crit=0
PROG|2|MG_QT34
L|2|MG_QT39|ANCHOR|move=b5c5|score=-2|mate=-|depth=29|nodes=3624079|crit=0
L|2|MG_QT39|AM0|SEL|move=c7d5|slotScore=-17|top1=-4|gap=13|rule=slot|hit=slot|slotUsed=4|seed=1359223797|probs=|depth=12|nodes=286688|slots=1:-4,2:-10,3:-8,4:-17|crit=0
L|2|MG_QT39|AM0|REF|move=c7d5|score=11|mate=-|depth=26|nodes=3177769|crit=0
L|2|MG_QT39|AD0|SEL|move=c7d5|slotScore=-8|top1=0|gap=8|rule=slot|hit=slot|slotUsed=3|seed=3136269668|probs=|depth=16|nodes=561537|slots=1:0,2:-9,3:-8|crit=0
L|2|MG_QT39|AD0|REF|move=c7d5|score=11|mate=-|depth=25|nodes=3395646|crit=0
L|2|MG_QT39|EX0|SEL|move=d9b9|slotScore=-5|top1=-1|gap=4|rule=slot|hit=slot|slotUsed=2|seed=2562975820|probs=|depth=19|nodes=843950|slots=1:-1,2:-5|crit=0
L|2|MG_QT39|EX0|REF|move=d9b9|score=7|mate=-|depth=26|nodes=3538786|crit=0
L|2|MG_QT39|CAP_AD|SEL|move=b5a5|slotScore=-29|top1=2|gap=31|rule=cap|hit=cap|slotUsed=8|seed=3144284169|probs=1:0,2:8,3:10,4:14,5:20,6:21,7:22,8:31|depth=11|nodes=310031|slots=1:2,2:-6,3:-8,4:-12,5:-18,6:-19,7:-20,8:-29|crit=0
L|2|MG_QT39|CAP_AD|REF|move=b5a5|score=20|mate=-|depth=24|nodes=3759179|crit=0
L|2|MG_QT39|CAP_AM|SEL|move=a6a5|slotScore=-18|top1=-1|gap=17|rule=cap|hit=cap|slotUsed=8|seed=2993288738|probs=1:0,2:3,3:6,4:7,5:9,6:12,7:16,8:17|depth=13|nodes=289594|slots=1:-1,2:-4,3:-7,4:-8,5:-10,6:-13,7:-17,8:-18|crit=0
L|2|MG_QT39|CAP_AM|REF|move=a6a5|score=11|mate=-|depth=26|nodes=3440283|crit=0
L|2|MG_QT39|NOI_AD|SEL|move=b5c5|slotScore=0|top1=0|gap=0|rule=noise|hit=engine|slotUsed=1|seed=2045372359|probs=p=0.1,legal=43|depth=13|nodes=271020|slots=1:0,2:-4,3:-6,4:-10|crit=0
L|2|MG_QT39|NOI_AD|REF|move=b5c5|score=0|mate=-|depth=35|nodes=3578944|crit=0
L|2|MG_QT39|NOI_AM|SEL|move=i6i5|slotScore=-9|top1=0|gap=9|rule=noise|hit=engine|slotUsed=4|seed=2162814152|probs=p=0.25,legal=43|depth=13|nodes=279626|slots=1:0,2:-11,3:-13,4:-9|crit=0
L|2|MG_QT39|NOI_AM|REF|move=i6i5|score=13|mate=-|depth=25|nodes=3404992|crit=0
L|2|MG_QT39|AC_AD|SEL|move=f5f6|slotScore=-24|top1=0|gap=24|rule=capnoise|hit=cap|slotUsed=8|seed=4229049571|probs=cap=60,p=0.1,legal=43,1:0,2:4,3:6,4:9,5:10,6:17,7:18,8:24|depth=11|nodes=275284|slots=1:0,2:-4,3:-6,4:-9,5:-10,6:-17,7:-18,8:-24|crit=0
L|2|MG_QT39|AC_AD|REF|move=f5f6|score=19|mate=-|depth=26|nodes=3773325|crit=0
L|2|MG_QT39|AC_AM|SEL|move=f5f8|slotScore=-16|top1=0|gap=16|rule=capnoise|hit=cap|slotUsed=8|seed=4078066324|probs=cap=200,p=0.25,legal=43,1:0,2:4,3:4,4:6,5:12,6:12,7:14,8:16|depth=13|nodes=288245|slots=1:0,2:-4,3:-4,4:-6,5:-12,6:-12,7:-14,8:-16|crit=0
L|2|MG_QT39|AC_AM|REF|move=f5f8|score=14|mate=-|depth=25|nodes=3571680|crit=0
L|2|MG_QT39|T8S1|SEL|move=b5c5|slotScore=0|top1=0|gap=0|rule=slot|hit=slot|slotUsed=1|seed=518932417|probs=|depth=11|nodes=295989|slots=1:0,2:-6,3:-7,4:-9,5:-12,6:-16,7:-18,8:-25|crit=0
L|2|MG_QT39|T8S1|REF|move=b5c5|score=1|mate=-|depth=31|nodes=3480143|crit=0
L|2|MG_QT39|ANCH|SEL|move=b5c5|slotScore=-2|top1=-2|gap=0|rule=anchor|hit=anchor|slotUsed=1|seed=807368245|probs=|depth=29|nodes=3624079|slots=1:-2|crit=0
L|2|MG_QT39|ANCH|REF|move=b5c5|score=3|mate=-|depth=28|nodes=3279988|crit=0
PROG|2|MG_QT39
L|2|MG_QH01|ANCHOR|move=e3e4|score=-3|mate=-|depth=22|nodes=3449963|crit=0
L|2|MG_QH01|AM0|SEL|move=g2f4|slotScore=-2|top1=1|gap=3|rule=slot|hit=slot|slotUsed=4|seed=615746722|probs=|depth=12|nodes=272252|slots=1:1,2:1,3:-4,4:-2|crit=0
L|2|MG_QH01|AM0|REF|move=g2f4|score=-3|mate=-|depth=26|nodes=3425326|crit=0
L|2|MG_QH01|AD0|SEL|move=c0a2|slotScore=-4|top1=2|gap=6|rule=slot|hit=slot|slotUsed=3|seed=986297267|probs=|depth=15|nodes=545246|slots=1:2,2:-1,3:-4|crit=0
L|2|MG_QH01|AD0|REF|move=c0a2|score=11|mate=-|depth=26|nodes=3717586|crit=0
L|2|MG_QH01|EX0|SEL|move=c0a2|slotScore=-5|top1=2|gap=7|rule=slot|hit=slot|slotUsed=2|seed=2293347971|probs=|depth=18|nodes=859618|slots=1:2,2:-5|crit=0
L|2|MG_QH01|EX0|REF|move=c0a2|score=4|mate=-|depth=25|nodes=3623593|crit=0
L|2|MG_QH01|CAP_AD|SEL|move=c2e1|slotScore=-23|top1=-2|gap=21|rule=cap|hit=cap|slotUsed=8|seed=2438962380|probs=1:0,2:0,3:1,4:4,5:2,6:8,7:10,8:21|depth=11|nodes=283063|slots=1:-2,2:-2,3:-3,4:-6,5:-4,6:-10,7:-12,8:-23|crit=0
L|2|MG_QH01|CAP_AD|REF|move=c2e1|score=19|mate=-|depth=23|nodes=3379008|crit=0
L|2|MG_QH01|CAP_AM|SEL|move=a0a1|slotScore=-15|top1=5|gap=20|rule=cap|hit=cap|slotUsed=8|seed=2321520587|probs=1:0,2:0,3:0,4:4,5:13,6:15,7:18,8:20|depth=12|nodes=292589|slots=1:5,2:5,3:5,4:1,5:-8,6:-10,7:-13,8:-15|crit=0
L|2|MG_QH01|CAP_AM|REF|move=a0a1|score=4|mate=-|depth=26|nodes=3604196|crit=0
L|2|MG_QH01|NOI_AD|SEL|move=e3e4|slotScore=7|top1=7|gap=0|rule=noise|hit=engine|slotUsed=1|seed=1326839206|probs=p=0.1,legal=33|depth=13|nodes=286229|slots=1:7,2:6,3:4,4:3|crit=0
L|2|MG_QH01|NOI_AD|REF|move=e3e4|score=14|mate=-|depth=23|nodes=3447917|crit=0
L|2|MG_QH01|NOI_AM|SEL|move=g2f4|slotScore=-6|top1=0|gap=6|rule=noise|hit=engine|slotUsed=4|seed=1209393341|probs=p=0.25,legal=33|depth=12|nodes=288840|slots=1:0,2:0,3:-5,4:-6|crit=0
L|2|MG_QH01|NOI_AM|REF|move=g2f4|score=-3|mate=-|depth=25|nodes=3443287|crit=0
L|2|MG_QH01|AC_AD|SEL|move=e2f2|slotScore=-20|top1=-1|gap=19|rule=capnoise|hit=cap|slotUsed=8|seed=719689592|probs=cap=60,p=0.1,legal=33,1:0,2:-1,3:-1,4:5,5:12,6:13,7:16,8:19|depth=12|nodes=281759|slots=1:-1,2:0,3:0,4:-6,5:-13,6:-14,7:-17,8:-20|crit=0
L|2|MG_QH01|AC_AD|REF|move=e2f2|score=51|mate=-|depth=22|nodes=3459800|crit=0
L|2|MG_QH01|AC_AM|SEL|move=c2e1|slotScore=-20|top1=3|gap=23|rule=capnoise|hit=cap|slotUsed=8|seed=602243703|probs=cap=200,p=0.25,legal=33,1:0,2:3,3:6,4:10,5:12,6:14,7:21,8:23|depth=10|nodes=280281|slots=1:3,2:0,3:-3,4:-7,5:-9,6:-11,7:-18,8:-20|crit=0
L|2|MG_QH01|AC_AM|REF|move=c2e1|score=17|mate=-|depth=23|nodes=3328830|crit=0
L|2|MG_QH01|T8S1|SEL|move=e3e4|slotScore=8|top1=8|gap=0|rule=slot|hit=slot|slotUsed=1|seed=2461337428|probs=|depth=12|nodes=278567|slots=1:8,2:7,3:4,4:2,5:-5,6:-12,7:-14,8:-17|crit=0
L|2|MG_QH01|T8S1|REF|move=e3e4|score=6|mate=-|depth=24|nodes=3256679|crit=0
L|2|MG_QH01|ANCH|SEL|move=e3e4|slotScore=-3|top1=-3|gap=0|rule=anchor|hit=anchor|slotUsed=1|seed=3498443136|probs=|depth=22|nodes=3449963|slots=1:-3|crit=0
L|2|MG_QH01|ANCH|REF|move=e3e4|score=11|mate=-|depth=23|nodes=3200072|crit=0
PROG|2|MG_QH01
L|2|MG_QB3|ANCHOR|move=a0b0|score=330|mate=-|depth=20|nodes=3002856|crit=0
L|2|MG_QB3|AM0|SEL|move=d1f2|slotScore=257|top1=314|gap=57|rule=slot|hit=slot|slotUsed=4|seed=757505760|probs=|depth=10|nodes=284225|slots=1:314,2:299,3:262,4:257|crit=0
L|2|MG_QB3|AM0|REF|move=d1f2|score=-161|mate=-|depth=21|nodes=3556693|crit=0
L|2|MG_QB3|AD0|SEL|move=c4a4|slotScore=277|top1=332|gap=55|rule=slot|hit=slot|slotUsed=3|seed=2738822865|probs=|depth=14|nodes=582019|slots=1:332,2:316,3:277|crit=0
L|2|MG_QB3|AD0|REF|move=c4a4|score=-289|mate=-|depth=18|nodes=3317445|crit=0
L|2|MG_QB3|EX0|SEL|move=a0b0|slotScore=361|top1=365|gap=4|rule=slot|hit=slot|slotUsed=2|seed=3999087361|probs=|depth=16|nodes=871123|slots=1:365,2:361|crit=0
L|2|MG_QB3|EX0|REF|move=a0b0|score=-345|mate=-|depth=20|nodes=3133346|crit=0
L|2|MG_QB3|CAP_AD|SEL|move=i1h1|slotScore=318|top1=325|gap=7|rule=cap|hit=cap|slotUsed=2|seed=151688046|probs=1:0,2:7,3:68,4:96,5:87,6:100,7:107,8:116|depth=10|nodes=302774|slots=1:325,2:318,3:257,4:229,5:238,6:225,7:218,8:209|crit=0
L|2|MG_QB3|CAP_AD|REF|move=i1h1|score=-397|mate=-|depth=20|nodes=3590060|crit=0
L|2|MG_QB3|CAP_AM|SEL|move=d1f2|slotScore=199|top1=324|gap=125|rule=cap|hit=cap|slotUsed=8|seed=302867893|probs=1:0,2:11,3:70,4:72,5:68,6:101,7:108,8:125|depth=9|nodes=309248|slots=1:324,2:313,3:254,4:252,5:256,6:223,7:216,8:199|crit=0
L|2|MG_QB3|CAP_AM|REF|move=d1f2|score=-167|mate=-|depth=20|nodes=3473940|crit=0
L|2|MG_QB3|NOI_AD|SEL|move=a0b0|slotScore=286|top1=286|gap=0|rule=noise|hit=engine|slotUsed=1|seed=225018532|probs=p=0.1,legal=39|depth=11|nodes=297204|slots=1:286,2:276,3:255,4:207|crit=0
L|2|MG_QB3|NOI_AD|REF|move=a0b0|score=-389|mate=-|depth=20|nodes=3406177|crit=0
L|2|MG_QB3|NOI_AM|SEL|move=c4i4|slotScore=263|top1=340|gap=77|rule=noise|hit=engine|slotUsed=4|seed=376018163|probs=p=0.25,legal=39|depth=11|nodes=299720|slots=1:340,2:337,3:283,4:263|crit=0
L|2|MG_QB3|NOI_AM|REF|move=c4i4|score=-219|mate=-|depth=20|nodes=3497394|crit=0
L|2|MG_QB3|AC_AD|SEL|move=i1h1|slotScore=302|top1=325|gap=23|rule=capnoise|hit=cap|slotUsed=2|seed=2466014254|probs=cap=60,p=0.1,legal=39,1:0,2:23,3:61,4:72,5:87,6:108,7:128,8:130|depth=10|nodes=323232|slots=1:325,2:302,3:264,4:253,5:238,6:217,7:197,8:195|crit=0
L|2|MG_QB3|AC_AD|REF|move=i1h1|score=-401|mate=-|depth=21|nodes=3540501|crit=0
L|2|MG_QB3|AC_AM|SEL|move=c4f4|slotScore=200|top1=328|gap=128|rule=capnoise|hit=cap|slotUsed=8|seed=2617013877|probs=cap=200,p=0.25,legal=39,1:0,2:0,3:7,4:117,5:120,6:94,7:109,8:128|depth=9|nodes=313138|slots=1:328,2:328,3:321,4:211,5:208,6:234,7:219,8:200|crit=0
L|2|MG_QB3|AC_AM|REF|move=c4f4|score=-199|mate=-|depth=19|nodes=3292728|crit=0
L|2|MG_QB3|T8S1|SEL|move=a0b0|slotScore=297|top1=297|gap=0|rule=slot|hit=slot|slotUsed=1|seed=1038989330|probs=|depth=9|nodes=322012|slots=1:297,2:267,3:260,4:240,5:217,6:204,7:194,8:184|crit=0
L|2|MG_QB3|T8S1|REF|move=a0b0|score=-398|mate=-|depth=18|nodes=3347938|crit=0
L|2|MG_QB3|ANCH|SEL|move=a0b0|slotScore=330|top1=330|gap=0|rule=anchor|hit=anchor|slotUsed=1|seed=527948202|probs=|depth=20|nodes=3002856|slots=1:330|crit=0
L|2|MG_QB3|ANCH|REF|move=a0b0|score=-348|mate=-|depth=19|nodes=3055173|crit=0
PROG|2|MG_QB3
L|2|MG_QB9|ANCHOR|move=a6b6|score=590|mate=-|depth=21|nodes=2845284|crit=0
L|2|MG_QB9|AM0|SEL|move=e3e5|slotScore=544|top1=565|gap=21|rule=slot|hit=slot|slotUsed=4|seed=3655122138|probs=|depth=12|nodes=233520|slots=1:565,2:559,3:558,4:544|crit=0
L|2|MG_QB9|AM0|REF|move=e3e5|score=-560|mate=-|depth=22|nodes=2875812|crit=0
L|2|MG_QB9|AD0|SEL|move=i8d8|slotScore=569|top1=592|gap=23|rule=slot|hit=slot|slotUsed=3|seed=3486377019|probs=|depth=13|nodes=435692|slots=1:592,2:572,3:569|crit=0
L|2|MG_QB9|AD0|REF|move=i8d8|score=-600|mate=-|depth=20|nodes=2709360|crit=0
L|2|MG_QB9|EX0|SEL|move=i8d8|slotScore=578|top1=588|gap=10|rule=slot|hit=slot|slotUsed=2|seed=2643312763|probs=|depth=14|nodes=678981|slots=1:588,2:578|crit=0
L|2|MG_QB9|EX0|REF|move=i8d8|score=-578|mate=-|depth=19|nodes=2708903|crit=0
L|2|MG_QB9|CAP_AD|SEL|move=a6a8|slotScore=515|top1=574|gap=59|rule=cap|hit=cap|slotUsed=8|seed=2316344372|probs=1:0,2:-3,3:11,4:21,5:30,6:40,7:51,8:59|depth=11|nodes=238047|slots=1:574,2:577,3:563,4:553,5:544,6:534,7:523,8:515|crit=0
L|2|MG_QB9|CAP_AD|REF|move=a6a8|score=-548|mate=-|depth=21|nodes=2858540|crit=0
L|2|MG_QB9|CAP_AM|SEL|move=i7e7|slotScore=527|top1=588|gap=61|rule=cap|hit=cap|slotUsed=8|seed=2467524099|probs=1:0,2:17,3:42,4:23,5:51,6:54,7:57,8:61|depth=11|nodes=246194|slots=1:588,2:571,3:546,4:565,5:537,6:534,7:531,8:527|crit=0
L|2|MG_QB9|CAP_AM|REF|move=i7e7|score=-549|mate=-|depth=21|nodes=2975863|crit=0
L|2|MG_QB9|NOI_AD|SEL|move=e3f3|slotScore=NA|top1=573|gap=NA|rule=noise|hit=rand|slotUsed=-1|seed=3262107006|probs=p=0.1,legal=41|depth=11|nodes=220150|slots=1:573,2:573,3:554,4:547|crit=0
L|2|MG_QB9|NOI_AD|REF|move=e3f3|score=-264|mate=-|depth=20|nodes=3178478|crit=0
L|2|MG_QB9|NOI_AM|SEL|move=i8f8|slotScore=552|top1=582|gap=30|rule=noise|hit=rand|slotUsed=4|seed=3413106501|probs=p=0.25,legal=41|depth=11|nodes=209904|slots=1:582,2:575,3:556,4:552|crit=0
L|2|MG_QB9|NOI_AM|REF|move=i8f8|score=-586|mate=-|depth=19|nodes=2803747|crit=0
L|2|MG_QB9|AC_AD|SEL|move=a6a8|slotScore=529|top1=584|gap=55|rule=capnoise|hit=cap|slotUsed=8|seed=1281395120|probs=cap=60,p=0.1,legal=41,1:0,2:7,3:14,4:28,5:28,6:31,7:46,8:55|depth=11|nodes=224777|slots=1:584,2:577,3:570,4:556,5:556,6:553,7:538,8:529|crit=0
L|2|MG_QB9|AC_AD|REF|move=a6a8|score=-546|mate=-|depth=21|nodes=3001607|crit=0
L|2|MG_QB9|AC_AM|SEL|move=c9e7|slotScore=NA|top1=582|gap=NA|rule=capnoise|hit=rand|slotUsed=-1|seed=1432394655|probs=cap=200,p=0.25,legal=41,1:0,2:2,3:6,4:16,5:28,6:38,7:38,8:71,wouldBe=8|depth=10|nodes=231491|slots=1:582,2:580,3:576,4:566,5:554,6:544,7:544,8:511|crit=0
L|2|MG_QB9|AC_AM|REF|move=c9e7|score=-523|mate=-|depth=19|nodes=3007787|crit=0
L|2|MG_QB9|T8S1|SEL|move=c6c5|slotScore=588|top1=588|gap=0|rule=slot|hit=slot|slotUsed=1|seed=3553709660|probs=|depth=11|nodes=237318|slots=1:588,2:582,3:576,4:561,5:550,6:544,7:534,8:513|crit=0
L|2|MG_QB9|T8S1|REF|move=c6c5|score=-600|mate=-|depth=22|nodes=2753095|crit=0
L|2|MG_QB9|ANCH|SEL|move=a6b6|slotScore=590|top1=590|gap=0|rule=anchor|hit=anchor|slotUsed=1|seed=3944642520|probs=|depth=21|nodes=2845284|slots=1:590|crit=0
L|2|MG_QB9|ANCH|REF|move=a6b6|score=-588|mate=-|depth=24|nodes=2914109|crit=0
PROG|2|MG_QB9
DRV DONE positions=17 round=2
