DRV: not isolated, registering SW (try 0)
DRV: not isolated, registering SW (try 1)
DRV: isolated ok, task=task_ac_r1.json
DRV: engine ready
L|1|OP00|ANCHOR|move=b2e2|score=28|mate=-|depth=21|nodes=2865010|crit=0
L|1|OP00|AM0|SEL|move=c3c4|slotScore=21|top1=28|gap=7|rule=slot|hit=slot|slotUsed=4|seed=3585202956|probs=|depth=13|nodes=243061|slots=1:28,2:27,3:26,4:21|crit=0
L|1|OP00|AM0|REF|move=c3c4|score=-23|mate=-|depth=23|nodes=3534515|crit=0
L|1|OP00|AD0|SEL|move=h2e2|slotScore=25|top1=33|gap=8|rule=slot|hit=slot|slotUsed=3|seed=3217079693|probs=|depth=16|nodes=527896|slots=1:33,2:25,3:25|crit=0
L|1|OP00|AD0|REF|move=h2e2|score=-20|mate=-|depth=24|nodes=3398655|crit=0
L|1|OP00|EX0|SEL|move=g3g4|slotScore=26|top1=27|gap=1|rule=slot|hit=slot|slotUsed=2|seed=1917960301|probs=|depth=18|nodes=845359|slots=1:27,2:26|crit=0
L|1|OP00|EX0|REF|move=g3g4|score=-25|mate=-|depth=24|nodes=3337681|crit=0
L|1|OP00|CAP_AD|SEL|move=b2f2|slotScore=17|top1=28|gap=11|rule=cap|hit=cap|slotUsed=8|seed=2549644060|probs=1:0,2:2,3:-1,4:5,5:8,6:9,7:11,8:11|depth=12|nodes=296446|slots=1:28,2:26,3:29,4:23,5:20,6:19,7:17,8:17|crit=0
L|1|OP00|CAP_AD|REF|move=b2f2|score=-8|mate=-|depth=25|nodes=3549732|crit=0
L|1|OP00|CAP_AM|SEL|move=h0g2|slotScore=12|top1=28|gap=16|rule=cap|hit=cap|slotUsed=8|seed=2398644531|probs=1:0,2:3,3:4,4:6,5:12,6:12,7:16,8:16|depth=13|nodes=293599|slots=1:28,2:25,3:24,4:22,5:16,6:16,7:12,8:12|crit=0
L|1|OP00|CAP_AM|REF|move=h0g2|score=-4|mate=-|depth=24|nodes=3325953|crit=0
L|1|OP00|NOI_AD|SEL|move=c3c4|slotScore=28|top1=28|gap=0|rule=noise|hit=engine|slotUsed=1|seed=522449450|probs=p=0.1,legal=44|depth=14|nodes=280143|slots=1:28,2:26,3:26,4:23|crit=0
L|1|OP00|NOI_AD|REF|move=c3c4|score=-20|mate=-|depth=24|nodes=3424966|crit=0
L|1|OP00|NOI_AM|SEL|move=b2e2|slotScore=24|top1=28|gap=4|rule=noise|hit=engine|slotUsed=4|seed=371449921|probs=p=0.25,legal=44|depth=14|nodes=274772|slots=1:28,2:24,3:23,4:24|crit=0
L|1|OP00|NOI_AM|REF|move=b2e2|score=-21|mate=-|depth=23|nodes=3282803|crit=0
L|1|OP00|AC_AD|SEL|move=g0e2|slotScore=12|top1=27|gap=15|rule=capnoise|hit=cap|slotUsed=8|seed=3810069534|probs=cap=60,p=0.1,legal=44,1:0,2:2,3:2,4:5,5:6,6:8,7:9,8:15|depth=12|nodes=287735|slots=1:27,2:25,3:25,4:22,5:21,6:19,7:18,8:12|crit=0
L|1|OP00|AC_AD|REF|move=g0e2|score=-11|mate=-|depth=24|nodes=3367824|crit=0
L|1|OP00|AC_AM|SEL|move=b2a2|slotScore=NA|top1=30|gap=NA|rule=capnoise|hit=rand|slotUsed=-1|seed=3927513573|probs=cap=200,p=0.25,legal=44,1:0,2:0,3:2,4:3,5:10,6:12,7:13,8:15,wouldBe=8|depth=13|nodes=294923|slots=1:30,2:30,3:28,4:27,5:20,6:18,7:17,8:15|crit=0
L|1|OP00|AC_AM|REF|move=b2a2|score=3|mate=-|depth=25|nodes=3275125|crit=0
L|1|OP00|T8S1|SEL|move=h2e2|slotScore=31|top1=31|gap=0|rule=slot|hit=slot|slotUsed=1|seed=666375856|probs=|depth=12|nodes=293180|slots=1:31,2:30,3:28,4:23,5:23,6:17,7:17,8:10|crit=0
L|1|OP00|T8S1|REF|move=h2e2|score=-20|mate=-|depth=22|nodes=3311942|crit=0
L|1|OP00|ANCH|SEL|move=b2e2|slotScore=28|top1=28|gap=0|rule=anchor|hit=anchor|slotUsed=1|seed=302105856|probs=|depth=21|nodes=2865010|slots=1:28|crit=0
L|1|OP00|ANCH|REF|move=b2e2|score=-18|mate=-|depth=23|nodes=3363318|crit=0
PROG|1|OP00
L|1|OP02|ANCHOR|move=h0g2|score=10|mate=-|depth=23|nodes=3245253|crit=0
L|1|OP02|AM0|SEL|move=g3g4|slotScore=2|top1=7|gap=5|rule=slot|hit=slot|slotUsed=4|seed=1462937850|probs=|depth=13|nodes=297735|slots=1:7,2:6,3:4,4:2|crit=0
L|1|OP02|AM0|REF|move=g3g4|score=-1|mate=-|depth=22|nodes=3532583|crit=0
L|1|OP02|AD0|SEL|move=h2f2|slotScore=5|top1=13|gap=8|rule=slot|hit=slot|slotUsed=3|seed=1631864603|probs=|depth=15|nodes=548289|slots=1:13,2:8,3:5|crit=0
L|1|OP02|AD0|REF|move=h2f2|score=4|mate=-|depth=25|nodes=3350579|crit=0
L|1|OP02|EX0|SEL|move=h2e2|slotScore=7|top1=22|gap=15|rule=slot|hit=slot|slotUsed=2|seed=104584147|probs=|depth=16|nodes=901525|slots=1:22,2:7|crit=0
L|1|OP02|EX0|REF|move=h2e2|score=-1|mate=-|depth=24|nodes=3398688|crit=0
L|1|OP02|CAP_AD|SEL|move=h0i2|slotScore=7|top1=21|gap=14|rule=cap|hit=cap|slotUsed=8|seed=1109681038|probs=1:0,2:4,3:11,4:18,5:18,6:20,7:21,8:14|depth=12|nodes=286986|slots=1:21,2:17,3:10,4:3,5:3,6:1,7:0,8:7|crit=0
L|1|OP02|CAP_AD|REF|move=h0i2|score=16|mate=-|depth=24|nodes=3477919|crit=0
L|1|OP02|CAP_AM|SEL|move=b2e2|slotScore=-12|top1=17|gap=29|rule=cap|hit=cap|slotUsed=8|seed=1227122837|probs=1:0,2:4,3:16,4:20,5:21,6:22,7:26,8:29|depth=12|nodes=320665|slots=1:17,2:13,3:1,4:-3,5:-4,6:-5,7:-9,8:-12|crit=0
L|1|OP02|CAP_AM|REF|move=b2e2|score=19|mate=-|depth=25|nodes=3424044|crit=0
L|1|OP02|NOI_AD|SEL|move=h0g2|slotScore=17|top1=17|gap=0|rule=noise|hit=engine|slotUsed=1|seed=125191400|probs=p=0.1,legal=43|depth=12|nodes=280716|slots=1:17,2:12,3:7,4:6|crit=0
L|1|OP02|NOI_AD|REF|move=h0g2|score=-19|mate=-|depth=23|nodes=3084297|crit=0
L|1|OP02|NOI_AM|SEL|move=c3c4|slotScore=1|top1=21|gap=20|rule=noise|hit=engine|slotUsed=4|seed=242635247|probs=p=0.25,legal=43|depth=14|nodes=284908|slots=1:21,2:19,3:9,4:1|crit=0
L|1|OP02|NOI_AM|REF|move=c3c4|score=3|mate=-|depth=22|nodes=3224612|crit=0
L|1|OP02|AC_AD|SEL|move=h0i2|slotScore=-2|top1=20|gap=22|rule=capnoise|hit=cap|slotUsed=8|seed=3976491708|probs=cap=60,p=0.1,legal=43,1:0,2:4,3:15,4:15,5:15,6:16,7:17,8:22|depth=13|nodes=288571|slots=1:20,2:16,3:5,4:5,5:5,6:4,7:3,8:-2|crit=0
L|1|OP02|AC_AD|REF|move=h0i2|score=13|mate=-|depth=24|nodes=3384407|crit=0
L|1|OP02|AC_AM|SEL|move=d0e1|slotScore=-13|top1=15|gap=28|rule=capnoise|hit=cap|slotUsed=8|seed=3825492179|probs=cap=200,p=0.25,legal=43,1:0,2:1,3:8,4:15,5:15,6:19,7:21,8:28|depth=12|nodes=306442|slots=1:15,2:14,3:7,4:0,5:0,6:-4,7:-6,8:-13|crit=0
L|1|OP02|AC_AM|REF|move=d0e1|score=11|mate=-|depth=24|nodes=3512536|crit=0
L|1|OP02|T8S1|SEL|move=h0g2|slotScore=21|top1=21|gap=0|rule=slot|hit=slot|slotUsed=1|seed=3687359710|probs=|depth=12|nodes=303329|slots=1:21,2:18,3:8,4:6,5:6,6:3,7:2,8:-5|crit=0
L|1|OP02|T8S1|REF|move=h0g2|score=-13|mate=-|depth=24|nodes=3233905|crit=0
L|1|OP02|ANCH|SEL|move=h0g2|slotScore=10|top1=10|gap=0|rule=anchor|hit=anchor|slotUsed=1|seed=2946633778|probs=|depth=23|nodes=3245253|slots=1:10|crit=0
L|1|OP02|ANCH|REF|move=h0g2|score=-14|mate=-|depth=24|nodes=3133910|crit=0
PROG|1|OP02
L|1|OP04|ANCHOR|move=i0h0|score=12|mate=-|depth=23|nodes=3514175|crit=0
L|1|OP04|AM0|SEL|move=i3i4|slotScore=10|top1=17|gap=7|rule=slot|hit=slot|slotUsed=4|seed=1143875296|probs=|depth=14|nodes=296138|slots=1:17,2:16,3:16,4:10|crit=0
L|1|OP04|AM0|REF|move=i3i4|score=-9|mate=-|depth=22|nodes=3676258|crit=0
L|1|OP04|AD0|SEL|move=c3c4|slotScore=14|top1=19|gap=5|rule=slot|hit=slot|slotUsed=3|seed=773341169|probs=|depth=16|nodes=566731|slots=1:19,2:15,3:14|crit=0
L|1|OP04|AD0|REF|move=c3c4|score=-12|mate=-|depth=24|nodes=3539637|crit=0
L|1|OP04|EX0|SEL|move=b0c2|slotScore=12|top1=13|gap=1|rule=slot|hit=slot|slotUsed=2|seed=4199414033|probs=|depth=17|nodes=870381|slots=1:13,2:12|crit=0
L|1|OP04|EX0|REF|move=b0c2|score=-13|mate=-|depth=25|nodes=3446570|crit=0
L|1|OP04|CAP_AD|SEL|move=h2g2|slotScore=-3|top1=19|gap=22|rule=cap|hit=cap|slotUsed=8|seed=2222448800|probs=1:0,2:1,3:2,4:4,5:7,6:8,7:21,8:22|depth=13|nodes=316252|slots=1:19,2:18,3:17,4:15,5:12,6:11,7:-2,8:-3|crit=0
L|1|OP04|CAP_AD|REF|move=h2g2|score=8|mate=-|depth=26|nodes=3510397|crit=0
L|1|OP04|CAP_AM|SEL|move=h2f2|slotScore=2|top1=21|gap=19|rule=cap|hit=cap|slotUsed=8|seed=2071402231|probs=1:0,2:1,3:1,4:1,5:9,6:10,7:16,8:19|depth=13|nodes=304766|slots=1:21,2:20,3:20,4:20,5:12,6:11,7:5,8:2|crit=0
L|1|OP04|CAP_AM|REF|move=h2f2|score=-5|mate=-|depth=27|nodes=3708678|crit=0
L|1|OP04|NOI_AD|SEL|move=d0e1|slotScore=21|top1=21|gap=0|rule=noise|hit=engine|slotUsed=1|seed=664350094|probs=p=0.1,legal=41|depth=13|nodes=287218|slots=1:21,2:16,3:16,4:13|crit=0
L|1|OP04|NOI_AD|REF|move=d0e1|score=-13|mate=-|depth=24|nodes=3454705|crit=0
L|1|OP04|NOI_AM|SEL|move=b2b6|slotScore=NA|top1=15|gap=NA|rule=noise|hit=rand|slotUsed=-1|seed=781793941|probs=p=0.25,legal=41|depth=15|nodes=288555|slots=1:15,2:13,3:16,4:13|crit=0
L|1|OP04|NOI_AM|REF|move=b2b6|score=43|mate=-|depth=24|nodes=3575604|crit=0
L|1|OP04|AC_AD|SEL|move=b0c2|slotScore=17|top1=19|gap=2|rule=capnoise|hit=rand|slotUsed=4|seed=1121177114|probs=cap=60,p=0.1,legal=41,1:0,2:2,3:1,4:2,5:4,6:7,7:8,8:13,wouldBe=8|depth=12|nodes=331941|slots=1:19,2:17,3:18,4:17,5:15,6:12,7:11,8:6|crit=0
L|1|OP04|AC_AD|REF|move=b0c2|score=-11|mate=-|depth=24|nodes=3380457|crit=0
L|1|OP04|AC_AM|SEL|move=h2h0|slotScore=NA|top1=17|gap=NA|rule=capnoise|hit=rand|slotUsed=-1|seed=970193969|probs=cap=200,p=0.25,legal=41,1:0,2:1,3:7,4:4,5:5,6:7,7:12,8:14,wouldBe=8|depth=12|nodes=322070|slots=1:17,2:16,3:10,4:13,5:12,6:10,7:5,8:3|crit=0
L|1|OP04|AC_AM|REF|move=h2h0|score=72|mate=-|depth=23|nodes=3601825|crit=0
L|1|OP04|T8S1|SEL|move=d0e1|slotScore=16|top1=16|gap=0|rule=slot|hit=slot|slotUsed=1|seed=1577026652|probs=|depth=12|nodes=317697|slots=1:16,2:16,3:16,4:14,5:14,6:12,7:7,8:5|crit=0
L|1|OP04|T8S1|REF|move=d0e1|score=-10|mate=-|depth=25|nodes=3456782|crit=0
L|1|OP04|ANCH|SEL|move=i0h0|slotScore=12|top1=12|gap=0|rule=anchor|hit=anchor|slotUsed=1|seed=2568349948|probs=|depth=23|nodes=3514175|slots=1:12|crit=0
L|1|OP04|ANCH|REF|move=i0h0|score=-13|mate=-|depth=23|nodes=3420056|crit=0
PROG|1|OP04
L|1|OP06|ANCHOR|move=h2b2|score=124|mate=-|depth=22|nodes=3503712|crit=0
L|1|OP06|AM0|SEL|move=i0h0|slotScore=-71|top1=126|gap=197|rule=slot|hit=slot|slotUsed=4|seed=3570566862|probs=|depth=13|nodes=295968|slots=1:126,2:114,3:-26,4:-71|crit=0
L|1|OP06|AM0|REF|move=i0h0|score=104|mate=-|depth=23|nodes=3635761|crit=0
L|1|OP06|AD0|SEL|move=b9d9|slotScore=-28|top1=127|gap=155|rule=slot|hit=slot|slotUsed=3|seed=3739508207|probs=|depth=15|nodes=585001|slots=1:127,2:105,3:-28|crit=0
L|1|OP06|AD0|REF|move=b9d9|score=27|mate=-|depth=21|nodes=3730936|crit=0
L|1|OP06|EX0|SEL|move=b9b8|slotScore=99|top1=129|gap=30|rule=slot|hit=slot|slotUsed=2|seed=2600843495|probs=|depth=16|nodes=852189|slots=1:129,2:99|crit=0
L|1|OP06|EX0|REF|move=b9b8|score=-83|mate=-|depth=20|nodes=3426896|crit=0
L|1|OP06|CAP_AD|SEL|move=b9b8|slotScore=88|top1=124|gap=36|rule=cap|hit=cap|slotUsed=2|seed=133201458|probs=1:0,2:36,3:149,4:201,5:203,6:252,7:271,8:302|depth=12|nodes=322384|slots=1:124,2:88,3:-25,4:-77,5:-79,6:-128,7:-147,8:-178|crit=0
L|1|OP06|CAP_AD|REF|move=b9b8|score=-70|mate=-|depth=18|nodes=3566439|crit=0
L|1|OP06|CAP_AM|SEL|move=i0h0|slotScore=-73|top1=122|gap=195|rule=cap|hit=cap|slotUsed=5|seed=250628921|probs=1:0,2:36,3:140,4:191,5:195,6:239,7:263,8:264|depth=13|nodes=332040|slots=1:122,2:86,3:-18,4:-69,5:-73,6:-117,7:-141,8:-142|crit=0
L|1|OP06|CAP_AM|REF|move=i0h0|score=104|mate=-|depth=22|nodes=3512880|crit=0
L|1|OP06|NOI_AD|SEL|move=h2b2|slotScore=123|top1=123|gap=0|rule=noise|hit=engine|slotUsed=1|seed=1324773820|probs=p=0.1,legal=33|depth=12|nodes=292075|slots=1:123,2:115,3:-25,4:-88|crit=0
L|1|OP06|NOI_AD|REF|move=h2b2|score=-129|mate=-|depth=21|nodes=3489739|crit=0
L|1|OP06|NOI_AM|SEL|move=i0h0|slotScore=-80|top1=126|gap=206|rule=noise|hit=engine|slotUsed=4|seed=1173776339|probs=p=0.25,legal=33|depth=14|nodes=318073|slots=1:126,2:118,3:-26,4:-80|crit=0
L|1|OP06|NOI_AM|REF|move=i0h0|score=108|mate=-|depth=24|nodes=3497621|crit=0
L|1|OP06|AC_AD|SEL|move=b9b8|slotScore=115|top1=124|gap=9|rule=capnoise|hit=cap|slotUsed=2|seed=1051088696|probs=cap=60,p=0.1,legal=33,1:0,2:9,3:152,4:216,5:219,6:228,7:253,8:286|depth=11|nodes=328989|slots=1:124,2:115,3:-28,4:-92,5:-95,6:-104,7:-129,8:-162|crit=0
L|1|OP06|AC_AD|REF|move=b9b8|score=-67|mate=-|depth=20|nodes=3539218|crit=0
L|1|OP06|AC_AM|SEL|move=h2g2|slotScore=-115|top1=114|gap=229|rule=capnoise|hit=rand|slotUsed=6|seed=1168530495|probs=cap=200,p=0.25,legal=33,1:0,2:48,3:121,4:198,5:227,6:229,7:260,8:282,wouldBe=4|depth=12|nodes=319608|slots=1:114,2:66,3:-7,4:-84,5:-113,6:-115,7:-146,8:-168|crit=0
L|1|OP06|AC_AM|REF|move=h2g2|score=131|mate=-|depth=23|nodes=3562667|crit=0
L|1|OP06|T8S1|SEL|move=h2b2|slotScore=121|top1=121|gap=0|rule=slot|hit=slot|slotUsed=1|seed=4014600138|probs=|depth=11|nodes=299226|slots=1:121,2:82,3:-30,4:-100,5:-102,6:-128,7:-158,8:-175|crit=0
L|1|OP06|T8S1|REF|move=h2b2|score=-125|mate=-|depth=23|nodes=3435701|crit=0
L|1|OP06|ANCH|SEL|move=h2b2|slotScore=124|top1=124|gap=0|rule=anchor|hit=anchor|slotUsed=1|seed=2248965742|probs=|depth=22|nodes=3503712|slots=1:124|crit=0
L|1|OP06|ANCH|REF|move=h2b2|score=-127|mate=-|depth=22|nodes=3418951|crit=0
PROG|1|OP06
L|1|OP08|ANCHOR|move=b9b7|score=162|mate=-|depth=22|nodes=3691842|crit=0
L|1|OP08|AM0|SEL|move=b9b6|slotScore=-84|top1=160|gap=244|rule=slot|hit=slot|slotUsed=4|seed=1961083044|probs=|depth=13|nodes=327907|slots=1:160,2:43,3:-57,4:-84|crit=0
L|1|OP08|AM0|REF|move=b9b6|score=157|mate=-|depth=21|nodes=3668684|crit=0
L|1|OP08|AD0|SEL|move=b9d9|slotScore=-81|top1=157|gap=238|rule=slot|hit=slot|slotUsed=3|seed=2127400533|probs=|depth=16|nodes=592051|slots=1:157,2:43,3:-81|crit=0
L|1|OP08|AD0|REF|move=b9d9|score=54|mate=-|depth=20|nodes=3457777|crit=0
L|1|OP08|EX0|SEL|move=b9b4|slotScore=39|top1=156|gap=117|rule=slot|hit=slot|slotUsed=2|seed=3014599173|probs=|depth=16|nodes=973629|slots=1:156,2:39|crit=0
L|1|OP08|EX0|REF|move=b9b4|score=-36|mate=-|depth=21|nodes=3420559|crit=0
L|1|OP08|CAP_AD|SEL|move=b9b7|slotScore=159|top1=159|gap=0|rule=cap|hit=above|slotUsed=1|seed=2828521380|probs=1:0,2:106,3:201,4:243,5:276,6:281,7:297,8:309|depth=14|nodes=375408|slots=1:159,2:53,3:-42,4:-84,5:-117,6:-122,7:-138,8:-150|crit=0
L|1|OP08|CAP_AD|REF|move=b9b7|score=-172|mate=-|depth=23|nodes=3889839|crit=0
L|1|OP08|CAP_AM|SEL|move=h2b2|slotScore=-40|top1=160|gap=200|rule=cap|hit=cap|slotUsed=4|seed=2945963179|probs=1:0,2:95,3:187,4:200,5:226,6:264,7:278,8:293|depth=12|nodes=319053|slots=1:160,2:65,3:-27,4:-40,5:-66,6:-104,7:-118,8:-133|crit=0
L|1|OP08|CAP_AM|REF|move=h2b2|score=100|mate=-|depth=24|nodes=3796846|crit=0
L|1|OP08|NOI_AD|SEL|move=b9b7|slotScore=166|top1=166|gap=0|rule=noise|hit=engine|slotUsed=1|seed=3930446466|probs=p=0.1,legal=44|depth=13|nodes=329699|slots=1:166,2:40,3:-67,4:-72|crit=0
L|1|OP08|NOI_AD|REF|move=b9b7|score=-180|mate=-|depth=22|nodes=3894828|crit=0
L|1|OP08|NOI_AM|SEL|move=b9b5|slotScore=-68|top1=177|gap=245|rule=noise|hit=engine|slotUsed=4|seed=4047873929|probs=p=0.25,legal=44|depth=12|nodes=305482|slots=1:177,2:64,3:-44,4:-68|crit=0
L|1|OP08|NOI_AM|REF|move=b9b5|score=89|mate=-|depth=24|nodes=3566821|crit=0
L|1|OP08|AC_AD|SEL|move=b9b7|slotScore=152|top1=152|gap=0|rule=capnoise|hit=above|slotUsed=1|seed=457202294|probs=cap=60,p=0.1,legal=44,1:0,2:108,3:193,4:238,5:241,6:261,7:280,8:290|depth=12|nodes=356805|slots=1:152,2:44,3:-41,4:-86,5:-89,6:-109,7:-128,8:-138|crit=0
L|1|OP08|AC_AD|REF|move=b9b7|score=-183|mate=-|depth=21|nodes=3585724|crit=0
L|1|OP08|AC_AM|SEL|move=b9b5|slotScore=-49|top1=146|gap=195|rule=capnoise|hit=cap|slotUsed=4|seed=306203021|probs=cap=200,p=0.25,legal=44,1:0,2:118,3:194,4:195,5:244,6:277,7:279,8:280|depth=11|nodes=354738|slots=1:146,2:28,3:-48,4:-49,5:-98,6:-131,7:-133,8:-134|crit=0
L|1|OP08|AC_AM|REF|move=b9b5|score=86|mate=-|depth=22|nodes=3660633|crit=0
L|1|OP08|T8S1|SEL|move=b9b7|slotScore=163|top1=163|gap=0|rule=slot|hit=slot|slotUsed=1|seed=3961321752|probs=|depth=13|nodes=362516|slots=1:163,2:26,3:-47,4:-76,5:-96,6:-101,7:-132,8:-161|crit=0
L|1|OP08|T8S1|REF|move=b9b7|score=-177|mate=-|depth=21|nodes=3740529|crit=0
L|1|OP08|ANCH|SEL|move=b9b7|slotScore=162|top1=162|gap=0|rule=anchor|hit=anchor|slotUsed=1|seed=935348216|probs=|depth=22|nodes=3691842|slots=1:162|crit=0
L|1|OP08|ANCH|REF|move=b9b7|score=-189|mate=-|depth=20|nodes=3565650|crit=0
PROG|1|OP08
L|1|MG_QT01|ANCHOR|move=c7b9|score=-27|mate=-|depth=26|nodes=3657058|crit=0
L|1|MG_QT01|AM0|SEL|move=h9i7|slotScore=-615|top1=-29|gap=586|rule=slot|hit=slot|slotUsed=4|seed=2326722624|probs=|depth=14|nodes=281417|slots=1:-29,2:-599,3:-617,4:-615|crit=0
L|1|MG_QT01|AM0|REF|move=h9i7|score=635|mate=-|depth=24|nodes=3270795|crit=0
L|1|MG_QT01|AD0|SEL|move=f9e8|slotScore=-611|top1=-32|gap=579|rule=slot|hit=slot|slotUsed=3|seed=4103703505|probs=|depth=17|nodes=539594|slots=1:-32,2:-600,3:-611|crit=0
L|1|MG_QT01|AD0|REF|move=f9e8|score=606|mate=-|depth=26|nodes=3137003|crit=0
L|1|MG_QT01|EX0|SEL|move=c6c5|slotScore=-591|top1=-32|gap=559|rule=slot|hit=slot|slotUsed=2|seed=1066326257|probs=|depth=21|nodes=885240|slots=1:-32,2:-591|crit=0
L|1|MG_QT01|EX0|REF|move=c6c5|score=610|mate=-|depth=24|nodes=3145314|crit=0
L|1|MG_QT01|CAP_AD|SEL|move=c7b9|slotScore=-31|top1=-31|gap=0|rule=cap|hit=above|slotUsed=1|seed=2698764928|probs=1:0,2:568,3:571,4:581,5:583,6:586,7:586,8:590|depth=14|nodes=305244|slots=1:-31,2:-599,3:-602,4:-612,5:-614,6:-617,7:-617,8:-621|crit=0
L|1|MG_QT01|CAP_AD|REF|move=c7b9|score=34|mate=-|depth=26|nodes=3674289|crit=0
L|1|MG_QT01|CAP_AM|SEL|move=c7b9|slotScore=-26|top1=-26|gap=0|rule=cap|hit=above|slotUsed=1|seed=2547716311|probs=1:0,2:567,3:570,4:578,5:583,6:588,7:588,8:593|depth=13|nodes=280298|slots=1:-26,2:-593,3:-596,4:-604,5:-609,6:-614,7:-614,8:-619|crit=0
L|1|MG_QT01|CAP_AM|REF|move=c7b9|score=39|mate=-|depth=26|nodes=3618549|crit=0
L|1|MG_QT01|NOI_AD|SEL|move=c7b9|slotScore=-37|top1=-37|gap=0|rule=noise|hit=engine|slotUsed=1|seed=2606396142|probs=p=0.1,legal=30|depth=15|nodes=271926|slots=1:-37,2:-549,3:-608,4:-610|crit=0
L|1|MG_QT01|NOI_AD|REF|move=c7b9|score=35|mate=-|depth=26|nodes=3623283|crit=0
L|1|MG_QT01|NOI_AM|SEL|move=a7a9|slotScore=NA|top1=-36|gap=NA|rule=noise|hit=rand|slotUsed=-1|seed=2723839989|probs=p=0.25,legal=30|depth=16|nodes=282722|slots=1:-36,2:-598,3:-603,4:-613|crit=0
L|1|MG_QT01|NOI_AM|REF|move=a7a9|score=687|mate=-|depth=22|nodes=3231463|crit=0
L|1|MG_QT01|AC_AD|SEL|move=c7b9|slotScore=-36|top1=-36|gap=0|rule=capnoise|hit=above|slotUsed=1|seed=2279017658|probs=cap=60,p=0.1,legal=30,1:0,2:567,3:567,4:571,5:582,6:587,7:597,8:584|depth=14|nodes=287286|slots=1:-36,2:-603,3:-603,4:-607,5:-618,6:-623,7:-633,8:-620|crit=0
L|1|MG_QT01|AC_AD|REF|move=c7b9|score=33|mate=-|depth=27|nodes=3691130|crit=0
L|1|MG_QT01|AC_AM|SEL|move=c7b9|slotScore=-35|top1=-35|gap=0|rule=capnoise|hit=above|slotUsed=1|seed=2128020177|probs=cap=200,p=0.25,legal=30,1:0,2:560,3:566,4:571,5:586,6:587,7:584,8:587|depth=13|nodes=311622|slots=1:-35,2:-595,3:-601,4:-606,5:-621,6:-622,7:-619,8:-622|crit=0
L|1|MG_QT01|AC_AM|REF|move=c7b9|score=35|mate=-|depth=28|nodes=3645345|crit=0
L|1|MG_QT01|T8S1|SEL|move=c7b9|slotScore=-34|top1=-34|gap=0|rule=slot|hit=slot|slotUsed=1|seed=2142798652|probs=|depth=15|nodes=306979|slots=1:-34,2:-596,3:-610,4:-610,5:-612,6:-618,7:-620,8:-621|crit=0
L|1|MG_QT01|T8S1|REF|move=c7b9|score=35|mate=-|depth=27|nodes=3609752|crit=0
L|1|MG_QT01|ANCH|SEL|move=c7b9|slotScore=-27|top1=-27|gap=0|rule=anchor|hit=anchor|slotUsed=1|seed=859910748|probs=|depth=26|nodes=3657058|slots=1:-27|crit=0
L|1|MG_QT01|ANCH|REF|move=c7b9|score=36|mate=-|depth=28|nodes=3581000|crit=0
PROG|1|MG_QT01
L|1|MG_QT05|ANCHOR|move=h7h9|score=-38|mate=-|depth=20|nodes=3535063|crit=0
L|1|MG_QT05|AM0|SEL|move=h7i7|slotScore=-56|top1=-37|gap=19|rule=slot|hit=slot|slotUsed=4|seed=643650924|probs=|depth=12|nodes=300372|slots=1:-37,2:-48,3:-52,4:-56|crit=0
L|1|MG_QT05|AM0|REF|move=h7i7|score=74|mate=-|depth=22|nodes=3498482|crit=0
L|1|MG_QT05|AD0|SEL|move=i6i5|slotScore=-46|top1=-40|gap=6|rule=slot|hit=slot|slotUsed=3|seed=275529709|probs=|depth=14|nodes=556371|slots=1:-40,2:-44,3:-46|crit=0
L|1|MG_QT05|AD0|REF|move=i6i5|score=50|mate=-|depth=22|nodes=3423041|crit=0
L|1|MG_QT05|EX0|SEL|move=i9h9|slotScore=-43|top1=-36|gap=7|rule=slot|hit=slot|slotUsed=2|seed=1144749517|probs=|depth=17|nodes=884695|slots=1:-36,2:-43|crit=0
L|1|MG_QT05|EX0|REF|move=i9h9|score=52|mate=-|depth=23|nodes=3682057|crit=0
L|1|MG_QT05|CAP_AD|SEL|move=h7g7|slotScore=-80|top1=-31|gap=49|rule=cap|hit=cap|slotUsed=8|seed=3259378812|probs=1:0,2:16,3:17,4:35,5:35,6:47,7:48,8:49|depth=10|nodes=297129|slots=1:-31,2:-47,3:-48,4:-66,5:-66,6:-78,7:-79,8:-80|crit=0
L|1|MG_QT05|CAP_AD|REF|move=h7g7|score=106|mate=-|depth=22|nodes=3703376|crit=0
L|1|MG_QT05|CAP_AM|SEL|move=h7g7|slotScore=-85|top1=-43|gap=42|rule=cap|hit=cap|slotUsed=8|seed=3108381587|probs=1:0,2:5,3:7,4:15,5:25,6:37,7:40,8:42|depth=11|nodes=298788|slots=1:-43,2:-48,3:-50,4:-58,5:-68,6:-80,7:-83,8:-85|crit=0
L|1|MG_QT05|CAP_AM|REF|move=h7g7|score=100|mate=-|depth=22|nodes=3533328|crit=0
L|1|MG_QT05|NOI_AD|SEL|move=h7h9|slotScore=-45|top1=-45|gap=0|rule=noise|hit=engine|slotUsed=1|seed=4144724362|probs=p=0.1,legal=33|depth=12|nodes=279491|slots=1:-45,2:-46,3:-49,4:-63|crit=0
L|1|MG_QT05|NOI_AD|REF|move=h7h9|score=36|mate=-|depth=22|nodes=3524278|crit=0
L|1|MG_QT05|NOI_AM|SEL|move=a7a9|slotScore=NA|top1=-31|gap=NA|rule=noise|hit=rand|slotUsed=-1|seed=3993726881|probs=p=0.25,legal=33|depth=11|nodes=292257|slots=1:-31,2:-42,3:-55,4:-59|crit=0
L|1|MG_QT05|NOI_AM|REF|move=a7a9|score=284|mate=-|depth=19|nodes=3360500|crit=0
L|1|MG_QT05|AC_AD|SEL|move=i9g9|slotScore=-90|top1=-38|gap=52|rule=capnoise|hit=cap|slotUsed=8|seed=2822265918|probs=cap=60,p=0.1,legal=33,1:0,2:5,3:11,4:14,5:34,6:30,7:51,8:52|depth=10|nodes=278418|slots=1:-38,2:-43,3:-49,4:-52,5:-72,6:-68,7:-89,8:-90|crit=0
L|1|MG_QT05|AC_AD|REF|move=i9g9|score=79|mate=-|depth=18|nodes=3216850|crit=0
L|1|MG_QT05|AC_AM|SEL|move=f8g6|slotScore=NA|top1=-42|gap=NA|rule=capnoise|hit=rand|slotUsed=-1|seed=2939693317|probs=cap=200,p=0.25,legal=33,1:0,2:6,3:7,4:19,5:31,6:33,7:35,8:42,wouldBe=8|depth=10|nodes=289747|slots=1:-42,2:-48,3:-49,4:-61,5:-73,6:-75,7:-77,8:-84|crit=0
L|1|MG_QT05|AC_AM|REF|move=f8g6|score=213|mate=-|depth=22|nodes=3782453|crit=0
L|1|MG_QT05|T8S1|SEL|move=h7h9|slotScore=-38|top1=-38|gap=0|rule=slot|hit=slot|slotUsed=1|seed=3029567248|probs=|depth=11|nodes=311164|slots=1:-38,2:-46,3:-47,4:-57,5:-60,6:-64,7:-83,8:-85|crit=0
L|1|MG_QT05|T8S1|REF|move=h7h9|score=34|mate=-|depth=22|nodes=3640293|crit=0
L|1|MG_QT05|ANCH|SEL|move=h7h9|slotScore=-38|top1=-38|gap=0|rule=anchor|hit=anchor|slotUsed=1|seed=835869536|probs=|depth=20|nodes=3535063|slots=1:-38|crit=0
L|1|MG_QT05|ANCH|REF|move=h7h9|score=34|mate=-|depth=25|nodes=3571607|crit=0
PROG|1|MG_QT05
L|1|MG_QT10|ANCHOR|move=i9h9|score=-33|mate=-|depth=24|nodes=3738003|crit=0
L|1|MG_QT10|AM0|SEL|move=a6a5|slotScore=-69|top1=-29|gap=40|rule=slot|hit=slot|slotUsed=4|seed=1791645566|probs=|depth=12|nodes=299547|slots=1:-29,2:-48,3:-65,4:-69|crit=0
L|1|MG_QT10|AM0|REF|move=a6a5|score=59|mate=-|depth=22|nodes=3657459|crit=0
L|1|MG_QT10|AD0|SEL|move=i9i7|slotScore=-68|top1=-27|gap=41|rule=slot|hit=slot|slotUsed=3|seed=1960701855|probs=|depth=13|nodes=598469|slots=1:-27,2:-62,3:-68|crit=0
L|1|MG_QT10|AD0|REF|move=i9i7|score=64|mate=-|depth=22|nodes=3431284|crit=0
L|1|MG_QT10|EX0|SEL|move=i9i7|slotScore=-64|top1=-32|gap=32|rule=slot|hit=slot|slotUsed=2|seed=806339639|probs=|depth=18|nodes=923159|slots=1:-32,2:-64|crit=0
L|1|MG_QT10|EX0|REF|move=i9i7|score=69|mate=-|depth=22|nodes=3398925|crit=0
L|1|MG_QT10|CAP_AD|SEL|move=c5c4|slotScore=-87|top1=-29|gap=58|rule=cap|hit=cap|slotUsed=7|seed=1488106210|probs=1:0,2:28,3:33,4:33,5:47,6:55,7:58,8:61|depth=10|nodes=280372|slots=1:-29,2:-57,3:-62,4:-62,5:-76,6:-84,7:-87,8:-90|crit=0
L|1|MG_QT10|CAP_AD|REF|move=c5c4|score=109|mate=-|depth=22|nodes=3589615|crit=0
L|1|MG_QT10|CAP_AM|SEL|move=c3e4|slotScore=-93|top1=-39|gap=54|rule=cap|hit=cap|slotUsed=8|seed=1605550057|probs=1:0,2:10,3:23,4:32,5:35,6:36,7:51,8:54|depth=12|nodes=287535|slots=1:-39,2:-49,3:-62,4:-71,5:-74,6:-75,7:-90,8:-93|crit=0
L|1|MG_QT10|CAP_AM|REF|move=c3e4|score=80|mate=-|depth=20|nodes=3515644|crit=0
L|1|MG_QT10|NOI_AD|SEL|move=i9h9|slotScore=-39|top1=-39|gap=0|rule=noise|hit=engine|slotUsed=1|seed=2382490956|probs=p=0.1,legal=29|depth=13|nodes=300899|slots=1:-39,2:-58,3:-72,4:-79|crit=0
L|1|MG_QT10|NOI_AD|REF|move=i9h9|score=26|mate=-|depth=23|nodes=3727661|crit=0
L|1|MG_QT10|NOI_AM|SEL|move=i9i7|slotScore=-67|top1=-30|gap=37|rule=noise|hit=engine|slotUsed=4|seed=2231493475|probs=p=0.25,legal=29|depth=13|nodes=274919|slots=1:-30,2:-47,3:-60,4:-67|crit=0
L|1|MG_QT10|NOI_AM|REF|move=i9i7|score=64|mate=-|depth=22|nodes=3337499|crit=0
L|1|MG_QT10|AC_AD|SEL|move=c5c4|slotScore=-78|top1=-37|gap=41|rule=capnoise|hit=cap|slotUsed=8|seed=127536744|probs=cap=60,p=0.1,legal=29,1:0,2:19,3:27,4:27,5:39,6:43,7:51,8:41|depth=9|nodes=290536|slots=1:-37,2:-56,3:-64,4:-64,5:-76,6:-80,7:-88,8:-78|crit=0
L|1|MG_QT10|AC_AD|REF|move=c5c4|score=119|mate=-|depth=20|nodes=3637199|crit=0
L|1|MG_QT10|AC_AM|SEL|move=f8h9|slotScore=-89|top1=-42|gap=47|rule=capnoise|hit=cap|slotUsed=8|seed=244980591|probs=cap=200,p=0.25,legal=29,1:0,2:8,3:21,4:24,5:42,6:47,7:47,8:47|depth=11|nodes=305111|slots=1:-42,2:-50,3:-63,4:-66,5:-84,6:-89,7:-89,8:-89|crit=0
L|1|MG_QT10|AC_AM|REF|move=f8h9|score=69|mate=-|depth=23|nodes=3705478|crit=0
L|1|MG_QT10|T8S1|SEL|move=i9h9|slotScore=-37|top1=-37|gap=0|rule=slot|hit=slot|slotUsed=1|seed=4173999354|probs=|depth=11|nodes=287407|slots=1:-37,2:-55,3:-57,4:-62,5:-79,6:-82,7:-90,8:-92|crit=0
L|1|MG_QT10|T8S1|REF|move=i9h9|score=28|mate=-|depth=24|nodes=3741483|crit=0
L|1|MG_QT10|ANCH|SEL|move=i9h9|slotScore=-33|top1=-33|gap=0|rule=anchor|hit=anchor|slotUsed=1|seed=1263148510|probs=|depth=24|nodes=3738003|slots=1:-33|crit=0
L|1|MG_QT10|ANCH|REF|move=i9h9|score=23|mate=-|depth=26|nodes=3671788|crit=0
PROG|1|MG_QT10
L|1|MG_QT14|ANCHOR|move=f4b4|score=-26|mate=-|depth=24|nodes=3807783|crit=0
L|1|MG_QT14|AM0|SEL|move=c3e4|slotScore=-51|top1=-29|gap=22|rule=slot|hit=slot|slotUsed=4|seed=4191378794|probs=|depth=14|nodes=294501|slots=1:-29,2:-42,3:-45,4:-51|crit=0
L|1|MG_QT14|AM0|REF|move=c3e4|score=74|mate=-|depth=22|nodes=3829581|crit=0
L|1|MG_QT14|AD0|SEL|move=f4f2|slotScore=-53|top1=-28|gap=25|rule=slot|hit=slot|slotUsed=3|seed=65205643|probs=|depth=17|nodes=576012|slots=1:-28,2:-32,3:-53|crit=0
L|1|MG_QT14|AD0|REF|move=f4f2|score=79|mate=-|depth=24|nodes=3998165|crit=0
L|1|MG_QT14|EX0|SEL|move=a7b7|slotScore=-32|top1=-26|gap=6|rule=slot|hit=slot|slotUsed=2|seed=680221091|probs=|depth=19|nodes=961375|slots=1:-26,2:-32|crit=0
L|1|MG_QT14|EX0|REF|move=a7b7|score=24|mate=-|depth=26|nodes=3813751|crit=0
L|1|MG_QT14|CAP_AD|SEL|move=e8d7|slotScore=-64|top1=-28|gap=36|rule=cap|hit=cap|slotUsed=7|seed=3209371262|probs=1:0,2:12,3:22,4:27,5:31,6:32,7:36,8:66|depth=11|nodes=309332|slots=1:-28,2:-40,3:-50,4:-55,5:-59,6:-60,7:-64,8:-94|crit=0
L|1|MG_QT14|CAP_AD|REF|move=e8d7|score=71|mate=-|depth=26|nodes=4005582|crit=0
L|1|MG_QT14|CAP_AM|SEL|move=e8f7|slotScore=-87|top1=-28|gap=59|rule=cap|hit=cap|slotUsed=8|seed=3326864197|probs=1:0,2:6,3:19,4:22,5:23,6:31,7:42,8:59|depth=13|nodes=317673|slots=1:-28,2:-34,3:-47,4:-50,5:-51,6:-59,7:-70,8:-87|crit=0
L|1|MG_QT14|CAP_AM|REF|move=e8f7|score=136|mate=-|depth=26|nodes=4124163|crit=0
L|1|MG_QT14|NOI_AD|SEL|move=f4b4|slotScore=-27|top1=-27|gap=0|rule=noise|hit=engine|slotUsed=1|seed=4216878712|probs=p=0.1,legal=37|depth=14|nodes=306664|slots=1:-27,2:-36,3:-50,4:-60|crit=0
L|1|MG_QT14|NOI_AD|REF|move=f4b4|score=27|mate=-|depth=26|nodes=3733602|crit=0
L|1|MG_QT14|NOI_AM|SEL|move=c3e4|slotScore=-38|top1=-35|gap=3|rule=noise|hit=engine|slotUsed=4|seed=39338879|probs=p=0.25,legal=37|depth=13|nodes=303766|slots=1:-35,2:-49,3:-65,4:-38|crit=0
L|1|MG_QT14|NOI_AM|REF|move=c3e4|score=69|mate=-|depth=23|nodes=3672528|crit=0
L|1|MG_QT14|AC_AD|SEL|move=f4d4|slotScore=-88|top1=-38|gap=50|rule=capnoise|hit=cap|slotUsed=8|seed=2074312044|probs=cap=60,p=0.1,legal=37,1:0,2:9,3:10,4:11,5:21,6:30,7:39,8:50|depth=12|nodes=315802|slots=1:-38,2:-47,3:-48,4:-49,5:-59,6:-68,7:-77,8:-88|crit=0
L|1|MG_QT14|AC_AD|REF|move=f4d4|score=132|mate=-|depth=21|nodes=3722296|crit=0
L|1|MG_QT14|AC_AM|SEL|move=f4f1|slotScore=NA|top1=-37|gap=NA|rule=capnoise|hit=rand|slotUsed=-1|seed=1923312771|probs=cap=200,p=0.25,legal=37,1:0,2:19,3:17,4:21,5:25,6:35,7:42,8:65,wouldBe=8|depth=13|nodes=320146|slots=1:-37,2:-56,3:-54,4:-58,5:-62,6:-72,7:-79,8:-102|crit=0
L|1|MG_QT14|AC_AM|REF|move=f4f1|score=162|mate=-|depth=21|nodes=3729148|crit=0
L|1|MG_QT14|T8S1|SEL|move=f4b4|slotScore=-36|top1=-36|gap=0|rule=slot|hit=slot|slotUsed=1|seed=3273925262|probs=|depth=13|nodes=317996|slots=1:-36,2:-42,3:-53,4:-55,5:-61,6:-61,7:-62,8:-86|crit=0
L|1|MG_QT14|T8S1|REF|move=f4b4|score=27|mate=-|depth=30|nodes=3962274|crit=0
L|1|MG_QT14|ANCH|SEL|move=f4b4|slotScore=-26|top1=-26|gap=0|rule=anchor|hit=anchor|slotUsed=1|seed=1568963426|probs=|depth=24|nodes=3807783|slots=1:-26|crit=0
L|1|MG_QT14|ANCH|REF|move=f4b4|score=25|mate=-|depth=27|nodes=3820688|crit=0
PROG|1|MG_QT14
L|1|MG_QT19|ANCHOR|move=c7c3|score=-13|mate=-|depth=29|nodes=3698997|crit=0
L|1|MG_QT19|AM0|SEL|move=c7a7|slotScore=-589|top1=-19|gap=570|rule=slot|hit=slot|slotUsed=4|seed=2044311769|probs=|depth=15|nodes=294482|slots=1:-19,2:-586,3:-589,4:-589|crit=0
L|1|MG_QT19|AM0|REF|move=c7a7|score=590|mate=-|depth=29|nodes=3610538|crit=0
L|1|MG_QT19|AD0|SEL|move=c7d7|slotScore=-593|top1=-22|gap=571|rule=slot|hit=slot|slotUsed=3|seed=1875304888|probs=|depth=19|nodes=568456|slots=1:-22,2:-590,3:-593|crit=0
L|1|MG_QT19|AD0|REF|move=c7d7|score=597|mate=-|depth=30|nodes=3573354|crit=0
L|1|MG_QT19|EX0|SEL|move=c7b7|slotScore=-601|top1=-18|gap=583|rule=slot|hit=slot|slotUsed=2|seed=1006347224|probs=|depth=21|nodes=976024|slots=1:-18,2:-601|crit=0
L|1|MG_QT19|EX0|REF|move=c7b7|score=588|mate=-|depth=26|nodes=3506159|crit=0
L|1|MG_QT19|CAP_AD|SEL|move=c7c3|slotScore=-20|top1=-20|gap=0|rule=cap|hit=above|slotUsed=1|seed=2799908855|probs=1:0,2:568,3:571,4:582,5:621,6:687,7:688,8:701|depth=15|nodes=311371|slots=1:-20,2:-588,3:-591,4:-602,5:-641,6:-707,7:-708,8:-721|crit=0
L|1|MG_QT19|CAP_AD|REF|move=c7c3|score=15|mate=-|depth=28|nodes=3563519|crit=0
L|1|MG_QT19|CAP_AM|SEL|move=c7c3|slotScore=-14|top1=-14|gap=0|rule=cap|hit=above|slotUsed=1|seed=2950889888|probs=1:0,2:571,3:580,4:574,5:617,6:696,7:704,8:727|depth=14|nodes=327183|slots=1:-14,2:-585,3:-594,4:-588,5:-631,6:-710,7:-718,8:-741|crit=0
L|1|MG_QT19|CAP_AM|REF|move=c7c3|score=14|mate=-|depth=28|nodes=3519769|crit=0
L|1|MG_QT19|NOI_AD|SEL|move=c7c3|slotScore=-18|top1=-18|gap=0|rule=noise|hit=engine|slotUsed=1|seed=2137450397|probs=p=0.1,legal=33|depth=15|nodes=300294|slots=1:-18,2:-589,3:-589,4:-595|crit=0
L|1|MG_QT19|NOI_AD|REF|move=c7c3|score=14|mate=-|depth=28|nodes=3525704|crit=0
L|1|MG_QT19|NOI_AM|SEL|move=g7h5|slotScore=NA|top1=-18|gap=NA|rule=noise|hit=rand|slotUsed=-1|seed=2288447558|probs=p=0.25,legal=33|depth=15|nodes=296817|slots=1:-18,2:-577,3:-590,4:-588|crit=0
L|1|MG_QT19|NOI_AM|REF|move=g7h5|score=810|mate=-|depth=25|nodes=3809904|crit=0
L|1|MG_QT19|AC_AD|SEL|move=c7c3|slotScore=-21|top1=-21|gap=0|rule=capnoise|hit=above|slotUsed=1|seed=1763331123|probs=cap=60,p=0.1,legal=33,1:0,2:556,3:565,4:575,5:622,6:685,7:696,8:703|depth=14|nodes=314248|slots=1:-21,2:-577,3:-586,4:-596,5:-643,6:-706,7:-717,8:-724|crit=0
L|1|MG_QT19|AC_AD|REF|move=c7c3|score=16|mate=-|depth=28|nodes=3693108|crit=0
L|1|MG_QT19|AC_AM|SEL|move=c7c3|slotScore=-18|top1=-18|gap=0|rule=capnoise|hit=above|slotUsed=1|seed=1914330652|probs=cap=200,p=0.25,legal=33,1:0,2:565,3:578,4:564,5:635,6:712,7:720,8:742|depth=15|nodes=321064|slots=1:-18,2:-583,3:-596,4:-582,5:-653,6:-730,7:-738,8:-760|crit=0
L|1|MG_QT19|AC_AM|REF|move=c7c3|score=17|mate=-|depth=29|nodes=3622064|crit=0
L|1|MG_QT19|T8S1|SEL|move=c7c3|slotScore=-15|top1=-15|gap=0|rule=slot|hit=slot|slotUsed=1|seed=2468687391|probs=|depth=14|nodes=325496|slots=1:-15,2:-578,3:-588,4:-601,5:-648,6:-736,7:-737,8:-757|crit=0
L|1|MG_QT19|T8S1|REF|move=c7c3|score=16|mate=-|depth=30|nodes=3967055|crit=0
L|1|MG_QT19|ANCH|SEL|move=c7c3|slotScore=-13|top1=-13|gap=0|rule=anchor|hit=anchor|slotUsed=1|seed=3549345947|probs=|depth=29|nodes=3698997|slots=1:-13|crit=0
L|1|MG_QT19|ANCH|REF|move=c7c3|score=17|mate=-|depth=28|nodes=3612009|crit=0
PROG|1|MG_QT19
L|1|MG_QT24|ANCHOR|move=g7f5|score=-15|mate=-|depth=27|nodes=3490192|crit=0
L|1|MG_QT24|AM0|SEL|move=g7e6|slotScore=-23|top1=-16|gap=7|rule=slot|hit=slot|slotUsed=4|seed=3085778097|probs=|depth=14|nodes=295191|slots=1:-16,2:-16,3:-19,4:-23|crit=0
L|1|MG_QT24|AM0|REF|move=g7e6|score=16|mate=-|depth=27|nodes=3497451|crit=0
L|1|MG_QT24|AD0|SEL|move=f8f9|slotScore=-19|top1=-12|gap=7|rule=slot|hit=slot|slotUsed=3|seed=3456314272|probs=|depth=18|nodes=591455|slots=1:-12,2:-17,3:-19|crit=0
L|1|MG_QT24|AD0|REF|move=f8f9|score=15|mate=-|depth=27|nodes=3352813|crit=0
L|1|MG_QT24|EX0|SEL|move=g5e7|slotScore=-17|top1=-14|gap=3|rule=slot|hit=slot|slotUsed=2|seed=426688400|probs=|depth=20|nodes=910976|slots=1:-14,2:-17|crit=0
L|1|MG_QT24|EX0|REF|move=g5e7|score=15|mate=-|depth=28|nodes=3553907|crit=0
L|1|MG_QT24|CAP_AD|SEL|move=e8d7|slotScore=-24|top1=-17|gap=7|rule=cap|hit=cap|slotUsed=8|seed=95438303|probs=1:0,2:0,3:0,4:2,5:5,6:9,7:5,8:7|depth=13|nodes=306576|slots=1:-17,2:-17,3:-17,4:-19,5:-22,6:-26,7:-22,8:-24|crit=0
L|1|MG_QT24|CAP_AD|REF|move=e8d7|score=20|mate=-|depth=29|nodes=3630012|crit=0
L|1|MG_QT24|CAP_AM|SEL|move=c9a7|slotScore=-24|top1=-12|gap=12|rule=cap|hit=cap|slotUsed=8|seed=4272978136|probs=1:0,2:4,3:6,4:7,5:9,6:9,7:11,8:12|depth=13|nodes=307946|slots=1:-12,2:-16,3:-18,4:-19,5:-21,6:-21,7:-23,8:-24|crit=0
L|1|MG_QT24|CAP_AM|REF|move=c9a7|score=22|mate=-|depth=26|nodes=3602851|crit=0
L|1|MG_QT24|NOI_AD|SEL|move=g7f5|slotScore=-15|top1=-15|gap=0|rule=noise|hit=engine|slotUsed=1|seed=150304053|probs=p=0.1,legal=33|depth=14|nodes=316503|slots=1:-15,2:-15,3:-17,4:-21|crit=0
L|1|MG_QT24|NOI_AD|REF|move=g7f5|score=16|mate=-|depth=31|nodes=3658449|crit=0
L|1|MG_QT24|NOI_AM|SEL|move=g7f9|slotScore=NA|top1=-14|gap=NA|rule=noise|hit=rand|slotUsed=-1|seed=32860206|probs=p=0.25,legal=33|depth=14|nodes=286394|slots=1:-14,2:-16,3:-19,4:-19|crit=0
L|1|MG_QT24|NOI_AM|REF|move=g7f9|score=182|mate=-|depth=23|nodes=4081483|crit=0
L|1|MG_QT24|AC_AD|SEL|move=c9e7|slotScore=-30|top1=-22|gap=8|rule=capnoise|hit=cap|slotUsed=8|seed=1698662251|probs=cap=60,p=0.1,legal=33,1:0,2:0,3:1,4:1,5:5,6:6,7:7,8:8|depth=14|nodes=295636|slots=1:-22,2:-22,3:-23,4:-23,5:-27,6:-28,7:-29,8:-30|crit=0
L|1|MG_QT24|AC_AD|REF|move=c9e7|score=22|mate=-|depth=29|nodes=3582240|crit=0
L|1|MG_QT24|AC_AM|SEL|move=c9a7|slotScore=-27|top1=-16|gap=11|rule=capnoise|hit=cap|slotUsed=8|seed=1581234788|probs=cap=200,p=0.25,legal=33,1:0,2:1,3:2,4:2,5:8,6:8,7:9,8:11|depth=14|nodes=302998|slots=1:-16,2:-17,3:-18,4:-18,5:-24,6:-24,7:-25,8:-27|crit=0
L|1|MG_QT24|AC_AM|REF|move=c9a7|score=22|mate=-|depth=24|nodes=3516071|crit=0
L|1|MG_QT24|T8S1|SEL|move=g7f5|slotScore=-17|top1=-17|gap=0|rule=slot|hit=slot|slotUsed=1|seed=604541767|probs=|depth=13|nodes=310948|slots=1:-17,2:-17,3:-19,4:-21,5:-23,6:-22,7:-23,8:-23|crit=0
L|1|MG_QT24|T8S1|REF|move=g7f5|score=14|mate=-|depth=29|nodes=3648015|crit=0
L|1|MG_QT24|ANCH|SEL|move=g7f5|slotScore=-15|top1=-15|gap=0|rule=anchor|hit=anchor|slotUsed=1|seed=1387923987|probs=|depth=27|nodes=3490192|slots=1:-15|crit=0
L|1|MG_QT24|ANCH|REF|move=g7f5|score=17|mate=-|depth=30|nodes=3618430|crit=0
PROG|1|MG_QT24
L|1|MG_QT29|ANCHOR|move=b6b5|score=-22|mate=-|depth=23|nodes=3302429|crit=0
L|1|MG_QT29|AM0|SEL|move=a9c9|slotScore=-29|top1=-16|gap=13|rule=slot|hit=slot|slotUsed=4|seed=1582407890|probs=|depth=12|nodes=242650|slots=1:-16,2:-15,3:-22,4:-29|crit=0
L|1|MG_QT29|AM0|REF|move=a9c9|score=38|mate=-|depth=23|nodes=3188688|crit=0
L|1|MG_QT29|AD0|SEL|move=a9c9|slotScore=-25|top1=-15|gap=10|rule=slot|hit=slot|slotUsed=3|seed=3896189123|probs=|depth=15|nodes=534488|slots=1:-15,2:-20,3:-25|crit=0
L|1|MG_QT29|AD0|REF|move=a9c9|score=25|mate=-|depth=21|nodes=3154116|crit=0
L|1|MG_QT29|EX0|SEL|move=a9b9|slotScore=-23|top1=-22|gap=1|rule=slot|hit=slot|slotUsed=2|seed=755583531|probs=|depth=17|nodes=852168|slots=1:-22,2:-23|crit=0
L|1|MG_QT29|EX0|REF|move=a9b9|score=13|mate=-|depth=27|nodes=3460975|crit=0
L|1|MG_QT29|CAP_AD|SEL|move=b6c6|slotScore=-38|top1=-16|gap=22|rule=cap|hit=cap|slotUsed=8|seed=2445996054|probs=1:0,2:6,3:7,4:6,5:8,6:15,7:15,8:22|depth=12|nodes=267607|slots=1:-16,2:-22,3:-23,4:-22,5:-24,6:-31,7:-31,8:-38|crit=0
L|1|MG_QT29|CAP_AD|REF|move=b6c6|score=26|mate=-|depth=24|nodes=3503178|crit=0
L|1|MG_QT29|CAP_AM|SEL|move=c7b5|slotScore=-28|top1=-13|gap=15|rule=cap|hit=cap|slotUsed=8|seed=2294998573|probs=1:0,2:5,3:-1,4:6,5:7,6:11,7:12,8:15|depth=11|nodes=278174|slots=1:-13,2:-18,3:-12,4:-19,5:-20,6:-24,7:-25,8:-28|crit=0
L|1|MG_QT29|CAP_AM|REF|move=c7b5|score=31|mate=-|depth=23|nodes=3292861|crit=0
L|1|MG_QT29|NOI_AD|SEL|move=b6b5|slotScore=-14|top1=-14|gap=0|rule=noise|hit=engine|slotUsed=1|seed=2659836992|probs=p=0.1,legal=41|depth=12|nodes=260006|slots=1:-14,2:-15,3:-20,4:-20|crit=0
L|1|MG_QT29|NOI_AD|REF|move=b6b5|score=20|mate=-|depth=24|nodes=3435862|crit=0
L|1|MG_QT29|NOI_AM|SEL|move=b6b5|slotScore=-21|top1=-13|gap=8|rule=noise|hit=engine|slotUsed=4|seed=2508790679|probs=p=0.25,legal=41|depth=12|nodes=279759|slots=1:-13,2:-19,3:-23,4:-21|crit=0
L|1|MG_QT29|NOI_AM|REF|move=b6b5|score=19|mate=-|depth=26|nodes=3361142|crit=0
L|1|MG_QT29|AC_AD|SEL|move=b6b3|slotScore=-40|top1=-4|gap=36|rule=capnoise|hit=cap|slotUsed=8|seed=2304275412|probs=cap=60,p=0.1,legal=41,1:0,2:13,3:16,4:20,5:22,6:26,7:35,8:36|depth=13|nodes=310583|slots=1:-4,2:-17,3:-20,4:-24,5:-26,6:-30,7:-39,8:-40|crit=0
L|1|MG_QT29|AC_AD|REF|move=b6b3|score=49|mate=-|depth=25|nodes=3512932|crit=0
L|1|MG_QT29|AC_AM|SEL|move=c7b5|slotScore=-29|top1=-10|gap=19|rule=capnoise|hit=cap|slotUsed=8|seed=2421717211|probs=cap=200,p=0.25,legal=41,1:0,2:3,3:3,4:9,5:12,6:10,7:13,8:19|depth=12|nodes=286625|slots=1:-10,2:-13,3:-13,4:-19,5:-22,6:-20,7:-23,8:-29|crit=0
L|1|MG_QT29|AC_AM|REF|move=c7b5|score=40|mate=-|depth=22|nodes=3250511|crit=0
L|1|MG_QT29|T8S1|SEL|move=b6b5|slotScore=-16|top1=-16|gap=0|rule=slot|hit=slot|slotUsed=1|seed=2748901606|probs=|depth=12|nodes=299711|slots=1:-16,2:-17,3:-23,4:-24,5:-25,6:-32,7:-36,8:-37|crit=0
L|1|MG_QT29|T8S1|REF|move=b6b5|score=15|mate=-|depth=27|nodes=3561572|crit=0
L|1|MG_QT29|ANCH|SEL|move=b6b5|slotScore=-22|top1=-22|gap=0|rule=anchor|hit=anchor|slotUsed=1|seed=3387908298|probs=|depth=23|nodes=3302429|slots=1:-22|crit=0
L|1|MG_QT29|ANCH|REF|move=b6b5|score=11|mate=-|depth=25|nodes=3394629|crit=0
PROG|1|MG_QT29
L|1|MG_QT34|ANCHOR|move=d9d3|score=-5|mate=-|depth=25|nodes=3526028|crit=0
L|1|MG_QT34|AM0|SEL|move=d9b9|slotScore=-59|top1=-8|gap=51|rule=slot|hit=slot|slotUsed=4|seed=4103887028|probs=|depth=13|nodes=314201|slots=1:-8,2:-33,3:-40,4:-59|crit=0
L|1|MG_QT34|AM0|REF|move=d9b9|score=57|mate=-|depth=23|nodes=3711563|crit=0
L|1|MG_QT34|AD0|SEL|move=h9g7|slotScore=-39|top1=-6|gap=33|rule=slot|hit=slot|slotUsed=3|seed=2122832037|probs=|depth=15|nodes=581768|slots=1:-6,2:-25,3:-39|crit=0
L|1|MG_QT34|AD0|REF|move=h9g7|score=13|mate=-|depth=23|nodes=3780998|crit=0
L|1|MG_QT34|EX0|SEL|move=h9g7|slotScore=-19|top1=0|gap=19|rule=slot|hit=slot|slotUsed=2|seed=815783413|probs=|depth=18|nodes=762067|slots=1:0,2:-19|crit=0
L|1|MG_QT34|EX0|REF|move=h9g7|score=13|mate=-|depth=26|nodes=3487461|crit=0
L|1|MG_QT34|CAP_AD|SEL|move=d9b9|slotScore=-45|top1=-11|gap=34|rule=cap|hit=cap|slotUsed=4|seed=1497187316|probs=1:0,2:20,3:31,4:34,5:73,6:92,7:97,8:112|depth=11|nodes=319954|slots=1:-11,2:-31,3:-42,4:-45,5:-84,6:-103,7:-108,8:-123|crit=0
L|1|MG_QT34|CAP_AD|REF|move=d9b9|score=47|mate=-|depth=24|nodes=3726927|crit=0
L|1|MG_QT34|CAP_AM|SEL|move=a6a5|slotScore=-123|top1=-3|gap=120|rule=cap|hit=cap|slotUsed=8|seed=1614629115|probs=1:0,2:33,3:42,4:45,5:48,6:120,7:120,8:120|depth=11|nodes=305192|slots=1:-3,2:-36,3:-45,4:-48,5:-51,6:-123,7:-123,8:-123|crit=0
L|1|MG_QT34|CAP_AM|REF|move=a6a5|score=157|mate=-|depth=21|nodes=3678384|crit=0
L|1|MG_QT34|NOI_AD|SEL|move=b5b8|slotScore=NA|top1=-5|gap=NA|rule=noise|hit=rand|slotUsed=-1|seed=2500382770|probs=p=0.1,legal=32|depth=13|nodes=279745|slots=1:-5,2:-23,3:-33,4:-60|crit=0
L|1|MG_QT34|NOI_AD|REF|move=b5b8|score=499|mate=-|depth=21|nodes=3202139|crit=0
L|1|MG_QT34|NOI_AM|SEL|move=d9c9|slotScore=NA|top1=-9|gap=NA|rule=noise|hit=rand|slotUsed=-1|seed=2617826617|probs=p=0.25,legal=32|depth=14|nodes=288462|slots=1:-9,2:-33,3:-37,4:-55|crit=0
L|1|MG_QT34|NOI_AM|REF|move=d9c9|score=157|mate=-|depth=24|nodes=3575855|crit=0
L|1|MG_QT34|AC_AD|SEL|move=b5a5|slotScore=-59|top1=-10|gap=49|rule=capnoise|hit=cap|slotUsed=5|seed=1081496326|probs=cap=60,p=0.1,legal=32,1:0,2:28,3:32,4:49,5:49,6:100,7:102,8:111|depth=13|nodes=317643|slots=1:-10,2:-38,3:-42,4:-59,5:-59,6:-110,7:-112,8:-121|crit=0
L|1|MG_QT34|AC_AD|REF|move=b5a5|score=31|mate=-|depth=21|nodes=3849812|crit=0
L|1|MG_QT34|AC_AM|SEL|move=g9i7|slotScore=NA|top1=-15|gap=NA|rule=capnoise|hit=rand|slotUsed=-1|seed=930496861|probs=cap=200,p=0.25,legal=32,1:0,2:18,3:31,4:39,5:39,6:83,7:90,8:120,wouldBe=8|depth=12|nodes=314214|slots=1:-15,2:-33,3:-46,4:-54,5:-54,6:-98,7:-105,8:-135|crit=0
L|1|MG_QT34|AC_AM|REF|move=g9i7|score=351|mate=-|depth=20|nodes=3762983|crit=0
L|1|MG_QT34|T8S1|SEL|move=d9d3|slotScore=-16|top1=-16|gap=0|rule=slot|hit=slot|slotUsed=1|seed=2579717992|probs=|depth=12|nodes=304638|slots=1:-16,2:-36,3:-50,4:-54,5:-67,6:-118,7:-125,8:-133|crit=0
L|1|MG_QT34|T8S1|REF|move=d9d3|score=6|mate=-|depth=24|nodes=3297551|crit=0
L|1|MG_QT34|ANCH|SEL|move=d9d3|slotScore=-5|top1=-5|gap=0|rule=anchor|hit=anchor|slotUsed=1|seed=408029832|probs=|depth=25|nodes=3526028|slots=1:-5|crit=0
L|1|MG_QT34|ANCH|REF|move=d9d3|score=3|mate=-|depth=25|nodes=3370939|crit=0
PROG|1|MG_QT34
L|1|MG_QT39|ANCHOR|move=b5c5|score=-2|mate=-|depth=26|nodes=3389761|crit=0
L|1|MG_QT39|AM0|SEL|move=c7d5|slotScore=-18|top1=-4|gap=14|rule=slot|hit=slot|slotUsed=4|seed=455030947|probs=|depth=12|nodes=284797|slots=1:-4,2:-6,3:-7,4:-18|crit=0
L|1|MG_QT39|AM0|REF|move=c7d5|score=18|mate=-|depth=25|nodes=3235676|crit=0
L|1|MG_QT39|AD0|SEL|move=f5f7|slotScore=-6|top1=-4|gap=2|rule=slot|hit=slot|slotUsed=3|seed=288715058|probs=|depth=15|nodes=529550|slots=1:-4,2:-6,3:-6|crit=0
L|1|MG_QT39|AD0|REF|move=f5f7|score=5|mate=-|depth=26|nodes=3493587|crit=0
L|1|MG_QT39|EX0|SEL|move=d9b9|slotScore=-8|top1=-1|gap=7|rule=slot|hit=slot|slotUsed=2|seed=1554040290|probs=|depth=19|nodes=902726|slots=1:-1,2:-8|crit=0
L|1|MG_QT39|EX0|REF|move=d9b9|score=8|mate=-|depth=26|nodes=3485768|crit=0
L|1|MG_QT39|CAP_AD|SEL|move=f5f6|slotScore=-26|top1=-2|gap=24|rule=cap|hit=cap|slotUsed=8|seed=2193823277|probs=1:0,2:3,3:7,4:15,5:16,6:18,7:21,8:24|depth=12|nodes=291923|slots=1:-2,2:-5,3:-9,4:-17,5:-18,6:-20,7:-23,8:-26|crit=0
L|1|MG_QT39|CAP_AD|REF|move=f5f6|score=19|mate=-|depth=27|nodes=3618690|crit=0
L|1|MG_QT39|CAP_AM|SEL|move=a6a5|slotScore=-19|top1=0|gap=19|rule=cap|hit=cap|slotUsed=8|seed=2344869910|probs=1:0,2:8,3:9,4:11,5:13,6:15,7:18,8:19|depth=12|nodes=289922|slots=1:0,2:-8,3:-9,4:-11,5:-13,6:-15,7:-18,8:-19|crit=0
L|1|MG_QT39|CAP_AM|REF|move=a6a5|score=12|mate=-|depth=23|nodes=3270465|crit=0
L|1|MG_QT39|NOI_AD|SEL|move=b5c5|slotScore=-2|top1=-2|gap=0|rule=noise|hit=engine|slotUsed=1|seed=3179617991|probs=p=0.1,legal=43|depth=12|nodes=257533|slots=1:-2,2:-6,3:-6,4:-8|crit=0
L|1|MG_QT39|NOI_AD|REF|move=b5c5|score=1|mate=-|depth=30|nodes=3635127|crit=0
L|1|MG_QT39|NOI_AM|SEL|move=e8f7|slotScore=NA|top1=-5|gap=NA|rule=noise|hit=rand|slotUsed=-1|seed=3330664624|probs=p=0.25,legal=43|depth=13|nodes=254412|slots=1:-5,2:-7,3:-8,4:-12|crit=0
L|1|MG_QT39|NOI_AM|REF|move=e8f7|score=59|mate=-|depth=22|nodes=3576312|crit=0
L|1|MG_QT39|AC_AD|SEL|move=f5f6|slotScore=-22|top1=-3|gap=19|rule=capnoise|hit=cap|slotUsed=8|seed=1861244781|probs=cap=60,p=0.1,legal=43,1:0,2:5,3:5,4:7,5:8,6:15,7:18,8:19|depth=12|nodes=297194|slots=1:-3,2:-8,3:-8,4:-10,5:-11,6:-18,7:-21,8:-22|crit=0
L|1|MG_QT39|AC_AD|REF|move=f5f6|score=19|mate=-|depth=26|nodes=3511220|crit=0
L|1|MG_QT39|AC_AM|SEL|move=e6e5|slotScore=NA|top1=-3|gap=NA|rule=capnoise|hit=rand|slotUsed=-1|seed=2012225878|probs=cap=200,p=0.25,legal=43,1:0,2:4,3:5,4:5,5:10,6:12,7:17,8:17,wouldBe=8|depth=11|nodes=283557|slots=1:-3,2:-7,3:-8,4:-8,5:-13,6:-15,7:-20,8:-20|crit=0
L|1|MG_QT39|AC_AM|REF|move=e6e5|score=394|mate=-|depth=20|nodes=3288103|crit=0
L|1|MG_QT39|T8S1|SEL|move=b5c5|slotScore=-8|top1=-8|gap=0|rule=slot|hit=slot|slotUsed=1|seed=3222710001|probs=|depth=12|nodes=298022|slots=1:-8,2:-10,3:-13,4:-14,5:-15,6:-18,7:-20,8:-25|crit=0
L|1|MG_QT39|T8S1|REF|move=b5c5|score=3|mate=-|depth=29|nodes=3604792|crit=0
L|1|MG_QT39|ANCH|SEL|move=b5c5|slotScore=-2|top1=-2|gap=0|rule=anchor|hit=anchor|slotUsed=1|seed=3926064425|probs=|depth=26|nodes=3389761|slots=1:-2|crit=0
L|1|MG_QT39|ANCH|REF|move=b5c5|score=6|mate=-|depth=27|nodes=3325523|crit=0
PROG|1|MG_QT39
L|1|MG_QH01|ANCHOR|move=g2f4|score=-4|mate=-|depth=22|nodes=3475062|crit=0
L|1|MG_QH01|AM0|SEL|move=d0e1|slotScore=-1|top1=2|gap=3|rule=slot|hit=slot|slotUsed=4|seed=3842925748|probs=|depth=12|nodes=282134|slots=1:2,2:1,3:-5,4:-1|crit=0
L|1|MG_QH01|AM0|REF|move=d0e1|score=1|mate=-|depth=22|nodes=3592488|crit=0
L|1|MG_QH01|AD0|SEL|move=d0e1|slotScore=-4|top1=3|gap=7|rule=slot|hit=slot|slotUsed=3|seed=1861870757|probs=|depth=14|nodes=534422|slots=1:3,2:-3,3:-4|crit=0
L|1|MG_QH01|AD0|REF|move=d0e1|score=0|mate=-|depth=26|nodes=3648815|crit=0
L|1|MG_QH01|EX0|SEL|move=e3e4|slotScore=-5|top1=0|gap=5|rule=slot|hit=slot|slotUsed=2|seed=554822133|probs=|depth=16|nodes=875075|slots=1:0,2:-5|crit=0
L|1|MG_QH01|EX0|REF|move=e3e4|score=4|mate=-|depth=24|nodes=3410718|crit=0
L|1|MG_QH01|CAP_AD|SEL|move=a0a1|slotScore=-23|top1=1|gap=24|rule=cap|hit=cap|slotUsed=8|seed=2755102708|probs=1:0,2:1,3:3,4:1,5:17,6:18,7:24,8:24|depth=11|nodes=287802|slots=1:1,2:0,3:-2,4:0,5:-16,6:-17,7:-23,8:-23|crit=0
L|1|MG_QH01|CAP_AD|REF|move=a0a1|score=4|mate=-|depth=28|nodes=3559683|crit=0
L|1|MG_QH01|CAP_AM|SEL|move=i3i4|slotScore=-19|top1=8|gap=27|rule=cap|hit=cap|slotUsed=8|seed=2872544507|probs=1:0,2:5,3:6,4:1,5:6,6:11,7:18,8:27|depth=11|nodes=289064|slots=1:8,2:3,3:2,4:7,5:2,6:-3,7:-10,8:-19|crit=0
L|1|MG_QH01|CAP_AM|REF|move=i3i4|score=19|mate=-|depth=22|nodes=3361953|crit=0
L|1|MG_QH01|NOI_AD|SEL|move=e3e4|slotScore=7|top1=7|gap=0|rule=noise|hit=engine|slotUsed=1|seed=3758429234|probs=p=0.1,legal=33|depth=13|nodes=291365|slots=1:7,2:0,3:7,4:5|crit=0
L|1|MG_QH01|NOI_AD|REF|move=e3e4|score=6|mate=-|depth=22|nodes=3297055|crit=0
L|1|MG_QH01|NOI_AM|SEL|move=a3a4|slotScore=NA|top1=2|gap=NA|rule=noise|hit=rand|slotUsed=-1|seed=3875922233|probs=p=0.25,legal=33|depth=12|nodes=295088|slots=1:2,2:4,3:1,4:0|crit=0
L|1|MG_QH01|NOI_AM|REF|move=a3a4|score=35|mate=-|depth=23|nodes=3471557|crit=0
L|1|MG_QH01|AC_AD|SEL|move=c2e1|slotScore=-9|top1=12|gap=21|rule=capnoise|hit=cap|slotUsed=8|seed=2992291590|probs=cap=60,p=0.1,legal=33,1:0,2:8,3:8,4:11,5:17,6:18,7:27,8:21|depth=11|nodes=291375|slots=1:12,2:4,3:4,4:1,5:-5,6:-6,7:-15,8:-9|crit=0
L|1|MG_QH01|AC_AD|REF|move=c2e1|score=27|mate=-|depth=23|nodes=3499004|crit=0
L|1|MG_QH01|AC_AM|SEL|move=c2e1|slotScore=-21|top1=4|gap=25|rule=capnoise|hit=cap|slotUsed=8|seed=2841292125|probs=cap=200,p=0.25,legal=33,1:0,2:0,3:3,4:3,5:13,6:15,7:22,8:25|depth=12|nodes=295912|slots=1:4,2:4,3:1,4:1,5:-9,6:-11,7:-18,8:-21|crit=0
L|1|MG_QH01|AC_AM|REF|move=c2e1|score=23|mate=-|depth=23|nodes=3339666|crit=0
L|1|MG_QH01|T8S1|SEL|move=d0e1|slotScore=2|top1=2|gap=0|rule=slot|hit=slot|slotUsed=1|seed=484901736|probs=|depth=11|nodes=299136|slots=1:2,2:1,3:-1,4:-2,5:-9,6:-9,7:-12,8:-22|crit=0
L|1|MG_QH01|T8S1|REF|move=d0e1|score=-5|mate=-|depth=22|nodes=3449730|crit=0
L|1|MG_QH01|ANCH|SEL|move=g2f4|slotScore=-4|top1=-4|gap=0|rule=anchor|hit=anchor|slotUsed=1|seed=2608262792|probs=|depth=22|nodes=3475062|slots=1:-4|crit=0
L|1|MG_QH01|ANCH|REF|move=g2f4|score=-2|mate=-|depth=24|nodes=3385712|crit=0
PROG|1|MG_QH01
L|1|MG_QB3|ANCHOR|move=a0b0|score=328|mate=-|depth=19|nodes=3093667|crit=0
L|1|MG_QB3|AM0|SEL|move=i1f1|slotScore=240|top1=308|gap=68|rule=slot|hit=slot|slotUsed=4|seed=4045032880|probs=|depth=10|nodes=301672|slots=1:308,2:281,3:277,4:240|crit=0
L|1|MG_QB3|AM0|REF|move=i1f1|score=-184|mate=-|depth=21|nodes=3344232|crit=0
L|1|MG_QB3|AD0|SEL|move=c4a4|slotScore=309|top1=352|gap=43|rule=slot|hit=slot|slotUsed=3|seed=3674482305|probs=|depth=15|nodes=545754|slots=1:352,2:348,3:309|crit=0
L|1|MG_QB3|AD0|REF|move=c4a4|score=-285|mate=-|depth=19|nodes=3042472|crit=0
L|1|MG_QB3|EX0|SEL|move=c4a4|slotScore=273|top1=326|gap=53|rule=slot|hit=slot|slotUsed=2|seed=2831419713|probs=|depth=14|nodes=754474|slots=1:326,2:273|crit=0
L|1|MG_QB3|EX0|REF|move=c4a4|score=-296|mate=-|depth=21|nodes=3363459|crit=0
L|1|MG_QB3|CAP_AD|SEL|move=c4b4|slotScore=256|top1=314|gap=58|rule=cap|hit=cap|slotUsed=5|seed=1369933488|probs=1:0,2:36,3:50,4:55,5:58,6:113,7:123,8:124|depth=10|nodes=285164|slots=1:314,2:278,3:264,4:259,5:256,6:201,7:191,8:190|crit=0
L|1|MG_QB3|CAP_AD|REF|move=c4b4|score=-205|mate=-|depth=20|nodes=2997159|crit=0
L|1|MG_QB3|CAP_AM|SEL|move=c4b4|slotScore=180|top1=305|gap=125|rule=cap|hit=cap|slotUsed=8|seed=1218950343|probs=1:0,2:29,3:60,4:62,5:64,6:101,7:105,8:125|depth=10|nodes=293937|slots=1:305,2:276,3:245,4:243,5:241,6:204,7:200,8:180|crit=0
L|1|MG_QB3|CAP_AM|REF|move=c4b4|score=-186|mate=-|depth=21|nodes=3040146|crit=0
L|1|MG_QB3|NOI_AD|SEL|move=a0b0|slotScore=311|top1=311|gap=0|rule=noise|hit=engine|slotUsed=1|seed=3726130878|probs=p=0.1,legal=39|depth=11|nodes=307702|slots=1:311,2:308,3:269,4:218|crit=0
L|1|MG_QB3|NOI_AD|REF|move=a0b0|score=-389|mate=-|depth=20|nodes=3527785|crit=0
L|1|MG_QB3|NOI_AM|SEL|move=c4i4|slotScore=259|top1=348|gap=89|rule=noise|hit=engine|slotUsed=4|seed=3843558277|probs=p=0.25,legal=39|depth=10|nodes=281658|slots=1:348,2:346,3:266,4:259|crit=0
L|1|MG_QB3|NOI_AM|REF|move=c4i4|score=-217|mate=-|depth=21|nodes=3569206|crit=0
L|1|MG_QB3|AC_AD|SEL|move=a0b0|slotScore=322|top1=329|gap=7|rule=capnoise|hit=cap|slotUsed=2|seed=1311320490|probs=cap=60,p=0.1,legal=39,1:0,2:7,3:68,4:107,5:118,6:134,7:110,8:118|depth=8|nodes=331858|slots=1:329,2:322,3:261,4:222,5:211,6:195,7:219,8:211|crit=0
L|1|MG_QB3|AC_AD|REF|move=a0b0|score=-337|mate=-|depth=20|nodes=3141563|crit=0
L|1|MG_QB3|AC_AM|SEL|move=i1e1|slotScore=NA|top1=325|gap=NA|rule=capnoise|hit=rand|slotUsed=-1|seed=1160339393|probs=cap=200,p=0.25,legal=39,1:0,2:18,3:50,4:72,5:79,6:91,7:99,8:126,wouldBe=8|depth=10|nodes=329942|slots=1:325,2:307,3:275,4:253,5:246,6:234,7:226,8:199|crit=0
L|1|MG_QB3|AC_AM|REF|move=i1e1|score=-56|mate=-|depth=21|nodes=3650153|crit=0
L|1|MG_QB3|T8S1|SEL|move=a0b0|slotScore=318|top1=318|gap=0|rule=slot|hit=slot|slotUsed=1|seed=3585793772|probs=|depth=10|nodes=314202|slots=1:318,2:290,3:262,4:212,5:213,6:205,7:196,8:192|crit=0
L|1|MG_QB3|T8S1|REF|move=a0b0|score=-339|mate=-|depth=19|nodes=3040697|crit=0
L|1|MG_QB3|ANCH|SEL|move=a0b0|slotScore=328|top1=328|gap=0|rule=anchor|hit=anchor|slotUsed=1|seed=3750202956|probs=|depth=19|nodes=3093667|slots=1:328|crit=0
L|1|MG_QB3|ANCH|REF|move=a0b0|score=-343|mate=-|depth=20|nodes=3051668|crit=0
PROG|1|MG_QB3
L|1|MG_QB9|ANCHOR|move=a6b6|score=582|mate=-|depth=21|nodes=2898978|crit=0
L|1|MG_QB9|AM0|SEL|move=e3e5|slotScore=527|top1=572|gap=45|rule=slot|hit=slot|slotUsed=4|seed=1831968470|probs=|depth=11|nodes=231221|slots=1:572,2:551,3:539,4:527|crit=0
L|1|MG_QB9|AM0|REF|move=e3e5|score=-572|mate=-|depth=21|nodes=2891347|crit=0
L|1|MG_QB9|AD0|SEL|move=i8d8|slotScore=543|top1=571|gap=28|rule=slot|hit=slot|slotUsed=3|seed=1461352359|probs=|depth=12|nodes=433785|slots=1:571,2:566,3:543|crit=0
L|1|MG_QB9|AD0|REF|move=i8d8|score=-580|mate=-|depth=22|nodes=2989416|crit=0
L|1|MG_QB9|EX0|SEL|move=i8d8|slotScore=563|top1=570|gap=7|rule=slot|hit=slot|slotUsed=2|seed=3030291183|probs=|depth=13|nodes=727327|slots=1:570,2:563|crit=0
L|1|MG_QB9|EX0|REF|move=i8d8|score=-596|mate=-|depth=21|nodes=2906465|crit=0
L|1|MG_QB9|CAP_AD|SEL|move=h9g7|slotScore=533|top1=591|gap=58|rule=cap|hit=cap|slotUsed=7|seed=4117959370|probs=1:0,2:24,3:42,4:45,5:51,6:55,7:58,8:64|depth=11|nodes=240670|slots=1:591,2:567,3:549,4:546,5:540,6:536,7:533,8:527|crit=0
L|1|MG_QB9|CAP_AD|REF|move=h9g7|score=-538|mate=-|depth=20|nodes=3016129|crit=0
L|1|MG_QB9|CAP_AM|SEL|move=h9g7|slotScore=528|top1=569|gap=41|rule=cap|hit=cap|slotUsed=8|seed=3966959841|probs=1:0,2:0,3:30,4:45,5:6,6:8,7:12,8:41|depth=11|nodes=237238|slots=1:569,2:569,3:539,4:524,5:563,6:561,7:557,8:528|crit=0
L|1|MG_QB9|CAP_AM|REF|move=h9g7|score=-538|mate=-|depth=21|nodes=2966512|crit=0
L|1|MG_QB9|NOI_AD|SEL|move=c6c5|slotScore=599|top1=599|gap=0|rule=noise|hit=engine|slotUsed=1|seed=2329755364|probs=p=0.1,legal=41|depth=11|nodes=209387|slots=1:599,2:576,3:547,4:542|crit=0
L|1|MG_QB9|NOI_AD|REF|move=c6c5|score=-601|mate=-|depth=22|nodes=2812178|crit=0
L|1|MG_QB9|NOI_AM|SEL|move=i8f8|slotScore=535|top1=585|gap=50|rule=noise|hit=engine|slotUsed=4|seed=2447182827|probs=p=0.25,legal=41|depth=11|nodes=224525|slots=1:585,2:585,3:571,4:535|crit=0
L|1|MG_QB9|NOI_AM|REF|move=i8f8|score=-584|mate=-|depth=20|nodes=2876465|crit=0
L|1|MG_QB9|AC_AD|SEL|move=e3e4|slotScore=517|top1=577|gap=60|rule=capnoise|hit=cap|slotUsed=8|seed=2678869984|probs=cap=60,p=0.1,legal=41,1:0,2:4,3:12,4:31,5:37,6:44,7:45,8:60|depth=11|nodes=245067|slots=1:577,2:573,3:565,4:546,5:540,6:533,7:532,8:517|crit=0
L|1|MG_QB9|AC_AD|REF|move=e3e4|score=-522|mate=-|depth=25|nodes=3052860|crit=0
L|1|MG_QB9|AC_AM|SEL|move=i8b8|slotScore=526|top1=579|gap=53|rule=capnoise|hit=cap|slotUsed=8|seed=2527886647|probs=cap=200,p=0.25,legal=41,1:0,2:13,3:20,4:30,5:32,6:38,7:46,8:53|depth=11|nodes=243821|slots=1:579,2:566,3:559,4:549,5:547,6:541,7:533,8:526|crit=0
L|1|MG_QB9|AC_AM|REF|move=i8b8|score=-552|mate=-|depth=22|nodes=2939465|crit=0
L|1|MG_QB9|T8S1|SEL|move=i8d8|slotScore=577|top1=577|gap=0|rule=slot|hit=slot|slotUsed=1|seed=1811917378|probs=|depth=11|nodes=238547|slots=1:577,2:571,3:565,4:553,5:547,6:539,7:534,8:515|crit=0
L|1|MG_QB9|T8S1|REF|move=i8d8|score=-597|mate=-|depth=22|nodes=2872837|crit=0
L|1|MG_QB9|ANCH|SEL|move=a6b6|slotScore=582|top1=582|gap=0|rule=anchor|hit=anchor|slotUsed=1|seed=944432214|probs=|depth=21|nodes=2898978|slots=1:582|crit=0
L|1|MG_QB9|ANCH|REF|move=a6b6|score=-592|mate=-|depth=22|nodes=2932672|crit=0
PROG|1|MG_QB9
DRV DONE positions=17 round=1
