DRV: not isolated, registering SW (try 0)
DRV: not isolated, registering SW (try 1)
DRV: isolated ok, task=task_ac_smoke.json
DRV: engine ready
L|1|OP00|ANCHOR|move=h2e2|score=29|mate=-|depth=22|nodes=2891072|crit=0
L|1|OP00|AM0|SEL|move=b2e2|slotScore=23|top1=26|gap=3|rule=slot|hit=slot|slotUsed=4|seed=3585202956|probs=|depth=13|nodes=266165|slots=1:26,2:27,3:26,4:23|crit=0
L|1|OP00|AM0|REF|move=b2e2|score=-23|mate=-|depth=25|nodes=3494016|crit=0
L|1|OP00|AD0|SEL|move=b2e2|slotScore=23|top1=26|gap=3|rule=slot|hit=slot|slotUsed=3|seed=3217079693|probs=|depth=15|nodes=542077|slots=1:26,2:25,3:23|crit=0
L|1|OP00|AD0|REF|move=b2e2|score=-25|mate=-|depth=25|nodes=3492330|crit=0
L|1|OP00|EX0|SEL|move=b2e2|slotScore=24|top1=26|gap=2|rule=slot|hit=slot|slotUsed=2|seed=1917960301|probs=|depth=17|nodes=892314|slots=1:26,2:24|crit=0
L|1|OP00|EX0|REF|move=b2e2|score=-21|mate=-|depth=25|nodes=3570400|crit=0
L|1|OP00|CAP_AD|SEL|move=h2d2|slotScore=17|top1=27|gap=10|rule=cap|hit=cap|slotUsed=8|seed=2549644060|probs=1:0,2:2,3:5,4:5,5:6,6:10,7:12,8:10|depth=12|nodes=277168|slots=1:27,2:25,3:22,4:22,5:21,6:17,7:15,8:17|crit=0
L|1|OP00|CAP_AD|REF|move=h2d2|score=-7|mate=-|depth=24|nodes=3216806|crit=0
L|1|OP00|CAP_AM|SEL|move=h0g2|slotScore=17|top1=29|gap=12|rule=cap|hit=cap|slotUsed=8|seed=2398644531|probs=1:0,2:1,3:3,4:3,5:7,6:7,7:10,8:12|depth=12|nodes=280913|slots=1:29,2:28,3:26,4:26,5:22,6:22,7:19,8:17|crit=0
L|1|OP00|CAP_AM|REF|move=h0g2|score=-9|mate=-|depth=24|nodes=3578162|crit=0
L|1|OP00|NOI_AD|SEL|move=h2e2|slotScore=30|top1=30|gap=0|rule=noise|hit=engine|slotUsed=1|seed=522449450|probs=p=0.1,legal=44|depth=13|nodes=275849|slots=1:30,2:24,3:28,4:25|crit=0
L|1|OP00|NOI_AD|REF|move=h2e2|score=-22|mate=-|depth=23|nodes=3268510|crit=0
L|1|OP00|NOI_AM|SEL|move=h2e2|slotScore=23|top1=27|gap=4|rule=noise|hit=engine|slotUsed=4|seed=371449921|probs=p=0.25,legal=44|depth=13|nodes=237941|slots=1:27,2:27,3:23,4:23|crit=0
L|1|OP00|NOI_AM|REF|move=h2e2|score=-16|mate=-|depth=24|nodes=3304941|crit=0
L|1|OP00|AC_AD|SEL|move=b2a2|slotScore=12|top1=29|gap=17|rule=capnoise|hit=cap|slotUsed=8|seed=3810069534|probs=cap=60,p=0.1,legal=44,1:0,2:4,3:6,4:7,5:8,6:12,7:15,8:17|depth=11|nodes=281917|slots=1:29,2:25,3:23,4:22,5:21,6:17,7:14,8:12|crit=0
L|1|OP00|AC_AD|REF|move=b2a2|score=-2|mate=-|depth=23|nodes=3169373|crit=0
L|1|OP00|AC_AM|SEL|move=b2a2|slotScore=NA|top1=27|gap=NA|rule=capnoise|hit=rand|slotUsed=-1|seed=3927513573|probs=cap=200,p=0.25,legal=44,1:0,2:3,3:3,4:5,5:10,6:10,7:11,8:12,wouldBe=8|depth=12|nodes=290919|slots=1:27,2:24,3:24,4:22,5:17,6:17,7:16,8:15|crit=0
L|1|OP00|AC_AM|REF|move=b2a2|score=-1|mate=-|depth=24|nodes=3344305|crit=0
L|1|OP00|T8S1|SEL|move=c3c4|slotScore=28|top1=28|gap=0|rule=slot|hit=slot|slotUsed=1|seed=666375856|probs=|depth=12|nodes=298157|slots=1:28,2:26,3:24,4:21,5:15,6:12,7:12,8:10|crit=0
L|1|OP00|T8S1|REF|move=c3c4|score=-22|mate=-|depth=23|nodes=3454881|crit=0
L|1|OP00|ANCH|SEL|move=h2e2|slotScore=29|top1=29|gap=0|rule=anchor|hit=anchor|slotUsed=1|seed=302105856|probs=|depth=22|nodes=2891072|slots=1:29|crit=0
L|1|OP00|ANCH|REF|move=h2e2|score=-16|mate=-|depth=23|nodes=3412252|crit=0
PROG|1|OP00
L|1|MG_QT01|ANCHOR|move=c7b9|score=-27|mate=-|depth=26|nodes=3704107|crit=0
L|1|MG_QT01|AM0|SEL|move=h9g7|slotScore=-618|top1=-36|gap=582|rule=slot|hit=slot|slotUsed=4|seed=2326722624|probs=|depth=15|nodes=295357|slots=1:-36,2:-527,3:-612,4:-618|crit=0
L|1|MG_QT01|AM0|REF|move=h9g7|score=616|mate=-|depth=23|nodes=3121702|crit=0
L|1|MG_QT01|AD0|SEL|move=f9e8|slotScore=-600|top1=-30|gap=570|rule=slot|hit=slot|slotUsed=3|seed=4103703505|probs=|depth=18|nodes=577610|slots=1:-30,2:-599,3:-600|crit=0
L|1|MG_QT01|AD0|REF|move=f9e8|score=611|mate=-|depth=24|nodes=3091113|crit=0
L|1|MG_QT01|EX0|SEL|move=c6c5|slotScore=-573|top1=-27|gap=546|rule=slot|hit=slot|slotUsed=2|seed=1066326257|probs=|depth=19|nodes=836783|slots=1:-27,2:-573|crit=0
L|1|MG_QT01|EX0|REF|move=c6c5|score=602|mate=-|depth=25|nodes=3192918|crit=0
L|1|MG_QT01|CAP_AD|SEL|move=c7b9|slotScore=-30|top1=-30|gap=0|rule=cap|hit=above|slotUsed=1|seed=2698764928|probs=1:0,2:560,3:570,4:578,5:580,6:582,7:597,8:587|depth=14|nodes=307795|slots=1:-30,2:-590,3:-600,4:-608,5:-610,6:-612,7:-627,8:-617|crit=0
L|1|MG_QT01|CAP_AD|REF|move=c7b9|score=31|mate=-|depth=27|nodes=3586976|crit=0
L|1|MG_QT01|CAP_AM|SEL|move=c7b9|slotScore=-30|top1=-30|gap=0|rule=cap|hit=above|slotUsed=1|seed=2547716311|probs=1:0,2:566,3:567,4:577,5:580,6:587,7:580,8:586|depth=14|nodes=284865|slots=1:-30,2:-596,3:-597,4:-607,5:-610,6:-617,7:-610,8:-616|crit=0
L|1|MG_QT01|CAP_AM|REF|move=c7b9|score=29|mate=-|depth=26|nodes=3737792|crit=0
L|1|MG_QT01|NOI_AD|SEL|move=c7b9|slotScore=-31|top1=-31|gap=0|rule=noise|hit=engine|slotUsed=1|seed=2606396142|probs=p=0.1,legal=30|depth=16|nodes=283812|slots=1:-31,2:-380,3:-593,4:-602|crit=0
L|1|MG_QT01|NOI_AD|REF|move=c7b9|score=36|mate=-|depth=27|nodes=3635778|crit=0
L|1|MG_QT01|NOI_AM|SEL|move=a7a9|slotScore=NA|top1=-35|gap=NA|rule=noise|hit=rand|slotUsed=-1|seed=2723839989|probs=p=0.25,legal=30|depth=15|nodes=280987|slots=1:-35,2:-606,3:-608,4:-615|crit=0
L|1|MG_QT01|NOI_AM|REF|move=a7a9|score=689|mate=-|depth=22|nodes=3181769|crit=0
L|1|MG_QT01|AC_AD|SEL|move=c7b9|slotScore=-34|top1=-34|gap=0|rule=capnoise|hit=above|slotUsed=1|seed=2279017658|probs=cap=60,p=0.1,legal=30,1:0,2:558,3:568,4:582,5:582,6:590,7:591,8:591|depth=13|nodes=293218|slots=1:-34,2:-592,3:-602,4:-616,5:-616,6:-624,7:-625,8:-625|crit=0
L|1|MG_QT01|AC_AD|REF|move=c7b9|score=37|mate=-|depth=28|nodes=3685562|crit=0
L|1|MG_QT01|AC_AM|SEL|move=c7b9|slotScore=-34|top1=-34|gap=0|rule=capnoise|hit=above|slotUsed=1|seed=2128020177|probs=cap=200,p=0.25,legal=30,1:0,2:566,3:566,4:572,5:575,6:581,7:585,8:586|depth=14|nodes=309248|slots=1:-34,2:-600,3:-600,4:-606,5:-609,6:-615,7:-619,8:-620|crit=0
L|1|MG_QT01|AC_AM|REF|move=c7b9|score=36|mate=-|depth=26|nodes=3584816|crit=0
L|1|MG_QT01|T8S1|SEL|move=c7b9|slotScore=-34|top1=-34|gap=0|rule=slot|hit=slot|slotUsed=1|seed=2142798652|probs=|depth=14|nodes=302672|slots=1:-34,2:-570,3:-597,4:-599,5:-619,6:-619,7:-621,8:-621|crit=0
L|1|MG_QT01|T8S1|REF|move=c7b9|score=36|mate=-|depth=26|nodes=3613992|crit=0
L|1|MG_QT01|ANCH|SEL|move=c7b9|slotScore=-27|top1=-27|gap=0|rule=anchor|hit=anchor|slotUsed=1|seed=859910748|probs=|depth=26|nodes=3704107|slots=1:-27|crit=0
L|1|MG_QT01|ANCH|REF|move=c7b9|score=33|mate=-|depth=26|nodes=3589831|crit=0
PROG|1|MG_QT01
L|1|MG_QB3|ANCHOR|move=a0b0|score=335|mate=-|depth=19|nodes=3261970|crit=0
L|1|MG_QB3|AM0|SEL|move=d1f2|slotScore=219|top1=321|gap=102|rule=slot|hit=slot|slotUsed=4|seed=4045032880|probs=|depth=10|nodes=306570|slots=1:321,2:268,3:239,4:219|crit=0
L|1|MG_QB3|AM0|REF|move=d1f2|score=-150|mate=-|depth=20|nodes=3750686|crit=0
L|1|MG_QB3|AD0|SEL|move=c4a4|slotScore=274|top1=341|gap=67|rule=slot|hit=slot|slotUsed=3|seed=3674482305|probs=|depth=13|nodes=570143|slots=1:341,2:301,3:274|crit=0
L|1|MG_QB3|AD0|REF|move=c4a4|score=-287|mate=-|depth=19|nodes=3303999|crit=0
L|1|MG_QB3|EX0|SEL|move=i1h1|slotScore=347|top1=364|gap=17|rule=slot|hit=slot|slotUsed=2|seed=2831419713|probs=|depth=15|nodes=946994|slots=1:364,2:347|crit=0
L|1|MG_QB3|EX0|REF|move=i1h1|score=-402|mate=-|depth=19|nodes=3595508|crit=0
L|1|MG_QB3|CAP_AD|SEL|move=c4a4|slotScore=294|top1=330|gap=36|rule=cap|hit=cap|slotUsed=3|seed=1369933488|probs=1:0,2:15,3:36,4:68,5:80,6:113,7:121,8:123|depth=9|nodes=327476|slots=1:330,2:315,3:294,4:262,5:250,6:217,7:209,8:207|crit=0
L|1|MG_QB3|CAP_AD|REF|move=c4a4|score=-306|mate=-|depth=20|nodes=3372109|crit=0
L|1|MG_QB3|CAP_AM|SEL|move=c4f4|slotScore=214|top1=311|gap=97|rule=cap|hit=cap|slotUsed=8|seed=1218950343|probs=1:0,2:23,3:45,4:60,5:74,6:84,7:96,8:97|depth=10|nodes=312676|slots=1:311,2:288,3:266,4:251,5:237,6:227,7:215,8:214|crit=0
L|1|MG_QB3|CAP_AM|REF|move=c4f4|score=-190|mate=-|depth=19|nodes=3477596|crit=0
L|1|MG_QB3|NOI_AD|SEL|move=a0b0|slotScore=317|top1=317|gap=0|rule=noise|hit=engine|slotUsed=1|seed=3726130878|probs=p=0.1,legal=39|depth=11|nodes=268101|slots=1:317,2:288,3:257,4:231|crit=0
L|1|MG_QB3|NOI_AD|REF|move=a0b0|score=-342|mate=-|depth=20|nodes=3121048|crit=0
L|1|MG_QB3|NOI_AM|SEL|move=c4i4|slotScore=260|top1=342|gap=82|rule=noise|hit=engine|slotUsed=4|seed=3843558277|probs=p=0.25,legal=39|depth=12|nodes=283355|slots=1:342,2:331,3:265,4:260|crit=0
L|1|MG_QB3|NOI_AM|REF|move=c4i4|score=-211|mate=-|depth=20|nodes=3637481|crit=0
L|1|MG_QB3|AC_AD|SEL|move=i1h1|slotScore=269|top1=323|gap=54|rule=capnoise|hit=cap|slotUsed=3|seed=1311320490|probs=cap=60,p=0.1,legal=39,1:0,2:50,3:54,4:83,5:116,6:119,7:123,8:98|depth=9|nodes=326085|slots=1:323,2:273,3:269,4:240,5:207,6:204,7:200,8:225|crit=0
L|1|MG_QB3|AC_AD|REF|move=i1h1|score=-399|mate=-|depth=22|nodes=3576145|crit=0
L|1|MG_QB3|AC_AM|SEL|move=i1e1|slotScore=NA|top1=313|gap=NA|rule=capnoise|hit=rand|slotUsed=-1|seed=1160339393|probs=cap=200,p=0.25,legal=39,1:0,2:0,3:40,4:73,5:98,6:106,7:113,8:119,wouldBe=8|depth=9|nodes=301280|slots=1:313,2:313,3:273,4:240,5:215,6:207,7:200,8:194|crit=0
L|1|MG_QB3|AC_AM|REF|move=i1e1|score=-58|mate=-|depth=23|nodes=3678138|crit=0
L|1|MG_QB3|T8S1|SEL|move=a0b0|slotScore=317|top1=317|gap=0|rule=slot|hit=slot|slotUsed=1|seed=3585793772|probs=|depth=11|nodes=308396|slots=1:317,2:293,3:276,4:260,5:225,6:208,7:196,8:208|crit=0
L|1|MG_QB3|T8S1|REF|move=a0b0|score=-330|mate=-|depth=20|nodes=3102658|crit=0
L|1|MG_QB3|ANCH|SEL|move=a0b0|slotScore=335|top1=335|gap=0|rule=anchor|hit=anchor|slotUsed=1|seed=3750202956|probs=|depth=19|nodes=3261970|slots=1:335|crit=0
L|1|MG_QB3|ANCH|REF|move=a0b0|score=-380|mate=-|depth=19|nodes=3614432|crit=0
PROG|1|MG_QB3
DRV DONE positions=3 round=1
