DRV: not isolated, registering SW (try 0)
DRV: not isolated, registering SW (try 1)
DRV: isolated ok, task=task_alt_r2.json
DRV: engine ready
L|2|OP00|ANCHOR|move=c3c4|score=25|mate=-|depth=21|nodes=2674209|crit=0
L|2|OP00|AM0|SEL|move=h2e2|slotScore=25|top1=29|gap=4|rule=slot|hit=slot|slotUsed=4|seed=46406596|probs=|depth=13|nodes=258563|slots=1:29,2:25,3:22,4:25|crit=0
L|2|OP00|AM0|REF|move=h2e2|score=-20|mate=-|depth=23|nodes=3517440|crit=0
L|2|OP00|AD0|SEL|move=h2e2|slotScore=23|top1=28|gap=5|rule=slot|hit=slot|slotUsed=3|seed=416940757|probs=|depth=15|nodes=556427|slots=1:28,2:26,3:23|crit=0
L|2|OP00|AD0|REF|move=h2e2|score=-23|mate=-|depth=25|nodes=3562483|crit=0
L|2|OP00|EX0|SEL|move=b2e2|slotScore=21|top1=23|gap=2|rule=slot|hit=slot|slotUsed=2|seed=1286164277|probs=|depth=17|nodes=885755|slots=1:23,2:21|crit=0
L|2|OP00|EX0|REF|move=b2e2|score=-20|mate=-|depth=24|nodes=3450164|crit=0
L|2|OP00|CAP_AD|SEL|move=b2d2|slotScore=23|top1=25|gap=2|rule=cap|hit=cap|slotUsed=8|seed=2121525570|probs=1:0,2:0,3:1,4:2,5:3,6:11,7:12,8:2|depth=12|nodes=289326|slots=1:25,2:25,3:24,4:23,5:22,6:14,7:13,8:23|crit=0
L|2|OP00|CAP_AD|REF|move=b2d2|score=-8|mate=-|depth=26|nodes=3660155|crit=0
L|2|OP00|CAP_AM|SEL|move=h0g2|slotScore=17|top1=30|gap=13|rule=cap|hit=cap|slotUsed=8|seed=2272525225|probs=1:0,2:2,3:3,4:5,5:9,6:10,7:12,8:13|depth=12|nodes=314550|slots=1:30,2:28,3:27,4:25,5:21,6:20,7:18,8:17|crit=0
L|2|OP00|CAP_AM|REF|move=h0g2|score=-16|mate=-|depth=24|nodes=3549186|crit=0
L|2|OP00|TMP_AD|SEL|move=b0c2|slotScore=15|top1=27|gap=12|rule=temp|hit=temp|slotUsed=5|seed=646128941|probs=T=40,1:0.148,2:0.148,3:0.141,4:0.131,5:0.110,6:0.110,7:0.110,8:0.102|depth=12|nodes=288468|slots=1:27,2:27,3:25,4:22,5:15,6:15,7:15,8:12|crit=0
L|2|OP00|TMP_AD|REF|move=b0c2|score=-15|mate=-|depth=22|nodes=3556110|crit=0
L|2|OP00|TMP_AM|SEL|move=b2e2|slotScore=29|top1=29|gap=0|rule=temp|hit=temp|slotUsed=1|seed=763570710|probs=T=150,1:0.131,2:0.130,3:0.125,4:0.123,5:0.124,6:0.124,7:0.123,8:0.120|depth=12|nodes=298442|slots=1:29,2:27,3:22,4:19,5:20,6:20,7:19,8:15|crit=0
L|2|OP00|TMP_AM|REF|move=b2e2|score=-24|mate=-|depth=23|nodes=3432055|crit=0
L|2|OP00|NOI_AD|SEL|move=d0e1|slotScore=NA|top1=32|gap=NA|rule=noise|hit=rand|slotUsed=-1|seed=594594920|probs=p=0.1,legal=44|depth=12|nodes=278885|slots=1:32,2:28,3:28,4:28|crit=0
L|2|OP00|NOI_AD|REF|move=d0e1|score=7|mate=-|depth=23|nodes=3578676|crit=0
L|2|OP00|NOI_AM|SEL|move=b0c2|slotScore=NA|top1=29|gap=NA|rule=noise|hit=rand|slotUsed=-1|seed=477153127|probs=p=0.25,legal=44|depth=13|nodes=273932|slots=1:29,2:26,3:25,4:22|crit=0
L|2|OP00|NOI_AM|REF|move=b0c2|score=-7|mate=-|depth=25|nodes=3564314|crit=0
L|2|OP00|T8S1|SEL|move=c3c4|slotScore=26|top1=26|gap=0|rule=slot|hit=slot|slotUsed=1|seed=3841383118|probs=|depth=12|nodes=296671|slots=1:26,2:26,3:25,4:21,5:19,6:18,7:15,8:18|crit=0
L|2|OP00|T8S1|REF|move=c3c4|score=-15|mate=-|depth=22|nodes=3431466|crit=0
L|2|OP00|ANCH|SEL|move=c3c4|slotScore=25|top1=25|gap=0|rule=anchor|hit=anchor|slotUsed=1|seed=1243401110|probs=|depth=21|nodes=2674209|slots=1:25|crit=0
L|2|OP00|ANCH|REF|move=c3c4|score=-15|mate=-|depth=24|nodes=3632635|crit=0
PROG|2|OP00
L|2|OP02|ANCHOR|move=h0g2|score=8|mate=-|depth=22|nodes=3461682|crit=0
L|2|OP02|AM0|SEL|move=h2e2|slotScore=8|top1=12|gap=4|rule=slot|hit=slot|slotUsed=4|seed=40139782|probs=|depth=14|nodes=283321|slots=1:12,2:11,3:10,4:8|crit=0
L|2|OP02|AM0|REF|move=h2e2|score=-3|mate=-|depth=23|nodes=3417386|crit=0
L|2|OP02|AD0|SEL|move=h2f2|slotScore=9|top1=11|gap=2|rule=slot|hit=slot|slotUsed=3|seed=4168857335|probs=|depth=16|nodes=552233|slots=1:11,2:7,3:9|crit=0
L|2|OP02|AD0|REF|move=h2f2|score=7|mate=-|depth=24|nodes=3589101|crit=0
L|2|OP02|EX0|SEL|move=h0g2|slotScore=11|top1=17|gap=6|rule=slot|hit=slot|slotUsed=2|seed=758411703|probs=|depth=17|nodes=936747|slots=1:17,2:11|crit=0
L|2|OP02|EX0|REF|move=h0g2|score=-4|mate=-|depth=23|nodes=3522348|crit=0
L|2|OP02|CAP_AD|SEL|move=b0c2|slotScore=-7|top1=16|gap=23|rule=cap|hit=cap|slotUsed=8|seed=1287348272|probs=1:0,2:2,3:15,4:17,5:18,6:20,7:21,8:23|depth=12|nodes=320554|slots=1:16,2:14,3:1,4:-1,5:-2,6:-4,7:-5,8:-7|crit=0
L|2|OP02|CAP_AD|REF|move=b0c2|score=-5|mate=-|depth=25|nodes=3566288|crit=0
L|2|OP02|CAP_AM|SEL|move=d0e1|slotScore=-5|top1=15|gap=20|rule=cap|hit=cap|slotUsed=8|seed=1438347807|probs=1:0,2:2,3:9,4:11,5:16,6:16,7:16,8:20|depth=12|nodes=329043|slots=1:15,2:13,3:6,4:4,5:-1,6:-1,7:-1,8:-5|crit=0
L|2|OP02|CAP_AM|REF|move=d0e1|score=13|mate=-|depth=25|nodes=3637392|crit=0
L|2|OP02|TMP_AD|SEL|move=g3g4|slotScore=15|top1=15|gap=0|rule=temp|hit=temp|slotUsed=1|seed=1435255023|probs=T=40,1:0.173,2:0.149,3:0.134,4:0.122,5:0.116,6:0.110,7:0.100,8:0.097|depth=12|nodes=341103|slots=1:15,2:9,3:5,4:1,5:-1,6:-3,7:-7,8:-8|crit=0
L|2|OP02|TMP_AD|REF|move=g3g4|score=-3|mate=-|depth=23|nodes=3595298|crit=0
L|2|OP02|TMP_AM|SEL|move=h0g2|slotScore=12|top1=19|gap=7|rule=temp|hit=temp|slotUsed=2|seed=1284275840|probs=T=150,1:0.140,2:0.133,3:0.130,4:0.127,5:0.121,6:0.121,7:0.114,8:0.114|depth=12|nodes=324449|slots=1:19,2:12,3:8,4:5,5:-2,6:-3,7:-11,8:-11|crit=0
L|2|OP02|TMP_AM|REF|move=h0g2|score=-7|mate=-|depth=23|nodes=3391698|crit=0
L|2|OP02|NOI_AD|SEL|move=h0g2|slotScore=17|top1=17|gap=0|rule=noise|hit=engine|slotUsed=1|seed=1769307402|probs=p=0.1,legal=43|depth=14|nodes=271715|slots=1:17,2:16,3:5,4:1|crit=0
L|2|OP02|NOI_AD|REF|move=h0g2|score=-1|mate=-|depth=24|nodes=3448810|crit=0
L|2|OP02|NOI_AM|SEL|move=h2e2|slotScore=-2|top1=12|gap=14|rule=noise|hit=engine|slotUsed=4|seed=1651861505|probs=p=0.25,legal=43|depth=14|nodes=289019|slots=1:12,2:8,3:7,4:-2|crit=0
L|2|OP02|NOI_AM|REF|move=h2e2|score=-3|mate=-|depth=25|nodes=3660175|crit=0
L|2|OP02|T8S1|SEL|move=g3g4|slotScore=15|top1=15|gap=0|rule=slot|hit=slot|slotUsed=1|seed=1752736256|probs=|depth=13|nodes=309564|slots=1:15,2:14,3:4,4:2,5:1,6:1,7:0,8:0|crit=0
L|2|OP02|T8S1|REF|move=g3g4|score=3|mate=-|depth=23|nodes=3701692|crit=0
L|2|OP02|ANCH|SEL|move=h0g2|slotScore=8|top1=8|gap=0|rule=anchor|hit=anchor|slotUsed=1|seed=2215188540|probs=|depth=22|nodes=3461682|slots=1:8|crit=0
L|2|OP02|ANCH|REF|move=h0g2|score=-2|mate=-|depth=24|nodes=3325904|crit=0
PROG|2|OP02
L|2|OP04|ANCHOR|move=b0c2|score=13|mate=-|depth=23|nodes=3556779|crit=0
L|2|OP04|AM0|SEL|move=d0e1|slotScore=19|top1=20|gap=1|rule=slot|hit=slot|slotUsed=4|seed=77367000|probs=|depth=14|nodes=291976|slots=1:20,2:19,3:16,4:19|crit=0
L|2|OP04|AM0|REF|move=d0e1|score=-13|mate=-|depth=24|nodes=3750298|crit=0
L|2|OP04|AD0|SEL|move=b0c2|slotScore=12|top1=13|gap=1|rule=slot|hit=slot|slotUsed=3|seed=4203605561|probs=|depth=16|nodes=589399|slots=1:13,2:13,3:12|crit=0
L|2|OP04|AD0|REF|move=b0c2|score=-20|mate=-|depth=25|nodes=3633438|crit=0
L|2|OP04|EX0|SEL|move=d0e1|slotScore=15|top1=17|gap=2|rule=slot|hit=slot|slotUsed=2|seed=3355286617|probs=|depth=19|nodes=934110|slots=1:17,2:15|crit=0
L|2|OP04|EX0|REF|move=d0e1|score=-14|mate=-|depth=24|nodes=3654285|crit=0
L|2|OP04|CAP_AD|SEL|move=i3i4|slotScore=10|top1=19|gap=9|rule=cap|hit=cap|slotUsed=8|seed=3535506486|probs=1:0,2:1,3:0,4:4,5:5,6:8,7:9,8:9|depth=13|nodes=328081|slots=1:19,2:18,3:19,4:15,5:14,6:11,7:10,8:10|crit=0
L|2|OP04|CAP_AD|REF|move=i3i4|score=-8|mate=-|depth=24|nodes=3725955|crit=0
L|2|OP04|CAP_AM|SEL|move=g3g4|slotScore=6|top1=20|gap=14|rule=cap|hit=cap|slotUsed=8|seed=3418077389|probs=1:0,2:1,3:2,4:4,5:5,6:12,7:14,8:14|depth=13|nodes=317063|slots=1:20,2:19,3:18,4:16,5:15,6:8,7:6,8:6|crit=0
L|2|OP04|CAP_AM|REF|move=g3g4|score=0|mate=-|depth=26|nodes=3520979|crit=0
L|2|OP04|TMP_AD|SEL|move=d0e1|slotScore=20|top1=20|gap=0|rule=temp|hit=temp|slotUsed=2|seed=1784213393|probs=T=40,1:0.144,2:0.144,3:0.144,4:0.134,5:0.121,6:0.109,7:0.107,8:0.097|depth=11|nodes=314504|slots=1:20,2:20,3:20,4:17,5:13,6:9,7:8,8:4|crit=0
L|2|OP04|TMP_AD|REF|move=d0e1|score=-12|mate=-|depth=24|nodes=3669070|crit=0
L|2|OP04|TMP_AM|SEL|move=c3c4|slotScore=16|top1=18|gap=2|rule=temp|hit=temp|slotUsed=5|seed=1901655194|probs=T=150,1:0.128,2:0.125,3:0.132,4:0.129,5:0.126,6:0.123,7:0.121,8:0.117|depth=12|nodes=303244|slots=1:18,2:14,3:22,4:19,5:16,6:12,7:9,8:4|crit=0
L|2|OP04|TMP_AM|REF|move=c3c4|score=-9|mate=-|depth=25|nodes=3569322|crit=0
L|2|OP04|NOI_AD|SEL|move=h2h6|slotScore=NA|top1=18|gap=NA|rule=noise|hit=rand|slotUsed=-1|seed=863617948|probs=p=0.1,legal=41|depth=14|nodes=295587|slots=1:18,2:17,3:14,4:14|crit=0
L|2|OP04|NOI_AD|REF|move=h2h6|score=15|mate=-|depth=23|nodes=3321653|crit=0
L|2|OP04|NOI_AM|SEL|move=h2h7|slotScore=NA|top1=21|gap=NA|rule=noise|hit=rand|slotUsed=-1|seed=746192539|probs=p=0.25,legal=41|depth=14|nodes=304409|slots=1:21,2:17,3:19,4:16|crit=0
L|2|OP04|NOI_AM|REF|move=h2h7|score=469|mate=-|depth=21|nodes=3267598|crit=0
L|2|OP04|T8S1|SEL|move=d0e1|slotScore=11|top1=11|gap=0|rule=slot|hit=slot|slotUsed=1|seed=2965338778|probs=|depth=13|nodes=328118|slots=1:11,2:11,3:11,4:10,5:4,6:0,7:-1,8:-2|crit=0
L|2|OP04|T8S1|REF|move=d0e1|score=-8|mate=-|depth=24|nodes=3637607|crit=0
L|2|OP04|ANCH|SEL|move=b0c2|slotScore=13|top1=13|gap=0|rule=anchor|hit=anchor|slotUsed=1|seed=1444045826|probs=|depth=23|nodes=3556779|slots=1:13|crit=0
L|2|OP04|ANCH|REF|move=b0c2|score=-12|mate=-|depth=24|nodes=3701176|crit=0
PROG|2|OP04
L|2|OP06|ANCHOR|move=h2b2|score=115|mate=-|depth=20|nodes=3744977|crit=0
L|2|OP06|AM0|SEL|move=i0h0|slotScore=-75|top1=120|gap=195|rule=slot|hit=slot|slotUsed=4|seed=3850102138|probs=|depth=12|nodes=298653|slots=1:120,2:91,3:-19,4:-75|crit=0
L|2|OP06|AM0|REF|move=i0h0|score=112|mate=-|depth=24|nodes=3727978|crit=0
L|2|OP06|AD0|SEL|move=b9d9|slotScore=-36|top1=125|gap=161|rule=slot|hit=slot|slotUsed=3|seed=3681046107|probs=|depth=14|nodes=555681|slots=1:125,2:89,3:-36|crit=0
L|2|OP06|AD0|REF|move=b9d9|score=29|mate=-|depth=23|nodes=3815421|crit=0
L|2|OP06|EX0|SEL|move=b9b8|slotScore=67|top1=123|gap=56|rule=slot|hit=slot|slotUsed=2|seed=2837981851|probs=|depth=16|nodes=894192|slots=1:123,2:67|crit=0
L|2|OP06|EX0|REF|move=b9b8|score=-100|mate=-|depth=19|nodes=3565422|crit=0
L|2|OP06|CAP_AD|SEL|move=b9b8|slotScore=103|top1=119|gap=16|rule=cap|hit=cap|slotUsed=2|seed=1773811668|probs=1:0,2:16,3:150,4:204,5:206,6:218,7:267,8:302|depth=12|nodes=318744|slots=1:119,2:103,3:-31,4:-85,5:-87,6:-99,7:-148,8:-183|crit=0
L|2|OP06|CAP_AD|REF|move=b9b8|score=-91|mate=-|depth=20|nodes=3258393|crit=0
L|2|OP06|CAP_AM|SEL|move=b9d9|slotScore=-18|top1=123|gap=141|rule=cap|hit=cap|slotUsed=3|seed=1924806691|probs=1:0,2:39,3:141,4:214,5:216,6:227,7:261,8:265|depth=12|nodes=336831|slots=1:123,2:84,3:-18,4:-91,5:-93,6:-104,7:-138,8:-142|crit=0
L|2|OP06|CAP_AM|REF|move=b9d9|score=24|mate=-|depth=21|nodes=3819037|crit=0
L|2|OP06|TMP_AD|SEL|move=b9d9|slotScore=-25|top1=128|gap=153|rule=temp|hit=temp|slotUsed=3|seed=704493939|probs=T=40,1:0.710,2:0.261,3:0.015,4:0.006,5:0.006,6:0.001,7:0.001,8:0.000|depth=11|nodes=306256|slots=1:128,2:88,3:-25,4:-65,5:-66,6:-125,7:-147,8:-164|crit=0
L|2|OP06|TMP_AD|REF|move=b9d9|score=24|mate=-|depth=21|nodes=3765558|crit=0
L|2|OP06|TMP_AM|SEL|move=b9b8|slotScore=92|top1=130|gap=38|rule=temp|hit=temp|slotUsed=2|seed=553498404|probs=T=150,1:0.315,2:0.245,3:0.122,4:0.083,5:0.083,6:0.056,7:0.049,8:0.046|depth=12|nodes=314023|slots=1:130,2:92,3:-12,4:-70,5:-70,6:-128,7:-149,8:-158|crit=0
L|2|OP06|TMP_AM|REF|move=b9b8|score=-64|mate=-|depth=20|nodes=3517261|crit=0
L|2|OP06|NOI_AD|SEL|move=h2b2|slotScore=123|top1=123|gap=0|rule=noise|hit=engine|slotUsed=1|seed=3378486942|probs=p=0.1,legal=33|depth=13|nodes=308295|slots=1:123,2:80,3:-18,4:-70|crit=0
L|2|OP06|NOI_AD|REF|move=h2b2|score=-121|mate=-|depth=22|nodes=3611968|crit=0
L|2|OP06|NOI_AM|SEL|move=h2e2|slotScore=-75|top1=125|gap=200|rule=noise|hit=engine|slotUsed=4|seed=3529400549|probs=p=0.25,legal=33|depth=12|nodes=305338|slots=1:125,2:72,3:-15,4:-75|crit=0
L|2|OP06|NOI_AM|REF|move=h2e2|score=111|mate=-|depth=22|nodes=3700150|crit=0
L|2|OP06|T8S1|SEL|move=h2b2|slotScore=129|top1=129|gap=0|rule=slot|hit=slot|slotUsed=1|seed=2187155964|probs=|depth=11|nodes=324536|slots=1:129,2:109,3:-29,4:-90,5:-95,6:-140,7:-157,8:-169|crit=0
L|2|OP06|T8S1|REF|move=h2b2|score=-119|mate=-|depth=23|nodes=3732383|crit=0
L|2|OP06|ANCH|SEL|move=h2b2|slotScore=115|top1=115|gap=0|rule=anchor|hit=anchor|slotUsed=1|seed=2451197560|probs=|depth=20|nodes=3744977|slots=1:115|crit=0
L|2|OP06|ANCH|REF|move=h2b2|score=-132|mate=-|depth=21|nodes=3534645|crit=0
PROG|2|OP06
L|2|OP08|ANCHOR|move=b9b7|score=154|mate=-|depth=22|nodes=3813978|crit=0
L|2|OP08|AM0|SEL|move=b9d9|slotScore=-49|top1=153|gap=202|rule=slot|hit=slot|slotUsed=4|seed=3590276684|probs=|depth=13|nodes=329471|slots=1:153,2:59,3:-28,4:-49|crit=0
L|2|OP08|AM0|REF|move=b9d9|score=57|mate=-|depth=20|nodes=3558187|crit=0
L|2|OP08|AD0|SEL|move=b9d9|slotScore=-57|top1=168|gap=225|rule=slot|hit=slot|slotUsed=3|seed=3421351853|probs=|depth=14|nodes=611703|slots=1:168,2:66,3:-57|crit=0
L|2|OP08|AD0|REF|move=b9d9|score=63|mate=-|depth=21|nodes=3721294|crit=0
L|2|OP08|EX0|SEL|move=b9b4|slotScore=30|top1=159|gap=129|rule=slot|hit=slot|slotUsed=2|seed=4261737437|probs=|depth=16|nodes=984526|slots=1:159,2:30|crit=0
L|2|OP08|EX0|REF|move=b9b4|score=-37|mate=-|depth=22|nodes=3521498|crit=0
L|2|OP08|CAP_AD|SEL|move=b9b7|slotScore=149|top1=149|gap=0|rule=cap|hit=above|slotUsed=1|seed=628504090|probs=1:0,2:98,3:190,4:204,5:206,6:239,7:284,8:301|depth=12|nodes=350192|slots=1:149,2:51,3:-41,4:-55,5:-57,6:-90,7:-135,8:-152|crit=0
L|2|OP08|CAP_AD|REF|move=b9b7|score=-157|mate=-|depth=22|nodes=3577804|crit=0
L|2|OP08|CAP_AM|SEL|move=b9d9|slotScore=-38|top1=161|gap=199|rule=cap|hit=cap|slotUsed=3|seed=511058193|probs=1:0,2:112,3:199,4:202,5:240,6:292,7:292,8:306|depth=13|nodes=351935|slots=1:161,2:49,3:-38,4:-41,5:-79,6:-131,7:-131,8:-145|crit=0
L|2|OP08|CAP_AM|REF|move=b9d9|score=57|mate=-|depth=21|nodes=3598840|crit=0
L|2|OP08|TMP_AD|SEL|move=b9b7|slotScore=173|top1=173|gap=0|rule=temp|hit=temp|slotUsed=1|seed=1029267797|probs=T=40,1:0.961,2:0.029,3:0.004,4:0.002,5:0.001,6:0.001,7:0.001,8:0.001|depth=13|nodes=360645|slots=1:173,2:33,3:-42,4:-72,5:-86,6:-117,7:-117,8:-124|crit=0
L|2|OP08|TMP_AD|REF|move=b9b7|score=-173|mate=-|depth=22|nodes=3724647|crit=0
L|2|OP08|TMP_AM|SEL|move=b9b7|slotScore=145|top1=145|gap=0|rule=temp|hit=temp|slotUsed=1|seed=878092046|probs=T=150,1:0.379,2:0.203,3:0.106,4:0.073,5:0.063,6:0.069,7:0.064,8:0.044|depth=12|nodes=376109|slots=1:145,2:51,3:-46,4:-103,5:-125,6:-111,7:-122,8:-179|crit=0
L|2|OP08|TMP_AM|REF|move=b9b7|score=-183|mate=-|depth=21|nodes=3819668|crit=0
L|2|OP08|NOI_AD|SEL|move=b9b7|slotScore=152|top1=152|gap=0|rule=noise|hit=engine|slotUsed=1|seed=755982704|probs=p=0.1,legal=44|depth=13|nodes=311069|slots=1:152,2:30,3:-48,4:-58|crit=0
L|2|OP08|NOI_AD|REF|move=b9b7|score=-174|mate=-|depth=21|nodes=3795598|crit=0
L|2|OP08|NOI_AM|SEL|move=b9b5|slotScore=-46|top1=163|gap=209|rule=noise|hit=engine|slotUsed=4|seed=906982239|probs=p=0.25,legal=44|depth=14|nodes=335500|slots=1:163,2:41,3:-36,4:-46|crit=0
L|2|OP08|NOI_AM|REF|move=b9b5|score=78|mate=-|depth=20|nodes=3579102|crit=0
L|2|OP08|T8S1|SEL|move=b9b7|slotScore=159|top1=159|gap=0|rule=slot|hit=slot|slotUsed=1|seed=3264213702|probs=|depth=13|nodes=346822|slots=1:159,2:26,3:-57,4:-81,5:-85,6:-124,7:-131,8:-139|crit=0
L|2|OP08|T8S1|REF|move=b9b7|score=-170|mate=-|depth=21|nodes=3364243|crit=0
L|2|OP08|ANCH|SEL|move=b9b7|slotScore=154|top1=154|gap=0|rule=anchor|hit=anchor|slotUsed=1|seed=2214080350|probs=|depth=22|nodes=3813978|slots=1:154|crit=0
L|2|OP08|ANCH|REF|move=b9b7|score=-184|mate=-|depth=21|nodes=3931057|crit=0
PROG|2|OP08
L|2|MG_QT01|ANCHOR|move=c7b9|score=-24|mate=-|depth=26|nodes=3885014|crit=0
L|2|MG_QT01|AM0|SEL|move=c6c5|slotScore=-616|top1=-31|gap=585|rule=slot|hit=slot|slotUsed=4|seed=641859398|probs=|depth=15|nodes=280059|slots=1:-31,2:-601,3:-611,4:-616|crit=0
L|2|MG_QT01|AM0|REF|move=c6c5|score=601|mate=-|depth=24|nodes=3276563|crit=0
L|2|MG_QT01|AD0|SEL|move=c6c5|slotScore=-587|top1=-33|gap=554|rule=slot|hit=slot|slotUsed=3|seed=475473975|probs=|depth=18|nodes=566468|slots=1:-33,2:-575,3:-587|crit=0
L|2|MG_QT01|AD0|REF|move=c6c5|score=605|mate=-|depth=24|nodes=3399859|crit=0
L|2|MG_QT01|EX0|SEL|move=f9e8|slotScore=-609|top1=-29|gap=580|rule=slot|hit=slot|slotUsed=2|seed=1318538743|probs=|depth=20|nodes=953235|slots=1:-29,2:-609|crit=0
L|2|MG_QT01|EX0|REF|move=f9e8|score=603|mate=-|depth=25|nodes=3262639|crit=0
L|2|MG_QT01|CAP_AD|SEL|move=c7b9|slotScore=-31|top1=-31|gap=0|rule=cap|hit=above|slotUsed=1|seed=3403084272|probs=1:0,2:527,3:572,4:581,5:583,6:584,7:589,8:591|depth=14|nodes=319722|slots=1:-31,2:-558,3:-603,4:-612,5:-614,6:-615,7:-620,8:-622|crit=0
L|2|MG_QT01|CAP_AD|REF|move=c7b9|score=27|mate=-|depth=27|nodes=3770307|crit=0
L|2|MG_QT01|CAP_AM|SEL|move=c7b9|slotScore=-32|top1=-32|gap=0|rule=cap|hit=above|slotUsed=1|seed=3554067423|probs=1:0,2:567,3:577,4:582,5:579,6:583,7:584,8:582|depth=13|nodes=310153|slots=1:-32,2:-599,3:-609,4:-614,5:-611,6:-615,7:-616,8:-614|crit=0
L|2|MG_QT01|CAP_AM|REF|move=c7b9|score=30|mate=-|depth=26|nodes=3660505|crit=0
L|2|MG_QT01|TMP_AD|SEL|move=c7b9|slotScore=-35|top1=-35|gap=0|rule=temp|hit=temp|slotUsed=1|seed=2062647471|probs=T=40,1:1.000,2:0.000,3:0.000,4:0.000,5:0.000,6:0.000,7:0.000,8:0.000|depth=13|nodes=313161|slots=1:-35,2:-596,3:-604,4:-613,5:-613,6:-614,7:-617,8:-622|crit=0
L|2|MG_QT01|TMP_AD|REF|move=c7b9|score=35|mate=-|depth=24|nodes=3782891|crit=0
L|2|MG_QT01|TMP_AM|SEL|move=c7b9|slotScore=-35|top1=-35|gap=0|rule=temp|hit=temp|slotUsed=1|seed=1911668288|probs=T=150,1:0.859,2:0.032,3:0.019,4:0.019,5:0.018,6:0.018,7:0.018,8:0.018|depth=13|nodes=261537|slots=1:-35,2:-529,3:-610,4:-610,5:-612,6:-614,7:-615,8:-617|crit=0
L|2|MG_QT01|TMP_AM|REF|move=c7b9|score=34|mate=-|depth=26|nodes=3572801|crit=0
L|2|MG_QT01|NOI_AD|SEL|move=c7b9|slotScore=-35|top1=-35|gap=0|rule=noise|hit=engine|slotUsed=1|seed=1971995594|probs=p=0.1,legal=30|depth=15|nodes=291280|slots=1:-35,2:-594,3:-598,4:-613|crit=0
L|2|MG_QT01|NOI_AD|REF|move=c7b9|score=40|mate=-|depth=27|nodes=3857554|crit=0
L|2|MG_QT01|NOI_AM|SEL|move=h7h5|slotScore=NA|top1=-36|gap=NA|rule=noise|hit=rand|slotUsed=-1|seed=1854570177|probs=p=0.25,legal=30|depth=15|nodes=276584|slots=1:-36,2:-597,3:-607,4:-611|crit=0
L|2|MG_QT01|NOI_AM|REF|move=h7h5|score=647|mate=-|depth=23|nodes=3268369|crit=0
L|2|MG_QT01|T8S1|SEL|move=c7b9|slotScore=-32|top1=-32|gap=0|rule=slot|hit=slot|slotUsed=1|seed=2833389760|probs=|depth=13|nodes=301692|slots=1:-32,2:-600,3:-609,4:-614,5:-615,6:-618,7:-619,8:-621|crit=0
L|2|MG_QT01|T8S1|REF|move=c7b9|score=41|mate=-|depth=26|nodes=3782620|crit=0
L|2|MG_QT01|ANCH|SEL|move=c7b9|slotScore=-24|top1=-24|gap=0|rule=anchor|hit=anchor|slotUsed=1|seed=3042036732|probs=|depth=26|nodes=3885014|slots=1:-24|crit=0
L|2|MG_QT01|ANCH|REF|move=c7b9|score=39|mate=-|depth=27|nodes=3818607|crit=0
PROG|2|MG_QT01
L|2|MG_QT05|ANCHOR|move=h7h9|score=-30|mate=-|depth=21|nodes=3567366|crit=0
L|2|MG_QT05|AM0|SEL|move=h7i7|slotScore=-62|top1=-39|gap=23|rule=slot|hit=slot|slotUsed=4|seed=4133668026|probs=|depth=11|nodes=309309|slots=1:-39,2:-43,3:-53,4:-62|crit=0
L|2|MG_QT05|AM0|REF|move=h7i7|score=73|mate=-|depth=22|nodes=3698971|crit=0
L|2|MG_QT05|AD0|SEL|move=i6i5|slotScore=-51|top1=-40|gap=11|rule=slot|hit=slot|slotUsed=3|seed=3964874139|probs=|depth=15|nodes=573247|slots=1:-40,2:-51,3:-51|crit=0
L|2|MG_QT05|AD0|REF|move=i6i5|score=62|mate=-|depth=22|nodes=3568470|crit=0
L|2|MG_QT05|EX0|SEL|move=i9h9|slotScore=-53|top1=-32|gap=21|rule=slot|hit=slot|slotUsed=2|seed=3080282843|probs=|depth=17|nodes=946270|slots=1:-32,2:-53|crit=0
L|2|MG_QT05|EX0|REF|move=i9h9|score=53|mate=-|depth=23|nodes=3728655|crit=0
L|2|MG_QT05|CAP_AD|SEL|move=h7g7|slotScore=-74|top1=-44|gap=30|rule=cap|hit=cap|slotUsed=8|seed=3079302292|probs=1:0,2:9,3:7,4:11,5:14,6:21,7:26,8:30|depth=11|nodes=301326|slots=1:-44,2:-53,3:-51,4:-55,5:-58,6:-65,7:-70,8:-74|crit=0
L|2|MG_QT05|CAP_AD|REF|move=h7g7|score=105|mate=-|depth=22|nodes=3790265|crit=0
L|2|MG_QT05|CAP_AM|SEL|move=i9i8|slotScore=-82|top1=-43|gap=39|rule=cap|hit=cap|slotUsed=8|seed=3230301923|probs=1:0,2:6,3:11,4:14,5:34,6:43,7:34,8:39|depth=10|nodes=307149|slots=1:-43,2:-49,3:-54,4:-57,5:-77,6:-86,7:-77,8:-82|crit=0
L|2|MG_QT05|CAP_AM|REF|move=i9i8|score=137|mate=-|depth=20|nodes=3703171|crit=0
L|2|MG_QT05|TMP_AD|SEL|move=h7h9|slotScore=-34|top1=-34|gap=0|rule=temp|hit=temp|slotUsed=1|seed=1968396083|probs=T=40,1:0.239,2:0.160,3:0.172,4:0.134,5:0.097,6:0.076,7:0.067,8:0.056|depth=12|nodes=320242|slots=1:-34,2:-50,3:-47,4:-57,5:-70,6:-80,7:-85,8:-92|crit=0
L|2|MG_QT05|TMP_AD|REF|move=h7h9|score=34|mate=-|depth=22|nodes=3467218|crit=0
L|2|MG_QT05|TMP_AM|SEL|move=h7h9|slotScore=-36|top1=-36|gap=0|rule=temp|hit=temp|slotUsed=1|seed=1817396964|probs=T=150,1:0.147,2:0.134,3:0.141,4:0.130,5:0.117,6:0.116,7:0.108,8:0.106|depth=10|nodes=304276|slots=1:-36,2:-50,3:-42,4:-54,5:-70,6:-72,7:-82,8:-85|crit=0
L|2|MG_QT05|TMP_AM|REF|move=h7h9|score=30|mate=-|depth=24|nodes=3745222|crit=0
L|2|MG_QT05|NOI_AD|SEL|move=h7h9|slotScore=-35|top1=-35|gap=0|rule=noise|hit=engine|slotUsed=1|seed=2195425118|probs=p=0.1,legal=33|depth=13|nodes=299303|slots=1:-35,2:-41,3:-51,4:-63|crit=0
L|2|MG_QT05|NOI_AD|REF|move=h7h9|score=30|mate=-|depth=24|nodes=3608496|crit=0
L|2|MG_QT05|NOI_AM|SEL|move=h7i7|slotScore=-54|top1=-38|gap=16|rule=noise|hit=engine|slotUsed=4|seed=2346420645|probs=p=0.25,legal=33|depth=13|nodes=291517|slots=1:-38,2:-45,3:-52,4:-54|crit=0
L|2|MG_QT05|NOI_AM|REF|move=h7i7|score=74|mate=-|depth=22|nodes=3786882|crit=0
L|2|MG_QT05|T8S1|SEL|move=h7h9|slotScore=-36|top1=-36|gap=0|rule=slot|hit=slot|slotUsed=1|seed=4013834940|probs=|depth=12|nodes=314930|slots=1:-36,2:-52,3:-53,4:-66,5:-67,6:-68,7:-75,8:-81|crit=0
L|2|MG_QT05|T8S1|REF|move=h7h9|score=35|mate=-|depth=23|nodes=3580761|crit=0
L|2|MG_QT05|ANCH|SEL|move=h7h9|slotScore=-30|top1=-30|gap=0|rule=anchor|hit=anchor|slotUsed=1|seed=4065823544|probs=|depth=21|nodes=3567366|slots=1:-30|crit=0
L|2|MG_QT05|ANCH|REF|move=h7h9|score=32|mate=-|depth=24|nodes=3646726|crit=0
PROG|2|MG_QT05
L|2|MG_QT10|ANCHOR|move=i9h9|score=-31|mate=-|depth=26|nodes=3968588|crit=0
L|2|MG_QT10|AM0|SEL|move=a6a5|slotScore=-71|top1=-31|gap=40|rule=slot|hit=slot|slotUsed=4|seed=1612074068|probs=|depth=12|nodes=314572|slots=1:-31,2:-51,3:-60,4:-71|crit=0
L|2|MG_QT10|AM0|REF|move=a6a5|score=59|mate=-|depth=23|nodes=3972486|crit=0
L|2|MG_QT10|AD0|SEL|move=i9i7|slotScore=-63|top1=-30|gap=33|rule=slot|hit=slot|slotUsed=3|seed=4130126565|probs=|depth=14|nodes=608535|slots=1:-30,2:-58,3:-63|crit=0
L|2|MG_QT10|AD0|REF|move=i9i7|score=57|mate=-|depth=22|nodes=3648630|crit=0
L|2|MG_QT10|EX0|SEL|move=f8h7|slotScore=-51|top1=-28|gap=23|rule=slot|hit=slot|slotUsed=2|seed=719930789|probs=|depth=16|nodes=969954|slots=1:-28,2:-51|crit=0
L|2|MG_QT10|EX0|REF|move=f8h7|score=67|mate=-|depth=21|nodes=3599838|crit=0
L|2|MG_QT10|CAP_AD|SEL|move=i9g9|slotScore=-83|top1=-34|gap=49|rule=cap|hit=cap|slotUsed=8|seed=692668114|probs=1:0,2:29,3:32,4:40,5:33,6:38,7:42,8:49|depth=10|nodes=316703|slots=1:-34,2:-63,3:-66,4:-74,5:-67,6:-72,7:-76,8:-83|crit=0
L|2|MG_QT10|CAP_AD|REF|move=i9g9|score=111|mate=-|depth=22|nodes=3747109|crit=0
L|2|MG_QT10|CAP_AM|SEL|move=c5c4|slotScore=-79|top1=-36|gap=43|rule=cap|hit=cap|slotUsed=8|seed=843667257|probs=1:0,2:20,3:28,4:30,5:30,6:33,7:37,8:43|depth=11|nodes=293395|slots=1:-36,2:-56,3:-64,4:-66,5:-66,6:-69,7:-73,8:-79|crit=0
L|2|MG_QT10|CAP_AM|REF|move=c5c4|score=116|mate=-|depth=22|nodes=3806518|crit=0
L|2|MG_QT10|TMP_AD|SEL|move=i9i7|slotScore=-69|top1=-48|gap=21|rule=temp|hit=temp|slotUsed=3|seed=1046793053|probs=T=40,1:0.227,2:0.186,3:0.134,4:0.113,5:0.107,6:0.084,7:0.080,8:0.068|depth=10|nodes=306732|slots=1:-48,2:-56,3:-69,4:-76,5:-78,6:-88,7:-90,8:-96|crit=0
L|2|MG_QT10|TMP_AD|REF|move=i9i7|score=57|mate=-|depth=21|nodes=3568678|crit=0
L|2|MG_QT10|TMP_AM|SEL|move=a6a5|slotScore=-60|top1=-37|gap=23|rule=temp|hit=temp|slotUsed=3|seed=1164234822|probs=T=150,1:0.150,2:0.134,3:0.129,4:0.122,5:0.121,6:0.115,7:0.114,8:0.114|depth=11|nodes=313818|slots=1:-37,2:-54,3:-60,4:-69,5:-70,6:-77,7:-78,8:-78|crit=0
L|2|MG_QT10|TMP_AM|REF|move=a6a5|score=56|mate=-|depth=22|nodes=3659632|crit=0
L|2|MG_QT10|NOI_AD|SEL|move=i9h9|slotScore=-34|top1=-34|gap=0|rule=noise|hit=engine|slotUsed=1|seed=451465816|probs=p=0.1,legal=29|depth=13|nodes=316596|slots=1:-34,2:-49,3:-59,4:-69|crit=0
L|2|MG_QT10|NOI_AD|REF|move=i9h9|score=25|mate=-|depth=25|nodes=4014596|crit=0
L|2|MG_QT10|NOI_AM|SEL|move=i9i7|slotScore=-66|top1=-25|gap=41|rule=noise|hit=engine|slotUsed=4|seed=334024023|probs=p=0.25,legal=29|depth=12|nodes=285634|slots=1:-25,2:-60,3:-61,4:-66|crit=0
L|2|MG_QT10|NOI_AM|REF|move=i9i7|score=59|mate=-|depth=22|nodes=3726062|crit=0
L|2|MG_QT10|T8S1|SEL|move=i9h9|slotScore=-32|top1=-32|gap=0|rule=slot|hit=slot|slotUsed=1|seed=1055568158|probs=|depth=9|nodes=324031|slots=1:-32,2:-53,3:-58,4:-64,5:-73,6:-75,7:-78,8:-87|crit=0
L|2|MG_QT10|T8S1|REF|move=i9h9|score=27|mate=-|depth=25|nodes=3883929|crit=0
L|2|MG_QT10|ANCH|SEL|move=i9h9|slotScore=-31|top1=-31|gap=0|rule=anchor|hit=anchor|slotUsed=1|seed=3781336806|probs=|depth=26|nodes=3968588|slots=1:-31|crit=0
L|2|MG_QT10|ANCH|REF|move=i9h9|score=29|mate=-|depth=25|nodes=3844263|crit=0
PROG|2|MG_QT10
L|2|MG_QT14|ANCHOR|move=f4b4|score=-20|mate=-|depth=23|nodes=4047390|crit=0
L|2|MG_QT14|AM0|SEL|move=f4f2|slotScore=-47|top1=-20|gap=27|rule=slot|hit=slot|slotUsed=4|seed=3493483880|probs=|depth=13|nodes=306936|slots=1:-20,2:-26,3:-39,4:-47|crit=0
L|2|MG_QT14|AM0|REF|move=f4f2|score=71|mate=-|depth=24|nodes=4287814|crit=0
L|2|MG_QT14|AD0|SEL|move=a7c7|slotScore=-52|top1=-28|gap=24|rule=slot|hit=slot|slotUsed=3|seed=3324558921|probs=|depth=17|nodes=598427|slots=1:-28,2:-40,3:-52|crit=0
L|2|MG_QT14|AD0|REF|move=a7c7|score=66|mate=-|depth=24|nodes=4130246|crit=0
L|2|MG_QT14|EX0|SEL|move=a7b7|slotScore=-40|top1=-30|gap=10|rule=slot|hit=slot|slotUsed=2|seed=2481494665|probs=|depth=20|nodes=1001933|slots=1:-30,2:-40|crit=0
L|2|MG_QT14|EX0|REF|move=a7b7|score=24|mate=-|depth=25|nodes=3856045|crit=0
L|2|MG_QT14|CAP_AD|SEL|move=e8d7|slotScore=-58|top1=-29|gap=29|rule=cap|hit=cap|slotUsed=7|seed=2784828998|probs=1:0,2:3,3:19,4:20,5:25,6:29,7:29,8:64|depth=12|nodes=322419|slots=1:-29,2:-32,3:-48,4:-49,5:-54,6:-58,7:-58,8:-93|crit=0
L|2|MG_QT14|CAP_AD|REF|move=e8d7|score=76|mate=-|depth=26|nodes=4170930|crit=0
L|2|MG_QT14|CAP_AM|SEL|move=e8f7|slotScore=-96|top1=-36|gap=60|rule=cap|hit=cap|slotUsed=8|seed=2667383133|probs=1:0,2:3,3:12,4:23,5:26,6:30,7:37,8:60|depth=13|nodes=335024|slots=1:-36,2:-39,3:-48,4:-59,5:-62,6:-66,7:-73,8:-96|crit=0
L|2|MG_QT14|CAP_AM|REF|move=e8f7|score=118|mate=-|depth=26|nodes=4381150|crit=0
L|2|MG_QT14|TMP_AD|SEL|move=f4f2|slotScore=-54|top1=-34|gap=20|rule=temp|hit=temp|slotUsed=4|seed=13310657|probs=T=40,1:0.216,2:0.141,3:0.134,4:0.131,5:0.122,6:0.113,7:0.090,8:0.052|depth=13|nodes=328853|slots=1:-34,2:-51,3:-53,4:-54,5:-57,6:-60,7:-69,8:-91|crit=0
L|2|MG_QT14|TMP_AD|REF|move=f4f2|score=75|mate=-|depth=25|nodes=4287668|crit=0
L|2|MG_QT14|TMP_AM|SEL|move=f4f2|slotScore=-53|top1=-27|gap=26|rule=temp|hit=temp|slotUsed=4|seed=130805706|probs=T=150,1:0.149,2:0.143,3:0.132,4:0.125,5:0.120,6:0.120,7:0.117,8:0.094|depth=12|nodes=328015|slots=1:-27,2:-33,3:-45,4:-53,5:-59,6:-59,7:-63,8:-96|crit=0
L|2|MG_QT14|TMP_AM|REF|move=f4f2|score=88|mate=-|depth=25|nodes=4415677|crit=0
L|2|MG_QT14|NOI_AD|SEL|move=f4b4|slotScore=-38|top1=-38|gap=0|rule=noise|hit=engine|slotUsed=1|seed=2140855692|probs=p=0.1,legal=37|depth=13|nodes=308887|slots=1:-38,2:-42,3:-47,4:-57|crit=0
L|2|MG_QT14|NOI_AD|REF|move=f4b4|score=26|mate=-|depth=27|nodes=3939077|crit=0
L|2|MG_QT14|NOI_AM|SEL|move=c3e4|slotScore=-58|top1=-24|gap=34|rule=noise|hit=engine|slotUsed=4|seed=2023409803|probs=p=0.25,legal=37|depth=13|nodes=327285|slots=1:-24,2:-45,3:-46,4:-58|crit=0
L|2|MG_QT14|NOI_AM|REF|move=c3e4|score=75|mate=-|depth=24|nodes=4017199|crit=0
L|2|MG_QT14|T8S1|SEL|move=f4b4|slotScore=-36|top1=-36|gap=0|rule=slot|hit=slot|slotUsed=1|seed=2850342058|probs=|depth=13|nodes=332509|slots=1:-36,2:-40,3:-55,4:-58,5:-58,6:-59,7:-69,8:-108|crit=0
L|2|MG_QT14|T8S1|REF|move=f4b4|score=28|mate=-|depth=27|nodes=3948840|crit=0
L|2|MG_QT14|ANCH|SEL|move=f4b4|slotScore=-20|top1=-20|gap=0|rule=anchor|hit=anchor|slotUsed=1|seed=2389193042|probs=|depth=23|nodes=4047390|slots=1:-20|crit=0
L|2|MG_QT14|ANCH|REF|move=f4b4|score=21|mate=-|depth=27|nodes=3985837|crit=0
PROG|2|MG_QT14
L|2|MG_QT19|ANCHOR|move=c7c3|score=-15|mate=-|depth=27|nodes=3799922|crit=0
L|2|MG_QT19|AM0|SEL|move=c7a7|slotScore=-594|top1=-16|gap=578|rule=slot|hit=slot|slotUsed=4|seed=3496092783|probs=|depth=15|nodes=286493|slots=1:-16,2:-549,3:-591,4:-594|crit=0
L|2|MG_QT19|AM0|REF|move=c7a7|score=592|mate=-|depth=28|nodes=3602613|crit=0
L|2|MG_QT19|AD0|SEL|move=c7a7|slotScore=-601|top1=-15|gap=586|rule=slot|hit=slot|slotUsed=3|seed=980702318|probs=|depth=20|nodes=625818|slots=1:-15,2:-581,3:-601|crit=0
L|2|MG_QT19|AD0|REF|move=c7a7|score=600|mate=-|depth=29|nodes=3713619|crit=0
L|2|MG_QT19|EX0|SEL|move=c7b7|slotScore=-577|top1=-15|gap=562|rule=slot|hit=slot|slotUsed=2|seed=1823762478|probs=|depth=22|nodes=956945|slots=1:-15,2:-577|crit=0
L|2|MG_QT19|EX0|REF|move=c7b7|score=594|mate=-|depth=29|nodes=3493095|crit=0
L|2|MG_QT19|CAP_AD|SEL|move=c7c3|slotScore=-17|top1=-17|gap=0|rule=cap|hit=above|slotUsed=1|seed=3317954975|probs=1:0,2:565,3:585,4:593,5:625,6:710,7:694,8:704|depth=13|nodes=319798|slots=1:-17,2:-582,3:-602,4:-610,5:-642,6:-727,7:-711,8:-721|crit=0
L|2|MG_QT19|CAP_AD|REF|move=c7c3|score=15|mate=-|depth=29|nodes=4420236|crit=0
L|2|MG_QT19|CAP_AM|SEL|move=c7c3|slotScore=-17|top1=-17|gap=0|rule=cap|hit=above|slotUsed=1|seed=3166959536|probs=1:0,2:565,3:567,4:579,5:614,6:703,7:709,8:725|depth=15|nodes=336566|slots=1:-17,2:-582,3:-584,4:-596,5:-631,6:-720,7:-726,8:-742|crit=0
L|2|MG_QT19|CAP_AM|REF|move=c7c3|score=18|mate=-|depth=29|nodes=4749860|crit=0
L|2|MG_QT19|TMP_AD|SEL|move=c7c3|slotScore=-19|top1=-19|gap=0|rule=temp|hit=temp|slotUsed=1|seed=2897191080|probs=T=40,1:1.000,2:0.000,3:0.000,4:0.000,5:0.000,6:0.000,7:0.000,8:0.000|depth=13|nodes=307636|slots=1:-19,2:-586,3:-600,4:-603,5:-603,6:-728,7:-728,8:-744|crit=0
L|2|MG_QT19|TMP_AD|REF|move=c7c3|score=17|mate=-|depth=33|nodes=4602252|crit=0
L|2|MG_QT19|TMP_AM|SEL|move=c7c3|slotScore=-15|top1=-15|gap=0|rule=temp|hit=temp|slotUsed=1|seed=2779765671|probs=T=150,1:0.905,2:0.020,3:0.020,4:0.019,5:0.014,6:0.008,7:0.008,8:0.007|depth=13|nodes=332051|slots=1:-15,2:-585,3:-586,4:-593,5:-642,6:-731,7:-731,8:-753|crit=0
L|2|MG_QT19|TMP_AM|REF|move=c7c3|score=14|mate=-|depth=28|nodes=4531644|crit=0
L|2|MG_QT19|NOI_AD|SEL|move=c7c3|slotScore=-16|top1=-16|gap=0|rule=noise|hit=engine|slotUsed=1|seed=3774906345|probs=p=0.1,legal=33|depth=15|nodes=290699|slots=1:-16,2:-583,3:-589,4:-604|crit=0
L|2|MG_QT19|NOI_AD|REF|move=c7c3|score=16|mate=-|depth=33|nodes=4012075|crit=0
L|2|MG_QT19|NOI_AM|SEL|move=c7a7|slotScore=-605|top1=-16|gap=589|rule=noise|hit=engine|slotUsed=4|seed=3623906690|probs=p=0.25,legal=33|depth=15|nodes=306839|slots=1:-16,2:-575,3:-598,4:-605|crit=0
L|2|MG_QT19|NOI_AM|REF|move=c7a7|score=598|mate=-|depth=30|nodes=3682990|crit=0
L|2|MG_QT19|T8S1|SEL|move=c7c3|slotScore=-15|top1=-15|gap=0|rule=slot|hit=slot|slotUsed=1|seed=938856755|probs=|depth=14|nodes=323324|slots=1:-15,2:-586,3:-587,4:-590,5:-631,6:-720,7:-731,8:-747|crit=0
L|2|MG_QT19|T8S1|REF|move=c7c3|score=15|mate=-|depth=27|nodes=3691292|crit=0
L|2|MG_QT19|ANCH|SEL|move=c7c3|slotScore=-15|top1=-15|gap=0|rule=anchor|hit=anchor|slotUsed=1|seed=1799103651|probs=|depth=27|nodes=3799922|slots=1:-15|crit=0
L|2|MG_QT19|ANCH|REF|move=c7c3|score=16|mate=-|depth=28|nodes=4022401|crit=0
PROG|2|MG_QT19
L|2|MG_QT24|ANCHOR|move=g7f5|score=-14|mate=-|depth=29|nodes=3796637|crit=0
L|2|MG_QT24|AM0|SEL|move=g7e6|slotScore=-23|top1=-16|gap=7|rule=slot|hit=slot|slotUsed=4|seed=2375303939|probs=|depth=15|nodes=299781|slots=1:-16,2:-22,3:-23,4:-23|crit=0
L|2|MG_QT24|AM0|REF|move=g7e6|score=14|mate=-|depth=28|nodes=3622465|crit=0
L|2|MG_QT24|AD0|SEL|move=f8f9|slotScore=-20|top1=-14|gap=6|rule=slot|hit=slot|slotUsed=3|seed=4152301298|probs=|depth=18|nodes=599275|slots=1:-14,2:-18,3:-20|crit=0
L|2|MG_QT24|AD0|REF|move=f8f9|score=16|mate=-|depth=31|nodes=3805748|crit=0
L|2|MG_QT24|EX0|SEL|move=g5e7|slotScore=-18|top1=-13|gap=5|rule=slot|hit=slot|slotUsed=2|seed=3267709490|probs=|depth=20|nodes=960798|slots=1:-13,2:-18|crit=0
L|2|MG_QT24|EX0|REF|move=g5e7|score=14|mate=-|depth=26|nodes=3666506|crit=0
L|2|MG_QT24|CAP_AD|SEL|move=c3d3|slotScore=-26|top1=-15|gap=11|rule=cap|hit=cap|slotUsed=8|seed=3663982595|probs=1:0,2:2,3:4,4:5,5:5,6:10,7:11,8:11|depth=13|nodes=314139|slots=1:-15,2:-17,3:-19,4:-20,5:-20,6:-25,7:-26,8:-26|crit=0
L|2|MG_QT24|CAP_AD|REF|move=c3d3|score=18|mate=-|depth=28|nodes=3818662|crit=0
L|2|MG_QT24|CAP_AM|SEL|move=c9e7|slotScore=-24|top1=-13|gap=11|rule=cap|hit=cap|slotUsed=8|seed=3512987188|probs=1:0,2:4,3:5,4:5,5:6,6:7,7:11,8:11|depth=13|nodes=318800|slots=1:-13,2:-17,3:-18,4:-18,5:-19,6:-20,7:-24,8:-24|crit=0
L|2|MG_QT24|CAP_AM|REF|move=c9e7|score=20|mate=-|depth=27|nodes=3622191|crit=0
L|2|MG_QT24|TMP_AD|SEL|move=e8d7|slotScore=-23|top1=-16|gap=7|rule=temp|hit=temp|slotUsed=5|seed=900981580|probs=T=40,1:0.139,2:0.136,3:0.133,4:0.129,5:0.117,6:0.114,7:0.117,8:0.114|depth=13|nodes=323693|slots=1:-16,2:-17,3:-18,4:-19,5:-23,6:-24,7:-23,8:-24|crit=0
L|2|MG_QT24|TMP_AD|REF|move=e8d7|score=18|mate=-|depth=28|nodes=3742739|crit=0
L|2|MG_QT24|TMP_AM|SEL|move=c9a7|slotScore=-24|top1=-17|gap=7|rule=temp|hit=temp|slotUsed=4|seed=783490635|probs=T=150,1:0.129,2:0.129,3:0.127,4:0.124,5:0.124,6:0.123,7:0.123,8:0.123|depth=13|nodes=333196|slots=1:-17,2:-18,3:-20,4:-24,5:-24,6:-25,7:-25,8:-25|crit=0
L|2|MG_QT24|TMP_AM|REF|move=c9a7|score=20|mate=-|depth=28|nodes=3778520|crit=0
L|2|MG_QT24|NOI_AD|SEL|move=g7f5|slotScore=-17|top1=-17|gap=0|rule=noise|hit=engine|slotUsed=1|seed=3289271053|probs=p=0.1,legal=33|depth=14|nodes=303058|slots=1:-17,2:-18,3:-20,4:-21|crit=0
L|2|MG_QT24|NOI_AD|REF|move=g7f5|score=15|mate=-|depth=30|nodes=3660996|crit=0
L|2|MG_QT24|NOI_AM|SEL|move=f8f9|slotScore=-21|top1=-14|gap=7|rule=noise|hit=engine|slotUsed=4|seed=3406712950|probs=p=0.25,legal=33|depth=14|nodes=305288|slots=1:-14,2:-17,3:-18,4:-21|crit=0
L|2|MG_QT24|NOI_AM|REF|move=f8f9|score=18|mate=-|depth=28|nodes=3657516|crit=0
L|2|MG_QT24|T8S1|SEL|move=g7f5|slotScore=-15|top1=-15|gap=0|rule=slot|hit=slot|slotUsed=1|seed=471151327|probs=|depth=14|nodes=318259|slots=1:-15,2:-17,3:-20,4:-18,5:-18,6:-22,7:-25,8:-25|crit=0
L|2|MG_QT24|T8S1|REF|move=g7f5|score=14|mate=-|depth=29|nodes=3760770|crit=0
L|2|MG_QT24|ANCH|SEL|move=g7f5|slotScore=-14|top1=-14|gap=0|rule=anchor|hit=anchor|slotUsed=1|seed=2485317695|probs=|depth=29|nodes=3796637|slots=1:-14|crit=0
L|2|MG_QT24|ANCH|REF|move=g7f5|score=13|mate=-|depth=30|nodes=3749492|crit=0
PROG|2|MG_QT24
L|2|MG_QT29|ANCHOR|move=a9b9|score=-23|mate=-|depth=24|nodes=3465682|crit=0
L|2|MG_QT29|AM0|SEL|move=d9e8|slotScore=-26|top1=-18|gap=8|rule=slot|hit=slot|slotUsed=4|seed=3886958100|probs=|depth=12|nodes=281440|slots=1:-18,2:-23,3:-25,4:-26|crit=0
L|2|MG_QT29|AM0|REF|move=d9e8|score=25|mate=-|depth=22|nodes=3516128|crit=0
L|2|MG_QT29|AD0|SEL|move=a9c9|slotScore=-26|top1=-17|gap=9|rule=slot|hit=slot|slotUsed=3|seed=2110043301|probs=|depth=15|nodes=532158|slots=1:-17,2:-18,3:-26|crit=0
L|2|MG_QT29|AD0|REF|move=a9c9|score=29|mate=-|depth=21|nodes=3335355|crit=0
L|2|MG_QT29|EX0|SEL|move=a9b9|slotScore=-21|top1=-17|gap=4|rule=slot|hit=slot|slotUsed=2|seed=2953103461|probs=|depth=18|nodes=894492|slots=1:-17,2:-21|crit=0
L|2|MG_QT29|EX0|REF|move=a9b9|score=18|mate=-|depth=24|nodes=3535664|crit=0
L|2|MG_QT29|CAP_AD|SEL|move=c7b5|slotScore=-41|top1=-13|gap=28|rule=cap|hit=cap|slotUsed=8|seed=1285233426|probs=1:0,2:5,3:6,4:8,5:15,6:20,7:22,8:28|depth=11|nodes=300887|slots=1:-13,2:-18,3:-19,4:-21,5:-28,6:-33,7:-35,8:-41|crit=0
L|2|MG_QT29|CAP_AD|REF|move=c7b5|score=33|mate=-|depth=23|nodes=3382478|crit=0
L|2|MG_QT29|CAP_AM|SEL|move=b6b8|slotScore=-31|top1=-18|gap=13|rule=cap|hit=cap|slotUsed=8|seed=1436282233|probs=1:0,2:1,3:2,4:2,5:8,6:7,7:10,8:13|depth=12|nodes=288086|slots=1:-18,2:-19,3:-20,4:-20,5:-26,6:-25,7:-28,8:-31|crit=0
L|2|MG_QT29|CAP_AM|REF|move=b6b8|score=33|mate=-|depth=21|nodes=3556322|crit=0
L|2|MG_QT29|TMP_AD|SEL|move=c7b5|slotScore=-38|top1=-17|gap=21|rule=temp|hit=temp|slotUsed=6|seed=4253075357|probs=T=40,1:0.166,2:0.129,3:0.143,4:0.143,5:0.129,6:0.098,7:0.096,8:0.096|depth=12|nodes=293342|slots=1:-17,2:-27,3:-23,4:-23,5:-27,6:-38,7:-39,8:-39|crit=0
L|2|MG_QT29|TMP_AD|REF|move=c7b5|score=39|mate=-|depth=23|nodes=3325844|crit=0
L|2|MG_QT29|TMP_AM|SEL|move=a9b9|slotScore=-14|top1=-14|gap=0|rule=temp|hit=temp|slotUsed=1|seed=75549830|probs=T=150,1:0.134,2:0.132,3:0.131,4:0.131,5:0.125,6:0.117,7:0.119,8:0.111|depth=11|nodes=273245|slots=1:-14,2:-17,3:-18,4:-18,5:-25,6:-34,7:-32,8:-42|crit=0
L|2|MG_QT29|TMP_AM|REF|move=a9b9|score=17|mate=-|depth=22|nodes=3560649|crit=0
L|2|MG_QT29|NOI_AD|SEL|move=a9b9|slotScore=-12|top1=-12|gap=0|rule=noise|hit=engine|slotUsed=1|seed=3274848920|probs=p=0.1,legal=41|depth=14|nodes=275207|slots=1:-12,2:-14,3:-21,4:-21|crit=0
L|2|MG_QT29|NOI_AD|REF|move=a9b9|score=18|mate=-|depth=25|nodes=3791943|crit=0
L|2|MG_QT29|NOI_AM|SEL|move=b6b1|slotScore=NA|top1=-12|gap=NA|rule=noise|hit=rand|slotUsed=-1|seed=3157407127|probs=p=0.25,legal=41|depth=14|nodes=272330|slots=1:-12,2:-12,3:-14,4:-20|crit=0
L|2|MG_QT29|NOI_AM|REF|move=b6b1|score=65|mate=-|depth=23|nodes=3674830|crit=0
L|2|MG_QT29|T8S1|SEL|move=a9b9|slotScore=-14|top1=-14|gap=0|rule=slot|hit=slot|slotUsed=1|seed=17179998|probs=|depth=11|nodes=305492|slots=1:-14,2:-14,3:-20,4:-23,5:-24,6:-26,7:-30,8:-35|crit=0
L|2|MG_QT29|T8S1|REF|move=a9b9|score=18|mate=-|depth=24|nodes=3648470|crit=0
L|2|MG_QT29|ANCH|SEL|move=a9b9|slotScore=-23|top1=-23|gap=0|rule=anchor|hit=anchor|slotUsed=1|seed=2530813222|probs=|depth=24|nodes=3465682|slots=1:-23|crit=0
L|2|MG_QT29|ANCH|REF|move=a9b9|score=11|mate=-|depth=25|nodes=3527701|crit=0
PROG|2|MG_QT29
L|2|MG_QT34|ANCHOR|move=d9d3|score=-7|mate=-|depth=24|nodes=3634546|crit=0
L|2|MG_QT34|AM0|SEL|move=d9b9|slotScore=-51|top1=-3|gap=48|rule=slot|hit=slot|slotUsed=4|seed=1238524686|probs=|depth=12|nodes=312184|slots=1:-3,2:-41,3:-43,4:-51|crit=0
L|2|MG_QT34|AM0|REF|move=d9b9|score=64|mate=-|depth=25|nodes=3961459|crit=0
L|2|MG_QT34|AD0|SEL|move=h9g7|slotScore=-37|top1=-9|gap=28|rule=slot|hit=slot|slotUsed=3|seed=1606466191|probs=|depth=15|nodes=592017|slots=1:-9,2:-35,3:-37|crit=0
L|2|MG_QT34|AD0|REF|move=h9g7|score=15|mate=-|depth=24|nodes=3665456|crit=0
L|2|MG_QT34|EX0|SEL|move=h9g7|slotScore=-19|top1=-2|gap=17|rule=slot|hit=slot|slotUsed=2|seed=346201183|probs=|depth=19|nodes=981417|slots=1:-2,2:-19|crit=0
L|2|MG_QT34|EX0|REF|move=h9g7|score=11|mate=-|depth=28|nodes=3975453|crit=0
L|2|MG_QT34|CAP_AD|SEL|move=d9b9|slotScore=-46|top1=-11|gap=35|rule=cap|hit=cap|slotUsed=5|seed=1496276456|probs=1:0,2:16,3:18,4:32,5:35,6:86,7:90,8:124|depth=12|nodes=332135|slots=1:-11,2:-27,3:-29,4:-43,5:-46,6:-97,7:-101,8:-135|crit=0
L|2|MG_QT34|CAP_AD|REF|move=d9b9|score=56|mate=-|depth=26|nodes=4169327|crit=0
L|2|MG_QT34|CAP_AM|SEL|move=i5h5|slotScore=-117|top1=-15|gap=102|rule=cap|hit=cap|slotUsed=8|seed=1378830567|probs=1:0,2:19,3:24,4:29,5:38,6:84,7:101,8:102|depth=12|nodes=321949|slots=1:-15,2:-34,3:-39,4:-44,5:-53,6:-99,7:-116,8:-117|crit=0
L|2|MG_QT34|CAP_AM|REF|move=i5h5|score=108|mate=-|depth=22|nodes=3748454|crit=0
L|2|MG_QT34|TMP_AD|SEL|move=d9d3|slotScore=-10|top1=-10|gap=0|rule=temp|hit=temp|slotUsed=1|seed=3584003415|probs=T=40,1:0.318,2:0.203,3:0.143,4:0.126,5:0.117,6:0.037,7:0.034,8:0.022|depth=12|nodes=322256|slots=1:-10,2:-28,3:-42,4:-47,5:-50,6:-96,7:-100,8:-116|crit=0
L|2|MG_QT34|TMP_AD|REF|move=d9d3|score=2|mate=-|depth=26|nodes=3535459|crit=0
L|2|MG_QT34|TMP_AM|SEL|move=b5a5|slotScore=-48|top1=-14|gap=34|rule=temp|hit=temp|slotUsed=5|seed=3701445208|probs=T=150,1:0.173,2:0.142,3:0.139,4:0.139,5:0.138,6:0.100,7:0.086,8:0.083|depth=11|nodes=322692|slots=1:-14,2:-43,3:-47,4:-47,5:-48,6:-96,7:-118,8:-124|crit=0
L|2|MG_QT34|TMP_AM|REF|move=b5a5|score=32|mate=-|depth=20|nodes=4175171|crit=0
L|2|MG_QT34|NOI_AD|SEL|move=d9d3|slotScore=-3|top1=-3|gap=0|rule=noise|hit=engine|slotUsed=1|seed=2697918034|probs=p=0.1,legal=32|depth=13|nodes=305355|slots=1:-3,2:-34,3:-43,4:-50|crit=0
L|2|MG_QT34|NOI_AD|REF|move=d9d3|score=0|mate=-|depth=25|nodes=3479684|crit=0
L|2|MG_QT34|NOI_AM|SEL|move=c5c4|slotScore=-43|top1=-6|gap=37|rule=noise|hit=engine|slotUsed=4|seed=2848913593|probs=p=0.25,legal=32|depth=13|nodes=309849|slots=1:-6,2:-38,3:-41,4:-43|crit=0
L|2|MG_QT34|NOI_AM|REF|move=c5c4|score=14|mate=-|depth=22|nodes=3843307|crit=0
L|2|MG_QT34|T8S1|SEL|move=d9d3|slotScore=-8|top1=-8|gap=0|rule=slot|hit=slot|slotUsed=1|seed=1662996536|probs=|depth=12|nodes=317700|slots=1:-8,2:-17,3:-26,4:-51,5:-51,6:-102,7:-103,8:-108|crit=0
L|2|MG_QT34|T8S1|REF|move=d9d3|score=1|mate=-|depth=27|nodes=3544600|crit=0
L|2|MG_QT34|ANCH|SEL|move=d9d3|slotScore=-7|top1=-7|gap=0|rule=anchor|hit=anchor|slotUsed=1|seed=4004342020|probs=|depth=24|nodes=3634546|slots=1:-7|crit=0
L|2|MG_QT34|ANCH|REF|move=d9d3|score=4|mate=-|depth=25|nodes=3593058|crit=0
PROG|2|MG_QT34
L|2|MG_QT39|ANCHOR|move=b5c5|score=0|mate=-|depth=32|nodes=3672529|crit=0
L|2|MG_QT39|AM0|SEL|move=d9b9|slotScore=-14|top1=0|gap=14|rule=slot|hit=slot|slotUsed=4|seed=1359223797|probs=|depth=13|nodes=297554|slots=1:0,2:-8,3:-11,4:-14|crit=0
L|2|MG_QT39|AM0|REF|move=d9b9|score=5|mate=-|depth=27|nodes=3683329|crit=0
L|2|MG_QT39|AD0|SEL|move=d9b9|slotScore=-9|top1=-3|gap=6|rule=slot|hit=slot|slotUsed=3|seed=3136269668|probs=|depth=15|nodes=568292|slots=1:-3,2:-6,3:-9|crit=0
L|2|MG_QT39|AD0|REF|move=d9b9|score=6|mate=-|depth=27|nodes=3718208|crit=0
L|2|MG_QT39|EX0|SEL|move=d9b9|slotScore=-8|top1=0|gap=8|rule=slot|hit=slot|slotUsed=2|seed=2562975820|probs=|depth=17|nodes=942077|slots=1:0,2:-8|crit=0
L|2|MG_QT39|EX0|REF|move=d9b9|score=6|mate=-|depth=28|nodes=3879647|crit=0
L|2|MG_QT39|CAP_AD|SEL|move=f5f6|slotScore=-29|top1=0|gap=29|rule=cap|hit=cap|slotUsed=8|seed=3144284169|probs=1:0,2:5,3:8,4:9,5:11,6:15,7:20,8:29|depth=11|nodes=294551|slots=1:0,2:-5,3:-8,4:-9,5:-11,6:-15,7:-20,8:-29|crit=0
L|2|MG_QT39|CAP_AD|REF|move=f5f6|score=20|mate=-|depth=28|nodes=3946846|crit=0
L|2|MG_QT39|CAP_AM|SEL|move=f5f6|slotScore=-20|top1=1|gap=21|rule=cap|hit=cap|slotUsed=8|seed=2993288738|probs=1:0,2:4,3:5,4:11,5:14,6:15,7:21,8:21|depth=11|nodes=314731|slots=1:1,2:-3,3:-4,4:-10,5:-13,6:-14,7:-20,8:-20|crit=0
L|2|MG_QT39|CAP_AM|REF|move=f5f6|score=23|mate=-|depth=28|nodes=3821147|crit=0
L|2|MG_QT39|TMP_AD|SEL|move=d9b9|slotScore=-2|top1=2|gap=4|rule=temp|hit=temp|slotUsed=2|seed=1238546542|probs=T=40,1:0.158,2:0.143,3:0.140,4:0.129,5:0.126,6:0.109,7:0.106,8:0.089|depth=12|nodes=304917|slots=1:2,2:-2,3:-3,4:-6,5:-7,6:-13,7:-14,8:-21|crit=0
L|2|MG_QT39|TMP_AD|REF|move=d9b9|score=6|mate=-|depth=26|nodes=3658026|crit=0
L|2|MG_QT39|TMP_AM|SEL|move=a6a5|slotScore=-22|top1=0|gap=22|rule=temp|hit=temp|slotUsed=7|seed=1389529781|probs=T=150,1:0.137,2:0.131,3:0.131,4:0.126,5:0.124,6:0.119,7:0.118,8:0.114|depth=10|nodes=313830|slots=1:0,2:-7,3:-7,4:-12,5:-15,6:-21,7:-22,8:-27|crit=0
L|2|MG_QT39|TMP_AM|REF|move=a6a5|score=13|mate=-|depth=22|nodes=3531165|crit=0
L|2|MG_QT39|NOI_AD|SEL|move=b5c5|slotScore=-2|top1=-2|gap=0|rule=noise|hit=engine|slotUsed=1|seed=2045372359|probs=p=0.1,legal=43|depth=13|nodes=285532|slots=1:-2,2:-4,3:-7,4:-9|crit=0
DRV: not isolated, registering SW (try 0)
DRV: not isolated, registering SW (try 1)
DRV: isolated ok, task=task_alt_r3.json
DRV: engine ready
L|3|OP00|ANCHOR|move=g3g4|score=26|mate=-|depth=22|nodes=2948639|crit=0
L|3|OP00|AM0|SEL|move=c3c4|slotScore=26|top1=31|gap=5|rule=slot|hit=slot|slotUsed=4|seed=2994744312|probs=|depth=13|nodes=293520|slots=1:31,2:29,3:26,4:26|crit=0
L|3|OP00|AM0|REF|move=c3c4|score=-24|mate=-|depth=23|nodes=3775989|crit=0
L|3|OP00|AD0|SEL|move=g3g4|slotScore=22|top1=26|gap=4|rule=slot|hit=slot|slotUsed=3|seed=3163812569|probs=|depth=15|nodes=544231|slots=1:26,2:24,3:22|crit=0
L|3|OP00|AD0|REF|move=g3g4|score=-20|mate=-|depth=23|nodes=3592109|crit=0
L|3|OP00|EX0|SEL|move=h2e2|slotScore=19|top1=23|gap=4|rule=slot|hit=slot|slotUsed=2|seed=1615567505|probs=|depth=16|nodes=873084|slots=1:23,2:19|crit=0
L|3|OP00|EX0|REF|move=h2e2|score=-22|mate=-|depth=23|nodes=3432329|crit=0
L|3|OP00|CAP_AD|SEL|move=b0c2|slotScore=19|top1=25|gap=6|rule=cap|hit=cap|slotUsed=8|seed=2367514956|probs=1:0,2:1,3:1,4:2,5:4,6:5,7:6,8:6|depth=12|nodes=282624|slots=1:25,2:24,3:24,4:23,5:21,6:20,7:19,8:19|crit=0
L|3|OP00|CAP_AD|REF|move=b0c2|score=-6|mate=-|depth=26|nodes=3476659|crit=0
L|3|OP00|CAP_AM|SEL|move=b2f2|slotScore=11|top1=32|gap=21|rule=cap|hit=cap|slotUsed=8|seed=2484954711|probs=1:0,2:2,3:5,4:6,5:12,6:18,7:19,8:21|depth=10|nodes=277238|slots=1:32,2:30,3:27,4:26,5:20,6:14,7:13,8:11|crit=0
L|3|OP00|CAP_AM|REF|move=b2f2|score=-8|mate=-|depth=24|nodes=3357326|crit=0
L|3|OP00|TMP_AD|SEL|move=b2e2|slotScore=27|top1=29|gap=2|rule=temp|hit=temp|slotUsed=2|seed=1375486035|probs=T=40,1:0.153,2:0.145,3:0.145,4:0.135,5:0.119,6:0.105,7:0.100,8:0.097|depth=12|nodes=292320|slots=1:29,2:27,3:27,4:24,5:19,6:14,7:12,8:11|crit=0
L|3|OP00|TMP_AD|REF|move=b2e2|score=-20|mate=-|depth=24|nodes=3538616|crit=0
L|3|OP00|TMP_AM|SEL|move=h2f2|slotScore=13|top1=25|gap=12|rule=temp|hit=temp|slotUsed=6|seed=1526485624|probs=T=150,1:0.131,2:0.129,3:0.128,4:0.128,5:0.125,6:0.121,7:0.121,8:0.118|depth=12|nodes=295570|slots=1:25,2:22,3:21,4:21,5:18,6:13,7:13,8:9|crit=0
L|3|OP00|TMP_AM|REF|move=h2f2|score=-5|mate=-|depth=25|nodes=3515289|crit=0
L|3|OP00|NOI_AD|SEL|move=h2d2|slotScore=NA|top1=27|gap=NA|rule=noise|hit=rand|slotUsed=-1|seed=1437608554|probs=p=0.1,legal=44|depth=13|nodes=272820|slots=1:27,2:24,3:19,4:18|crit=0
L|3|OP00|NOI_AD|REF|move=h2d2|score=-12|mate=-|depth=24|nodes=3406369|crit=0
L|3|OP00|NOI_AM|SEL|move=h2e2|slotScore=22|top1=25|gap=3|rule=noise|hit=engine|slotUsed=4|seed=1555048301|probs=p=0.25,legal=44|depth=14|nodes=268393|slots=1:25,2:25,3:23,4:22|crit=0
L|3|OP00|NOI_AM|REF|move=h2e2|score=-22|mate=-|depth=25|nodes=3587484|crit=0
L|3|OP00|T8S1|SEL|move=h2e2|slotScore=27|top1=27|gap=0|rule=slot|hit=slot|slotUsed=1|seed=4022733468|probs=|depth=13|nodes=301529|slots=1:27,2:21,3:19,4:20,5:19,6:18,7:17,8:15|crit=0
L|3|OP00|T8S1|REF|move=h2e2|score=-27|mate=-|depth=24|nodes=3478235|crit=0
L|3|OP00|ANCH|SEL|move=g3g4|slotScore=26|top1=26|gap=0|rule=anchor|hit=anchor|slotUsed=1|seed=1240855600|probs=|depth=22|nodes=2948639|slots=1:26|crit=0
L|3|OP00|ANCH|REF|move=g3g4|score=-16|mate=-|depth=24|nodes=3538483|crit=0
PROG|3|OP00
L|3|OP02|ANCHOR|move=h0g2|score=6|mate=-|depth=21|nodes=3387414|crit=0
L|3|OP02|AM0|SEL|move=h2e2|slotScore=4|top1=11|gap=7|rule=slot|hit=slot|slotUsed=4|seed=609641166|probs=|depth=14|nodes=308397|slots=1:11,2:10,3:5,4:4|crit=0
L|3|OP02|AM0|REF|move=h2e2|score=-2|mate=-|depth=25|nodes=3541265|crit=0
L|3|OP02|AD0|SEL|move=h2f2|slotScore=5|top1=14|gap=9|rule=slot|hit=slot|slotUsed=3|seed=241785679|probs=|depth=16|nodes=576800|slots=1:14,2:12,3:5|crit=0
L|3|OP02|AD0|REF|move=h2f2|score=4|mate=-|depth=25|nodes=3521979|crit=0
L|3|OP02|EX0|SEL|move=h0g2|slotScore=9|top1=14|gap=5|rule=slot|hit=slot|slotUsed=2|seed=1110808943|probs=|depth=17|nodes=833165|slots=1:14,2:9|crit=0
L|3|OP02|EX0|REF|move=h0g2|score=-11|mate=-|depth=24|nodes=3402409|crit=0
L|3|OP02|CAP_AD|SEL|move=d0e1|slotScore=-4|top1=21|gap=25|rule=cap|hit=cap|slotUsed=8|seed=2148133982|probs=1:0,2:10,3:16,4:19,5:19,6:19,7:19,8:25|depth=12|nodes=310725|slots=1:21,2:11,3:5,4:2,5:2,6:2,7:2,8:-4|crit=0
L|3|OP02|CAP_AD|REF|move=d0e1|score=12|mate=-|depth=26|nodes=3676198|crit=0
L|3|OP02|CAP_AM|SEL|move=b0d1|slotScore=-6|top1=20|gap=26|rule=cap|hit=cap|slotUsed=8|seed=1997083185|probs=1:0,2:3,3:12,4:15,5:14,6:18,7:21,8:26|depth=12|nodes=317572|slots=1:20,2:17,3:8,4:5,5:6,6:2,7:-1,8:-6|crit=0
L|3|OP02|CAP_AM|REF|move=b0d1|score=39|mate=-|depth=22|nodes=3314435|crit=0
L|3|OP02|TMP_AD|SEL|move=b0c2|slotScore=3|top1=18|gap=15|rule=temp|hit=temp|slotUsed=5|seed=337730473|probs=T=40,1:0.173,2:0.142,3:0.119,4:0.119,5:0.119,6:0.119,7:0.108,8:0.100|depth=12|nodes=321659|slots=1:18,2:10,3:3,4:3,5:3,6:3,7:-1,8:-4|crit=0
L|3|OP02|TMP_AD|REF|move=b0c2|score=-4|mate=-|depth=26|nodes=3511790|crit=0
L|3|OP02|TMP_AM|SEL|move=d0e1|slotScore=-2|top1=17|gap=19|rule=temp|hit=temp|slotUsed=8|seed=220286630|probs=T=150,1:0.137,2:0.131,3:0.127,4:0.121,5:0.121,6:0.121,7:0.121,8:0.121|depth=13|nodes=341054|slots=1:17,2:10,3:6,4:-1,5:-1,6:-2,7:-2,8:-2|crit=0
L|3|OP02|TMP_AM|REF|move=d0e1|score=13|mate=-|depth=25|nodes=3518981|crit=0
L|3|OP02|NOI_AD|SEL|move=f0e1|slotScore=NA|top1=19|gap=NA|rule=noise|hit=rand|slotUsed=-1|seed=1544611880|probs=p=0.1,legal=43|depth=13|nodes=309658|slots=1:19,2:12,3:9,4:7|crit=0
L|3|OP02|NOI_AD|REF|move=f0e1|score=52|mate=-|depth=25|nodes=3665701|crit=0
L|3|OP02|NOI_AM|SEL|move=c3c4|slotScore=4|top1=16|gap=12|rule=noise|hit=engine|slotUsed=4|seed=1393565187|probs=p=0.25,legal=43|depth=14|nodes=299997|slots=1:16,2:13,3:8,4:4|crit=0
L|3|OP02|NOI_AM|REF|move=c3c4|score=7|mate=-|depth=23|nodes=3310148|crit=0
L|3|OP02|T8S1|SEL|move=g3g4|slotScore=11|top1=11|gap=0|rule=slot|hit=slot|slotUsed=1|seed=3520465586|probs=|depth=12|nodes=317011|slots=1:11,2:10,3:3,4:1,5:1,6:-2,7:-3,8:-8|crit=0
L|3|OP02|T8S1|REF|move=g3g4|score=-9|mate=-|depth=23|nodes=3613052|crit=0
L|3|OP02|ANCH|SEL|move=h0g2|slotScore=6|top1=6|gap=0|rule=anchor|hit=anchor|slotUsed=1|seed=1114853186|probs=|depth=21|nodes=3387414|slots=1:6|crit=0
L|3|OP02|ANCH|REF|move=h0g2|score=-8|mate=-|depth=22|nodes=3314564|crit=0
PROG|3|OP02
L|3|OP04|ANCHOR|move=b0c2|score=17|mate=-|depth=23|nodes=3520918|crit=0
L|3|OP04|AM0|SEL|move=c3c4|slotScore=18|top1=20|gap=2|rule=slot|hit=slot|slotUsed=4|seed=595287052|probs=|depth=14|nodes=311001|slots=1:20,2:19,3:18,4:18|crit=0
L|3|OP04|AM0|REF|move=c3c4|score=-14|mate=-|depth=24|nodes=3614222|crit=0
L|3|OP04|AD0|SEL|move=i0h0|slotScore=19|top1=24|gap=5|rule=slot|hit=slot|slotUsed=3|seed=764077293|probs=|depth=16|nodes=575126|slots=1:24,2:21,3:19|crit=0
L|3|OP04|AD0|REF|move=i0h0|score=-14|mate=-|depth=24|nodes=3535105|crit=0
L|3|OP04|EX0|SEL|move=b0c2|slotScore=15|top1=16|gap=1|rule=slot|hit=slot|slotUsed=2|seed=3899429733|probs=|depth=19|nodes=932588|slots=1:16,2:15|crit=0
L|3|OP04|EX0|REF|move=b0c2|score=-14|mate=-|depth=24|nodes=3659620|crit=0
L|3|OP04|CAP_AD|SEL|move=b2e2|slotScore=6|top1=16|gap=10|rule=cap|hit=cap|slotUsed=8|seed=2791907888|probs=1:0,2:1,3:-1,4:-1,5:-1,6:1,7:6,8:10|depth=12|nodes=330794|slots=1:16,2:15,3:17,4:17,5:17,6:15,7:10,8:6|crit=0
L|3|OP04|CAP_AD|REF|move=b2e2|score=-8|mate=-|depth=24|nodes=3659651|crit=0
L|3|OP04|CAP_AM|SEL|move=h2e2|slotScore=10|top1=16|gap=6|rule=cap|hit=cap|slotUsed=8|seed=2909355835|probs=1:0,2:0,3:0,4:2,5:5,6:0,7:3,8:6|depth=12|nodes=324621|slots=1:16,2:16,3:16,4:14,5:11,6:16,7:13,8:10|crit=0
L|3|OP04|CAP_AM|REF|move=h2e2|score=-6|mate=-|depth=24|nodes=3655114|crit=0
L|3|OP04|TMP_AD|SEL|move=h2e2|slotScore=15|top1=20|gap=5|rule=temp|hit=temp|slotUsed=5|seed=1667747175|probs=T=40,1:0.148,2:0.131,3:0.145,4:0.145,5:0.131,6:0.102,7:0.102,8:0.097|depth=13|nodes=329444|slots=1:20,2:15,3:19,4:19,5:15,6:5,7:5,8:3|crit=0
L|3|OP04|TMP_AD|REF|move=h2e2|score=-2|mate=-|depth=25|nodes=3676246|crit=0
L|3|OP04|TMP_AM|SEL|move=b0c2|slotScore=22|top1=22|gap=0|rule=temp|hit=temp|slotUsed=1|seed=1550315612|probs=T=150,1:0.132,2:0.131,3:0.131,4:0.127,5:0.123,6:0.118,7:0.118,8:0.120|depth=11|nodes=321110|slots=1:22,2:21,3:21,4:16,5:11,6:6,7:6,8:8|crit=0
L|3|OP04|TMP_AM|REF|move=b0c2|score=-11|mate=-|depth=24|nodes=3579604|crit=0
L|3|OP04|NOI_AD|SEL|move=b0c2|slotScore=18|top1=18|gap=0|rule=noise|hit=engine|slotUsed=1|seed=2930629182|probs=p=0.1,legal=41|depth=14|nodes=308642|slots=1:18,2:18,3:21,4:19|crit=0
L|3|OP04|NOI_AD|REF|move=b0c2|score=-15|mate=-|depth=24|nodes=3659079|crit=0
L|3|OP04|NOI_AM|SEL|move=h2h6|slotScore=NA|top1=22|gap=NA|rule=noise|hit=rand|slotUsed=-1|seed=2779629585|probs=p=0.25,legal=41|depth=14|nodes=283701|slots=1:22,2:21,3:19,4:16|crit=0
L|3|OP04|NOI_AM|REF|move=h2h6|score=15|mate=-|depth=23|nodes=3398687|crit=0
L|3|OP04|T8S1|SEL|move=b0c2|slotScore=18|top1=18|gap=0|rule=slot|hit=slot|slotUsed=1|seed=617543048|probs=|depth=11|nodes=289667|slots=1:18,2:17,3:17,4:17,5:13,6:9,7:7,8:9|crit=0
L|3|OP04|T8S1|REF|move=b0c2|score=-15|mate=-|depth=24|nodes=3466252|crit=0
L|3|OP04|ANCH|SEL|move=b0c2|slotScore=17|top1=17|gap=0|rule=anchor|hit=anchor|slotUsed=1|seed=893515756|probs=|depth=23|nodes=3520918|slots=1:17|crit=0
L|3|OP04|ANCH|REF|move=b0c2|score=-15|mate=-|depth=24|nodes=3676413|crit=0
PROG|3|OP04
L|3|OP06|ANCHOR|move=h2b2|score=119|mate=-|depth=22|nodes=3588362|crit=0
L|3|OP06|AM0|SEL|move=h2e2|slotScore=-74|top1=129|gap=203|rule=slot|hit=slot|slotUsed=4|seed=1933361890|probs=|depth=12|nodes=296504|slots=1:129,2:126,3:-23,4:-74|crit=0
L|3|OP06|AM0|REF|move=h2e2|score=93|mate=-|depth=22|nodes=3611440|crit=0
L|3|OP06|AD0|SEL|move=b9d9|slotScore=-24|top1=123|gap=147|rule=slot|hit=slot|slotUsed=3|seed=3710360691|probs=|depth=14|nodes=562404|slots=1:123,2:98,3:-24|crit=0
L|3|OP06|AD0|REF|move=b9d9|score=32|mate=-|depth=20|nodes=3752301|crit=0
L|3|OP06|EX0|SEL|move=b9b8|slotScore=85|top1=123|gap=38|rule=slot|hit=slot|slotUsed=2|seed=714692691|probs=|depth=15|nodes=962920|slots=1:123,2:85|crit=0
L|3|OP06|EX0|REF|move=b9b8|score=-72|mate=-|depth=19|nodes=3792057|crit=0
L|3|OP06|CAP_AD|SEL|move=b9b8|slotScore=80|top1=121|gap=41|rule=cap|hit=cap|slotUsed=2|seed=2686133282|probs=1:0,2:41,3:155,4:205,5:214,6:242,7:254,8:290|depth=12|nodes=349827|slots=1:121,2:80,3:-34,4:-84,5:-93,6:-121,7:-133,8:-169|crit=0
L|3|OP06|CAP_AD|REF|move=b9b8|score=-73|mate=-|depth=20|nodes=3615481|crit=0
L|3|OP06|CAP_AM|SEL|move=h2e2|slotScore=-73|top1=127|gap=200|rule=cap|hit=cap|slotUsed=4|seed=2535140341|probs=1:0,2:44,3:151,4:200,5:219,6:252,7:282,8:284|depth=12|nodes=330674|slots=1:127,2:83,3:-24,4:-73,5:-92,6:-125,7:-155,8:-157|crit=0
L|3|OP06|CAP_AM|REF|move=h2e2|score=102|mate=-|depth=23|nodes=3548031|crit=0
L|3|OP06|TMP_AD|SEL|move=h2b2|slotScore=123|top1=123|gap=0|rule=temp|hit=temp|slotUsed=1|seed=1033035853|probs=T=40,1:0.636,2:0.341,3:0.013,4:0.003,5:0.003,6:0.002,7:0.001,8:0.001|depth=12|nodes=335920|slots=1:123,2:98,3:-32,4:-89,5:-92,6:-118,7:-122,8:-152|crit=0
L|3|OP06|TMP_AD|REF|move=h2b2|score=-122|mate=-|depth=21|nodes=3493794|crit=0
L|3|OP06|TMP_AM|SEL|move=b9b8|slotScore=74|top1=117|gap=43|rule=temp|hit=temp|slotUsed=2|seed=915598154|probs=T=150,1:0.314,2:0.236,3:0.123,4:0.080,5:0.075,6:0.067,7:0.053,8:0.052|depth=10|nodes=279000|slots=1:117,2:74,3:-23,4:-89,5:-97,6:-114,7:-151,8:-153|crit=0
L|3|OP06|TMP_AM|REF|move=b9b8|score=-88|mate=-|depth=21|nodes=3491402|crit=0
L|3|OP06|NOI_AD|SEL|move=h2b2|slotScore=120|top1=120|gap=0|rule=noise|hit=engine|slotUsed=1|seed=1893162444|probs=p=0.1,legal=33|depth=13|nodes=307219|slots=1:120,2:84,3:-33,4:-69|crit=0
L|3|OP06|NOI_AD|REF|move=h2b2|score=-124|mate=-|depth=20|nodes=3549031|crit=0
L|3|OP06|NOI_AM|SEL|move=h2e2|slotScore=-75|top1=121|gap=196|rule=noise|hit=engine|slotUsed=4|seed=2010589911|probs=p=0.25,legal=33|depth=12|nodes=275723|slots=1:121,2:81,3:-23,4:-75|crit=0
L|3|OP06|NOI_AM|REF|move=h2e2|score=98|mate=-|depth=22|nodes=3526731|crit=0
L|3|OP06|T8S1|SEL|move=h2b2|slotScore=116|top1=116|gap=0|rule=slot|hit=slot|slotUsed=1|seed=3380011678|probs=|depth=12|nodes=341441|slots=1:116,2:87,3:-29,4:-63,5:-105,6:-108,7:-135,8:-159|crit=0
L|3|OP06|T8S1|REF|move=h2b2|score=-125|mate=-|depth=21|nodes=3646832|crit=0
L|3|OP06|ANCH|SEL|move=h2b2|slotScore=119|top1=119|gap=0|rule=anchor|hit=anchor|slotUsed=1|seed=2350686078|probs=|depth=22|nodes=3588362|slots=1:119|crit=0
L|3|OP06|ANCH|REF|move=h2b2|score=-132|mate=-|depth=22|nodes=3655063|crit=0
PROG|3|OP06
L|3|OP08|ANCHOR|move=b9b7|score=152|mate=-|depth=22|nodes=3898207|crit=0
L|3|OP08|AM0|SEL|move=b9b5|slotScore=-28|top1=169|gap=197|rule=slot|hit=slot|slotUsed=4|seed=1836786000|probs=|depth=14|nodes=309767|slots=1:169,2:60,3:-27,4:-28|crit=0
L|3|OP08|AM0|REF|move=b9b5|score=92|mate=-|depth=22|nodes=3679847|crit=0
L|3|OP08|AD0|SEL|move=b9d9|slotScore=-68|top1=155|gap=223|rule=slot|hit=slot|slotUsed=3|seed=2003171521|probs=|depth=15|nodes=591719|slots=1:155,2:57,3:-68|crit=0
L|3|OP08|AD0|REF|move=b9d9|score=68|mate=-|depth=21|nodes=3557550|crit=0
L|3|OP08|EX0|SEL|move=b9b4|slotScore=94|top1=157|gap=63|rule=slot|hit=slot|slotUsed=2|seed=3115940713|probs=|depth=15|nodes=810579|slots=1:157,2:94|crit=0
L|3|OP08|EX0|REF|move=b9b4|score=-33|mate=-|depth=22|nodes=3278885|crit=0
L|3|OP08|CAP_AD|SEL|move=b9b7|slotScore=159|top1=159|gap=0|rule=cap|hit=above|slotUsed=1|seed=1438288148|probs=1:0,2:123,3:187,4:228,5:280,6:284,7:290,8:313|depth=12|nodes=366974|slots=1:159,2:36,3:-28,4:-69,5:-121,6:-125,7:-131,8:-154|crit=0
L|3|OP08|CAP_AD|REF|move=b9b7|score=-161|mate=-|depth=22|nodes=3475758|crit=0
L|3|OP08|CAP_AM|SEL|move=b9b4|slotScore=39|top1=170|gap=131|rule=cap|hit=cap|slotUsed=2|seed=1287305455|probs=1:0,2:131,3:219,4:223,5:246,6:255,7:293,8:313|depth=13|nodes=391636|slots=1:170,2:39,3:-49,4:-53,5:-76,6:-85,7:-123,8:-143|crit=0
L|3|OP08|CAP_AM|REF|move=b9b4|score=-35|mate=-|depth=21|nodes=3439310|crit=0
L|3|OP08|TMP_AD|SEL|move=b9b7|slotScore=153|top1=153|gap=0|rule=temp|hit=temp|slotUsed=1|seed=430768299|probs=T=40,1:0.944,2:0.044,3:0.005,4:0.004,5:0.001,6:0.001,7:0.001,8:0.000|depth=13|nodes=356312|slots=1:153,2:30,3:-58,4:-63,5:-111,6:-124,7:-146,8:-163|crit=0
L|3|OP08|TMP_AD|REF|move=b9b7|score=-160|mate=-|depth=24|nodes=3583673|crit=0
L|3|OP08|TMP_AM|SEL|move=b9b7|slotScore=161|top1=161|gap=0|rule=temp|hit=temp|slotUsed=1|seed=313330592|probs=T=150,1:0.371,2:0.224,3:0.085,4:0.083,5:0.082,6:0.054,7:0.054,8:0.047|depth=13|nodes=346386|slots=1:161,2:85,3:-60,4:-63,5:-65,6:-128,7:-129,8:-149|crit=0
L|3|OP08|TMP_AM|REF|move=b9b7|score=-166|mate=-|depth=20|nodes=3766766|crit=0
L|3|OP08|NOI_AD|SEL|move=b9b7|slotScore=163|top1=163|gap=0|rule=noise|hit=engine|slotUsed=1|seed=2767378498|probs=p=0.1,legal=44|depth=14|nodes=331549|slots=1:163,2:38,3:-69,4:-74|crit=0
L|3|OP08|NOI_AD|REF|move=b9b7|score=-182|mate=-|depth=22|nodes=3804079|crit=0
L|3|OP08|NOI_AM|SEL|move=b9b5|slotScore=-90|top1=177|gap=267|rule=noise|hit=engine|slotUsed=4|seed=2616380949|probs=p=0.25,legal=44|depth=14|nodes=322504|slots=1:177,2:39,3:-77,4:-90|crit=0
L|3|OP08|NOI_AM|REF|move=b9b5|score=88|mate=-|depth=22|nodes=3592478|crit=0
L|3|OP08|T8S1|SEL|move=b9b7|slotScore=154|top1=154|gap=0|rule=slot|hit=slot|slotUsed=1|seed=882010404|probs=|depth=12|nodes=349932|slots=1:154,2:47,3:-54,4:-80,5:-135,6:-143,7:-151,8:-151|crit=0
L|3|OP08|T8S1|REF|move=b9b7|score=-190|mate=-|depth=21|nodes=3823708|crit=0
L|3|OP08|ANCH|SEL|move=b9b7|slotScore=152|top1=152|gap=0|rule=anchor|hit=anchor|slotUsed=1|seed=1223507528|probs=|depth=22|nodes=3898207|slots=1:152|crit=0
L|3|OP08|ANCH|REF|move=b9b7|score=-184|mate=-|depth=23|nodes=3758461|crit=0
PROG|3|OP08
L|3|MG_QT01|ANCHOR|move=c7b9|score=-34|mate=-|depth=26|nodes=3757726|crit=0
L|3|MG_QT01|AM0|SEL|move=h9f8|slotScore=-618|top1=-35|gap=583|rule=slot|hit=slot|slotUsed=4|seed=974299540|probs=|depth=15|nodes=295287|slots=1:-35,2:-613,3:-613,4:-618|crit=0
L|3|MG_QT01|AM0|REF|move=h9f8|score=632|mate=-|depth=24|nodes=3330839|crit=0
L|3|MG_QT01|AD0|SEL|move=c6c5|slotScore=-622|top1=-34|gap=588|rule=slot|hit=slot|slotUsed=3|seed=2751230757|probs=|depth=17|nodes=572281|slots=1:-34,2:-530,3:-622|crit=0
L|3|MG_QT01|AD0|REF|move=c6c5|score=606|mate=-|depth=25|nodes=3279744|crit=0
L|3|MG_QT01|EX0|SEL|move=f9e8|slotScore=-607|top1=-37|gap=570|rule=slot|hit=slot|slotUsed=2|seed=4565869|probs=|depth=20|nodes=880699|slots=1:-37,2:-607|crit=0
L|3|MG_QT01|EX0|REF|move=f9e8|score=601|mate=-|depth=26|nodes=3302542|crit=0
L|3|MG_QT01|CAP_AD|SEL|move=c7b9|slotScore=-34|top1=-34|gap=0|rule=cap|hit=above|slotUsed=1|seed=3557936264|probs=1:0,2:568,3:573,4:575,5:576,6:577,7:585,8:585|depth=14|nodes=319893|slots=1:-34,2:-602,3:-607,4:-609,5:-610,6:-611,7:-619,8:-619|crit=0
L|3|MG_QT01|CAP_AD|REF|move=c7b9|score=35|mate=-|depth=26|nodes=3820891|crit=0
L|3|MG_QT01|CAP_AM|SEL|move=c7b9|slotScore=-33|top1=-33|gap=0|rule=cap|hit=above|slotUsed=1|seed=3406951011|probs=1:0,2:565,3:569,4:576,5:581,6:588,7:589,8:589|depth=13|nodes=300565|slots=1:-33,2:-598,3:-602,4:-609,5:-614,6:-621,7:-622,8:-622|crit=0
L|3|MG_QT01|CAP_AM|REF|move=c7b9|score=37|mate=-|depth=25|nodes=3846950|crit=0
L|3|MG_QT01|TMP_AD|SEL|move=c7b9|slotScore=-35|top1=-35|gap=0|rule=temp|hit=temp|slotUsed=1|seed=3242641423|probs=T=40,1:1.000,2:0.000,3:0.000,4:0.000,5:0.000,6:0.000,7:0.000,8:0.000|depth=13|nodes=300257|slots=1:-35,2:-567,3:-603,4:-603,5:-616,6:-620,7:-620,8:-626|crit=0
L|3|MG_QT01|TMP_AD|REF|move=c7b9|score=33|mate=-|depth=28|nodes=3701484|crit=0
L|3|MG_QT01|TMP_AM|SEL|move=c7b9|slotScore=-36|top1=-36|gap=0|rule=temp|hit=temp|slotUsed=1|seed=3393641012|probs=T=150,1:0.863,2:0.028,3:0.019,4:0.019,5:0.018,6:0.018,7:0.018,8:0.017|depth=14|nodes=313800|slots=1:-36,2:-551,3:-605,4:-610,5:-615,6:-617,7:-620,8:-621|crit=0
L|3|MG_QT01|TMP_AM|REF|move=c7b9|score=41|mate=-|depth=28|nodes=3701269|crit=0
L|3|MG_QT01|NOI_AD|SEL|move=c7b9|slotScore=-39|top1=-39|gap=0|rule=noise|hit=engine|slotUsed=1|seed=2801764198|probs=p=0.1,legal=30|depth=16|nodes=304132|slots=1:-39,2:-575,3:-595,4:-612|crit=0
L|3|MG_QT01|NOI_AD|REF|move=c7b9|score=31|mate=-|depth=28|nodes=3814434|crit=0
L|3|MG_QT01|NOI_AM|SEL|move=h9g7|slotScore=-615|top1=-36|gap=579|rule=noise|hit=engine|slotUsed=4|seed=2919210089|probs=p=0.25,legal=30|depth=15|nodes=296399|slots=1:-36,2:-598,3:-612,4:-615|crit=0
L|3|MG_QT01|NOI_AM|REF|move=h9g7|score=619|mate=-|depth=22|nodes=3075177|crit=0
L|3|MG_QT01|T8S1|SEL|move=c7b9|slotScore=-32|top1=-32|gap=0|rule=slot|hit=slot|slotUsed=1|seed=1522145024|probs=|depth=15|nodes=321041|slots=1:-32,2:-599,3:-600,4:-611,5:-617,6:-619,7:-620,8:-622|crit=0
L|3|MG_QT01|T8S1|REF|move=c7b9|score=34|mate=-|depth=25|nodes=3780733|crit=0
L|3|MG_QT01|ANCH|SEL|move=c7b9|slotScore=-34|top1=-34|gap=0|rule=anchor|hit=anchor|slotUsed=1|seed=569625876|probs=|depth=26|nodes=3757726|slots=1:-34|crit=0
L|3|MG_QT01|ANCH|REF|move=c7b9|score=31|mate=-|depth=25|nodes=3644906|crit=0
PROG|3|MG_QT01
L|3|MG_QT05|ANCHOR|move=h7h9|score=-35|mate=-|depth=21|nodes=3677822|crit=0
L|3|MG_QT05|AM0|SEL|move=b9c7|slotScore=-65|top1=-41|gap=24|rule=slot|hit=slot|slotUsed=4|seed=3579369504|probs=|depth=12|nodes=298810|slots=1:-41,2:-43,3:-44,4:-65|crit=0
L|3|MG_QT05|AM0|REF|move=b9c7|score=77|mate=-|depth=22|nodes=3641841|crit=0
L|3|MG_QT05|AD0|SEL|move=i6i5|slotScore=-45|top1=-41|gap=4|rule=slot|hit=slot|slotUsed=3|seed=1598183441|probs=|depth=15|nodes=559348|slots=1:-41,2:-43,3:-45|crit=0
L|3|MG_QT05|AD0|REF|move=i6i5|score=52|mate=-|depth=22|nodes=3572308|crit=0
L|3|MG_QT05|EX0|SEL|move=i9h9|slotScore=-44|top1=-35|gap=9|rule=slot|hit=slot|slotUsed=2|seed=2757861785|probs=|depth=18|nodes=882571|slots=1:-35,2:-44|crit=0
L|3|MG_QT05|EX0|REF|move=i9h9|score=65|mate=-|depth=22|nodes=3707681|crit=0
L|3|MG_QT05|CAP_AD|SEL|move=i9i7|slotScore=-84|top1=-43|gap=41|rule=cap|hit=cap|slotUsed=8|seed=3077076388|probs=1:0,2:6,3:10,4:12,5:20,6:31,7:36,8:41|depth=9|nodes=298279|slots=1:-43,2:-49,3:-53,4:-55,5:-63,6:-74,7:-79,8:-84|crit=0
L|3|MG_QT05|CAP_AD|REF|move=i9i7|score=65|mate=-|depth=21|nodes=3562489|crit=0
L|3|MG_QT05|CAP_AM|SEL|move=a7a8|slotScore=-76|top1=-37|gap=39|rule=cap|hit=cap|slotUsed=8|seed=2926082943|probs=1:0,2:4,3:9,4:15,5:30,6:33,7:41,8:39|depth=9|nodes=330309|slots=1:-37,2:-41,3:-46,4:-52,5:-67,6:-70,7:-78,8:-76|crit=0
L|3|MG_QT05|CAP_AM|REF|move=a7a8|score=112|mate=-|depth=21|nodes=3578259|crit=0
L|3|MG_QT05|TMP_AD|SEL|move=h7i7|slotScore=-53|top1=-44|gap=9|rule=temp|hit=temp|slotUsed=4|seed=523889179|probs=T=40,1:0.191,2:0.165,3:0.169,4:0.153,5:0.095,6:0.084,7:0.076,8:0.069|depth=11|nodes=310777|slots=1:-44,2:-50,3:-49,4:-53,5:-72,6:-77,7:-81,8:-85|crit=0
L|3|MG_QT05|TMP_AD|REF|move=h7i7|score=75|mate=-|depth=23|nodes=3680581|crit=0
L|3|MG_QT05|TMP_AM|SEL|move=h7g7|slotScore=-82|top1=-36|gap=46|rule=temp|hit=temp|slotUsed=6|seed=406396176|probs=T=150,1:0.149,2:0.142,3:0.142,4:0.125,5:0.114,6:0.110,7:0.110,8:0.108|depth=9|nodes=314718|slots=1:-36,2:-44,3:-44,4:-63,5:-76,6:-82,7:-82,8:-84|crit=0
L|3|MG_QT05|TMP_AM|REF|move=h7g7|score=107|mate=-|depth=22|nodes=3710771|crit=0
L|3|MG_QT05|NOI_AD|SEL|move=e8f7|slotScore=NA|top1=-37|gap=NA|rule=noise|hit=rand|slotUsed=-1|seed=1400820146|probs=p=0.1,legal=33|depth=13|nodes=307988|slots=1:-37,2:-46,3:-48,4:-63|crit=0
L|3|MG_QT05|NOI_AD|REF|move=e8f7|score=510|mate=-|depth=22|nodes=3563863|crit=0
L|3|MG_QT05|NOI_AM|SEL|move=h7i7|slotScore=-66|top1=-41|gap=25|rule=noise|hit=engine|slotUsed=4|seed=1249822597|probs=p=0.25,legal=33|depth=12|nodes=311796|slots=1:-41,2:-43,3:-61,4:-66|crit=0
L|3|MG_QT05|NOI_AM|REF|move=h7i7|score=79|mate=-|depth=20|nodes=3550983|crit=0
L|3|MG_QT05|T8S1|SEL|move=i6i5|slotScore=-42|top1=-42|gap=0|rule=slot|hit=slot|slotUsed=1|seed=3996713972|probs=|depth=11|nodes=330980|slots=1:-42,2:-44,3:-50,4:-62,5:-69,6:-73,7:-80,8:-81|crit=0
L|3|MG_QT05|T8S1|REF|move=i6i5|score=55|mate=-|depth=22|nodes=3630405|crit=0
L|3|MG_QT05|ANCH|SEL|move=h7h9|slotScore=-35|top1=-35|gap=0|rule=anchor|hit=anchor|slotUsed=1|seed=3681748056|probs=|depth=21|nodes=3677822|slots=1:-35|crit=0
L|3|MG_QT05|ANCH|REF|move=h7h9|score=29|mate=-|depth=21|nodes=3581756|crit=0
PROG|3|MG_QT05
L|3|MG_QT10|ANCHOR|move=i9h9|score=-24|mate=-|depth=24|nodes=3666213|crit=0
L|3|MG_QT10|AM0|SEL|move=f8h9|slotScore=-70|top1=-28|gap=42|rule=slot|hit=slot|slotUsed=4|seed=3508147014|probs=|depth=11|nodes=289336|slots=1:-28,2:-63,3:-61,4:-70|crit=0
L|3|MG_QT10|AM0|REF|move=f8h9|score=74|mate=-|depth=23|nodes=3559280|crit=0
L|3|MG_QT10|AD0|SEL|move=i9i7|slotScore=-65|top1=-33|gap=32|rule=slot|hit=slot|slotUsed=3|seed=3674516151|probs=|depth=14|nodes=540600|slots=1:-33,2:-52,3:-65|crit=0
L|3|MG_QT10|AD0|REF|move=i9i7|score=64|mate=-|depth=22|nodes=3367542|crit=0
L|3|MG_QT10|EX0|SEL|move=f8h7|slotScore=-52|top1=-35|gap=17|rule=slot|hit=slot|slotUsed=2|seed=266764007|probs=|depth=18|nodes=972688|slots=1:-35,2:-52|crit=0
L|3|MG_QT10|EX0|REF|move=f8h7|score=69|mate=-|depth=21|nodes=3552645|crit=0
L|3|MG_QT10|CAP_AD|SEL|move=a7d7|slotScore=-78|top1=-33|gap=45|rule=cap|hit=cap|slotUsed=8|seed=1423115590|probs=1:0,2:27,3:28,4:37,5:37,6:41,7:41,8:45|depth=11|nodes=329117|slots=1:-33,2:-60,3:-61,4:-70,5:-70,6:-74,7:-74,8:-78|crit=0
L|3|MG_QT10|CAP_AD|REF|move=a7d7|score=128|mate=-|depth=21|nodes=3569073|crit=0
L|3|MG_QT10|CAP_AM|SEL|move=i9g9|slotScore=-92|top1=-43|gap=49|rule=cap|hit=cap|slotUsed=8|seed=1540559433|probs=1:0,2:18,3:18,4:25,5:33,6:35,7:37,8:49|depth=11|nodes=282937|slots=1:-43,2:-61,3:-61,4:-68,5:-76,6:-78,7:-80,8:-92|crit=0
L|3|MG_QT10|CAP_AM|REF|move=i9g9|score=108|mate=-|depth=22|nodes=3656250|crit=0
L|3|MG_QT10|TMP_AD|SEL|move=i9g9|slotScore=-78|top1=-42|gap=36|rule=temp|hit=temp|slotUsed=6|seed=1603787105|probs=T=40,1:0.249,2:0.140,3:0.127,4:0.112,5:0.104,6:0.101,7:0.085,8:0.083|depth=12|nodes=312390|slots=1:-42,2:-65,3:-69,4:-74,5:-77,6:-78,7:-85,8:-86|crit=0
L|3|MG_QT10|TMP_AD|REF|move=i9g9|score=121|mate=-|depth=22|nodes=3682908|crit=0
L|3|MG_QT10|TMP_AM|SEL|move=f9g9|slotScore=-80|top1=-36|gap=44|rule=temp|hit=temp|slotUsed=7|seed=1754770318|probs=T=150,1:0.154,2:0.136,3:0.126,4:0.124,5:0.122,6:0.115,7:0.115,8:0.109|depth=11|nodes=305372|slots=1:-36,2:-54,3:-66,4:-68,5:-71,6:-79,7:-80,8:-88|crit=0
L|3|MG_QT10|TMP_AM|REF|move=f9g9|score=80|mate=-|depth=22|nodes=4189546|crit=0
L|3|MG_QT10|NOI_AD|SEL|move=i9h9|slotScore=-35|top1=-35|gap=0|rule=noise|hit=engine|slotUsed=1|seed=2525040736|probs=p=0.1,legal=29|depth=12|nodes=271313|slots=1:-35,2:-55,3:-62,4:-64|crit=0
L|3|MG_QT10|NOI_AD|REF|move=i9h9|score=35|mate=-|depth=24|nodes=3922017|crit=0
L|3|MG_QT10|NOI_AM|SEL|move=f9h9|slotScore=NA|top1=-30|gap=NA|rule=noise|hit=rand|slotUsed=-1|seed=2642537835|probs=p=0.25,legal=29|depth=12|nodes=302109|slots=1:-30,2:-62,3:-63,4:-68|crit=0
L|3|MG_QT10|NOI_AM|REF|move=f9h9|score=114|mate=-|depth=22|nodes=3639575|crit=0
L|3|MG_QT10|T8S1|SEL|move=i9h9|slotScore=-30|top1=-30|gap=0|rule=slot|hit=slot|slotUsed=1|seed=2576708858|probs=|depth=11|nodes=319910|slots=1:-30,2:-53,3:-63,4:-63,5:-68,6:-75,7:-78,8:-80|crit=0
L|3|MG_QT10|T8S1|REF|move=i9h9|score=31|mate=-|depth=25|nodes=3976077|crit=0
L|3|MG_QT10|ANCH|SEL|move=i9h9|slotScore=-24|top1=-24|gap=0|rule=anchor|hit=anchor|slotUsed=1|seed=3845570842|probs=|depth=24|nodes=3666213|slots=1:-24|crit=0
L|3|MG_QT10|ANCH|REF|move=i9h9|score=31|mate=-|depth=26|nodes=3902343|crit=0
PROG|3|MG_QT10
L|3|MG_QT14|ANCHOR|move=f4b4|score=-24|mate=-|depth=25|nodes=3800072|crit=0
L|3|MG_QT14|AM0|SEL|move=c3e4|slotScore=-42|top1=-32|gap=10|rule=slot|hit=slot|slotUsed=4|seed=3230218874|probs=|depth=14|nodes=308328|slots=1:-32,2:-35,3:-40,4:-42|crit=0
L|3|MG_QT14|AM0|REF|move=c3e4|score=62|mate=-|depth=22|nodes=4112525|crit=0
L|3|MG_QT14|AD0|SEL|move=c3e4|slotScore=-53|top1=-31|gap=22|rule=slot|hit=slot|slotUsed=3|seed=3399008603|probs=|depth=15|nodes=601987|slots=1:-31,2:-40,3:-53|crit=0
L|3|MG_QT14|AD0|REF|move=c3e4|score=71|mate=-|depth=24|nodes=4038702|crit=0
L|3|MG_QT14|EX0|SEL|move=a7b7|slotScore=-38|top1=-34|gap=4|rule=slot|hit=slot|slotUsed=2|seed=411094155|probs=|depth=19|nodes=918506|slots=1:-34,2:-38|crit=0
L|3|MG_QT14|EX0|REF|move=a7b7|score=28|mate=-|depth=26|nodes=3821870|crit=0
L|3|MG_QT14|CAP_AD|SEL|move=a6a5|slotScore=-88|top1=-28|gap=60|rule=cap|hit=cap|slotUsed=8|seed=1847582250|probs=1:0,2:23,3:29,4:30,5:31,6:32,7:34,8:60|depth=13|nodes=347040|slots=1:-28,2:-51,3:-57,4:-58,5:-59,6:-60,7:-62,8:-88|crit=0
L|3|MG_QT14|CAP_AD|REF|move=a6a5|score=128|mate=-|depth=22|nodes=3894817|crit=0
L|3|MG_QT14|CAP_AM|SEL|move=e8f7|slotScore=-87|top1=-32|gap=55|rule=cap|hit=cap|slotUsed=8|seed=1965009709|probs=1:0,2:10,3:17,4:15,5:30,6:42,7:43,8:55|depth=13|nodes=352433|slots=1:-32,2:-42,3:-49,4:-47,5:-62,6:-74,7:-75,8:-87|crit=0
L|3|MG_QT14|CAP_AM|REF|move=e8f7|score=124|mate=-|depth=26|nodes=4252399|crit=0
L|3|MG_QT14|TMP_AD|SEL|move=f4f2|slotScore=-51|top1=-39|gap=12|rule=temp|hit=temp|slotUsed=3|seed=3032524741|probs=T=40,1:0.215,2:0.168,3:0.159,4:0.124,5:0.115,6:0.081,7:0.077,8:0.060|depth=13|nodes=330542|slots=1:-39,2:-49,3:-51,4:-61,5:-64,6:-78,7:-80,8:-90|crit=0
L|3|MG_QT14|TMP_AD|REF|move=f4f2|score=82|mate=-|depth=24|nodes=4373140|crit=0
L|3|MG_QT14|TMP_AM|SEL|move=a7c7|slotScore=-64|top1=-40|gap=24|rule=temp|hit=temp|slotUsed=5|seed=3183522290|probs=T=150,1:0.145,2:0.143,3:0.128,4:0.125,5:0.123,6:0.120,7:0.115,8:0.100|depth=13|nodes=336076|slots=1:-40,2:-42,3:-58,4:-62,5:-64,6:-68,7:-74,8:-96|crit=0
L|3|MG_QT14|TMP_AM|REF|move=a7c7|score=77|mate=-|depth=21|nodes=4174740|crit=0
L|3|MG_QT14|NOI_AD|SEL|move=c5c4|slotScore=NA|top1=-34|gap=NA|rule=noise|hit=rand|slotUsed=-1|seed=1989507396|probs=p=0.1,legal=37|depth=13|nodes=325692|slots=1:-34,2:-35,3:-53,4:-59|crit=0
L|3|MG_QT14|NOI_AD|REF|move=c5c4|score=173|mate=-|depth=21|nodes=4085053|crit=0
L|3|MG_QT14|NOI_AM|SEL|move=c5c4|slotScore=NA|top1=-38|gap=NA|rule=noise|hit=rand|slotUsed=-1|seed=1838509855|probs=p=0.25,legal=37|depth=13|nodes=312588|slots=1:-38,2:-46,3:-62,4:-52|crit=0
L|3|MG_QT14|NOI_AM|REF|move=c5c4|score=163|mate=-|depth=21|nodes=3861810|crit=0
L|3|MG_QT14|T8S1|SEL|move=f4b4|slotScore=-43|top1=-43|gap=0|rule=slot|hit=slot|slotUsed=1|seed=1329306662|probs=|depth=11|nodes=327431|slots=1:-43,2:-54,3:-58,4:-60,5:-62,6:-65,7:-66,8:-88|crit=0
L|3|MG_QT14|T8S1|REF|move=f4b4|score=26|mate=-|depth=25|nodes=3846604|crit=0
L|3|MG_QT14|ANCH|SEL|move=f4b4|slotScore=-24|top1=-24|gap=0|rule=anchor|hit=anchor|slotUsed=1|seed=2173897590|probs=|depth=25|nodes=3800072|slots=1:-24|crit=0
L|3|MG_QT14|ANCH|REF|move=f4b4|score=25|mate=-|depth=24|nodes=3680754|crit=0
PROG|3|MG_QT14
L|3|MG_QT19|ANCHOR|move=c7c3|score=-14|mate=-|depth=29|nodes=3682103|crit=0
L|3|MG_QT19|AM0|SEL|move=c7b7|slotScore=-593|top1=-18|gap=575|rule=slot|hit=slot|slotUsed=4|seed=582534013|probs=|depth=15|nodes=316232|slots=1:-18,2:-594,3:-603,4:-593|crit=0
L|3|MG_QT19|AM0|REF|move=c7b7|score=580|mate=-|depth=26|nodes=3533121|crit=0
L|3|MG_QT19|AD0|SEL|move=c7b7|slotScore=-603|top1=-16|gap=587|rule=slot|hit=slot|slotUsed=3|seed=413738140|probs=|depth=20|nodes=610256|slots=1:-16,2:-533,3:-603|crit=0
L|3|MG_QT19|AD0|REF|move=c7b7|score=605|mate=-|depth=27|nodes=3654425|crit=0
L|3|MG_QT19|EX0|SEL|move=c7d7|slotScore=-589|top1=-16|gap=573|rule=slot|hit=slot|slotUsed=2|seed=1254125804|probs=|depth=21|nodes=981814|slots=1:-16,2:-589|crit=0
L|3|MG_QT19|EX0|REF|move=c7d7|score=598|mate=-|depth=30|nodes=3614078|crit=0
L|3|MG_QT19|CAP_AD|SEL|move=c7c3|slotScore=-17|top1=-17|gap=0|rule=cap|hit=above|slotUsed=1|seed=164476203|probs=1:0,2:574,3:565,4:592,5:633,6:693,7:707,8:723|depth=15|nodes=313849|slots=1:-17,2:-591,3:-582,4:-609,5:-650,6:-710,7:-724,8:-740|crit=0
L|3|MG_QT19|CAP_AD|REF|move=c7c3|score=15|mate=-|depth=30|nodes=3734794|crit=0
L|3|MG_QT19|CAP_AM|SEL|move=c7c3|slotScore=-17|top1=-17|gap=0|rule=cap|hit=above|slotUsed=1|seed=47036448|probs=1:0,2:573,3:576,4:584,5:619,6:693,7:714,8:729|depth=14|nodes=324786|slots=1:-17,2:-590,3:-593,4:-601,5:-636,6:-710,7:-731,8:-746|crit=0
L|3|MG_QT19|CAP_AM|REF|move=c7c3|score=15|mate=-|depth=29|nodes=3835807|crit=0
L|3|MG_QT19|TMP_AD|SEL|move=c7c3|slotScore=-18|top1=-18|gap=0|rule=temp|hit=temp|slotUsed=1|seed=564983908|probs=T=40,1:1.000,2:0.000,3:0.000,4:0.000,5:0.000,6:0.000,7:0.000,8:0.000|depth=14|nodes=318085|slots=1:-18,2:-578,3:-600,4:-603,5:-635,6:-714,7:-721,8:-750|crit=0
L|3|MG_QT19|TMP_AD|REF|move=c7c3|score=14|mate=-|depth=30|nodes=3849653|crit=0
L|3|MG_QT19|TMP_AM|SEL|move=c7c3|slotScore=-20|top1=-20|gap=0|rule=temp|hit=temp|slotUsed=1|seed=413986367|probs=T=150,1:0.898,2:0.021,3:0.027,4:0.019,5:0.013,6:0.008,7:0.008,8:0.006|depth=15|nodes=332708|slots=1:-20,2:-586,3:-548,4:-596,5:-650,6:-721,7:-737,8:-764|crit=0
L|3|MG_QT19|TMP_AM|REF|move=c7c3|score=15|mate=-|depth=30|nodes=3623748|crit=0
L|3|MG_QT19|NOI_AD|SEL|move=c7c3|slotScore=-18|top1=-18|gap=0|rule=noise|hit=engine|slotUsed=1|seed=291698753|probs=p=0.1,legal=33|depth=15|nodes=310934|slots=1:-18,2:-585,3:-592,4:-593|crit=0
L|3|MG_QT19|NOI_AD|REF|move=c7c3|score=15|mate=-|depth=29|nodes=3717538|crit=0
L|3|MG_QT19|NOI_AM|SEL|move=c7d7|slotScore=-607|top1=-20|gap=587|rule=noise|hit=engine|slotUsed=4|seed=442681966|probs=p=0.25,legal=33|depth=15|nodes=310842|slots=1:-20,2:-582,3:-592,4:-607|crit=0
L|3|MG_QT19|NOI_AM|REF|move=c7d7|score=596|mate=-|depth=30|nodes=3694462|crit=0
L|3|MG_QT19|T8S1|SEL|move=c7c3|slotScore=-17|top1=-17|gap=0|rule=slot|hit=slot|slotUsed=1|seed=2378527223|probs=|depth=16|nodes=339522|slots=1:-17,2:-582,3:-590,4:-613,5:-650,6:-732,7:-737,8:-764|crit=0
L|3|MG_QT19|T8S1|REF|move=c7c3|score=15|mate=-|depth=28|nodes=3804573|crit=0
L|3|MG_QT19|ANCH|SEL|move=c7c3|slotScore=-14|top1=-14|gap=0|rule=anchor|hit=anchor|slotUsed=1|seed=1328522863|probs=|depth=29|nodes=3682103|slots=1:-14|crit=0
L|3|MG_QT19|ANCH|REF|move=c7c3|score=16|mate=-|depth=29|nodes=3901002|crit=0
PROG|3|MG_QT19
L|3|MG_QT24|ANCHOR|move=g7f5|score=-15|mate=-|depth=30|nodes=3770896|crit=0
L|3|MG_QT24|AM0|SEL|move=f8f9|slotScore=-19|top1=-16|gap=3|rule=slot|hit=slot|slotUsed=4|seed=2448353985|probs=|depth=15|nodes=302743|slots=1:-16,2:-17,3:-17,4:-19|crit=0
L|3|MG_QT24|AM0|REF|move=f8f9|score=20|mate=-|depth=28|nodes=3554013|crit=0
L|3|MG_QT24|AD0|SEL|move=f8f9|slotScore=-18|top1=-15|gap=3|rule=slot|hit=slot|slotUsed=3|seed=2281984848|probs=|depth=17|nodes=567626|slots=1:-15,2:-16,3:-18|crit=0
L|3|MG_QT24|AD0|REF|move=f8f9|score=21|mate=-|depth=27|nodes=3636251|crit=0
L|3|MG_QT24|EX0|SEL|move=g5e7|slotScore=-18|top1=-14|gap=4|rule=slot|hit=slot|slotUsed=2|seed=3547572096|probs=|depth=20|nodes=959141|slots=1:-14,2:-18|crit=0
L|3|MG_QT24|EX0|REF|move=g5e7|score=14|mate=-|depth=26|nodes=3464119|crit=0
L|3|MG_QT24|CAP_AD|SEL|move=c9e7|slotScore=-27|top1=-16|gap=11|rule=cap|hit=cap|slotUsed=8|seed=3013344335|probs=1:0,2:1,3:2,4:3,5:7,6:9,7:10,8:11|depth=13|nodes=320668|slots=1:-16,2:-17,3:-18,4:-19,5:-23,6:-25,7:-26,8:-27|crit=0
L|3|MG_QT24|CAP_AD|REF|move=c9e7|score=22|mate=-|depth=29|nodes=3751663|crit=0
L|3|MG_QT24|CAP_AM|SEL|move=c9e7|slotScore=-24|top1=-15|gap=9|rule=cap|hit=cap|slotUsed=8|seed=3164327540|probs=1:0,2:0,3:2,4:6,5:7,6:8,7:9,8:9|depth=14|nodes=312615|slots=1:-15,2:-15,3:-17,4:-21,5:-22,6:-23,7:-24,8:-24|crit=0
L|3|MG_QT24|CAP_AM|REF|move=c9e7|score=20|mate=-|depth=30|nodes=3577447|crit=0
L|3|MG_QT24|TMP_AD|SEL|move=c9e7|slotScore=-23|top1=-14|gap=9|rule=temp|hit=temp|slotUsed=8|seed=331716792|probs=T=40,1:0.144,2:0.134,3:0.130,4:0.124,5:0.121,6:0.118,7:0.115,8:0.115|depth=14|nodes=331811|slots=1:-14,2:-17,3:-18,4:-20,5:-21,6:-22,7:-23,8:-23|crit=0
L|3|MG_QT24|TMP_AD|REF|move=c9e7|score=21|mate=-|depth=31|nodes=3718797|crit=0
L|3|MG_QT24|TMP_AM|SEL|move=e8d7|slotScore=-24|top1=-13|gap=11|rule=temp|hit=temp|slotUsed=7|seed=180719251|probs=T=150,1:0.131,2:0.127,3:0.125,4:0.127,5:0.125,6:0.123,7:0.122,8:0.120|depth=14|nodes=325874|slots=1:-13,2:-18,3:-21,4:-18,5:-21,6:-23,7:-24,8:-26|crit=0
L|3|MG_QT24|TMP_AM|REF|move=e8d7|score=20|mate=-|depth=28|nodes=3699436|crit=0
L|3|MG_QT24|NOI_AD|SEL|move=c9e7|slotScore=NA|top1=-16|gap=NA|rule=noise|hit=rand|slotUsed=-1|seed=3999134885|probs=p=0.1,legal=33|depth=15|nodes=299941|slots=1:-16,2:-17,3:-18,4:-19|crit=0
L|3|MG_QT24|NOI_AD|REF|move=c9e7|score=22|mate=-|depth=29|nodes=3721625|crit=0
L|3|MG_QT24|NOI_AM|SEL|move=g5e7|slotScore=-19|top1=-12|gap=7|rule=noise|hit=engine|slotUsed=4|seed=4150118098|probs=p=0.25,legal=33|depth=15|nodes=308277|slots=1:-12,2:-16,3:-18,4:-19|crit=0
L|3|MG_QT24|NOI_AM|REF|move=g5e7|score=14|mate=-|depth=28|nodes=3579775|crit=0
L|3|MG_QT24|T8S1|SEL|move=g7f5|slotScore=-14|top1=-14|gap=0|rule=slot|hit=slot|slotUsed=1|seed=3411541139|probs=|depth=15|nodes=316322|slots=1:-14,2:-17,3:-20,4:-20,5:-23,6:-24,7:-24,8:-26|crit=0
L|3|MG_QT24|T8S1|REF|move=g7f5|score=14|mate=-|depth=28|nodes=3639324|crit=0
L|3|MG_QT24|ANCH|SEL|move=g7f5|slotScore=-15|top1=-15|gap=0|rule=anchor|hit=anchor|slotUsed=1|seed=4114815819|probs=|depth=30|nodes=3770896|slots=1:-15|crit=0
L|3|MG_QT24|ANCH|REF|move=g7f5|score=14|mate=-|depth=30|nodes=3761653|crit=0
PROG|3|MG_QT24
L|3|MG_QT29|ANCHOR|move=b6b5|score=-18|mate=-|depth=24|nodes=3663917|crit=0
L|3|MG_QT29|AM0|SEL|move=d9e8|slotScore=-17|top1=-15|gap=2|rule=slot|hit=slot|slotUsed=4|seed=1802439382|probs=|depth=13|nodes=291057|slots=1:-15,2:-19,3:-20,4:-17|crit=0
L|3|MG_QT29|AM0|REF|move=d9e8|score=28|mate=-|depth=22|nodes=3464335|crit=0
L|3|MG_QT29|AD0|SEL|move=b6b5|slotScore=-19|top1=-13|gap=6|rule=slot|hit=slot|slotUsed=3|seed=4116089543|probs=|depth=16|nodes=554716|slots=1:-13,2:-15,3:-19|crit=0
L|3|MG_QT29|AD0|REF|move=b6b5|score=22|mate=-|depth=24|nodes=3468226|crit=0
L|3|MG_QT29|EX0|SEL|move=b6b5|slotScore=-19|top1=-18|gap=1|rule=slot|hit=slot|slotUsed=2|seed=2809040791|probs=|depth=18|nodes=887675|slots=1:-18,2:-19|crit=0
L|3|MG_QT29|EX0|REF|move=b6b5|score=17|mate=-|depth=24|nodes=3373236|crit=0
L|3|MG_QT29|CAP_AD|SEL|move=f9e8|slotScore=-40|top1=-14|gap=26|rule=cap|hit=cap|slotUsed=8|seed=2316642710|probs=1:0,2:2,3:4,4:4,5:9,6:14,7:26,8:26|depth=12|nodes=300648|slots=1:-14,2:-16,3:-18,4:-18,5:-23,6:-28,7:-40,8:-40|crit=0
L|3|MG_QT29|CAP_AD|REF|move=f9e8|score=22|mate=-|depth=22|nodes=3654222|crit=0
L|3|MG_QT29|CAP_AM|SEL|move=b6b3|slotScore=-22|top1=-8|gap=14|rule=cap|hit=cap|slotUsed=8|seed=2434082457|probs=1:0,2:2,3:3,4:6,5:11,6:11,7:13,8:14|depth=12|nodes=289859|slots=1:-8,2:-10,3:-11,4:-14,5:-19,6:-19,7:-21,8:-22|crit=0
L|3|MG_QT29|CAP_AM|REF|move=b6b3|score=39|mate=-|depth=24|nodes=3667586|crit=0
L|3|MG_QT29|TMP_AD|SEL|move=d9e8|slotScore=-23|top1=-14|gap=9|rule=temp|hit=temp|slotUsed=3|seed=1574578961|probs=T=40,1:0.172,2:0.156,3:0.138,4:0.131,5:0.116,6:0.105,7:0.099,8:0.083|depth=12|nodes=288519|slots=1:-14,2:-18,3:-23,4:-25,5:-30,6:-34,7:-36,8:-43|crit=0
L|3|MG_QT29|TMP_AD|REF|move=d9e8|score=20|mate=-|depth=22|nodes=3477891|crit=0
L|3|MG_QT29|TMP_AM|SEL|move=c7b5|slotScore=-19|top1=-8|gap=11|rule=temp|hit=temp|slotUsed=5|seed=1725572414|probs=T=150,1:0.135,2:0.133,3:0.128,4:0.126,5:0.126,6:0.119,7:0.118,8:0.114|depth=14|nodes=308378|slots=1:-8,2:-10,3:-16,4:-18,5:-19,6:-27,7:-29,8:-33|crit=0
L|3|MG_QT29|TMP_AM|REF|move=c7b5|score=32|mate=-|depth=22|nodes=3495428|crit=0
L|3|MG_QT29|NOI_AD|SEL|move=b6b5|slotScore=-11|top1=-11|gap=0|rule=noise|hit=engine|slotUsed=1|seed=3319840336|probs=p=0.1,legal=41|depth=12|nodes=279879|slots=1:-11,2:-13,3:-15,4:-27|crit=0
L|3|MG_QT29|NOI_AD|REF|move=b6b5|score=21|mate=-|depth=25|nodes=3440064|crit=0
L|3|MG_QT29|NOI_AM|SEL|move=g7i8|slotScore=NA|top1=-18|gap=NA|rule=noise|hit=rand|slotUsed=-1|seed=3437267803|probs=p=0.25,legal=41|depth=14|nodes=284647|slots=1:-18,2:-22,3:-19,4:-22|crit=0
L|3|MG_QT29|NOI_AM|REF|move=g7i8|score=152|mate=-|depth=21|nodes=3711353|crit=0
L|3|MG_QT29|T8S1|SEL|move=b6b5|slotScore=-13|top1=-13|gap=0|rule=slot|hit=slot|slotUsed=1|seed=2768266506|probs=|depth=11|nodes=295961|slots=1:-13,2:-13,3:-15,4:-19,5:-23,6:-24,7:-32,8:-34|crit=0
L|3|MG_QT29|T8S1|REF|move=b6b5|score=15|mate=-|depth=25|nodes=3417562|crit=0
L|3|MG_QT29|ANCH|SEL|move=b6b5|slotScore=-18|top1=-18|gap=0|rule=anchor|hit=anchor|slotUsed=1|seed=596857066|probs=|depth=24|nodes=3663917|slots=1:-18|crit=0
L|3|MG_QT29|ANCH|REF|move=b6b5|score=13|mate=-|depth=25|nodes=3387021|crit=0
PROG|3|MG_QT29
L|3|MG_QT34|ANCHOR|move=d9d3|score=-4|mate=-|depth=24|nodes=3809851|crit=0
L|3|MG_QT34|AM0|SEL|move=d9b9|slotScore=-61|top1=-19|gap=42|rule=slot|hit=slot|slotUsed=4|seed=3364226444|probs=|depth=12|nodes=310276|slots=1:-19,2:-41,3:-42,4:-61|crit=0
L|3|MG_QT34|AM0|REF|move=d9b9|score=50|mate=-|depth=24|nodes=3963677|crit=0
L|3|MG_QT34|AD0|SEL|move=h9g7|slotScore=-29|top1=-7|gap=22|rule=slot|hit=slot|slotUsed=3|seed=3533286509|probs=|depth=16|nodes=614863|slots=1:-7,2:-24,3:-29|crit=0
L|3|MG_QT34|AD0|REF|move=h9g7|score=13|mate=-|depth=25|nodes=3837865|crit=0
L|3|MG_QT34|EX0|SEL|move=h9g7|slotScore=-17|top1=-3|gap=14|rule=slot|hit=slot|slotUsed=2|seed=2373600485|probs=|depth=19|nodes=948460|slots=1:-3,2:-17|crit=0
L|3|MG_QT34|EX0|REF|move=h9g7|score=13|mate=-|depth=26|nodes=3767393|crit=0
L|3|MG_QT34|CAP_AD|SEL|move=b5a5|slotScore=-56|top1=-14|gap=42|rule=cap|hit=cap|slotUsed=5|seed=471294128|probs=1:0,2:13,3:34,4:35,5:42,6:96,7:109,8:114|depth=11|nodes=310781|slots=1:-14,2:-27,3:-48,4:-49,5:-56,6:-110,7:-123,8:-128|crit=0
L|3|MG_QT34|CAP_AD|REF|move=b5a5|score=34|mate=-|depth=21|nodes=3938566|crit=0
L|3|MG_QT34|CAP_AM|SEL|move=h9i7|slotScore=-124|top1=-7|gap=117|rule=cap|hit=cap|slotUsed=8|seed=588742075|probs=1:0,2:28,3:30,4:31,5:37,6:91,7:106,8:117|depth=11|nodes=310024|slots=1:-7,2:-35,3:-37,4:-38,5:-44,6:-98,7:-113,8:-124|crit=0
L|3|MG_QT34|CAP_AM|REF|move=h9i7|score=213|mate=-|depth=22|nodes=3925661|crit=0
L|3|MG_QT34|TMP_AD|SEL|move=d9d3|slotScore=-13|top1=-13|gap=0|rule=temp|hit=temp|slotUsed=1|seed=3642033127|probs=T=40,1:0.313,2:0.215,3:0.176,4:0.124,5:0.112,6:0.022,7:0.021,8:0.017|depth=13|nodes=342166|slots=1:-13,2:-28,3:-36,4:-50,5:-54,6:-120,7:-121,8:-130|crit=0
L|3|MG_QT34|TMP_AD|REF|move=d9d3|score=6|mate=-|depth=26|nodes=3513582|crit=0
L|3|MG_QT34|TMP_AM|SEL|move=h9g7|slotScore=-29|top1=-16|gap=13|rule=temp|hit=temp|slotUsed=2|seed=3524605660|probs=T=150,1:0.167,2:0.153,3:0.147,4:0.136,5:0.130,6:0.089,7:0.089,8:0.089|depth=12|nodes=315516|slots=1:-16,2:-29,3:-35,4:-46,5:-53,6:-110,7:-110,8:-110|crit=0
L|3|MG_QT34|TMP_AM|REF|move=h9g7|score=12|mate=-|depth=26|nodes=3702357|crit=0
L|3|MG_QT34|NOI_AD|SEL|move=d9d3|slotScore=-12|top1=-12|gap=0|rule=noise|hit=engine|slotUsed=1|seed=609949886|probs=p=0.1,legal=32|depth=13|nodes=289452|slots=1:-12,2:-22,3:-36,4:-41|crit=0
L|3|MG_QT34|NOI_AD|REF|move=d9d3|score=4|mate=-|depth=24|nodes=3394343|crit=0
L|3|MG_QT34|NOI_AM|SEL|move=b5a5|slotScore=-38|top1=-6|gap=32|rule=noise|hit=engine|slotUsed=4|seed=458952337|probs=p=0.25,legal=32|depth=13|nodes=291586|slots=1:-6,2:-19,3:-31,4:-38|crit=0
L|3|MG_QT34|NOI_AM|REF|move=b5a5|score=31|mate=-|depth=24|nodes=3961434|crit=0
L|3|MG_QT34|T8S1|SEL|move=d9d3|slotScore=-5|top1=-5|gap=0|rule=slot|hit=slot|slotUsed=1|seed=2023527944|probs=|depth=11|nodes=313507|slots=1:-5,2:-34,3:-35,4:-35,5:-42,6:-105,7:-109,8:-128|crit=0
L|3|MG_QT34|T8S1|REF|move=d9d3|score=1|mate=-|depth=25|nodes=3353055|crit=0
L|3|MG_QT34|ANCH|SEL|move=d9d3|slotScore=-4|top1=-4|gap=0|rule=anchor|hit=anchor|slotUsed=1|seed=2299498604|probs=|depth=24|nodes=3809851|slots=1:-4|crit=0
L|3|MG_QT34|ANCH|REF|move=d9d3|score=3|mate=-|depth=27|nodes=3614956|crit=0
PROG|3|MG_QT34
L|3|MG_QT39|ANCHOR|move=b5c5|score=0|mate=-|depth=32|nodes=3654946|crit=0
L|3|MG_QT39|AM0|SEL|move=c7d5|slotScore=-10|top1=-1|gap=9|rule=slot|hit=slot|slotUsed=4|seed=1933629975|probs=|depth=13|nodes=273282|slots=1:-1,2:-6,3:-10,4:-10|crit=0
L|3|MG_QT39|AM0|REF|move=c7d5|score=11|mate=-|depth=24|nodes=3488077|crit=0
L|3|MG_QT39|AD0|SEL|move=f5f7|slotScore=-7|top1=1|gap=8|rule=slot|hit=slot|slotUsed=3|seed=3914947110|probs=|depth=15|nodes=557852|slots=1:1,2:-7,3:-7|crit=0
L|3|MG_QT39|AD0|REF|move=f5f7|score=6|mate=-|depth=26|nodes=3802724|crit=0
L|3|MG_QT39|EX0|SEL|move=f5f7|slotScore=-8|top1=-3|gap=5|rule=slot|hit=slot|slotUsed=2|seed=504569574|probs=|depth=19|nodes=888933|slots=1:-3,2:-8|crit=0
L|3|MG_QT39|EX0|REF|move=f5f7|score=5|mate=-|depth=26|nodes=3658064|crit=0
L|3|MG_QT39|CAP_AD|SEL|move=f5f6|slotScore=-22|top1=0|gap=22|rule=cap|hit=cap|slotUsed=8|seed=1557411937|probs=1:0,2:3,3:8,4:11,5:13,6:19,7:19,8:22|depth=13|nodes=326443|slots=1:0,2:-3,3:-8,4:-11,5:-13,6:-19,7:-19,8:-22|crit=0
L|3|MG_QT39|CAP_AD|REF|move=f5f6|score=26|mate=-|depth=27|nodes=3698597|crit=0
L|3|MG_QT39|CAP_AM|SEL|move=f5f8|slotScore=-21|top1=0|gap=21|rule=cap|hit=cap|slotUsed=8|seed=1708395150|probs=1:0,2:5,3:4,4:14,5:16,6:19,7:21,8:21|depth=12|nodes=306649|slots=1:0,2:-5,3:-4,4:-14,5:-16,6:-19,7:-21,8:-21|crit=0
L|3|MG_QT39|CAP_AM|REF|move=f5f8|score=17|mate=-|depth=26|nodes=3612509|crit=0
L|3|MG_QT39|TMP_AD|SEL|move=c7d5|slotScore=-10|top1=0|gap=10|rule=temp|hit=temp|slotUsed=3|seed=940522686|probs=T=40,1:0.154,2:0.143,3:0.120,4:0.117,5:0.117,6:0.108,7:0.106,8:0.136|depth=12|nodes=292876|slots=1:0,2:-3,3:-10,4:-11,5:-11,6:-14,7:-15,8:-5|crit=0
L|3|MG_QT39|TMP_AD|REF|move=c7d5|score=6|mate=-|depth=25|nodes=3500922|crit=0
L|3|MG_QT39|TMP_AM|SEL|move=a6a5|slotScore=-15|top1=0|gap=15|rule=temp|hit=temp|slotUsed=6|seed=789521041|probs=T=150,1:0.135,2:0.128,3:0.128,4:0.125,5:0.126,6:0.122,7:0.122,8:0.114|depth=11|nodes=285071|slots=1:0,2:-7,3:-7,4:-11,5:-10,6:-15,7:-15,8:-25|crit=0
L|3|MG_QT39|TMP_AM|REF|move=a6a5|score=12|mate=-|depth=24|nodes=3565048|crit=0
L|3|MG_QT39|NOI_AD|SEL|move=b5c5|slotScore=2|top1=2|gap=0|rule=noise|hit=engine|slotUsed=1|seed=4029501339|probs=p=0.1,legal=43|depth=13|nodes=275443|slots=1:2,2:-3,3:-7,4:-5|crit=0
L|3|MG_QT39|NOI_AD|REF|move=b5c5|score=0|mate=-|depth=31|nodes=3423132|crit=0
L|3|MG_QT39|NOI_AM|SEL|move=b5b8|slotScore=NA|top1=-4|gap=NA|rule=noise|hit=rand|slotUsed=-1|seed=3912069776|probs=p=0.25,legal=43|depth=13|nodes=275051|slots=1:-4,2:-5,3:-10,4:-7|crit=0
L|3|MG_QT39|NOI_AM|REF|move=b5b8|score=500|mate=-|depth=21|nodes=3238879|crit=0
L|3|MG_QT39|T8S1|SEL|move=b5c5|slotScore=-2|top1=-2|gap=0|rule=slot|hit=slot|slotUsed=1|seed=4205480465|probs=|depth=12|nodes=299285|slots=1:-2,2:-3,3:-7,4:-8,5:-11,6:-19,7:-21,8:-28|crit=0
L|3|MG_QT39|T8S1|REF|move=b5c5|score=0|mate=-|depth=33|nodes=3670097|crit=0
L|3|MG_QT39|ANCH|SEL|move=b5c5|slotScore=0|top1=0|gap=0|rule=anchor|hit=anchor|slotUsed=1|seed=245916141|probs=|depth=32|nodes=3654946|slots=1:0|crit=0
L|3|MG_QT39|ANCH|REF|move=b5c5|score=2|mate=-|depth=29|nodes=3687976|crit=0
PROG|3|MG_QT39
L|3|MG_QH01|ANCHOR|move=g2f4|score=4|mate=-|depth=23|nodes=3486350|crit=0
L|3|MG_QH01|AM0|SEL|move=e3e4|slotScore=-2|top1=4|gap=6|rule=slot|hit=slot|slotUsed=4|seed=4179631736|probs=|depth=12|nodes=293723|slots=1:4,2:-1,3:-1,4:-2|crit=0
L|3|MG_QH01|AM0|REF|move=e3e4|score=9|mate=-|depth=24|nodes=3457611|crit=0
L|3|MG_QH01|AD0|SEL|move=g2f4|slotScore=-4|top1=-1|gap=3|rule=slot|hit=slot|slotUsed=3|seed=53716313|probs=|depth=15|nodes=590805|slots=1:-1,2:-2,3:-4|crit=0
L|3|MG_QH01|AD0|REF|move=g2f4|score=-4|mate=-|depth=24|nodes=3507997|crit=0
L|3|MG_QH01|EX0|SEL|move=c0a2|slotScore=-6|top1=0|gap=6|rule=slot|hit=slot|slotUsed=2|seed=2800373009|probs=|depth=18|nodes=928222|slots=1:0,2:-6|crit=0
L|3|MG_QH01|EX0|REF|move=c0a2|score=7|mate=-|depth=26|nodes=3861718|crit=0
L|3|MG_QH01|CAP_AD|SEL|move=e2f2|slotScore=-19|top1=-2|gap=17|rule=cap|hit=cap|slotUsed=8|seed=1841400012|probs=1:0,2:1,3:1,4:3,5:7,6:13,7:15,8:17|depth=12|nodes=304997|slots=1:-2,2:-3,3:-3,4:-5,5:-9,6:-15,7:-17,8:-19|crit=0
L|3|MG_QH01|CAP_AD|REF|move=e2f2|score=51|mate=-|depth=22|nodes=3594760|crit=0
L|3|MG_QH01|CAP_AM|SEL|move=i3i4|slotScore=-11|top1=6|gap=17|rule=cap|hit=cap|slotUsed=8|seed=1958839767|probs=1:0,2:2,3:5,4:5,5:13,6:19,7:19,8:17|depth=11|nodes=306241|slots=1:6,2:4,3:1,4:1,5:-7,6:-13,7:-13,8:-11|crit=0
L|3|MG_QH01|CAP_AM|REF|move=i3i4|score=19|mate=-|depth=22|nodes=3628729|crit=0
L|3|MG_QH01|TMP_AD|SEL|move=d0e1|slotScore=10|top1=10|gap=0|rule=temp|hit=temp|slotUsed=1|seed=849569747|probs=T=40,1:0.179,2:0.139,3:0.139,4:0.136,5:0.106,6:0.103,7:0.101,8:0.098|depth=11|nodes=288968|slots=1:10,2:0,3:0,4:-1,5:-11,6:-12,7:-13,8:-14|crit=0
L|3|MG_QH01|TMP_AD|REF|move=d0e1|score=0|mate=-|depth=24|nodes=3573348|crit=0
L|3|MG_QH01|TMP_AM|SEL|move=a0a1|slotScore=-17|top1=3|gap=20|rule=temp|hit=temp|slotUsed=8|seed=1000567288|probs=T=150,1:0.132,2:0.132,3:0.131,4:0.128,5:0.126,6:0.119,7:0.117,8:0.115|depth=11|nodes=312211|slots=1:3,2:3,3:2,4:-1,5:-3,6:-12,7:-14,8:-17|crit=0
L|3|MG_QH01|TMP_AM|REF|move=a0a1|score=10|mate=-|depth=27|nodes=3621599|crit=0
L|3|MG_QH01|NOI_AD|SEL|move=e3e4|slotScore=4|top1=4|gap=0|rule=noise|hit=engine|slotUsed=1|seed=911690218|probs=p=0.1,legal=33|depth=13|nodes=308532|slots=1:4,2:4,3:2,4:-1|crit=0
L|3|MG_QH01|NOI_AD|REF|move=e3e4|score=1|mate=-|depth=23|nodes=3539132|crit=0
L|3|MG_QH01|NOI_AM|SEL|move=d0e1|slotScore=3|top1=3|gap=0|rule=noise|hit=rand|slotUsed=1|seed=1029129965|probs=p=0.25,legal=33|depth=12|nodes=297304|slots=1:3,2:2,3:-2,4:-1|crit=0
L|3|MG_QH01|NOI_AM|REF|move=d0e1|score=-2|mate=-|depth=24|nodes=3657935|crit=0
L|3|MG_QH01|T8S1|SEL|move=d0e1|slotScore=0|top1=0|gap=0|rule=slot|hit=slot|slotUsed=1|seed=2650500124|probs=|depth=12|nodes=298145|slots=1:0,2:0,3:-1,4:-3,5:-15,6:-17,7:-17,8:-21|crit=0
L|3|MG_QH01|T8S1|REF|move=d0e1|score=-1|mate=-|depth=24|nodes=3714727|crit=0
L|3|MG_QH01|ANCH|SEL|move=g2f4|slotScore=4|top1=4|gap=0|rule=anchor|hit=anchor|slotUsed=1|seed=4163252144|probs=|depth=23|nodes=3486350|slots=1:4|crit=0
L|3|MG_QH01|ANCH|REF|move=g2f4|score=-3|mate=-|depth=26|nodes=3521461|crit=0
PROG|3|MG_QH01
L|3|MG_QB3|ANCHOR|move=a0b0|score=330|mate=-|depth=20|nodes=3234745|crit=0
L|3|MG_QB3|AM0|SEL|move=i1f1|slotScore=242|top1=314|gap=72|rule=slot|hit=slot|slotUsed=4|seed=2203276280|probs=|depth=11|nodes=292204|slots=1:314,2:268,3:260,4:242|crit=0
L|3|MG_QB3|AM0|REF|move=i1f1|score=-180|mate=-|depth=21|nodes=3490515|crit=0
L|3|MG_QB3|AD0|SEL|move=c4a4|slotScore=264|top1=336|gap=72|rule=slot|hit=slot|slotUsed=3|seed=2372074201|probs=|depth=14|nodes=603584|slots=1:336,2:333,3:264|crit=0
L|3|MG_QB3|AD0|REF|move=c4a4|score=-288|mate=-|depth=20|nodes=3454992|crit=0
L|3|MG_QB3|EX0|SEL|move=i1h1|slotScore=347|top1=362|gap=15|rule=slot|hit=slot|slotUsed=2|seed=823820945|probs=|depth=16|nodes=939935|slots=1:362,2:347|crit=0
L|3|MG_QB3|EX0|REF|move=i1h1|score=-393|mate=-|depth=20|nodes=3637171|crit=0
L|3|MG_QB3|CAP_AD|SEL|move=c4a4|slotScore=275|top1=334|gap=59|rule=cap|hit=cap|slotUsed=3|seed=2814230860|probs=1:0,2:32,3:59,4:90,5:111,6:115,7:137,8:160|depth=8|nodes=338459|slots=1:334,2:302,3:275,4:244,5:223,6:219,7:197,8:174|crit=0
L|3|MG_QB3|CAP_AD|REF|move=c4a4|score=-298|mate=-|depth=20|nodes=3622150|crit=0
L|3|MG_QB3|CAP_AM|SEL|move=g2e1|slotScore=198|top1=334|gap=136|rule=cap|hit=cap|slotUsed=8|seed=2931678807|probs=1:0,2:16,3:63,4:86,5:115,6:117,7:121,8:136|depth=10|nodes=337642|slots=1:334,2:318,3:271,4:248,5:219,6:217,7:213,8:198|crit=0
L|3|MG_QB3|CAP_AM|REF|move=g2e1|score=-73|mate=-|depth=22|nodes=3988076|crit=0
L|3|MG_QB3|TMP_AD|SEL|move=a0b0|slotScore=317|top1=317|gap=0|rule=temp|hit=temp|slotUsed=1|seed=1822210131|probs=T=40,1:0.463,2:0.203,3:0.140,4:0.051,5:0.046,6:0.040,7:0.041,8:0.015|depth=9|nodes=330258|slots=1:317,2:284,3:269,4:229,5:225,6:219,7:220,8:180|crit=0
L|3|MG_QB3|TMP_AD|REF|move=a0b0|score=-401|mate=-|depth=19|nodes=3715234|crit=0
L|3|MG_QB3|TMP_AM|SEL|move=d1f2|slotScore=235|top1=324|gap=89|rule=temp|hit=temp|slotUsed=4|seed=1973193336|probs=T=150,1:0.191,2:0.183,3:0.152,4:0.105,5:0.101,6:0.100,7:0.089,8:0.078|depth=9|nodes=316712|slots=1:324,2:318,3:290,4:235,5:229,6:227,7:209,8:190|crit=0
L|3|MG_QB3|TMP_AM|REF|move=d1f2|score=-173|mate=-|depth=19|nodes=3766469|crit=0
L|3|MG_QB3|NOI_AD|SEL|move=a0b0|slotScore=315|top1=315|gap=0|rule=noise|hit=engine|slotUsed=1|seed=1884324458|probs=p=0.1,legal=39|depth=12|nodes=293049|slots=1:315,2:285,3:273,4:247|crit=0
L|3|MG_QB3|NOI_AD|REF|move=a0b0|score=-331|mate=-|depth=20|nodes=3196567|crit=0
L|3|MG_QB3|NOI_AM|SEL|move=c4b4|slotScore=228|top1=308|gap=80|rule=noise|hit=engine|slotUsed=4|seed=2001772397|probs=p=0.25,legal=39|depth=10|nodes=292867|slots=1:308,2:291,3:273,4:228|crit=0
L|3|MG_QB3|NOI_AM|REF|move=c4b4|score=-184|mate=-|depth=22|nodes=3553985|crit=0
L|3|MG_QB3|T8S1|SEL|move=c4a4|slotScore=315|top1=315|gap=0|rule=slot|hit=slot|slotUsed=1|seed=2830934684|probs=|depth=8|nodes=313534|slots=1:315,2:305,3:288,4:252,5:206,6:204,7:182,8:181|crit=0
L|3|MG_QB3|T8S1|REF|move=c4a4|score=-293|mate=-|depth=19|nodes=3480838|crit=0
L|3|MG_QB3|ANCH|SEL|move=a0b0|slotScore=330|top1=330|gap=0|rule=anchor|hit=anchor|slotUsed=1|seed=48917552|probs=|depth=20|nodes=3234745|slots=1:330|crit=0
L|3|MG_QB3|ANCH|REF|move=a0b0|score=-337|mate=-|depth=19|nodes=3126331|crit=0
PROG|3|MG_QB3
L|3|MG_QB9|ANCHOR|move=a6b6|score=588|mate=-|depth=20|nodes=3125345|crit=0
L|3|MG_QB9|AM0|SEL|move=e3e5|slotScore=550|top1=571|gap=21|rule=slot|hit=slot|slotUsed=4|seed=765853862|probs=|depth=11|nodes=251252|slots=1:571,2:563,3:562,4:550|crit=0
L|3|MG_QB9|AM0|REF|move=e3e5|score=-561|mate=-|depth=22|nodes=2978273|crit=0
L|3|MG_QB9|AD0|SEL|move=e3e5|slotScore=556|top1=582|gap=26|rule=slot|hit=slot|slotUsed=3|seed=3079766167|probs=|depth=12|nodes=456489|slots=1:582,2:574,3:556|crit=0
L|3|MG_QB9|AD0|REF|move=e3e5|score=-564|mate=-|depth=23|nodes=3012419|crit=0
L|3|MG_QB9|EX0|SEL|move=a6b6|slotScore=577|top1=581|gap=4|rule=slot|hit=slot|slotUsed=2|seed=1819435591|probs=|depth=14|nodes=755076|slots=1:581,2:577|crit=0
L|3|MG_QB9|EX0|REF|move=a6b6|score=-595|mate=-|depth=23|nodes=3048914|crit=0
L|3|MG_QB9|CAP_AD|SEL|move=i8h8|slotScore=508|top1=562|gap=54|rule=cap|hit=cap|slotUsed=8|seed=4025352870|probs=1:0,2:0,3:-1,4:6,5:17,6:22,7:39,8:54|depth=11|nodes=257167|slots=1:562,2:562,3:563,4:556,5:545,6:540,7:523,8:508|crit=0
L|3|MG_QB9|CAP_AD|REF|move=i8h8|score=-556|mate=-|depth=23|nodes=3063223|crit=0
L|3|MG_QB9|CAP_AM|SEL|move=a6a8|slotScore=531|top1=573|gap=42|rule=cap|hit=cap|slotUsed=8|seed=4142800809|probs=1:0,2:0,3:3,4:5,5:21,6:30,7:46,8:42|depth=10|nodes=238805|slots=1:573,2:573,3:570,4:568,5:552,6:543,7:527,8:531|crit=0
L|3|MG_QB9|CAP_AM|REF|move=a6a8|score=-549|mate=-|depth=20|nodes=3085916|crit=0
L|3|MG_QB9|TMP_AD|SEL|move=a6b6|slotScore=580|top1=580|gap=0|rule=temp|hit=temp|slotUsed=1|seed=888287297|probs=T=40,1:0.227,2:0.186,3:0.055,4:0.048,5:0.046,6:0.177,7:0.134,8:0.128|depth=11|nodes=249265|slots=1:580,2:572,3:523,4:518,5:516,6:570,7:559,8:557|crit=0
L|3|MG_QB9|TMP_AD|REF|move=a6b6|score=-590|mate=-|depth=23|nodes=2991952|crit=0
L|3|MG_QB9|TMP_AM|SEL|move=c6c5|slotScore=577|top1=583|gap=6|rule=temp|hit=temp|slotUsed=2|seed=1039270510|probs=T=150,1:0.151,2:0.145,3:0.132,4:0.129,5:0.121,6:0.118,7:0.104,8:0.101|depth=10|nodes=243310|slots=1:583,2:577,3:563,4:560,5:550,6:546,7:528,8:523|crit=0
L|3|MG_QB9|TMP_AM|REF|move=c6c5|score=-595|mate=-|depth=21|nodes=2817602|crit=0
L|3|MG_QB9|NOI_AD|SEL|move=a6b6|slotScore=588|top1=588|gap=0|rule=noise|hit=engine|slotUsed=1|seed=54033600|probs=p=0.1,legal=41|depth=11|nodes=232456|slots=1:588,2:570,3:570,4:569|crit=0
L|3|MG_QB9|NOI_AD|REF|move=a6b6|score=-585|mate=-|depth=22|nodes=2994350|crit=0
L|3|MG_QB9|NOI_AM|SEL|move=i8d8|slotScore=572|top1=596|gap=24|rule=noise|hit=engine|slotUsed=4|seed=171461067|probs=p=0.25,legal=41|depth=12|nodes=229902|slots=1:596,2:583,3:574,4:572|crit=0
L|3|MG_QB9|NOI_AM|REF|move=i8d8|score=-606|mate=-|depth=20|nodes=2933378|crit=0
L|3|MG_QB9|T8S1|SEL|move=a6b6|slotScore=591|top1=591|gap=0|rule=slot|hit=slot|slotUsed=1|seed=2945998042|probs=|depth=11|nodes=250283|slots=1:591,2:583,3:575,4:557,5:541,6:527,7:527,8:521|crit=0
L|3|MG_QB9|T8S1|REF|move=a6b6|score=-596|mate=-|depth=23|nodes=3056926|crit=0
L|3|MG_QB9|ANCH|SEL|move=a6b6|slotScore=588|top1=588|gap=0|rule=anchor|hit=anchor|slotUsed=1|seed=4088246266|probs=|depth=20|nodes=3125345|slots=1:588|crit=0
L|3|MG_QB9|ANCH|REF|move=a6b6|score=-591|mate=-|depth=24|nodes=3127111|crit=0
PROG|3|MG_QB9
DRV DONE positions=17 round=3
