DRV: not isolated, registering SW (try 0)
DRV: not isolated, registering SW (try 1)
DRV: isolated ok, task=task_alt_smoke.json
DRV: engine ready
L|1|OP00|ANCHOR|move=g3g4|score=21|mate=-|depth=21|nodes=2902652|crit=0
L|1|OP00|AM0|SEL|move=h2e2|slotScore=25|top1=29|gap=4|rule=slot|hit=slot|slotUsed=4|seed=3585202956|probs=|depth=13|nodes=277623|slots=1:29,2:28,3:24,4:25|crit=0
L|1|OP00|AM0|REF|move=h2e2|score=-23|mate=-|depth=25|nodes=3618043|crit=0
L|1|OP00|AD0|SEL|move=b2e2|slotScore=26|top1=26|gap=0|rule=slot|hit=slot|slotUsed=3|seed=3217079693|probs=|depth=16|nodes=556135|slots=1:26,2:23,3:26|crit=0
L|1|OP00|AD0|REF|move=b2e2|score=-16|mate=-|depth=24|nodes=3571111|crit=0
L|1|OP00|EX0|SEL|move=g3g4|slotScore=29|top1=30|gap=1|rule=slot|hit=slot|slotUsed=2|seed=1917960301|probs=|depth=17|nodes=895839|slots=1:30,2:29|crit=0
L|1|OP00|EX0|REF|move=g3g4|score=-27|mate=-|depth=24|nodes=3392962|crit=0
L|1|OP00|CAP_AD|SEL|move=c0e2|slotScore=16|top1=27|gap=11|rule=cap|hit=cap|slotUsed=8|seed=2549644060|probs=1:0,2:1,3:3,4:5,5:7,6:7,7:9,8:11|depth=11|nodes=304650|slots=1:27,2:26,3:24,4:22,5:20,6:20,7:18,8:16|crit=0
L|1|OP00|CAP_AD|REF|move=c0e2|score=-17|mate=-|depth=26|nodes=3507169|crit=0
L|1|OP00|CAP_AM|SEL|move=h2d2|slotScore=16|top1=32|gap=16|rule=cap|hit=cap|slotUsed=8|seed=2398644531|probs=1:0,2:0,3:2,4:13,5:13,6:14,7:16,8:16|depth=11|nodes=297912|slots=1:32,2:32,3:30,4:19,5:19,6:18,7:16,8:16|crit=0
L|1|OP00|CAP_AM|REF|move=h2d2|score=-10|mate=-|depth=25|nodes=3494476|crit=0
L|1|OP00|TMP_AD|SEL|move=c0e2|slotScore=13|top1=26|gap=13|rule=temp|hit=temp|slotUsed=6|seed=2474048171|probs=T=40,1:0.148,2:0.141,3:0.134,4:0.134,5:0.107,6:0.107,7:0.115,8:0.113|depth=12|nodes=304511|slots=1:26,2:24,3:22,4:22,5:13,6:13,7:16,8:15|crit=0
L|1|OP00|TMP_AD|REF|move=c0e2|score=-13|mate=-|depth=24|nodes=3679154|crit=0
L|1|OP00|TMP_AM|SEL|move=h2e2|slotScore=28|top1=30|gap=2|rule=temp|hit=temp|slotUsed=4|seed=2356604324|probs=T=150,1:0.130,2:0.130,3:0.129,4:0.129,5:0.121,6:0.121,7:0.120,8:0.120|depth=12|nodes=296618|slots=1:30,2:29,3:28,4:28,5:19,6:19,7:18,8:17|crit=0
L|1|OP00|TMP_AM|REF|move=h2e2|score=-24|mate=-|depth=24|nodes=3528896|crit=0
L|1|OP00|NOI_AD|SEL|move=c3c4|slotScore=27|top1=27|gap=0|rule=noise|hit=engine|slotUsed=1|seed=522449450|probs=p=0.1,legal=44|depth=14|nodes=280953|slots=1:27,2:27,3:26,4:21|crit=0
L|1|OP00|NOI_AD|REF|move=c3c4|score=-25|mate=-|depth=24|nodes=3577769|crit=0
L|1|OP00|NOI_AM|SEL|move=h2e2|slotScore=23|top1=25|gap=2|rule=noise|hit=engine|slotUsed=4|seed=371449921|probs=p=0.25,legal=44|depth=13|nodes=274058|slots=1:25,2:31,3:26,4:23|crit=0
L|1|OP00|NOI_AM|REF|move=h2e2|score=-17|mate=-|depth=25|nodes=3396693|crit=0
L|1|OP00|T8S1|SEL|move=g3g4|slotScore=28|top1=28|gap=0|rule=slot|hit=slot|slotUsed=1|seed=666375856|probs=|depth=12|nodes=287285|slots=1:28,2:25,3:22,4:22,5:20,6:16,7:16,8:13|crit=0
L|1|OP00|T8S1|REF|move=g3g4|score=-20|mate=-|depth=24|nodes=3652972|crit=0
L|1|OP00|ANCH|SEL|move=g3g4|slotScore=21|top1=21|gap=0|rule=anchor|hit=anchor|slotUsed=1|seed=302105856|probs=|depth=21|nodes=2902652|slots=1:21|crit=0
L|1|OP00|ANCH|REF|move=g3g4|score=-22|mate=-|depth=24|nodes=3768523|crit=0
PROG|1|OP00
L|1|MG_QT01|ANCHOR|move=c7b9|score=-26|mate=-|depth=26|nodes=3758728|crit=0
L|1|MG_QT01|AM0|SEL|move=h9g7|slotScore=-605|top1=-31|gap=574|rule=slot|hit=slot|slotUsed=4|seed=2326722624|probs=|depth=15|nodes=273004|slots=1:-31,2:-580,3:-604,4:-605|crit=0
L|1|MG_QT01|AM0|REF|move=h9g7|score=615|mate=-|depth=22|nodes=3152355|crit=0
L|1|MG_QT01|AD0|SEL|move=c6c5|slotScore=-610|top1=-32|gap=578|rule=slot|hit=slot|slotUsed=3|seed=4103703505|probs=|depth=19|nodes=549865|slots=1:-32,2:-375,3:-610|crit=0
L|1|MG_QT01|AD0|REF|move=c6c5|score=598|mate=-|depth=26|nodes=3290818|crit=0
L|1|MG_QT01|EX0|SEL|move=c6c5|slotScore=-598|top1=-25|gap=573|rule=slot|hit=slot|slotUsed=2|seed=1066326257|probs=|depth=19|nodes=882594|slots=1:-25,2:-598|crit=0
L|1|MG_QT01|EX0|REF|move=c6c5|score=609|mate=-|depth=26|nodes=3297372|crit=0
L|1|MG_QT01|CAP_AD|SEL|move=c7b9|slotScore=-25|top1=-25|gap=0|rule=cap|hit=above|slotUsed=1|seed=2698764928|probs=1:0,2:575,3:576,4:581,5:587,6:592,7:594,8:596|depth=15|nodes=321790|slots=1:-25,2:-600,3:-601,4:-606,5:-612,6:-617,7:-619,8:-621|crit=0
L|1|MG_QT01|CAP_AD|REF|move=c7b9|score=28|mate=-|depth=27|nodes=3756719|crit=0
L|1|MG_QT01|CAP_AM|SEL|move=c7b9|slotScore=-29|top1=-29|gap=0|rule=cap|hit=above|slotUsed=1|seed=2547716311|probs=1:0,2:573,3:546,4:579,5:586,6:588,7:591,8:592|depth=13|nodes=295194|slots=1:-29,2:-602,3:-575,4:-608,5:-615,6:-617,7:-620,8:-621|crit=0
L|1|MG_QT01|CAP_AM|REF|move=c7b9|score=26|mate=-|depth=28|nodes=3645000|crit=0
L|1|MG_QT01|TMP_AD|SEL|move=c7b9|slotScore=-32|top1=-32|gap=0|rule=temp|hit=temp|slotUsed=1|seed=3810773103|probs=T=40,1:1.000,2:0.000,3:0.000,4:0.000,5:0.000,6:0.000,7:0.000,8:0.000|depth=13|nodes=301165|slots=1:-32,2:-593,3:-597,4:-604,5:-613,6:-617,7:-614,8:-617|crit=0
L|1|MG_QT01|TMP_AD|REF|move=c7b9|score=27|mate=-|depth=27|nodes=3633231|crit=0
L|1|MG_QT01|TMP_AM|SEL|move=c7b9|slotScore=-29|top1=-29|gap=0|rule=temp|hit=temp|slotUsed=1|seed=3693331304|probs=T=150,1:0.874,2:0.019,3:0.019,4:0.019,5:0.018,6:0.017,7:0.017,8:0.017|depth=13|nodes=309469|slots=1:-29,2:-600,3:-603,4:-605,5:-610,6:-621,7:-619,8:-621|crit=0
L|1|MG_QT01|TMP_AM|REF|move=c7b9|score=29|mate=-|depth=27|nodes=3751144|crit=0
L|1|MG_QT01|NOI_AD|SEL|move=c7b9|slotScore=-30|top1=-30|gap=0|rule=noise|hit=engine|slotUsed=1|seed=2606396142|probs=p=0.1,legal=30|depth=14|nodes=272263|slots=1:-30,2:-594,3:-602,4:-611|crit=0
L|1|MG_QT01|NOI_AD|REF|move=c7b9|score=31|mate=-|depth=26|nodes=3804707|crit=0
L|1|MG_QT01|NOI_AM|SEL|move=a7a9|slotScore=NA|top1=-26|gap=NA|rule=noise|hit=rand|slotUsed=-1|seed=2723839989|probs=p=0.25,legal=30|depth=15|nodes=277558|slots=1:-26,2:-596,3:-605,4:-607|crit=0
L|1|MG_QT01|NOI_AM|REF|move=a7a9|score=691|mate=-|depth=22|nodes=3191309|crit=0
L|1|MG_QT01|T8S1|SEL|move=c7b9|slotScore=-34|top1=-34|gap=0|rule=slot|hit=slot|slotUsed=1|seed=2142798652|probs=|depth=15|nodes=315927|slots=1:-34,2:-614,3:-614,4:-621,5:-621,6:-623,7:-624,8:-627|crit=0
L|1|MG_QT01|T8S1|REF|move=c7b9|score=36|mate=-|depth=26|nodes=3666289|crit=0
L|1|MG_QT01|ANCH|SEL|move=c7b9|slotScore=-26|top1=-26|gap=0|rule=anchor|hit=anchor|slotUsed=1|seed=859910748|probs=|depth=26|nodes=3758728|slots=1:-26|crit=0
L|1|MG_QT01|ANCH|REF|move=c7b9|score=35|mate=-|depth=28|nodes=3729751|crit=0
PROG|1|MG_QT01
L|1|MG_QB3|ANCHOR|move=a0b0|score=374|mate=-|depth=21|nodes=3637709|crit=0
L|1|MG_QB3|AM0|SEL|move=c4i4|slotScore=237|top1=327|gap=90|rule=slot|hit=slot|slotUsed=4|seed=4045032880|probs=|depth=11|nodes=313609|slots=1:327,2:313,3:278,4:237|crit=0
L|1|MG_QB3|AM0|REF|move=c4i4|score=-230|mate=-|depth=20|nodes=3720650|crit=0
L|1|MG_QB3|AD0|SEL|move=c4a4|slotScore=286|top1=353|gap=67|rule=slot|hit=slot|slotUsed=3|seed=3674482305|probs=|depth=14|nodes=594611|slots=1:353,2:353,3:286|crit=0
L|1|MG_QB3|AD0|REF|move=c4a4|score=-301|mate=-|depth=20|nodes=3664361|crit=0
L|1|MG_QB3|EX0|SEL|move=a0b0|slotScore=375|top1=375|gap=0|rule=slot|hit=slot|slotUsed=2|seed=2831419713|probs=|depth=17|nodes=975531|slots=1:375,2:375|crit=0
L|1|MG_QB3|EX0|REF|move=a0b0|score=-399|mate=-|depth=20|nodes=3513178|crit=0
L|1|MG_QB3|CAP_AD|SEL|move=c4a4|slotScore=279|top1=332|gap=53|rule=cap|hit=cap|slotUsed=4|seed=1369933488|probs=1:0,2:3,3:52,4:53,5:101,6:114,7:121,8:141|depth=9|nodes=328724|slots=1:332,2:329,3:280,4:279,5:231,6:218,7:211,8:191|crit=0
L|1|MG_QB3|CAP_AD|REF|move=c4a4|score=-284|mate=-|depth=19|nodes=3401722|crit=0
L|1|MG_QB3|CAP_AM|SEL|move=d1f2|slotScore=195|top1=317|gap=122|rule=cap|hit=cap|slotUsed=8|seed=1218950343|probs=1:0,2:6,3:43,4:65,5:108,6:114,7:115,8:122|depth=10|nodes=312601|slots=1:317,2:311,3:274,4:252,5:209,6:203,7:202,8:195|crit=0
L|1|MG_QB3|CAP_AM|REF|move=d1f2|score=-179|mate=-|depth=18|nodes=3651892|crit=0
L|1|MG_QB3|TMP_AD|SEL|move=a0b0|slotScore=304|top1=304|gap=0|rule=temp|hit=temp|slotUsed=1|seed=1083853439|probs=T=40,1:0.501,2:0.159,3:0.120,4:0.089,5:0.039,6:0.018,7:0.040,8:0.034|depth=8|nodes=311627|slots=1:304,2:258,3:247,4:235,5:202,6:171,7:203,8:196|crit=0
L|1|MG_QB3|TMP_AD|REF|move=a0b0|score=-344|mate=-|depth=20|nodes=3097248|crit=0
L|1|MG_QB3|TMP_AM|SEL|move=i2g0|slotScore=184|top1=331|gap=147|rule=temp|hit=temp|slotUsed=8|seed=966425976|probs=T=150,1:0.222,2:0.163,3:0.147,4:0.113,5:0.096,6:0.088,7:0.088,8:0.083|depth=10|nodes=329138|slots=1:331,2:285,3:269,4:230,5:205,6:193,7:193,8:184|crit=0
L|1|MG_QB3|TMP_AM|REF|move=i2g0|score=-172|mate=-|depth=24|nodes=3428665|crit=0
L|1|MG_QB3|NOI_AD|SEL|move=a0b0|slotScore=317|top1=317|gap=0|rule=noise|hit=engine|slotUsed=1|seed=3726130878|probs=p=0.1,legal=39|depth=10|nodes=292420|slots=1:317,2:295,3:267,4:232|crit=0
L|1|MG_QB3|NOI_AD|REF|move=a0b0|score=-395|mate=-|depth=19|nodes=3491449|crit=0
L|1|MG_QB3|NOI_AM|SEL|move=c4b4|slotScore=231|top1=325|gap=94|rule=noise|hit=engine|slotUsed=4|seed=3843558277|probs=p=0.25,legal=39|depth=11|nodes=286559|slots=1:325,2:279,3:253,4:231|crit=0
L|1|MG_QB3|NOI_AM|REF|move=c4b4|score=-187|mate=-|depth=20|nodes=3408847|crit=0
L|1|MG_QB3|T8S1|SEL|move=a0b0|slotScore=309|top1=309|gap=0|rule=slot|hit=slot|slotUsed=1|seed=3585793772|probs=|depth=9|nodes=303257|slots=1:309,2:292,3:265,4:243,5:227,6:213,7:206,8:194|crit=0
L|1|MG_QB3|T8S1|REF|move=a0b0|score=-343|mate=-|depth=20|nodes=3326339|crit=0
L|1|MG_QB3|ANCH|SEL|move=a0b0|slotScore=374|top1=374|gap=0|rule=anchor|hit=anchor|slotUsed=1|seed=3750202956|probs=|depth=21|nodes=3637709|slots=1:374|crit=0
L|1|MG_QB3|ANCH|REF|move=a0b0|score=-389|mate=-|depth=20|nodes=3638028|crit=0
PROG|1|MG_QB3
DRV DONE positions=3 round=1
