DRV: not isolated, registering SW (try 0)
DRV: not isolated, registering SW (try 1)
DRV: isolated ok, task=task_alt_r1.json
DRV: engine ready
L|1|OP00|ANCHOR|move=b2e2|score=24|mate=-|depth=22|nodes=2991837|crit=0
L|1|OP00|AM0|SEL|move=b0c2|slotScore=22|top1=29|gap=7|rule=slot|hit=slot|slotUsed=4|seed=3585202956|probs=|depth=14|nodes=283202|slots=1:29,2:25,3:23,4:22|crit=0
L|1|OP00|AM0|REF|move=b0c2|score=-5|mate=-|depth=23|nodes=3693507|crit=0
L|1|OP00|AD0|SEL|move=g3g4|slotScore=23|top1=27|gap=4|rule=slot|hit=slot|slotUsed=3|seed=3217079693|probs=|depth=15|nodes=563565|slots=1:27,2:26,3:23|crit=0
L|1|OP00|AD0|REF|move=g3g4|score=-23|mate=-|depth=23|nodes=3750304|crit=0
L|1|OP00|EX0|SEL|move=g3g4|slotScore=21|top1=25|gap=4|rule=slot|hit=slot|slotUsed=2|seed=1917960301|probs=|depth=17|nodes=874429|slots=1:25,2:21|crit=0
L|1|OP00|EX0|REF|move=g3g4|score=-22|mate=-|depth=24|nodes=3554085|crit=0
L|1|OP00|CAP_AD|SEL|move=b2f2|slotScore=13|top1=28|gap=15|rule=cap|hit=cap|slotUsed=8|seed=2549644060|probs=1:0,2:0,3:2,4:3,5:7,6:12,7:13,8:15|depth=11|nodes=265861|slots=1:28,2:28,3:26,4:25,5:21,6:16,7:15,8:13|crit=0
L|1|OP00|CAP_AD|REF|move=b2f2|score=-10|mate=-|depth=24|nodes=3578374|crit=0
L|1|OP00|CAP_AM|SEL|move=h2d2|slotScore=11|top1=29|gap=18|rule=cap|hit=cap|slotUsed=8|seed=2398644531|probs=1:0,2:2,3:3,4:5,5:10,6:13,7:15,8:18|depth=11|nodes=256724|slots=1:29,2:27,3:26,4:24,5:19,6:16,7:14,8:11|crit=0
L|1|OP00|CAP_AM|REF|move=h2d2|score=-12|mate=-|depth=24|nodes=3541249|crit=0
L|1|OP00|TMP_AD|SEL|move=h2f2|slotScore=14|top1=26|gap=12|rule=temp|hit=temp|slotUsed=6|seed=2474048171|probs=T=40,1:0.149,2:0.149,3:0.142,4:0.122,5:0.111,6:0.111,7:0.108,8:0.108|depth=12|nodes=290656|slots=1:26,2:26,3:24,4:18,5:14,6:14,7:13,8:13|crit=0
L|1|OP00|TMP_AD|REF|move=h2f2|score=-12|mate=-|depth=26|nodes=3570399|crit=0
L|1|OP00|TMP_AM|SEL|move=g3g4|slotScore=20|top1=31|gap=11|rule=temp|hit=temp|slotUsed=4|seed=2356604324|probs=T=150,1:0.135,2:0.131,3:0.127,4:0.125,5:0.123,6:0.119,7:0.121,8:0.119|depth=12|nodes=298694|slots=1:31,2:27,3:22,4:20,5:17,6:13,7:15,8:13|crit=0
L|1|OP00|TMP_AM|REF|move=g3g4|score=-22|mate=-|depth=23|nodes=3329318|crit=0
L|1|OP00|NOI_AD|SEL|move=b2e2|slotScore=28|top1=28|gap=0|rule=noise|hit=engine|slotUsed=1|seed=522449450|probs=p=0.1,legal=44|depth=14|nodes=289990|slots=1:28,2:27,3:25,4:28|crit=0
L|1|OP00|NOI_AD|REF|move=b2e2|score=-17|mate=-|depth=24|nodes=3622231|crit=0
L|1|OP00|NOI_AM|SEL|move=b2e2|slotScore=24|top1=31|gap=7|rule=noise|hit=engine|slotUsed=4|seed=371449921|probs=p=0.25,legal=44|depth=14|nodes=282403|slots=1:31,2:29,3:26,4:24|crit=0
L|1|OP00|NOI_AM|REF|move=b2e2|score=-20|mate=-|depth=25|nodes=3461168|crit=0
L|1|OP00|T8S1|SEL|move=h2e2|slotScore=28|top1=28|gap=0|rule=slot|hit=slot|slotUsed=1|seed=666375856|probs=|depth=13|nodes=292148|slots=1:28,2:28,3:27,4:20,5:18,6:18,7:17,8:16|crit=0
L|1|OP00|T8S1|REF|move=h2e2|score=-19|mate=-|depth=24|nodes=3521911|crit=0
L|1|OP00|ANCH|SEL|move=b2e2|slotScore=24|top1=24|gap=0|rule=anchor|hit=anchor|slotUsed=1|seed=302105856|probs=|depth=22|nodes=2991837|slots=1:24|crit=0
L|1|OP00|ANCH|REF|move=b2e2|score=-26|mate=-|depth=25|nodes=3593560|crit=0
PROG|1|OP00
L|1|OP02|ANCHOR|move=h0g2|score=13|mate=-|depth=22|nodes=3610824|crit=0
L|1|OP02|AM0|SEL|move=h2e2|slotScore=6|top1=17|gap=11|rule=slot|hit=slot|slotUsed=4|seed=1462937850|probs=|depth=13|nodes=296513|slots=1:17,2:10,3:8,4:6|crit=0
L|1|OP02|AM0|REF|move=h2e2|score=-3|mate=-|depth=25|nodes=3666409|crit=0
L|1|OP02|AD0|SEL|move=h2e2|slotScore=6|top1=14|gap=8|rule=slot|hit=slot|slotUsed=3|seed=1631864603|probs=|depth=15|nodes=551386|slots=1:14,2:9,3:6|crit=0
L|1|OP02|AD0|REF|move=h2e2|score=-4|mate=-|depth=26|nodes=3648438|crit=0
L|1|OP02|EX0|SEL|move=h0g2|slotScore=10|top1=17|gap=7|rule=slot|hit=slot|slotUsed=2|seed=104584147|probs=|depth=18|nodes=889988|slots=1:17,2:10|crit=0
L|1|OP02|EX0|REF|move=h0g2|score=-12|mate=-|depth=23|nodes=3367536|crit=0
L|1|OP02|CAP_AD|SEL|move=h0i2|slotScore=-4|top1=13|gap=17|rule=cap|hit=cap|slotUsed=8|seed=1109681038|probs=1:0,2:2,3:4,4:5,5:7,6:8,7:13,8:17|depth=12|nodes=310587|slots=1:13,2:11,3:9,4:8,5:6,6:5,7:0,8:-4|crit=0
L|1|OP02|CAP_AD|REF|move=h0i2|score=15|mate=-|depth=24|nodes=3496897|crit=0
L|1|OP02|CAP_AM|SEL|move=b2e2|slotScore=13|top1=18|gap=5|rule=cap|hit=cap|slotUsed=8|seed=1227122837|probs=1:0,2:4,3:6,4:16,5:17,6:18,7:18,8:5|depth=12|nodes=326473|slots=1:18,2:14,3:12,4:2,5:1,6:0,7:0,8:13|crit=0
L|1|OP02|CAP_AM|REF|move=b2e2|score=11|mate=-|depth=23|nodes=3520897|crit=0
L|1|OP02|TMP_AD|SEL|move=h2f2|slotScore=8|top1=19|gap=11|rule=temp|hit=temp|slotUsed=5|seed=1797862673|probs=T=40,1:0.156,2:0.152,3:0.152,4:0.145,5:0.119,6:0.100,7:0.090,8:0.086|depth=13|nodes=317142|slots=1:19,2:18,3:18,4:16,5:8,6:1,7:-3,8:-5|crit=0
L|1|OP02|TMP_AD|REF|move=h2f2|score=1|mate=-|depth=25|nodes=3590771|crit=0
L|1|OP02|TMP_AM|SEL|move=h0g2|slotScore=13|top1=17|gap=4|rule=temp|hit=temp|slotUsed=2|seed=1948846074|probs=T=150,1:0.139,2:0.135,3:0.127,4:0.123,5:0.119,6:0.119,7:0.117,8:0.120|depth=11|nodes=337654|slots=1:17,2:13,3:3,4:-1,5:-6,6:-6,7:-9,8:-5|crit=0
L|1|OP02|TMP_AM|REF|move=h0g2|score=-15|mate=-|depth=25|nodes=3343453|crit=0
L|1|OP02|NOI_AD|SEL|move=g3g4|slotScore=17|top1=17|gap=0|rule=noise|hit=engine|slotUsed=1|seed=125191400|probs=p=0.1,legal=43|depth=13|nodes=286449|slots=1:17,2:15,3:3,4:3|crit=0
L|1|OP02|NOI_AD|REF|move=g3g4|score=2|mate=-|depth=24|nodes=3649658|crit=0
L|1|OP02|NOI_AM|SEL|move=g3g4|slotScore=2|top1=19|gap=17|rule=noise|hit=engine|slotUsed=4|seed=242635247|probs=p=0.25,legal=43|depth=13|nodes=302023|slots=1:19,2:7,3:4,4:2|crit=0
L|1|OP02|NOI_AM|REF|move=g3g4|score=10|mate=-|depth=23|nodes=3735858|crit=0
L|1|OP02|T8S1|SEL|move=h0g2|slotScore=13|top1=13|gap=0|rule=slot|hit=slot|slotUsed=1|seed=3687359710|probs=|depth=12|nodes=320172|slots=1:13,2:12,3:8,4:0,5:-4,6:-5,7:-5,8:-10|crit=0
L|1|OP02|T8S1|REF|move=h0g2|score=-8|mate=-|depth=22|nodes=3376002|crit=0
L|1|OP02|ANCH|SEL|move=h0g2|slotScore=13|top1=13|gap=0|rule=anchor|hit=anchor|slotUsed=1|seed=2946633778|probs=|depth=22|nodes=3610824|slots=1:13|crit=0
L|1|OP02|ANCH|REF|move=h0g2|score=0|mate=-|depth=23|nodes=3491605|crit=0
PROG|1|OP02
L|1|OP04|ANCHOR|move=i0h0|score=14|mate=-|depth=24|nodes=3632082|crit=0
L|1|OP04|AM0|SEL|move=i3i4|slotScore=19|top1=21|gap=2|rule=slot|hit=slot|slotUsed=4|seed=1143875296|probs=|depth=13|nodes=290643|slots=1:21,2:20,3:17,4:19|crit=0
L|1|OP04|AM0|REF|move=i3i4|score=0|mate=-|depth=26|nodes=3567197|crit=0
L|1|OP04|AD0|SEL|move=d0e1|slotScore=19|top1=19|gap=0|rule=slot|hit=slot|slotUsed=3|seed=773341169|probs=|depth=16|nodes=577145|slots=1:19,2:18,3:19|crit=0
L|1|OP04|AD0|REF|move=d0e1|score=-12|mate=-|depth=24|nodes=3595296|crit=0
L|1|OP04|EX0|SEL|move=i0h0|slotScore=13|top1=14|gap=1|rule=slot|hit=slot|slotUsed=2|seed=4199414033|probs=|depth=19|nodes=899385|slots=1:14,2:13|crit=0
L|1|OP04|EX0|REF|move=i0h0|score=-11|mate=-|depth=23|nodes=3629715|crit=0
L|1|OP04|CAP_AD|SEL|move=g3g4|slotScore=-1|top1=14|gap=15|rule=cap|hit=cap|slotUsed=8|seed=2222448800|probs=1:0,2:0,3:1,4:1,5:7,6:9,7:15,8:15|depth=12|nodes=313229|slots=1:14,2:14,3:13,4:13,5:7,6:5,7:-1,8:-1|crit=0
L|1|OP04|CAP_AD|REF|move=g3g4|score=-6|mate=-|depth=23|nodes=3602310|crit=0
L|1|OP04|CAP_AM|SEL|move=h2f2|slotScore=4|top1=21|gap=17|rule=cap|hit=cap|slotUsed=8|seed=2071402231|probs=1:0,2:0,3:0,4:5,5:8,6:15,7:17,8:17|depth=12|nodes=326781|slots=1:21,2:21,3:21,4:16,5:13,6:6,7:4,8:4|crit=0
L|1|OP04|CAP_AM|REF|move=h2f2|score=0|mate=-|depth=26|nodes=3894343|crit=0
L|1|OP04|TMP_AD|SEL|move=g3g4|slotScore=-1|top1=24|gap=25|rule=temp|hit=temp|slotUsed=8|seed=1048593167|probs=T=40,1:0.147,2:0.143,3:0.143,4:0.140,5:0.133,6:0.112,7:0.104,8:0.079|depth=13|nodes=298844|slots=1:24,2:23,3:23,4:22,5:20,6:13,7:10,8:-1|crit=0
L|1|OP04|TMP_AD|REF|move=g3g4|score=-3|mate=-|depth=23|nodes=3777959|crit=0
L|1|OP04|TMP_AM|SEL|move=h2e2|slotScore=21|top1=25|gap=4|rule=temp|hit=temp|slotUsed=4|seed=931165704|probs=T=150,1:0.130,2:0.130,3:0.128,4:0.127,5:0.125,6:0.121,7:0.120,8:0.118|depth=12|nodes=294869|slots=1:25,2:25,3:22,4:21,5:18,6:14,7:13,8:10|crit=0
L|1|OP04|TMP_AM|REF|move=h2e2|score=-4|mate=-|depth=25|nodes=3678285|crit=0
L|1|OP04|NOI_AD|SEL|move=i0h0|slotScore=23|top1=23|gap=0|rule=noise|hit=engine|slotUsed=1|seed=664350094|probs=p=0.1,legal=41|depth=14|nodes=302186|slots=1:23,2:22,3:22,4:17|crit=0
L|1|OP04|NOI_AD|REF|move=i0h0|score=-14|mate=-|depth=24|nodes=3611035|crit=0
L|1|OP04|NOI_AM|SEL|move=b2b6|slotScore=NA|top1=16|gap=NA|rule=noise|hit=rand|slotUsed=-1|seed=781793941|probs=p=0.25,legal=41|depth=13|nodes=296421|slots=1:16,2:16,3:15,4:15|crit=0
L|1|OP04|NOI_AM|REF|move=b2b6|score=43|mate=-|depth=25|nodes=3811202|crit=0
L|1|OP04|T8S1|SEL|move=i0h0|slotScore=20|top1=20|gap=0|rule=slot|hit=slot|slotUsed=1|seed=1577026652|probs=|depth=12|nodes=305980|slots=1:20,2:18,3:20,4:15,5:11,6:10,7:10,8:9|crit=0
L|1|OP04|T8S1|REF|move=i0h0|score=-16|mate=-|depth=24|nodes=3550540|crit=0
L|1|OP04|ANCH|SEL|move=i0h0|slotScore=14|top1=14|gap=0|rule=anchor|hit=anchor|slotUsed=1|seed=2568349948|probs=|depth=24|nodes=3632082|slots=1:14|crit=0
L|1|OP04|ANCH|REF|move=i0h0|score=-12|mate=-|depth=24|nodes=3619834|crit=0
PROG|1|OP04
L|1|OP06|ANCHOR|move=h2b2|score=126|mate=-|depth=23|nodes=3458080|crit=0
L|1|OP06|AM0|SEL|move=h2e2|slotScore=-76|top1=121|gap=197|rule=slot|hit=slot|slotUsed=4|seed=3570566862|probs=|depth=13|nodes=295759|slots=1:121,2:96,3:-11,4:-76|crit=0
L|1|OP06|AM0|REF|move=h2e2|score=98|mate=-|depth=22|nodes=3670357|crit=0
L|1|OP06|AD0|SEL|move=b9d9|slotScore=-41|top1=120|gap=161|rule=slot|hit=slot|slotUsed=3|seed=3739508207|probs=|depth=14|nodes=556200|slots=1:120,2:91,3:-41|crit=0
L|1|OP06|AD0|REF|move=b9d9|score=26|mate=-|depth=21|nodes=3749176|crit=0
L|1|OP06|EX0|SEL|move=b9b8|slotScore=82|top1=128|gap=46|rule=slot|hit=slot|slotUsed=2|seed=2600843495|probs=|depth=15|nodes=923783|slots=1:128,2:82|crit=0
L|1|OP06|EX0|REF|move=b9b8|score=-95|mate=-|depth=19|nodes=3627753|crit=0
L|1|OP06|CAP_AD|SEL|move=b9b8|slotScore=92|top1=126|gap=34|rule=cap|hit=cap|slotUsed=2|seed=133201458|probs=1:0,2:34,3:151,4:213,5:213,6:246,7:257,8:269|depth=12|nodes=324016|slots=1:126,2:92,3:-25,4:-87,5:-87,6:-120,7:-131,8:-143|crit=0
L|1|OP06|CAP_AD|REF|move=b9b8|score=-68|mate=-|depth=21|nodes=3707463|crit=0
L|1|OP06|CAP_AM|SEL|move=i0h0|slotScore=-82|top1=111|gap=193|rule=cap|hit=cap|slotUsed=5|seed=250628921|probs=1:0,2:37,3:136,4:187,5:193,6:230,7:252,8:273|depth=11|nodes=337185|slots=1:111,2:74,3:-25,4:-76,5:-82,6:-119,7:-141,8:-162|crit=0
L|1|OP06|CAP_AM|REF|move=i0h0|score=107|mate=-|depth=22|nodes=3497655|crit=0
L|1|OP06|TMP_AD|SEL|move=b9b8|slotScore=99|top1=108|gap=9|rule=temp|hit=temp|slotUsed=2|seed=645322725|probs=T=40,1:0.540,2:0.431,3:0.017,4:0.004,5:0.004,6:0.002,7:0.001,8:0.001|depth=11|nodes=334202|slots=1:108,2:99,3:-31,4:-87,5:-90,6:-109,7:-145,8:-170|crit=0
L|1|OP06|TMP_AD|REF|move=b9b8|score=-72|mate=-|depth=20|nodes=3623286|crit=0
L|1|OP06|TMP_AM|SEL|move=b9b8|slotScore=79|top1=121|gap=42|rule=temp|hit=temp|slotUsed=2|seed=527878686|probs=T=150,1:0.318,2:0.240,3:0.115,4:0.081,5:0.080,6:0.057,7:0.056,8:0.053|depth=12|nodes=343915|slots=1:121,2:79,3:-31,4:-84,5:-86,6:-137,7:-139,8:-148|crit=0
L|1|OP06|TMP_AM|REF|move=b9b8|score=-63|mate=-|depth=20|nodes=3542325|crit=0
L|1|OP06|NOI_AD|SEL|move=h2b2|slotScore=119|top1=119|gap=0|rule=noise|hit=engine|slotUsed=1|seed=1324773820|probs=p=0.1,legal=33|depth=13|nodes=310845|slots=1:119,2:89,3:-25,4:-84|crit=0
L|1|OP06|NOI_AD|REF|move=h2b2|score=-135|mate=-|depth=20|nodes=3688732|crit=0
L|1|OP06|NOI_AM|SEL|move=h2e2|slotScore=-68|top1=123|gap=191|rule=noise|hit=engine|slotUsed=4|seed=1173776339|probs=p=0.25,legal=33|depth=13|nodes=303626|slots=1:123,2:69,3:-27,4:-68|crit=0
L|1|OP06|NOI_AM|REF|move=h2e2|score=108|mate=-|depth=23|nodes=3545067|crit=0
L|1|OP06|T8S1|SEL|move=h2b2|slotScore=119|top1=119|gap=0|rule=slot|hit=slot|slotUsed=1|seed=4014600138|probs=|depth=12|nodes=341739|slots=1:119,2:75,3:-20,4:-94,5:-96,6:-123,7:-139,8:-166|crit=0
L|1|OP06|T8S1|REF|move=h2b2|score=-134|mate=-|depth=21|nodes=3624734|crit=0
L|1|OP06|ANCH|SEL|move=h2b2|slotScore=126|top1=126|gap=0|rule=anchor|hit=anchor|slotUsed=1|seed=2248965742|probs=|depth=23|nodes=3458080|slots=1:126|crit=0
L|1|OP06|ANCH|REF|move=h2b2|score=-131|mate=-|depth=20|nodes=3540154|crit=0
PROG|1|OP06
L|1|OP08|ANCHOR|move=b9b7|score=152|mate=-|depth=23|nodes=3624917|crit=0
L|1|OP08|AM0|SEL|move=b9b6|slotScore=-81|top1=159|gap=240|rule=slot|hit=slot|slotUsed=4|seed=1961083044|probs=|depth=13|nodes=334895|slots=1:159,2:72,3:-47,4:-81|crit=0
L|1|OP08|AM0|REF|move=b9b6|score=174|mate=-|depth=21|nodes=3799146|crit=0
L|1|OP08|AD0|SEL|move=b9b5|slotScore=-52|top1=165|gap=217|rule=slot|hit=slot|slotUsed=3|seed=2127400533|probs=|depth=16|nodes=628468|slots=1:165,2:60,3:-52|crit=0
L|1|OP08|AD0|REF|move=b9b5|score=90|mate=-|depth=23|nodes=3729969|crit=0
L|1|OP08|EX0|SEL|move=b9b4|slotScore=52|top1=151|gap=99|rule=slot|hit=slot|slotUsed=2|seed=3014599173|probs=|depth=16|nodes=943606|slots=1:151,2:52|crit=0
L|1|OP08|EX0|REF|move=b9b4|score=-37|mate=-|depth=20|nodes=3524092|crit=0
L|1|OP08|CAP_AD|SEL|move=b9b7|slotScore=138|top1=138|gap=0|rule=cap|hit=above|slotUsed=1|seed=2828521380|probs=1:0,2:113,3:189,4:209,5:225,6:259,7:261,8:283|depth=11|nodes=363147|slots=1:138,2:25,3:-51,4:-71,5:-87,6:-121,7:-123,8:-145|crit=0
L|1|OP08|CAP_AD|REF|move=b9b7|score=-180|mate=-|depth=22|nodes=3880103|crit=0
L|1|OP08|CAP_AM|SEL|move=b9d9|slotScore=-38|top1=162|gap=200|rule=cap|hit=cap|slotUsed=3|seed=2945963179|probs=1:0,2:133,3:200,4:212,5:229,6:274,7:295,8:303|depth=13|nodes=354699|slots=1:162,2:29,3:-38,4:-50,5:-67,6:-112,7:-133,8:-141|crit=0
L|1|OP08|CAP_AM|REF|move=b9d9|score=51|mate=-|depth=20|nodes=3723513|crit=0
L|1|OP08|TMP_AD|SEL|move=b9b7|slotScore=147|top1=147|gap=0|rule=temp|hit=temp|slotUsed=1|seed=3009123203|probs=T=40,1:0.932,2:0.048,3:0.011,4:0.007,5:0.001,6:0.001,7:0.000,8:0.000|depth=12|nodes=359727|slots=1:147,2:28,3:-30,4:-51,5:-123,6:-139,7:-158,8:-158|crit=0
L|1|OP08|TMP_AD|REF|move=b9b7|score=-152|mate=-|depth=22|nodes=3750641|crit=0
L|1|OP08|TMP_AM|SEL|move=h2b2|slotScore=-102|top1=165|gap=267|rule=temp|hit=temp|slotUsed=5|seed=3160120428|probs=T=150,1:0.402,2:0.177,3:0.096,4:0.088,5:0.068,6:0.061,7:0.055,8:0.052|depth=11|nodes=338336|slots=1:165,2:42,3:-49,4:-62,5:-102,6:-117,7:-133,8:-141|crit=0
L|1|OP08|TMP_AM|REF|move=h2b2|score=81|mate=-|depth=22|nodes=3994997|crit=0
L|1|OP08|NOI_AD|SEL|move=b9b7|slotScore=162|top1=162|gap=0|rule=noise|hit=engine|slotUsed=1|seed=3930446466|probs=p=0.1,legal=44|depth=14|nodes=355685|slots=1:162,2:34,3:-29,4:-70|crit=0
L|1|OP08|NOI_AD|REF|move=b9b7|score=-181|mate=-|depth=22|nodes=3854206|crit=0
L|1|OP08|NOI_AM|SEL|move=b9d9|slotScore=-78|top1=169|gap=247|rule=noise|hit=engine|slotUsed=4|seed=4047873929|probs=p=0.25,legal=44|depth=14|nodes=324412|slots=1:169,2:76,3:-25,4:-78|crit=0
L|1|OP08|NOI_AM|REF|move=b9d9|score=56|mate=-|depth=19|nodes=3447641|crit=0
L|1|OP08|T8S1|SEL|move=b9b7|slotScore=185|top1=185|gap=0|rule=slot|hit=slot|slotUsed=1|seed=3961321752|probs=|depth=11|nodes=340588|slots=1:185,2:81,3:-36,4:-61,5:-70,6:-138,7:-140,8:-143|crit=0
L|1|OP08|T8S1|REF|move=b9b7|score=-180|mate=-|depth=21|nodes=3825159|crit=0
L|1|OP08|ANCH|SEL|move=b9b7|slotScore=152|top1=152|gap=0|rule=anchor|hit=anchor|slotUsed=1|seed=935348216|probs=|depth=23|nodes=3624917|slots=1:152|crit=0
L|1|OP08|ANCH|REF|move=b9b7|score=-165|mate=-|depth=22|nodes=3740964|crit=0
PROG|1|OP08
L|1|MG_QT01|ANCHOR|move=c7b9|score=-24|mate=-|depth=26|nodes=3782304|crit=0
L|1|MG_QT01|AM0|SEL|move=h9f8|slotScore=-622|top1=-27|gap=595|rule=slot|hit=slot|slotUsed=4|seed=2326722624|probs=|depth=14|nodes=296524|slots=1:-27,2:-610,3:-617,4:-622|crit=0
L|1|MG_QT01|AM0|REF|move=h9f8|score=635|mate=-|depth=23|nodes=3293966|crit=0
L|1|MG_QT01|AD0|SEL|move=c6c5|slotScore=-620|top1=-26|gap=594|rule=slot|hit=slot|slotUsed=3|seed=4103703505|probs=|depth=18|nodes=573819|slots=1:-26,2:-609,3:-620|crit=0
L|1|MG_QT01|AD0|REF|move=c6c5|score=605|mate=-|depth=24|nodes=3381090|crit=0
L|1|MG_QT01|EX0|SEL|move=c6c5|slotScore=-599|top1=-20|gap=579|rule=slot|hit=slot|slotUsed=2|seed=1066326257|probs=|depth=19|nodes=888472|slots=1:-20,2:-599|crit=0
L|1|MG_QT01|EX0|REF|move=c6c5|score=607|mate=-|depth=25|nodes=3222916|crit=0
L|1|MG_QT01|CAP_AD|SEL|move=c7b9|slotScore=-32|top1=-32|gap=0|rule=cap|hit=above|slotUsed=1|seed=2698764928|probs=1:0,2:570,3:575,4:580,5:584,6:584,7:585,8:587|depth=14|nodes=317852|slots=1:-32,2:-602,3:-607,4:-612,5:-616,6:-616,7:-617,8:-619|crit=0
L|1|MG_QT01|CAP_AD|REF|move=c7b9|score=31|mate=-|depth=25|nodes=3751388|crit=0
L|1|MG_QT01|CAP_AM|SEL|move=c7b9|slotScore=-28|top1=-28|gap=0|rule=cap|hit=above|slotUsed=1|seed=2547716311|probs=1:0,2:571,3:577,4:581,5:583,6:584,7:586,8:588|depth=13|nodes=310334|slots=1:-28,2:-599,3:-605,4:-609,5:-611,6:-612,7:-614,8:-616|crit=0
L|1|MG_QT01|CAP_AM|REF|move=c7b9|score=35|mate=-|depth=27|nodes=3743585|crit=0
L|1|MG_QT01|TMP_AD|SEL|move=c7b9|slotScore=-36|top1=-36|gap=0|rule=temp|hit=temp|slotUsed=1|seed=3810773103|probs=T=40,1:1.000,2:0.000,3:0.000,4:0.000,5:0.000,6:0.000,7:0.000,8:0.000|depth=13|nodes=318183|slots=1:-36,2:-597,3:-607,4:-610,5:-616,6:-618,7:-610,8:-616|crit=0
L|1|MG_QT01|TMP_AD|REF|move=c7b9|score=40|mate=-|depth=27|nodes=3815207|crit=0
L|1|MG_QT01|TMP_AM|SEL|move=c7b9|slotScore=-33|top1=-33|gap=0|rule=temp|hit=temp|slotUsed=1|seed=3693331304|probs=T=150,1:0.873,2:0.020,3:0.019,4:0.018,5:0.018,6:0.018,7:0.018,8:0.017|depth=13|nodes=310569|slots=1:-33,2:-603,3:-611,4:-615,5:-616,6:-617,7:-617,8:-623|crit=0
L|1|MG_QT01|TMP_AM|REF|move=c7b9|score=35|mate=-|depth=25|nodes=3712644|crit=0
L|1|MG_QT01|NOI_AD|SEL|move=c7b9|slotScore=-34|top1=-34|gap=0|rule=noise|hit=engine|slotUsed=1|seed=2606396142|probs=p=0.1,legal=30|depth=15|nodes=293567|slots=1:-34,2:-572,3:-603,4:-612|crit=0
L|1|MG_QT01|NOI_AD|REF|move=c7b9|score=41|mate=-|depth=26|nodes=3808045|crit=0
L|1|MG_QT01|NOI_AM|SEL|move=a7a9|slotScore=NA|top1=-36|gap=NA|rule=noise|hit=rand|slotUsed=-1|seed=2723839989|probs=p=0.25,legal=30|depth=15|nodes=285317|slots=1:-36,2:-606,3:-609,4:-613|crit=0
L|1|MG_QT01|NOI_AM|REF|move=a7a9|score=694|mate=-|depth=23|nodes=3373906|crit=0
L|1|MG_QT01|T8S1|SEL|move=c7b9|slotScore=-41|top1=-41|gap=0|rule=slot|hit=slot|slotUsed=1|seed=2142798652|probs=|depth=14|nodes=314061|slots=1:-41,2:-316,3:-606,4:-617,5:-623,6:-624,7:-628,8:-630|crit=0
L|1|MG_QT01|T8S1|REF|move=c7b9|score=37|mate=-|depth=26|nodes=3904155|crit=0
L|1|MG_QT01|ANCH|SEL|move=c7b9|slotScore=-24|top1=-24|gap=0|rule=anchor|hit=anchor|slotUsed=1|seed=859910748|probs=|depth=26|nodes=3782304|slots=1:-24|crit=0
L|1|MG_QT01|ANCH|REF|move=c7b9|score=33|mate=-|depth=26|nodes=3692612|crit=0
PROG|1|MG_QT01
L|1|MG_QT05|ANCHOR|move=h7h9|score=-34|mate=-|depth=22|nodes=3754643|crit=0
L|1|MG_QT05|AM0|SEL|move=h7i7|slotScore=-57|top1=-42|gap=15|rule=slot|hit=slot|slotUsed=4|seed=643650924|probs=|depth=11|nodes=295864|slots=1:-42,2:-46,3:-50,4:-57|crit=0
L|1|MG_QT05|AM0|REF|move=h7i7|score=71|mate=-|depth=23|nodes=3695216|crit=0
L|1|MG_QT05|AD0|SEL|move=i6i5|slotScore=-49|top1=-37|gap=12|rule=slot|hit=slot|slotUsed=3|seed=275529709|probs=|depth=15|nodes=559614|slots=1:-37,2:-49,3:-49|crit=0
L|1|MG_QT05|AD0|REF|move=i6i5|score=57|mate=-|depth=22|nodes=3550450|crit=0
L|1|MG_QT05|EX0|SEL|move=i9h9|slotScore=-43|top1=-36|gap=7|rule=slot|hit=slot|slotUsed=2|seed=1144749517|probs=|depth=17|nodes=941424|slots=1:-36,2:-43|crit=0
L|1|MG_QT05|EX0|REF|move=i9h9|score=48|mate=-|depth=22|nodes=3767461|crit=0
L|1|MG_QT05|CAP_AD|SEL|move=a7a8|slotScore=-66|top1=-38|gap=28|rule=cap|hit=cap|slotUsed=8|seed=3259378812|probs=1:0,2:9,3:10,4:12,5:18,6:30,7:39,8:28|depth=10|nodes=321033|slots=1:-38,2:-47,3:-48,4:-50,5:-56,6:-68,7:-77,8:-66|crit=0
L|1|MG_QT05|CAP_AD|REF|move=a7a8|score=118|mate=-|depth=22|nodes=3741426|crit=0
L|1|MG_QT05|CAP_AM|SEL|move=h7g7|slotScore=-86|top1=-48|gap=38|rule=cap|hit=cap|slotUsed=8|seed=3108381587|probs=1:0,2:0,3:1,4:13,5:32,6:36,7:37,8:38|depth=11|nodes=313297|slots=1:-48,2:-48,3:-49,4:-61,5:-80,6:-84,7:-85,8:-86|crit=0
L|1|MG_QT05|CAP_AM|REF|move=h7g7|score=112|mate=-|depth=22|nodes=3709000|crit=0
L|1|MG_QT05|TMP_AD|SEL|move=h7h9|slotScore=-46|top1=-45|gap=1|rule=temp|hit=temp|slotUsed=2|seed=665066763|probs=T=40,1:0.188,2:0.184,3:0.170,4:0.123,5:0.109,6:0.078,7:0.071,8:0.077|depth=12|nodes=317948|slots=1:-45,2:-46,3:-49,4:-62,5:-67,6:-80,7:-84,8:-81|crit=0
L|1|MG_QT05|TMP_AD|REF|move=h7h9|score=31|mate=-|depth=23|nodes=3669505|crit=0
L|1|MG_QT05|TMP_AM|SEL|move=i9h9|slotScore=-49|top1=-34|gap=15|rule=temp|hit=temp|slotUsed=3|seed=547622916|probs=T=150,1:0.148,2:0.140,3:0.134,4:0.128,5:0.116,6:0.114,7:0.113,8:0.107|depth=11|nodes=305358|slots=1:-34,2:-42,3:-49,4:-55,5:-70,6:-73,7:-74,8:-82|crit=0
L|1|MG_QT05|TMP_AM|REF|move=i9h9|score=52|mate=-|depth=22|nodes=3809553|crit=0
L|1|MG_QT05|NOI_AD|SEL|move=h7h9|slotScore=-36|top1=-36|gap=0|rule=noise|hit=engine|slotUsed=1|seed=4144724362|probs=p=0.1,legal=33|depth=12|nodes=295380|slots=1:-36,2:-39,3:-51,4:-51|crit=0
L|1|MG_QT05|NOI_AD|REF|move=h7h9|score=30|mate=-|depth=23|nodes=3648540|crit=0
L|1|MG_QT05|NOI_AM|SEL|move=a7a9|slotScore=NA|top1=-34|gap=NA|rule=noise|hit=rand|slotUsed=-1|seed=3993726881|probs=p=0.25,legal=33|depth=14|nodes=288324|slots=1:-34,2:-45,3:-48,4:-54|crit=0
L|1|MG_QT05|NOI_AM|REF|move=a7a9|score=280|mate=-|depth=20|nodes=3461590|crit=0
L|1|MG_QT05|T8S1|SEL|move=i6i5|slotScore=-39|top1=-39|gap=0|rule=slot|hit=slot|slotUsed=1|seed=3029567248|probs=|depth=11|nodes=314030|slots=1:-39,2:-45,3:-53,4:-55,5:-62,6:-75,7:-76,8:-82|crit=0
L|1|MG_QT05|T8S1|REF|move=i6i5|score=48|mate=-|depth=22|nodes=3599148|crit=0
L|1|MG_QT05|ANCH|SEL|move=h7h9|slotScore=-34|top1=-34|gap=0|rule=anchor|hit=anchor|slotUsed=1|seed=835869536|probs=|depth=22|nodes=3754643|slots=1:-34|crit=0
L|1|MG_QT05|ANCH|REF|move=h7h9|score=32|mate=-|depth=22|nodes=3582154|crit=0
PROG|1|MG_QT05
L|1|MG_QT10|ANCHOR|move=i9h9|score=-30|mate=-|depth=25|nodes=3961609|crit=0
L|1|MG_QT10|AM0|SEL|move=f8h9|slotScore=-69|top1=-32|gap=37|rule=slot|hit=slot|slotUsed=4|seed=1791645566|probs=|depth=12|nodes=300899|slots=1:-32,2:-61,3:-59,4:-69|crit=0
L|1|MG_QT10|AM0|REF|move=f8h9|score=74|mate=-|depth=23|nodes=3950714|crit=0
L|1|MG_QT10|AD0|SEL|move=i9i7|slotScore=-63|top1=-35|gap=28|rule=slot|hit=slot|slotUsed=3|seed=1960701855|probs=|depth=15|nodes=608906|slots=1:-35,2:-50,3:-63|crit=0
L|1|MG_QT10|AD0|REF|move=i9i7|score=66|mate=-|depth=21|nodes=3551344|crit=0
L|1|MG_QT10|EX0|SEL|move=f8h7|slotScore=-49|top1=-27|gap=22|rule=slot|hit=slot|slotUsed=2|seed=806339639|probs=|depth=19|nodes=978461|slots=1:-27,2:-49|crit=0
L|1|MG_QT10|EX0|REF|move=f8h7|score=71|mate=-|depth=21|nodes=3727250|crit=0
L|1|MG_QT10|CAP_AD|SEL|move=c3e4|slotScore=-68|top1=-34|gap=34|rule=cap|hit=cap|slotUsed=8|seed=1488106210|probs=1:0,2:21,3:25,4:37,5:37,6:45,7:49,8:34|depth=11|nodes=317473|slots=1:-34,2:-55,3:-59,4:-71,5:-71,6:-79,7:-83,8:-68|crit=0
L|1|MG_QT10|CAP_AD|REF|move=c3e4|score=78|mate=-|depth=20|nodes=3621817|crit=0
L|1|MG_QT10|CAP_AM|SEL|move=c5c4|slotScore=-87|top1=-32|gap=55|rule=cap|hit=cap|slotUsed=8|seed=1605550057|probs=1:0,2:30,3:36,4:40,5:44,6:51,7:58,8:55|depth=12|nodes=312677|slots=1:-32,2:-62,3:-68,4:-72,5:-76,6:-83,7:-90,8:-87|crit=0
L|1|MG_QT10|CAP_AM|REF|move=c5c4|score=117|mate=-|depth=20|nodes=3786777|crit=0
L|1|MG_QT10|TMP_AD|SEL|move=f9g9|slotScore=-82|top1=-44|gap=38|rule=temp|hit=temp|slotUsed=5|seed=2217798453|probs=T=40,1:0.252,2:0.169,3:0.131,4:0.116,5:0.097,6:0.090,7:0.078,8:0.067|depth=11|nodes=313368|slots=1:-44,2:-60,3:-70,4:-75,5:-82,6:-85,7:-91,8:-97|crit=0
L|1|MG_QT10|TMP_AD|REF|move=f9g9|score=82|mate=-|depth=24|nodes=3796228|crit=0
L|1|MG_QT10|TMP_AM|SEL|move=f8h9|slotScore=-84|top1=-41|gap=43|rule=temp|hit=temp|slotUsed=5|seed=2100305454|probs=T=150,1:0.155,2:0.136,3:0.132,4:0.126,5:0.116,6:0.115,7:0.112,8:0.108|depth=11|nodes=309160|slots=1:-41,2:-60,3:-65,4:-72,5:-84,6:-85,7:-90,8:-95|crit=0
L|1|MG_QT10|TMP_AM|REF|move=f8h9|score=68|mate=-|depth=23|nodes=3846467|crit=0
L|1|MG_QT10|NOI_AD|SEL|move=i9h9|slotScore=-36|top1=-36|gap=0|rule=noise|hit=engine|slotUsed=1|seed=2382490956|probs=p=0.1,legal=29|depth=14|nodes=300060|slots=1:-36,2:-50,3:-66,4:-69|crit=0
L|1|MG_QT10|NOI_AD|REF|move=i9h9|score=29|mate=-|depth=24|nodes=3825403|crit=0
L|1|MG_QT10|NOI_AM|SEL|move=i9i7|slotScore=-68|top1=-28|gap=40|rule=noise|hit=engine|slotUsed=4|seed=2231493475|probs=p=0.25,legal=29|depth=12|nodes=294910|slots=1:-28,2:-60,3:-60,4:-68|crit=0
L|1|MG_QT10|NOI_AM|REF|move=i9i7|score=66|mate=-|depth=21|nodes=3657838|crit=0
L|1|MG_QT10|T8S1|SEL|move=i9h9|slotScore=-34|top1=-34|gap=0|rule=slot|hit=slot|slotUsed=1|seed=4173999354|probs=|depth=10|nodes=310369|slots=1:-34,2:-64,3:-65,4:-71,5:-76,6:-82,7:-70,8:-73|crit=0
L|1|MG_QT10|T8S1|REF|move=i9h9|score=29|mate=-|depth=24|nodes=3857155|crit=0
L|1|MG_QT10|ANCH|SEL|move=i9h9|slotScore=-30|top1=-30|gap=0|rule=anchor|hit=anchor|slotUsed=1|seed=1263148510|probs=|depth=25|nodes=3961609|slots=1:-30|crit=0
L|1|MG_QT10|ANCH|REF|move=i9h9|score=24|mate=-|depth=25|nodes=3901055|crit=0
PROG|1|MG_QT10
L|1|MG_QT14|ANCHOR|move=f4b4|score=-29|mate=-|depth=25|nodes=3914990|crit=0
L|1|MG_QT14|AM0|SEL|move=f4f2|slotScore=-40|top1=-27|gap=13|rule=slot|hit=slot|slotUsed=4|seed=4191378794|probs=|depth=14|nodes=324705|slots=1:-27,2:-43,3:-61,4:-40|crit=0
L|1|MG_QT14|AM0|REF|move=f4f2|score=69|mate=-|depth=25|nodes=4399923|crit=0
L|1|MG_QT14|AD0|SEL|move=c3e4|slotScore=-54|top1=-28|gap=26|rule=slot|hit=slot|slotUsed=3|seed=65205643|probs=|depth=15|nodes=608087|slots=1:-28,2:-37,3:-54|crit=0
L|1|MG_QT14|AD0|REF|move=c3e4|score=68|mate=-|depth=23|nodes=3639649|crit=0
L|1|MG_QT14|EX0|SEL|move=a7b7|slotScore=-33|top1=-28|gap=5|rule=slot|hit=slot|slotUsed=2|seed=680221091|probs=|depth=19|nodes=965790|slots=1:-28,2:-33|crit=0
L|1|MG_QT14|EX0|REF|move=a7b7|score=28|mate=-|depth=26|nodes=3857233|crit=0
L|1|MG_QT14|CAP_AD|SEL|move=e8d7|slotScore=-48|top1=-29|gap=19|rule=cap|hit=cap|slotUsed=7|seed=3209371262|probs=1:0,2:3,3:11,4:21,5:32,6:35,7:19,8:64|depth=12|nodes=314700|slots=1:-29,2:-32,3:-40,4:-50,5:-61,6:-64,7:-48,8:-93|crit=0
L|1|MG_QT14|CAP_AD|REF|move=e8d7|score=62|mate=-|depth=25|nodes=4209824|crit=0
L|1|MG_QT14|CAP_AM|SEL|move=a6a5|slotScore=-99|top1=-36|gap=63|rule=cap|hit=cap|slotUsed=8|seed=3326864197|probs=1:0,2:2,3:8,4:19,5:24,6:31,7:33,8:63|depth=12|nodes=325346|slots=1:-36,2:-38,3:-44,4:-55,5:-60,6:-67,7:-69,8:-99|crit=0
L|1|MG_QT14|CAP_AM|REF|move=a6a5|score=134|mate=-|depth=21|nodes=3916892|crit=0
L|1|MG_QT14|TMP_AD|SEL|move=f4e4|slotScore=-67|top1=-37|gap=30|rule=temp|hit=temp|slotUsed=6|seed=4073070753|probs=T=40,1:0.213,2:0.188,3:0.123,4:0.123,5:0.117,6:0.100,7:0.098,8:0.040|depth=13|nodes=324681|slots=1:-37,2:-42,3:-59,4:-59,5:-61,6:-67,7:-68,8:-104|crit=0
L|1|MG_QT14|TMP_AD|REF|move=f4e4|score=60|mate=-|depth=23|nodes=3894911|crit=0
L|1|MG_QT14|TMP_AM|SEL|move=f4b4|slotScore=-32|top1=-32|gap=0|rule=temp|hit=temp|slotUsed=1|seed=4224070282|probs=T=150,1:0.151,2:0.142,3:0.135,4:0.126,5:0.123,6:0.122,7:0.107,8:0.093|depth=12|nodes=337730|slots=1:-32,2:-42,3:-49,4:-60,5:-63,6:-64,7:-84,8:-105|crit=0
L|1|MG_QT14|TMP_AM|REF|move=f4b4|score=24|mate=-|depth=25|nodes=3899586|crit=0
L|1|MG_QT14|NOI_AD|SEL|move=f4b4|slotScore=-28|top1=-28|gap=0|rule=noise|hit=engine|slotUsed=1|seed=4216878712|probs=p=0.1,legal=37|depth=15|nodes=333591|slots=1:-28,2:-31,3:-45,4:-57|crit=0
L|1|MG_QT14|NOI_AD|REF|move=f4b4|score=28|mate=-|depth=29|nodes=3973059|crit=0
L|1|MG_QT14|NOI_AM|SEL|move=a7c7|slotScore=-51|top1=-35|gap=16|rule=noise|hit=engine|slotUsed=4|seed=39338879|probs=p=0.25,legal=37|depth=14|nodes=310124|slots=1:-35,2:-36,3:-43,4:-51|crit=0
L|1|MG_QT14|NOI_AM|REF|move=a7c7|score=74|mate=-|depth=20|nodes=4022627|crit=0
L|1|MG_QT14|T8S1|SEL|move=f4b4|slotScore=-29|top1=-29|gap=0|rule=slot|hit=slot|slotUsed=1|seed=3273925262|probs=|depth=13|nodes=322364|slots=1:-29,2:-46,3:-53,4:-61,5:-61,6:-62,7:-66,8:-86|crit=0
L|1|MG_QT14|T8S1|REF|move=f4b4|score=23|mate=-|depth=26|nodes=3923253|crit=0
L|1|MG_QT14|ANCH|SEL|move=f4b4|slotScore=-29|top1=-29|gap=0|rule=anchor|hit=anchor|slotUsed=1|seed=1568963426|probs=|depth=25|nodes=3914990|slots=1:-29|crit=0
L|1|MG_QT14|ANCH|REF|move=f4b4|score=26|mate=-|depth=28|nodes=3907758|crit=0
PROG|1|MG_QT14
L|1|MG_QT19|ANCHOR|move=c7c3|score=-14|mate=-|depth=32|nodes=3598845|crit=0
L|1|MG_QT19|AM0|SEL|move=c7a7|slotScore=-585|top1=-17|gap=568|rule=slot|hit=slot|slotUsed=4|seed=2044311769|probs=|depth=14|nodes=289883|slots=1:-17,2:-580,3:-575,4:-585|crit=0
L|1|MG_QT19|AM0|REF|move=c7a7|score=600|mate=-|depth=29|nodes=3592912|crit=0
L|1|MG_QT19|AD0|SEL|move=c7b7|slotScore=-603|top1=-15|gap=588|rule=slot|hit=slot|slotUsed=3|seed=1875304888|probs=|depth=18|nodes=602970|slots=1:-15,2:-588,3:-603|crit=0
L|1|MG_QT19|AD0|REF|move=c7b7|score=592|mate=-|depth=27|nodes=3471056|crit=0
L|1|MG_QT19|EX0|SEL|move=c7b7|slotScore=-545|top1=-16|gap=529|rule=slot|hit=slot|slotUsed=2|seed=1006347224|probs=|depth=22|nodes=954430|slots=1:-16,2:-545|crit=0
L|1|MG_QT19|EX0|REF|move=c7b7|score=596|mate=-|depth=25|nodes=3537945|crit=0
L|1|MG_QT19|CAP_AD|SEL|move=c7c3|slotScore=-19|top1=-19|gap=0|rule=cap|hit=above|slotUsed=1|seed=2799908855|probs=1:0,2:543,3:567,4:585,5:626,6:701,7:705,8:714|depth=14|nodes=302137|slots=1:-19,2:-562,3:-586,4:-604,5:-645,6:-720,7:-724,8:-733|crit=0
L|1|MG_QT19|CAP_AD|REF|move=c7c3|score=18|mate=-|depth=28|nodes=3738300|crit=0
L|1|MG_QT19|CAP_AM|SEL|move=c7c3|slotScore=-18|top1=-18|gap=0|rule=cap|hit=above|slotUsed=1|seed=2950889888|probs=1:0,2:566,3:566,4:584,5:616,6:686,7:692,8:699|depth=14|nodes=326519|slots=1:-18,2:-584,3:-584,4:-602,5:-634,6:-704,7:-710,8:-717|crit=0
L|1|MG_QT19|CAP_AM|REF|move=c7c3|score=17|mate=-|depth=30|nodes=4048455|crit=0
L|1|MG_QT19|TMP_AD|SEL|move=c7c3|slotScore=-19|top1=-19|gap=0|rule=temp|hit=temp|slotUsed=1|seed=662689776|probs=T=40,1:1.000,2:0.000,3:0.000,4:0.000,5:0.000,6:0.000,7:0.000,8:0.000|depth=15|nodes=323244|slots=1:-19,2:-595,3:-602,4:-605,5:-648,6:-720,7:-722,8:-735|crit=0
L|1|MG_QT19|TMP_AD|REF|move=c7c3|score=17|mate=-|depth=30|nodes=4122088|crit=0
L|1|MG_QT19|TMP_AM|SEL|move=c7c3|slotScore=-17|top1=-17|gap=0|rule=temp|hit=temp|slotUsed=1|seed=511689991|probs=T=150,1:0.904,2:0.020,3:0.018,4:0.019,5:0.015,6:0.008,7:0.008,8:0.007|depth=14|nodes=302627|slots=1:-17,2:-588,3:-602,4:-598,5:-630,6:-723,7:-723,8:-741|crit=0
L|1|MG_QT19|TMP_AM|REF|move=c7c3|score=13|mate=-|depth=31|nodes=3636142|crit=0
L|1|MG_QT19|NOI_AD|SEL|move=c7c3|slotScore=-16|top1=-16|gap=0|rule=noise|hit=engine|slotUsed=1|seed=2137450397|probs=p=0.1,legal=33|depth=14|nodes=266790|slots=1:-16,2:-581,3:-592,4:-596|crit=0
L|1|MG_QT19|NOI_AD|REF|move=c7c3|score=14|mate=-|depth=28|nodes=3554726|crit=0
L|1|MG_QT19|NOI_AM|SEL|move=g7h5|slotScore=NA|top1=-13|gap=NA|rule=noise|hit=rand|slotUsed=-1|seed=2288447558|probs=p=0.25,legal=33|depth=15|nodes=282516|slots=1:-13,2:-587,3:-589,4:-591|crit=0
L|1|MG_QT19|NOI_AM|REF|move=g7h5|score=864|mate=-|depth=27|nodes=3887873|crit=0
L|1|MG_QT19|T8S1|SEL|move=c7c3|slotScore=-22|top1=-22|gap=0|rule=slot|hit=slot|slotUsed=1|seed=2468687391|probs=|depth=15|nodes=314456|slots=1:-22,2:-595,3:-591,4:-602,5:-655,6:-720,7:-731,8:-744|crit=0
L|1|MG_QT19|T8S1|REF|move=c7c3|score=16|mate=-|depth=29|nodes=3954903|crit=0
L|1|MG_QT19|ANCH|SEL|move=c7c3|slotScore=-14|top1=-14|gap=0|rule=anchor|hit=anchor|slotUsed=1|seed=3549345947|probs=|depth=32|nodes=3598845|slots=1:-14|crit=0
L|1|MG_QT19|ANCH|REF|move=c7c3|score=16|mate=-|depth=30|nodes=3891281|crit=0
PROG|1|MG_QT19
L|1|MG_QT24|ANCHOR|move=g7f5|score=-15|mate=-|depth=28|nodes=3706069|crit=0
L|1|MG_QT24|AM0|SEL|move=f8f9|slotScore=-23|top1=-16|gap=7|rule=slot|hit=slot|slotUsed=4|seed=3085778097|probs=|depth=14|nodes=307100|slots=1:-16,2:-22,3:-20,4:-23|crit=0
L|1|MG_QT24|AM0|REF|move=f8f9|score=20|mate=-|depth=27|nodes=3691020|crit=0
L|1|MG_QT24|AD0|SEL|move=f8f9|slotScore=-20|top1=-15|gap=5|rule=slot|hit=slot|slotUsed=3|seed=3456314272|probs=|depth=18|nodes=612242|slots=1:-15,2:-16,3:-20|crit=0
L|1|MG_QT24|AD0|REF|move=f8f9|score=17|mate=-|depth=27|nodes=3600143|crit=0
L|1|MG_QT24|EX0|SEL|move=g5e7|slotScore=-17|top1=-17|gap=0|rule=slot|hit=slot|slotUsed=2|seed=426688400|probs=|depth=20|nodes=948343|slots=1:-17,2:-17|crit=0
L|1|MG_QT24|EX0|REF|move=g5e7|score=15|mate=-|depth=26|nodes=3527901|crit=0
L|1|MG_QT24|CAP_AD|SEL|move=c9e7|slotScore=-29|top1=-16|gap=13|rule=cap|hit=cap|slotUsed=8|seed=95438303|probs=1:0,2:2,3:6,4:6,5:9,6:8,7:12,8:13|depth=13|nodes=303910|slots=1:-16,2:-18,3:-22,4:-22,5:-25,6:-24,7:-28,8:-29|crit=0
L|1|MG_QT24|CAP_AD|REF|move=c9e7|score=20|mate=-|depth=29|nodes=3713645|crit=0
L|1|MG_QT24|CAP_AM|SEL|move=c9a7|slotScore=-23|top1=-15|gap=8|rule=cap|hit=cap|slotUsed=8|seed=4272978136|probs=1:0,2:2,3:3,4:4,5:7,6:8,7:7,8:8|depth=13|nodes=329905|slots=1:-15,2:-17,3:-18,4:-19,5:-22,6:-23,7:-22,8:-23|crit=0
L|1|MG_QT24|CAP_AM|REF|move=c9a7|score=19|mate=-|depth=27|nodes=3654334|crit=0
L|1|MG_QT24|TMP_AD|SEL|move=g7e6|slotScore=-18|top1=-14|gap=4|rule=temp|hit=temp|slotUsed=3|seed=354540456|probs=T=40,1:0.147,2:0.136,3:0.133,4:0.130,5:0.120,6:0.114,7:0.111,8:0.109|depth=13|nodes=317956|slots=1:-14,2:-17,3:-18,4:-19,5:-22,6:-24,7:-25,8:-26|crit=0
L|1|MG_QT24|TMP_AD|REF|move=g7e6|score=18|mate=-|depth=31|nodes=3827031|crit=0
L|1|MG_QT24|TMP_AM|SEL|move=c3d3|slotScore=-23|top1=-14|gap=9|rule=temp|hit=temp|slotUsed=6|seed=471965871|probs=T=150,1:0.131,2:0.128,3:0.126,4:0.124,5:0.124,6:0.124,7:0.123,8:0.120|depth=15|nodes=312688|slots=1:-14,2:-18,3:-20,4:-22,5:-23,6:-23,7:-24,8:-27|crit=0
L|1|MG_QT24|TMP_AM|REF|move=c3d3|score=18|mate=-|depth=27|nodes=3550220|crit=0
L|1|MG_QT24|NOI_AD|SEL|move=g7f5|slotScore=-15|top1=-15|gap=0|rule=noise|hit=engine|slotUsed=1|seed=150304053|probs=p=0.1,legal=33|depth=14|nodes=285277|slots=1:-15,2:-18,3:-19,4:-19|crit=0
L|1|MG_QT24|NOI_AD|REF|move=g7f5|score=14|mate=-|depth=29|nodes=3733309|crit=0
L|1|MG_QT24|NOI_AM|SEL|move=g7f9|slotScore=NA|top1=-17|gap=NA|rule=noise|hit=rand|slotUsed=-1|seed=32860206|probs=p=0.25,legal=33|depth=14|nodes=309449|slots=1:-17,2:-17,3:-18,4:-21|crit=0
L|1|MG_QT24|NOI_AM|REF|move=g7f9|score=173|mate=-|depth=23|nodes=4073608|crit=0
L|1|MG_QT24|T8S1|SEL|move=g7f5|slotScore=-18|top1=-18|gap=0|rule=slot|hit=slot|slotUsed=1|seed=604541767|probs=|depth=13|nodes=313124|slots=1:-18,2:-20,3:-20,4:-25,5:-27,6:-27,7:-28,8:-29|crit=0
L|1|MG_QT24|T8S1|REF|move=g7f5|score=15|mate=-|depth=28|nodes=3706740|crit=0
L|1|MG_QT24|ANCH|SEL|move=g7f5|slotScore=-15|top1=-15|gap=0|rule=anchor|hit=anchor|slotUsed=1|seed=1387923987|probs=|depth=28|nodes=3706069|slots=1:-15|crit=0
L|1|MG_QT24|ANCH|REF|move=g7f5|score=19|mate=-|depth=30|nodes=3857057|crit=0
PROG|1|MG_QT24
L|1|MG_QT29|ANCHOR|move=b6b5|score=-19|mate=-|depth=23|nodes=3413110|crit=0
L|1|MG_QT29|AM0|SEL|move=a9c9|slotScore=-23|top1=-18|gap=5|rule=slot|hit=slot|slotUsed=4|seed=1582407890|probs=|depth=13|nodes=282835|slots=1:-18,2:-19,3:-22,4:-23|crit=0
L|1|MG_QT29|AM0|REF|move=a9c9|score=30|mate=-|depth=23|nodes=3381811|crit=0
L|1|MG_QT29|AD0|SEL|move=d9e8|slotScore=-22|top1=-17|gap=5|rule=slot|hit=slot|slotUsed=3|seed=3896189123|probs=|depth=15|nodes=579824|slots=1:-17,2:-21,3:-22|crit=0
L|1|MG_QT29|AD0|REF|move=d9e8|score=20|mate=-|depth=22|nodes=3506451|crit=0
L|1|MG_QT29|EX0|SEL|move=d9e8|slotScore=-22|top1=-17|gap=5|rule=slot|hit=slot|slotUsed=2|seed=755583531|probs=|depth=18|nodes=883246|slots=1:-17,2:-22|crit=0
L|1|MG_QT29|EX0|REF|move=d9e8|score=21|mate=-|depth=23|nodes=3612858|crit=0
L|1|MG_QT29|CAP_AD|SEL|move=b6c6|slotScore=-39|top1=-17|gap=22|rule=cap|hit=cap|slotUsed=8|seed=2445996054|probs=1:0,2:3,3:6,4:7,5:8,6:20,7:20,8:22|depth=12|nodes=282290|slots=1:-17,2:-20,3:-23,4:-24,5:-25,6:-37,7:-37,8:-39|crit=0
L|1|MG_QT29|CAP_AD|REF|move=b6c6|score=32|mate=-|depth=25|nodes=3591563|crit=0
L|1|MG_QT29|CAP_AM|SEL|move=c7d5|slotScore=-33|top1=-11|gap=22|rule=cap|hit=cap|slotUsed=8|seed=2294998573|probs=1:0,2:2,3:3,4:7,5:9,6:13,7:21,8:22|depth=12|nodes=298261|slots=1:-11,2:-13,3:-14,4:-18,5:-20,6:-24,7:-32,8:-33|crit=0
L|1|MG_QT29|CAP_AM|REF|move=c7d5|score=34|mate=-|depth=20|nodes=3697693|crit=0
L|1|MG_QT29|TMP_AD|SEL|move=b6b3|slotScore=-36|top1=-11|gap=25|rule=temp|hit=temp|slotUsed=7|seed=4000697449|probs=T=40,1:0.180,2:0.155,3:0.140,4:0.127,5:0.124,6:0.085,7:0.096,8:0.092|depth=11|nodes=301989|slots=1:-11,2:-17,3:-21,4:-25,5:-26,6:-41,7:-36,8:-38|crit=0
L|1|MG_QT29|TMP_AD|REF|move=b6b3|score=52|mate=-|depth=24|nodes=3742320|crit=0
L|1|MG_QT29|TMP_AM|SEL|move=d9e8|slotScore=-23|top1=-16|gap=7|rule=temp|hit=temp|slotUsed=3|seed=3883255650|probs=T=150,1:0.137,2:0.134,3:0.131,4:0.127,5:0.123,6:0.120,7:0.118,8:0.109|depth=12|nodes=297622|slots=1:-16,2:-19,3:-23,4:-27,5:-32,6:-36,7:-38,8:-51|crit=0
L|1|MG_QT29|TMP_AM|REF|move=d9e8|score=21|mate=-|depth=23|nodes=3517261|crit=0
L|1|MG_QT29|NOI_AD|SEL|move=b6b5|slotScore=-13|top1=-13|gap=0|rule=noise|hit=engine|slotUsed=1|seed=2659836992|probs=p=0.1,legal=41|depth=13|nodes=265146|slots=1:-13,2:-14,3:-16,4:-23|crit=0
L|1|MG_QT29|NOI_AD|REF|move=b6b5|score=14|mate=-|depth=23|nodes=3575714|crit=0
L|1|MG_QT29|NOI_AM|SEL|move=d9e8|slotScore=-23|top1=-10|gap=13|rule=noise|hit=engine|slotUsed=4|seed=2508790679|probs=p=0.25,legal=41|depth=13|nodes=282013|slots=1:-10,2:-17,3:-21,4:-23|crit=0
L|1|MG_QT29|NOI_AM|REF|move=d9e8|score=23|mate=-|depth=22|nodes=3390514|crit=0
L|1|MG_QT29|T8S1|SEL|move=a9b9|slotScore=-19|top1=-19|gap=0|rule=slot|hit=slot|slotUsed=1|seed=2748901606|probs=|depth=11|nodes=296594|slots=1:-19,2:-20,3:-20,4:-20,5:-28,6:-34,7:-41,8:-41|crit=0
L|1|MG_QT29|T8S1|REF|move=a9b9|score=20|mate=-|depth=24|nodes=3687621|crit=0
L|1|MG_QT29|ANCH|SEL|move=b6b5|slotScore=-19|top1=-19|gap=0|rule=anchor|hit=anchor|slotUsed=1|seed=3387908298|probs=|depth=23|nodes=3413110|slots=1:-19|crit=0
L|1|MG_QT29|ANCH|REF|move=b6b5|score=14|mate=-|depth=26|nodes=3603169|crit=0
PROG|1|MG_QT29
L|1|MG_QT34|ANCHOR|move=d9d3|score=-3|mate=-|depth=23|nodes=3626168|crit=0
L|1|MG_QT34|AM0|SEL|move=d9b9|slotScore=-50|top1=-14|gap=36|rule=slot|hit=slot|slotUsed=4|seed=4103887028|probs=|depth=12|nodes=319080|slots=1:-14,2:-28,3:-47,4:-50|crit=0
L|1|MG_QT34|AM0|REF|move=d9b9|score=61|mate=-|depth=22|nodes=3762299|crit=0
L|1|MG_QT34|AD0|SEL|move=c5c4|slotScore=-37|top1=-7|gap=30|rule=slot|hit=slot|slotUsed=3|seed=2122832037|probs=|depth=15|nodes=579556|slots=1:-7,2:-27,3:-37|crit=0
L|1|MG_QT34|AD0|REF|move=c5c4|score=19|mate=-|depth=24|nodes=3717672|crit=0
L|1|MG_QT34|EX0|SEL|move=c5c4|slotScore=-15|top1=-4|gap=11|rule=slot|hit=slot|slotUsed=2|seed=815783413|probs=|depth=19|nodes=893238|slots=1:-4,2:-15|crit=0
L|1|MG_QT34|EX0|REF|move=c5c4|score=22|mate=-|depth=24|nodes=3695053|crit=0
L|1|MG_QT34|CAP_AD|SEL|move=d9b9|slotScore=-52|top1=-13|gap=39|rule=cap|hit=cap|slotUsed=5|seed=1497187316|probs=1:0,2:16,3:17,4:35,5:39,6:77,7:105,8:147|depth=13|nodes=327545|slots=1:-13,2:-29,3:-30,4:-48,5:-52,6:-90,7:-118,8:-160|crit=0
L|1|MG_QT34|CAP_AD|REF|move=d9b9|score=58|mate=-|depth=25|nodes=4019769|crit=0
L|1|MG_QT34|CAP_AM|SEL|move=a6a5|slotScore=-116|top1=-12|gap=104|rule=cap|hit=cap|slotUsed=8|seed=1614629115|probs=1:0,2:24,3:27,4:41,5:48,6:83,7:83,8:104|depth=12|nodes=323496|slots=1:-12,2:-36,3:-39,4:-53,5:-60,6:-95,7:-95,8:-116|crit=0
L|1|MG_QT34|CAP_AM|REF|move=a6a5|score=158|mate=-|depth=22|nodes=3885460|crit=0
L|1|MG_QT34|TMP_AD|SEL|move=h9g7|slotScore=-36|top1=-11|gap=25|rule=temp|hit=temp|slotUsed=3|seed=755137907|probs=T=40,1:0.314,2:0.221,3:0.168,4:0.115,5:0.097,6:0.038,7:0.024,8:0.023|depth=12|nodes=323231|slots=1:-11,2:-25,3:-36,4:-51,5:-58,6:-95,7:-113,8:-116|crit=0
L|1|MG_QT34|TMP_AD|REF|move=h9g7|score=14|mate=-|depth=27|nodes=3990242|crit=0
L|1|MG_QT34|TMP_AM|SEL|move=a6a5|slotScore=-126|top1=-12|gap=114|rule=temp|hit=temp|slotUsed=8|seed=906121052|probs=T=150,1:0.168,2:0.145,3:0.140,4:0.132,5:0.132,6:0.111,7:0.092,8:0.079|depth=12|nodes=321290|slots=1:-12,2:-34,3:-39,4:-48,5:-48,6:-74,7:-103,8:-126|crit=0
L|1|MG_QT34|TMP_AM|REF|move=a6a5|score=171|mate=-|depth=23|nodes=3961319|crit=0
L|1|MG_QT34|NOI_AD|SEL|move=b5b8|slotScore=NA|top1=-6|gap=NA|rule=noise|hit=rand|slotUsed=-1|seed=2500382770|probs=p=0.1,legal=32|depth=13|nodes=308567|slots=1:-6,2:-33,3:-36,4:-54|crit=0
L|1|MG_QT34|NOI_AD|REF|move=b5b8|score=504|mate=-|depth=21|nodes=3321326|crit=0
L|1|MG_QT34|NOI_AM|SEL|move=d9c9|slotScore=NA|top1=-14|gap=NA|rule=noise|hit=rand|slotUsed=-1|seed=2617826617|probs=p=0.25,legal=32|depth=13|nodes=317899|slots=1:-14,2:-30,3:-39,4:-48|crit=0
L|1|MG_QT34|NOI_AM|REF|move=d9c9|score=166|mate=-|depth=23|nodes=3933290|crit=0
L|1|MG_QT34|T8S1|SEL|move=d9d3|slotScore=-15|top1=-15|gap=0|rule=slot|hit=slot|slotUsed=1|seed=2579717992|probs=|depth=12|nodes=336952|slots=1:-15,2:-36,3:-38,4:-55,5:-57,6:-88,7:-160,8:-152|crit=0
L|1|MG_QT34|T8S1|REF|move=d9d3|score=4|mate=-|depth=24|nodes=3577587|crit=0
L|1|MG_QT34|ANCH|SEL|move=d9d3|slotScore=-3|top1=-3|gap=0|rule=anchor|hit=anchor|slotUsed=1|seed=408029832|probs=|depth=23|nodes=3626168|slots=1:-3|crit=0
L|1|MG_QT34|ANCH|REF|move=d9d3|score=4|mate=-|depth=24|nodes=3556839|crit=0
PROG|1|MG_QT34
L|1|MG_QT39|ANCHOR|move=b5c5|score=-2|mate=-|depth=28|nodes=3669983|crit=0
L|1|MG_QT39|AM0|SEL|move=i6i5|slotScore=-20|top1=-3|gap=17|rule=slot|hit=slot|slotUsed=4|seed=455030947|probs=|depth=11|nodes=278016|slots=1:-3,2:-5,3:-8,4:-20|crit=0
L|1|MG_QT39|AM0|REF|move=i6i5|score=18|mate=-|depth=24|nodes=3577251|crit=0
L|1|MG_QT39|AD0|SEL|move=f5f7|slotScore=-8|top1=-4|gap=4|rule=slot|hit=slot|slotUsed=3|seed=288715058|probs=|depth=16|nodes=558203|slots=1:-4,2:-6,3:-8|crit=0
L|1|MG_QT39|AD0|REF|move=f5f7|score=7|mate=-|depth=26|nodes=3727614|crit=0
L|1|MG_QT39|EX0|SEL|move=f5f7|slotScore=-6|top1=-2|gap=4|rule=slot|hit=slot|slotUsed=2|seed=1554040290|probs=|depth=20|nodes=919546|slots=1:-2,2:-6|crit=0
L|1|MG_QT39|EX0|REF|move=f5f7|score=7|mate=-|depth=26|nodes=3747087|crit=0
L|1|MG_QT39|CAP_AD|SEL|move=b5a5|slotScore=-29|top1=-2|gap=27|rule=cap|hit=cap|slotUsed=8|seed=2193823277|probs=1:0,2:5,3:6,4:11,5:17,6:20,7:21,8:27|depth=11|nodes=300857|slots=1:-2,2:-7,3:-8,4:-13,5:-19,6:-22,7:-23,8:-29|crit=0
L|1|MG_QT39|CAP_AD|REF|move=b5a5|score=20|mate=-|depth=26|nodes=3833861|crit=0
L|1|MG_QT39|CAP_AM|SEL|move=f5f6|slotScore=-17|top1=0|gap=17|rule=cap|hit=cap|slotUsed=8|seed=2344869910|probs=1:0,2:3,3:5,4:9,5:11,6:12,7:16,8:17|depth=12|nodes=313742|slots=1:0,2:-3,3:-5,4:-9,5:-11,6:-12,7:-16,8:-17|crit=0
L|1|MG_QT39|CAP_AM|REF|move=f5f6|score=20|mate=-|depth=27|nodes=3637567|crit=0
L|1|MG_QT39|TMP_AD|SEL|move=i6i5|slotScore=-6|top1=2|gap=8|rule=temp|hit=temp|slotUsed=4|seed=3807228634|probs=T=40,1:0.161,2:0.142,3:0.135,4:0.132,5:0.125,6:0.103,7:0.100,8:0.103|depth=11|nodes=294322|slots=1:2,2:-3,3:-5,4:-6,5:-8,6:-16,7:-17,8:-16|crit=0
L|1|MG_QT39|TMP_AD|REF|move=i6i5|score=7|mate=-|depth=23|nodes=3467919|crit=0
L|1|MG_QT39|TMP_AM|SEL|move=f5f8|slotScore=-18|top1=-3|gap=15|rule=temp|hit=temp|slotUsed=7|seed=3656229105|probs=T=150,1:0.132,2:0.128,3:0.129,4:0.128,5:0.124,6:0.121,7:0.120,8:0.119|depth=13|nodes=311284|slots=1:-3,2:-8,3:-7,4:-8,5:-13,6:-16,7:-18,8:-19|crit=0
L|1|MG_QT39|TMP_AM|REF|move=f5f8|score=21|mate=-|depth=26|nodes=3699665|crit=0
L|1|MG_QT39|NOI_AD|SEL|move=b5c5|slotScore=0|top1=0|gap=0|rule=noise|hit=engine|slotUsed=1|seed=3179617991|probs=p=0.1,legal=43|depth=13|nodes=283261|slots=1:0,2:-2,3:-5,4:-14|crit=0
L|1|MG_QT39|NOI_AD|REF|move=b5c5|score=0|mate=-|depth=32|nodes=3632705|crit=0
L|1|MG_QT39|NOI_AM|SEL|move=e8f7|slotScore=NA|top1=-3|gap=NA|rule=noise|hit=rand|slotUsed=-1|seed=3330664624|probs=p=0.25,legal=43|depth=13|nodes=280884|slots=1:-3,2:-4,3:-7,4:-15|crit=0
L|1|MG_QT39|NOI_AM|REF|move=e8f7|score=48|mate=-|depth=21|nodes=3764585|crit=0
L|1|MG_QT39|T8S1|SEL|move=b5c5|slotScore=0|top1=0|gap=0|rule=slot|hit=slot|slotUsed=1|seed=3222710001|probs=|depth=12|nodes=308868|slots=1:0,2:-3,3:-4,4:-9,5:-16,6:-18,7:-20,8:-22|crit=0
L|1|MG_QT39|T8S1|REF|move=b5c5|score=2|mate=-|depth=30|nodes=3542142|crit=0
L|1|MG_QT39|ANCH|SEL|move=b5c5|slotScore=-2|top1=-2|gap=0|rule=anchor|hit=anchor|slotUsed=1|seed=3926064425|probs=|depth=28|nodes=3669983|slots=1:-2|crit=0
L|1|MG_QT39|ANCH|REF|move=b5c5|score=2|mate=-|depth=29|nodes=3450466|crit=0
PROG|1|MG_QT39
L|1|MG_QH01|ANCHOR|move=d0e1|score=6|mate=-|depth=23|nodes=3695921|crit=0
L|1|MG_QH01|AM0|SEL|move=e3e4|slotScore=-1|top1=7|gap=8|rule=slot|hit=slot|slotUsed=4|seed=3842925748|probs=|depth=13|nodes=287671|slots=1:7,2:0,3:0,4:-1|crit=0
L|1|MG_QH01|AM0|REF|move=e3e4|score=16|mate=-|depth=22|nodes=3557714|crit=0
L|1|MG_QH01|AD0|SEL|move=e3e4|slotScore=-4|top1=4|gap=8|rule=slot|hit=slot|slotUsed=3|seed=1861870757|probs=|depth=14|nodes=581554|slots=1:4,2:4,3:-4|crit=0
L|1|MG_QH01|AD0|REF|move=e3e4|score=13|mate=-|depth=22|nodes=3545201|crit=0
L|1|MG_QH01|EX0|SEL|move=c0a2|slotScore=1|top1=4|gap=3|rule=slot|hit=slot|slotUsed=2|seed=554822133|probs=|depth=18|nodes=924951|slots=1:4,2:1|crit=0
L|1|MG_QH01|EX0|REF|move=c0a2|score=3|mate=-|depth=24|nodes=3794667|crit=0
L|1|MG_QH01|CAP_AD|SEL|move=i3i4|slotScore=-18|top1=-3|gap=15|rule=cap|hit=cap|slotUsed=8|seed=2755102708|probs=1:0,2:-8,3:-3,4:0,5:5,6:9,7:13,8:15|depth=12|nodes=302292|slots=1:-3,2:5,3:0,4:-3,5:-8,6:-12,7:-16,8:-18|crit=0
L|1|MG_QH01|CAP_AD|REF|move=i3i4|score=14|mate=-|depth=21|nodes=3561056|crit=0
L|1|MG_QH01|CAP_AM|SEL|move=c2e1|slotScore=-16|top1=7|gap=23|rule=cap|hit=cap|slotUsed=8|seed=2872544507|probs=1:0,2:6,3:6,4:5,5:7,6:17,7:21,8:23|depth=12|nodes=298410|slots=1:7,2:1,3:1,4:2,5:0,6:-10,7:-14,8:-16|crit=0
L|1|MG_QH01|CAP_AM|REF|move=c2e1|score=20|mate=-|depth=25|nodes=3500230|crit=0
L|1|MG_QH01|TMP_AD|SEL|move=e3e4|slotScore=-1|top1=10|gap=11|rule=temp|hit=temp|slotUsed=4|seed=2013036915|probs=T=40,1:0.176,2:0.141,3:0.131,4:0.134,5:0.118,6:0.115,7:0.113,8:0.072|depth=11|nodes=322941|slots=1:10,2:1,3:-2,4:-1,5:-6,6:-7,7:-8,8:-26|crit=0
L|1|MG_QH01|TMP_AD|REF|move=e3e4|score=5|mate=-|depth=24|nodes=3680013|crit=0
L|1|MG_QH01|TMP_AM|SEL|move=e3e4|slotScore=-3|top1=8|gap=11|rule=temp|hit=temp|slotUsed=4|seed=2164036444|probs=T=150,1:0.134,2:0.132,3:0.127,4:0.125,5:0.129,6:0.122,7:0.118,8:0.113|depth=11|nodes=307878|slots=1:8,2:5,3:-1,4:-3,5:2,6:-6,7:-12,8:-18|crit=0
L|1|MG_QH01|TMP_AM|REF|move=e3e4|score=6|mate=-|depth=25|nodes=3636944|crit=0
L|1|MG_QH01|NOI_AD|SEL|move=d0e1|slotScore=2|top1=2|gap=0|rule=noise|hit=engine|slotUsed=1|seed=3758429234|probs=p=0.1,legal=33|depth=13|nodes=300304|slots=1:2,2:0,3:-5,4:-8|crit=0
L|1|MG_QH01|NOI_AD|REF|move=d0e1|score=-3|mate=-|depth=24|nodes=3573341|crit=0
L|1|MG_QH01|NOI_AM|SEL|move=a3a4|slotScore=NA|top1=3|gap=NA|rule=noise|hit=rand|slotUsed=-1|seed=3875922233|probs=p=0.25,legal=33|depth=11|nodes=295037|slots=1:3,2:2,3:-5,4:-16|crit=0
L|1|MG_QH01|NOI_AM|REF|move=a3a4|score=41|mate=-|depth=24|nodes=3691837|crit=0
L|1|MG_QH01|T8S1|SEL|move=d0e1|slotScore=-1|top1=-1|gap=0|rule=slot|hit=slot|slotUsed=1|seed=484901736|probs=|depth=11|nodes=299023|slots=1:-1,2:-1,3:-3,4:0,5:-2,6:-11,7:-13,8:-17|crit=0
L|1|MG_QH01|T8S1|REF|move=d0e1|score=-1|mate=-|depth=25|nodes=3669272|crit=0
L|1|MG_QH01|ANCH|SEL|move=d0e1|slotScore=6|top1=6|gap=0|rule=anchor|hit=anchor|slotUsed=1|seed=2608262792|probs=|depth=23|nodes=3695921|slots=1:6|crit=0
L|1|MG_QH01|ANCH|REF|move=d0e1|score=0|mate=-|depth=27|nodes=3462672|crit=0
PROG|1|MG_QH01
L|1|MG_QB3|ANCHOR|move=a0b0|score=343|mate=-|depth=20|nodes=3273121|crit=0
L|1|MG_QB3|AM0|SEL|move=c4i4|slotScore=246|top1=307|gap=61|rule=slot|hit=slot|slotUsed=4|seed=4045032880|probs=|depth=11|nodes=298317|slots=1:307,2:275,3:286,4:246|crit=0
L|1|MG_QB3|AM0|REF|move=c4i4|score=-217|mate=-|depth=20|nodes=3712526|crit=0
L|1|MG_QB3|AD0|SEL|move=c4a4|slotScore=277|top1=347|gap=70|rule=slot|hit=slot|slotUsed=3|seed=3674482305|probs=|depth=13|nodes=591776|slots=1:347,2:330,3:277|crit=0
L|1|MG_QB3|AD0|REF|move=c4a4|score=-251|mate=-|depth=18|nodes=3540861|crit=0
L|1|MG_QB3|EX0|SEL|move=a0b0|slotScore=352|top1=372|gap=20|rule=slot|hit=slot|slotUsed=2|seed=2831419713|probs=|depth=17|nodes=992812|slots=1:372,2:352|crit=0
L|1|MG_QB3|EX0|REF|move=a0b0|score=-404|mate=-|depth=20|nodes=3688626|crit=0
L|1|MG_QB3|CAP_AD|SEL|move=a0b0|slotScore=336|top1=341|gap=5|rule=cap|hit=cap|slotUsed=2|seed=1369933488|probs=1:0,2:5,3:67,4:92,5:110,6:111,7:118,8:137|depth=10|nodes=327340|slots=1:341,2:336,3:274,4:249,5:231,6:230,7:223,8:204|crit=0
L|1|MG_QB3|CAP_AD|REF|move=a0b0|score=-396|mate=-|depth=21|nodes=3710876|crit=0
L|1|MG_QB3|CAP_AM|SEL|move=d1b2|slotScore=216|top1=355|gap=139|rule=cap|hit=cap|slotUsed=8|seed=1218950343|probs=1:0,2:0,3:66,4:85,5:118,6:123,7:138,8:139|depth=10|nodes=318614|slots=1:355,2:355,3:289,4:270,5:237,6:232,7:217,8:216|crit=0
L|1|MG_QB3|CAP_AM|REF|move=d1b2|score=-83|mate=-|depth=21|nodes=3724439|crit=0
L|1|MG_QB3|TMP_AD|SEL|move=a0b0|slotScore=312|top1=312|gap=0|rule=temp|hit=temp|slotUsed=1|seed=1083853439|probs=T=40,1:0.384,2:0.348,3:0.125,4:0.036,5:0.036,6:0.027,7:0.025,8:0.020|depth=9|nodes=336700|slots=1:312,2:308,3:267,4:217,5:217,6:206,7:202,8:194|crit=0
L|1|MG_QB3|TMP_AD|REF|move=a0b0|score=-404|mate=-|depth=20|nodes=3639606|crit=0
L|1|MG_QB3|TMP_AM|SEL|move=i1f1|slotScore=196|top1=329|gap=133|rule=temp|hit=temp|slotUsed=8|seed=966425976|probs=T=150,1:0.200,2:0.187,3:0.129,4:0.113,5:0.105,6:0.101,7:0.082,8:0.082|depth=8|nodes=344690|slots=1:329,2:319,3:263,4:243,5:232,6:226,7:196,8:196|crit=0
L|1|MG_QB3|TMP_AM|REF|move=i1f1|score=-181|mate=-|depth=20|nodes=3331483|crit=0
L|1|MG_QB3|NOI_AD|SEL|move=a0b0|slotScore=314|top1=314|gap=0|rule=noise|hit=engine|slotUsed=1|seed=3726130878|probs=p=0.1,legal=39|depth=11|nodes=315141|slots=1:314,2:282,3:258,4:236|crit=0
L|1|MG_QB3|NOI_AD|REF|move=a0b0|score=-401|mate=-|depth=19|nodes=3590826|crit=0
L|1|MG_QB3|NOI_AM|SEL|move=c4b4|slotScore=240|top1=366|gap=126|rule=noise|hit=engine|slotUsed=4|seed=3843558277|probs=p=0.25,legal=39|depth=12|nodes=310377|slots=1:366,2:363,3:278,4:240|crit=0
L|1|MG_QB3|NOI_AM|REF|move=c4b4|score=-193|mate=-|depth=19|nodes=3109231|crit=0
L|1|MG_QB3|T8S1|SEL|move=a0b0|slotScore=322|top1=322|gap=0|rule=slot|hit=slot|slotUsed=1|seed=3585793772|probs=|depth=9|nodes=317166|slots=1:322,2:286,3:270,4:230,5:216,6:202,7:186,8:181|crit=0
L|1|MG_QB3|T8S1|REF|move=a0b0|score=-405|mate=-|depth=21|nodes=3591717|crit=0
L|1|MG_QB3|ANCH|SEL|move=a0b0|slotScore=343|top1=343|gap=0|rule=anchor|hit=anchor|slotUsed=1|seed=3750202956|probs=|depth=20|nodes=3273121|slots=1:343|crit=0
L|1|MG_QB3|ANCH|REF|move=a0b0|score=-406|mate=-|depth=19|nodes=3662484|crit=0
PROG|1|MG_QB3
L|1|MG_QB9|ANCHOR|move=a6b6|score=585|mate=-|depth=21|nodes=3163495|crit=0
L|1|MG_QB9|AM0|SEL|move=i7e7|slotScore=540|top1=578|gap=38|rule=slot|hit=slot|slotUsed=4|seed=1831968470|probs=|depth=11|nodes=241033|slots=1:578,2:562,3:560,4:540|crit=0
L|1|MG_QB9|AM0|REF|move=i7e7|score=-546|mate=-|depth=25|nodes=3270647|crit=0
L|1|MG_QB9|AD0|SEL|move=i8d8|slotScore=576|top1=585|gap=9|rule=slot|hit=slot|slotUsed=3|seed=1461352359|probs=|depth=13|nodes=474990|slots=1:585,2:581,3:576|crit=0
L|1|MG_QB9|AD0|REF|move=i8d8|score=-598|mate=-|depth=20|nodes=3014891|crit=0
L|1|MG_QB9|EX0|SEL|move=i8d8|slotScore=583|top1=585|gap=2|rule=slot|hit=slot|slotUsed=2|seed=3030291183|probs=|depth=14|nodes=755092|slots=1:585,2:583|crit=0
L|1|MG_QB9|EX0|REF|move=i8d8|score=-599|mate=-|depth=20|nodes=2944959|crit=0
L|1|MG_QB9|CAP_AD|SEL|move=i8b8|slotScore=523|top1=570|gap=47|rule=cap|hit=cap|slotUsed=8|seed=4117959370|probs=1:0,2:-7,3:14,4:19,5:24,6:30,7:43,8:47|depth=11|nodes=254535|slots=1:570,2:577,3:556,4:551,5:546,6:540,7:527,8:523|crit=0
L|1|MG_QB9|CAP_AD|REF|move=i8b8|score=-552|mate=-|depth=22|nodes=3122696|crit=0
L|1|MG_QB9|CAP_AM|SEL|move=a6a8|slotScore=517|top1=579|gap=62|rule=cap|hit=cap|slotUsed=8|seed=3966959841|probs=1:0,2:18,3:19,4:26,5:32,6:32,7:61,8:62|depth=11|nodes=244344|slots=1:579,2:561,3:560,4:553,5:547,6:547,7:518,8:517|crit=0
L|1|MG_QB9|CAP_AM|REF|move=a6a8|score=-544|mate=-|depth=21|nodes=3055890|crit=0
L|1|MG_QB9|TMP_AD|SEL|move=i8d8|slotScore=567|top1=568|gap=1|rule=temp|hit=temp|slotUsed=2|seed=3588991309|probs=T=40,1:0.197,2:0.192,3:0.153,4:0.116,5:0.111,6:0.091,7:0.074,8:0.066|depth=11|nodes=250513|slots=1:568,2:567,3:558,4:547,5:545,6:537,7:529,8:524|crit=0
L|1|MG_QB9|TMP_AD|REF|move=i8d8|score=-585|mate=-|depth=21|nodes=2820397|crit=0
L|1|MG_QB9|TMP_AM|SEL|move=e3e5|slotScore=560|top1=583|gap=23|rule=temp|hit=temp|slotUsed=2|seed=3739990838|probs=T=150,1:0.165,2:0.142,3:0.134,4:0.113,5:0.107,6:0.104,7:0.092,8:0.143|depth=11|nodes=242633|slots=1:583,2:560,3:552,4:526,5:518,6:514,7:495,8:562|crit=0
L|1|MG_QB9|TMP_AM|REF|move=e3e5|score=-571|mate=-|depth=22|nodes=3046687|crit=0
L|1|MG_QB9|NOI_AD|SEL|move=i8d8|slotScore=586|top1=586|gap=0|rule=noise|hit=engine|slotUsed=1|seed=2329755364|probs=p=0.1,legal=41|depth=11|nodes=227556|slots=1:586,2:575,3:574,4:547|crit=0
L|1|MG_QB9|NOI_AD|REF|move=i8d8|score=-607|mate=-|depth=21|nodes=2958136|crit=0
L|1|MG_QB9|NOI_AM|SEL|move=i7e7|slotScore=550|top1=596|gap=46|rule=noise|hit=engine|slotUsed=4|seed=2447182827|probs=p=0.25,legal=41|depth=11|nodes=245899|slots=1:596,2:575,3:567,4:550|crit=0
L|1|MG_QB9|NOI_AM|REF|move=i7e7|score=-558|mate=-|depth=23|nodes=3185913|crit=0
L|1|MG_QB9|T8S1|SEL|move=a6b6|slotScore=582|top1=582|gap=0|rule=slot|hit=slot|slotUsed=1|seed=1811917378|probs=|depth=11|nodes=251214|slots=1:582,2:579,3:569,4:561,5:554,6:535,7:531,8:515|crit=0
L|1|MG_QB9|T8S1|REF|move=a6b6|score=-599|mate=-|depth=21|nodes=3064361|crit=0
L|1|MG_QB9|ANCH|SEL|move=a6b6|slotScore=585|top1=585|gap=0|rule=anchor|hit=anchor|slotUsed=1|seed=944432214|probs=|depth=21|nodes=3163495|slots=1:585|crit=0
L|1|MG_QB9|ANCH|REF|move=a6b6|score=-603|mate=-|depth=20|nodes=3025695|crit=0
PROG|1|MG_QB9
DRV DONE positions=17 round=1
