DRV: not isolated, registering SW (try 0)
DRV: not isolated, registering SW (try 1)
DRV: isolated ok, task=task_bn_r2.json
DRV: engine ready
L|2|OP00|ANCHOR|move=h2e2|score=27|mate=-|depth=21|nodes=3024669|crit=0
L|2|OP00|AM0|SEL|move=b2e2|slotScore=22|top1=28|gap=6|rule=slot|hit=slot|slotUsed=4|seed=46400084|probs=|depth=13|nodes=269340|slots=1:28,2:28,3:24,4:22|crit=0
L|2|OP00|AM0|REF|move=b2e2|score=-22|mate=-|depth=25|nodes=3546481|crit=0
L|2|OP00|AD0|SEL|move=h2e2|slotScore=23|top1=31|gap=8|rule=slot|hit=slot|slotUsed=3|seed=416947013|probs=|depth=15|nodes=529444|slots=1:31,2:24,3:23|crit=0
L|2|OP00|AD0|REF|move=h2e2|score=-20|mate=-|depth=23|nodes=3558486|crit=0
L|2|OP00|EX0|SEL|move=b2e2|slotScore=23|top1=25|gap=2|rule=slot|hit=slot|slotUsed=2|seed=1286166181|probs=|depth=17|nodes=800426|slots=1:25,2:23|crit=0
L|2|OP00|EX0|REF|move=b2e2|score=-28|mate=-|depth=24|nodes=3240679|crit=0
L|2|OP00|CAP_AD|SEL|move=h0g2|slotScore=16|top1=26|gap=10|rule=cap|hit=cap|slotUsed=8|seed=2121527506|probs=1:0,2:0,3:2,4:2,5:4,6:5,7:9,8:10|depth=12|nodes=292380|slots=1:26,2:26,3:24,4:24,5:22,6:21,7:17,8:16|crit=0
L|2|OP00|CAP_AD|REF|move=h0g2|score=-16|mate=-|depth=24|nodes=3444270|crit=0
L|2|OP00|CAP_AM|SEL|move=b2d2|slotScore=12|top1=29|gap=17|rule=cap|hit=cap|slotUsed=8|seed=2272518713|probs=1:0,2:1,3:2,4:7,5:14,6:16,7:16,8:17|depth=12|nodes=296698|slots=1:29,2:28,3:27,4:22,5:15,6:13,7:13,8:12|crit=0
L|2|OP00|CAP_AM|REF|move=b2d2|score=-8|mate=-|depth=25|nodes=3464252|crit=0
L|2|OP00|NOI_AM|SEL|move=h2e2|slotScore=22|top1=24|gap=2|rule=noise|hit=engine|slotUsed=4|seed=477159159|probs=p=0.25,legal=44|depth=13|nodes=273112|slots=1:24,2:27,3:25,4:22|crit=0
L|2|OP00|NOI_AM|REF|move=h2e2|score=-17|mate=-|depth=24|nodes=3356169|crit=0
L|2|OP00|AC_AD|SEL|move=b2d2|slotScore=14|top1=28|gap=14|rule=capnoise|hit=cap|slotUsed=8|seed=537261898|probs=cap=60,p=0.1,legal=44,1:0,2:5,3:2,4:9,5:9,6:12,7:14,8:14|depth=12|nodes=301769|slots=1:28,2:23,3:26,4:19,5:19,6:16,7:14,8:14|crit=0
L|2|OP00|AC_AD|REF|move=b2d2|score=-5|mate=-|depth=27|nodes=3525844|crit=0
L|2|OP00|AC_AM|SEL|move=b0c2|slotScore=14|top1=27|gap=13|rule=capnoise|hit=cap|slotUsed=8|seed=419758145|probs=cap=200,p=0.25,legal=44,1:0,2:2,3:3,4:7,5:11,6:12,7:13,8:13|depth=11|nodes=304198|slots=1:27,2:25,3:24,4:20,5:16,6:15,7:14,8:14|crit=0
L|2|OP00|AC_AM|REF|move=b0c2|score=-8|mate=-|depth=23|nodes=3414331|crit=0
L|2|OP00|BN_AD|SEL|move=h0g2|slotScore=14|top1=30|gap=16|rule=boundednoise|hit=cap|slotUsed=8|seed=1080759042|probs=cap=60,p=0.25,gapmode=hybrid,legal=44,pjn=na,pjudged=na,1:0,2:3,3:3,4:0,5:10,6:15,7:16,8:16,accept=na|depth=12|nodes=285873|slots=1:30,2:27,3:27,4:30,5:20,6:15,7:14,8:14|pnodes=-|pdepth=-|pslots=-|pmoves=1:b2e2,2:g3g4,3:h2e2,4:c3c4,5:b2d2,6:h2i2,7:c0e2,8:h0g2|qmoves=-|crit=0
L|2|OP00|BN_AD|REF|move=h0g2|score=-3|mate=-|depth=26|nodes=3443942|crit=0
L|2|OP00|BN_AM|SEL|move=g0e2|slotScore=12|top1=27|gap=15|rule=boundednoise|hit=brand|slotUsed=8|seed=1231750505|probs=cap=200,p=0.4,gapmode=hybrid,legal=44,pjn=16,pjudged=24,1:0,2:0,3:1,4:2,5:12,6:13,7:14,8:15,wouldBe=8,accept=16,agap=15|depth=12|nodes=301513|slots=1:27,2:27,3:26,4:25,5:15,6:14,7:13,8:12|pnodes=302074|pdepth=10|pslots=1:25,2:21,3:21,4:20,5:14,6:12,7:12,8:10,9:9,10:9,11:4,12:0,13:5,14:4,15:1,16:-2|pmoves=1:h2e2,2:c3c4,3:b2e2,4:g3g4,5:b2d2,6:b0c2,7:h2f2,8:g0e2|qmoves=1:c3c4,2:b2e2,3:h2e2,4:g3g4,5:b2d2,6:h2f2,7:h2d2,8:b2f2,9:c0e2,10:b0c2,11:h0g2,12:h2i2,13:b2a2,14:h0i2,15:g0e2,16:b0a2|crit=0
L|2|OP00|BN_AM|REF|move=g0e2|score=-11|mate=-|depth=22|nodes=3611199|crit=0
L|2|OP00|BN_P2|SEL|move=h0g2|slotScore=13|top1=26|gap=13|rule=boundednoise|hit=brand|slotUsed=7|seed=2023058797|probs=cap=200,p=0.4,gapmode=pool,legal=44,pjn=8,pjudged=8,1:0,2:4,3:6,4:9,5:10,6:12,7:13,8:0,wouldBe=8,accept=8,agap=13|depth=12|nodes=277970|slots=1:26,2:22,3:20,4:17,5:16,6:14,7:13,8:26|pnodes=-|pdepth=-|pslots=-|pmoves=1:c3c4,2:b2d2,3:b2e2,4:g0e2,5:h2f2,6:c0e2,7:h0g2,8:h2e2|qmoves=-|crit=0
L|2|OP00|BN_P2|REF|move=h0g2|score=-4|mate=-|depth=25|nodes=3383588|crit=0
L|2|OP00|ANCH|SEL|move=h2e2|slotScore=27|top1=27|gap=0|rule=anchor|hit=anchor|slotUsed=1|seed=1243402758|probs=|depth=21|nodes=3024669|slots=1:27|crit=0
L|2|OP00|ANCH|REF|move=h2e2|score=-18|mate=-|depth=24|nodes=3429229|crit=0
PROG|2|OP00
L|2|OP02|ANCHOR|move=h0g2|score=10|mate=-|depth=23|nodes=3524243|crit=0
L|2|OP02|AM0|SEL|move=g3g4|slotScore=10|top1=13|gap=3|rule=slot|hit=slot|slotUsed=4|seed=40134038|probs=|depth=13|nodes=292981|slots=1:13,2:12,3:11,4:10|crit=0
L|2|OP02|AM0|REF|move=g3g4|score=-5|mate=-|depth=22|nodes=3595677|crit=0
L|2|OP02|AD0|SEL|move=h2e2|slotScore=2|top1=12|gap=10|rule=slot|hit=slot|slotUsed=3|seed=4168855399|probs=|depth=16|nodes=579114|slots=1:12,2:11,3:2|crit=0
L|2|OP02|AD0|REF|move=h2e2|score=-1|mate=-|depth=24|nodes=3583182|crit=0
L|2|OP02|EX0|SEL|move=g3g4|slotScore=8|top1=16|gap=8|rule=slot|hit=slot|slotUsed=2|seed=758409255|probs=|depth=17|nodes=911543|slots=1:16,2:8|crit=0
L|2|OP02|EX0|REF|move=g3g4|score=2|mate=-|depth=23|nodes=3584676|crit=0
L|2|OP02|CAP_AD|SEL|move=b0d1|slotScore=-2|top1=20|gap=22|rule=cap|hit=cap|slotUsed=8|seed=1287354784|probs=1:0,2:8,3:10,4:12,5:16,6:20,7:22,8:22|depth=13|nodes=297025|slots=1:20,2:12,3:10,4:8,5:4,6:0,7:-2,8:-2|crit=0
L|2|OP02|CAP_AD|REF|move=b0d1|score=44|mate=-|depth=22|nodes=3214185|crit=0
L|2|OP02|CAP_AM|SEL|move=d0e1|slotScore=-4|top1=16|gap=20|rule=cap|hit=cap|slotUsed=8|seed=1438346127|probs=1:0,2:10,3:12,4:12,5:13,6:14,7:17,8:20|depth=13|nodes=308086|slots=1:16,2:6,3:4,4:4,5:3,6:2,7:-1,8:-4|crit=0
L|2|OP02|CAP_AM|REF|move=d0e1|score=8|mate=-|depth=25|nodes=3653557|crit=0
L|2|OP02|NOI_AM|SEL|move=h2e2|slotScore=7|top1=25|gap=18|rule=noise|hit=engine|slotUsed=4|seed=1651863953|probs=p=0.25,legal=43|depth=13|nodes=282346|slots=1:25,2:23,3:9,4:7|crit=0
L|2|OP02|NOI_AM|REF|move=h2e2|score=-10|mate=-|depth=24|nodes=3502311|crit=0
L|2|OP02|AC_AD|SEL|move=d0e1|slotScore=-4|top1=15|gap=19|rule=capnoise|hit=cap|slotUsed=8|seed=3737418260|probs=cap=60,p=0.1,legal=43,1:0,2:1,3:4,4:4,5:3,6:5,7:13,8:19|depth=13|nodes=325226|slots=1:15,2:14,3:11,4:11,5:12,6:10,7:2,8:-4|crit=0
L|2|OP02|AC_AD|REF|move=d0e1|score=8|mate=-|depth=26|nodes=3617179|crit=0
L|2|OP02|AC_AM|SEL|move=h2i2|slotScore=0|top1=20|gap=20|rule=capnoise|hit=cap|slotUsed=8|seed=3888409667|probs=cap=200,p=0.25,legal=43,1:0,2:9,3:9,4:9,5:13,6:15,7:15,8:20|depth=12|nodes=321470|slots=1:20,2:11,3:11,4:11,5:7,6:5,7:5,8:0|crit=0
L|2|OP02|AC_AM|REF|move=h2i2|score=20|mate=-|depth=26|nodes=3502347|crit=0
L|2|OP02|BN_AD|SEL|move=h0g2|slotScore=16|top1=16|gap=0|rule=boundednoise|hit=brand|slotUsed=1|seed=3205010840|probs=cap=60,p=0.25,gapmode=hybrid,legal=43,pjn=16,pjudged=24,1:0,2:14,3:20,4:4,5:11,6:13,7:14,8:15,wouldBe=8,accept=16,agap=0|depth=12|nodes=316366|slots=1:16,2:2,3:-4,4:12,5:5,6:3,7:2,8:1|pnodes=306613|pdepth=11|pslots=1:17,2:12,3:8,4:5,5:1,6:0,7:0,8:-1,9:-2,10:-7,11:-11,12:-14,13:-15,14:-20,15:-20,16:-22|pmoves=1:h0g2,2:b0c2,3:d0e1,4:g3g4,5:h2e2,6:h2f2,7:h0i2,8:c3c4|qmoves=1:h0g2,2:g3g4,3:h2f2,4:h2e2,5:b0c2,6:h0i2,7:b2e2,8:c3c4,9:i0i1,10:d0e1,11:h2g2,12:h2i2,13:i0i2,14:i3i4,15:b2d2,16:b2f2|crit=0
L|2|OP02|BN_AD|REF|move=h0g2|score=-8|mate=-|depth=27|nodes=3610545|crit=0
L|2|OP02|BN_AM|SEL|move=b2e2|slotScore=-2|top1=12|gap=14|rule=boundednoise|hit=cap|slotUsed=8|seed=3087572631|probs=cap=200,p=0.4,gapmode=hybrid,legal=43,pjn=na,pjudged=na,1:0,2:0,3:6,4:9,5:10,6:10,7:11,8:14,accept=na|depth=12|nodes=320341|slots=1:12,2:12,3:6,4:3,5:2,6:2,7:1,8:-2|pnodes=-|pdepth=-|pslots=-|pmoves=1:g3g4,2:h0g2,3:c3c4,4:b0c2,5:h2e2,6:h2f2,7:i0i1,8:b2e2|qmoves=-|crit=0
L|2|OP02|BN_AM|REF|move=b2e2|score=15|mate=-|depth=25|nodes=3475187|crit=0
L|2|OP02|BN_P2|SEL|move=h0i2|slotScore=-12|top1=12|gap=24|rule=boundednoise|hit=cap|slotUsed=8|seed=2464525247|probs=cap=200,p=0.4,gapmode=pool,legal=43,pjn=8,pjudged=8,1:0,2:7,3:8,4:7,5:15,6:15,7:15,8:24,accept=8|depth=11|nodes=306143|slots=1:12,2:5,3:4,4:5,5:-3,6:-3,7:-3,8:-12|pnodes=-|pdepth=-|pslots=-|pmoves=1:h0g2,2:g3g4,3:h2e2,4:h2f2,5:c3c4,6:b0c2,7:i0i1,8:h0i2|qmoves=-|crit=0
L|2|OP02|BN_P2|REF|move=h0i2|score=17|mate=-|depth=24|nodes=3665324|crit=0
L|2|OP02|ANCH|SEL|move=h0g2|slotScore=10|top1=10|gap=0|rule=anchor|hit=anchor|slotUsed=1|seed=2215182764|probs=|depth=23|nodes=3524243|slots=1:10|crit=0
L|2|OP02|ANCH|REF|move=h0g2|score=-7|mate=-|depth=26|nodes=3562604|crit=0
PROG|2|OP02
L|2|OP04|ANCHOR|move=d0e1|score=18|mate=-|depth=24|nodes=3626557|crit=0
L|2|OP04|AM0|SEL|move=d0e1|slotScore=15|top1=18|gap=3|rule=slot|hit=slot|slotUsed=4|seed=77373256|probs=|depth=13|nodes=292437|slots=1:18,2:18,3:16,4:15|crit=0
L|2|OP04|AM0|REF|move=d0e1|score=-13|mate=-|depth=23|nodes=3491214|crit=0
L|2|OP04|AD0|SEL|move=b0c2|slotScore=16|top1=17|gap=1|rule=slot|hit=slot|slotUsed=3|seed=4203607977|probs=|depth=16|nodes=604133|slots=1:17,2:16,3:16|crit=0
L|2|OP04|AD0|REF|move=b0c2|score=-16|mate=-|depth=25|nodes=3543724|crit=0
L|2|OP04|EX0|SEL|move=b0c2|slotScore=17|top1=18|gap=1|rule=slot|hit=slot|slotUsed=2|seed=3355280841|probs=|depth=19|nodes=962695|slots=1:18,2:17|crit=0
L|2|OP04|EX0|REF|move=b0c2|score=-16|mate=-|depth=25|nodes=3577654|crit=0
L|2|OP04|CAP_AD|SEL|move=g3g4|slotScore=1|top1=21|gap=20|rule=cap|hit=cap|slotUsed=8|seed=3535508902|probs=1:0,2:0,3:0,4:2,5:5,6:8,7:16,8:20|depth=13|nodes=327392|slots=1:21,2:21,3:21,4:19,5:16,6:13,7:5,8:1|crit=0
L|2|OP04|CAP_AD|REF|move=g3g4|score=-3|mate=-|depth=24|nodes=3480014|crit=0
L|2|OP04|CAP_AM|SEL|move=h2f2|slotScore=7|top1=25|gap=18|rule=cap|hit=cap|slotUsed=8|seed=3418071389|probs=1:0,2:3,3:4,4:6,5:8,6:10,7:17,8:18|depth=13|nodes=301803|slots=1:25,2:22,3:21,4:19,5:17,6:15,7:8,8:7|crit=0
L|2|OP04|CAP_AM|REF|move=h2f2|score=-2|mate=-|depth=27|nodes=3915011|crit=0
L|2|OP04|NOI_AM|SEL|move=b0c2|slotScore=14|top1=20|gap=6|rule=noise|hit=engine|slotUsed=4|seed=746186507|probs=p=0.25,legal=41|depth=13|nodes=304051|slots=1:20,2:18,3:17,4:14|crit=0
L|2|OP04|NOI_AM|REF|move=b0c2|score=-11|mate=-|depth=25|nodes=3544435|crit=0
L|2|OP04|AC_AD|SEL|move=b2e2|slotScore=1|top1=21|gap=20|rule=capnoise|hit=cap|slotUsed=8|seed=1667270582|probs=cap=60,p=0.1,legal=41,1:0,2:1,3:3,4:6,5:6,6:9,7:17,8:20|depth=13|nodes=320335|slots=1:21,2:20,3:18,4:15,5:15,6:12,7:4,8:1|crit=0
L|2|OP04|AC_AD|REF|move=b2e2|score=-8|mate=-|depth=25|nodes=3509915|crit=0
L|2|OP04|AC_AM|SEL|move=h2f2|slotScore=9|top1=20|gap=11|rule=capnoise|hit=cap|slotUsed=8|seed=1549832365|probs=cap=200,p=0.25,legal=41,1:0,2:0,3:1,4:3,5:6,6:9,7:11,8:11|depth=13|nodes=308148|slots=1:20,2:20,3:19,4:17,5:14,6:11,7:9,8:9|crit=0
L|2|OP04|AC_AM|REF|move=h2f2|score=-1|mate=-|depth=26|nodes=3630630|crit=0
L|2|OP04|BN_AD|SEL|move=i3i4|slotScore=1|top1=23|gap=22|rule=boundednoise|hit=cap|slotUsed=8|seed=1767180902|probs=cap=60,p=0.25,gapmode=hybrid,legal=41,pjn=na,pjudged=na,1:0,2:0,3:2,4:6,5:13,6:17,7:20,8:22,accept=na|depth=12|nodes=303932|slots=1:23,2:23,3:21,4:17,5:10,6:6,7:3,8:1|pnodes=-|pdepth=-|pslots=-|pmoves=1:b0c2,2:d0e1,3:i0h0,4:c3c4,5:h2e2,6:b2e2,7:g3g4,8:i3i4|qmoves=-|crit=0
L|2|OP04|BN_AD|REF|move=i3i4|score=-3|mate=-|depth=23|nodes=3493375|crit=0
L|2|OP04|BN_AM|SEL|move=h2f2|slotScore=4|top1=20|gap=16|rule=boundednoise|hit=cap|slotUsed=8|seed=1649743645|probs=cap=200,p=0.4,gapmode=hybrid,legal=41,pjn=na,pjudged=na,1:0,2:0,3:1,4:1,5:6,6:8,7:15,8:16,accept=na|depth=13|nodes=314329|slots=1:20,2:20,3:19,4:19,5:14,6:12,7:5,8:4|pnodes=-|pdepth=-|pslots=-|pmoves=1:i0h0,2:c3c4,3:b0c2,4:d0e1,5:h2e2,6:i3i4,7:b2e2,8:h2f2|qmoves=-|crit=0
L|2|OP04|BN_AM|REF|move=h2f2|score=0|mate=-|depth=29|nodes=3585945|crit=0
L|2|OP04|BN_P2|SEL|move=d0e1|slotScore=15|top1=19|gap=4|rule=boundednoise|hit=brand|slotUsed=4|seed=2569966041|probs=cap=200,p=0.4,gapmode=pool,legal=41,pjn=8,pjudged=8,1:0,2:5,3:2,4:4,5:5,6:7,7:13,8:14,wouldBe=8,accept=8,agap=4|depth=12|nodes=301042|slots=1:19,2:14,3:17,4:15,5:14,6:12,7:6,8:5|pnodes=-|pdepth=-|pslots=-|pmoves=1:b0c2,2:c3c4,3:i0h0,4:d0e1,5:i3i4,6:h2e2,7:g3g4,8:b2e2|qmoves=-|crit=0
L|2|OP04|BN_P2|REF|move=d0e1|score=-16|mate=-|depth=24|nodes=3374301|crit=0
L|2|OP04|ANCH|SEL|move=d0e1|slotScore=18|top1=18|gap=0|rule=anchor|hit=anchor|slotUsed=1|seed=1444052370|probs=|depth=24|nodes=3626557|slots=1:18|crit=0
L|2|OP04|ANCH|REF|move=d0e1|score=-15|mate=-|depth=24|nodes=3170269|crit=0
PROG|2|OP04
L|2|OP06|ANCHOR|move=h2b2|score=127|mate=-|depth=21|nodes=3705187|crit=0
L|2|OP06|AM0|SEL|move=h2e2|slotScore=-87|top1=119|gap=206|rule=slot|hit=slot|slotUsed=4|seed=3850108138|probs=|depth=13|nodes=299603|slots=1:119,2:84,3:-25,4:-87|crit=0
L|2|OP06|AM0|REF|move=h2e2|score=101|mate=-|depth=23|nodes=3583378|crit=0
L|2|OP06|AD0|SEL|move=b9d9|slotScore=-26|top1=126|gap=152|rule=slot|hit=slot|slotUsed=3|seed=3681048523|probs=|depth=15|nodes=584929|slots=1:126,2:88,3:-26|crit=0
L|2|OP06|AD0|REF|move=b9d9|score=27|mate=-|depth=20|nodes=3831357|crit=0
L|2|OP06|EX0|SEL|move=b9b8|slotScore=103|top1=122|gap=19|rule=slot|hit=slot|slotUsed=2|seed=2837984011|probs=|depth=16|nodes=942791|slots=1:122,2:103|crit=0
L|2|OP06|EX0|REF|move=b9b8|score=-68|mate=-|depth=21|nodes=3707659|crit=0
L|2|OP06|CAP_AD|SEL|move=b9b8|slotScore=72|top1=123|gap=51|rule=cap|hit=cap|slotUsed=2|seed=1773809220|probs=1:0,2:51,3:136,4:198,5:203,6:232,7:246,8:276|depth=12|nodes=338778|slots=1:123,2:72,3:-13,4:-75,5:-80,6:-109,7:-123,8:-153|crit=0
L|2|OP06|CAP_AD|REF|move=b9b8|score=-66|mate=-|depth=20|nodes=3560123|crit=0
L|2|OP06|CAP_AM|SEL|move=b9d9|slotScore=-35|top1=122|gap=157|rule=cap|hit=cap|slotUsed=3|seed=1924800947|probs=1:0,2:41,3:157,4:204,5:204,6:224,7:225,8:265|depth=11|nodes=321680|slots=1:122,2:81,3:-35,4:-82,5:-82,6:-102,7:-103,8:-143|crit=0
L|2|OP06|CAP_AM|REF|move=b9d9|score=23|mate=-|depth=20|nodes=3741274|crit=0
L|2|OP06|NOI_AM|SEL|move=h2h6|slotScore=NA|top1=119|gap=NA|rule=noise|hit=rand|slotUsed=-1|seed=3529406837|probs=p=0.25,legal=33|depth=13|nodes=298069|slots=1:119,2:68,3:-15,4:-95|crit=0
L|2|OP06|NOI_AM|REF|move=h2h6|score=272|mate=-|depth=20|nodes=3391931|crit=0
L|2|OP06|AC_AD|SEL|move=b9b8|slotScore=86|top1=121|gap=35|rule=capnoise|hit=cap|slotUsed=2|seed=4250517504|probs=cap=60,p=0.1,legal=33,1:0,2:35,3:138,4:198,5:200,6:248,7:250,8:254|depth=12|nodes=320593|slots=1:121,2:86,3:-17,4:-77,5:-79,6:-127,7:-129,8:-133|crit=0
L|2|OP06|AC_AD|REF|move=b9b8|score=-68|mate=-|depth=20|nodes=3644058|crit=0
L|2|OP06|AC_AM|SEL|move=b9d9|slotScore=-37|top1=119|gap=156|rule=capnoise|hit=cap|slotUsed=3|seed=106541679|probs=cap=200,p=0.25,legal=33,1:0,2:45,3:156,4:212,5:213,6:238,7:273,8:277|depth=12|nodes=332167|slots=1:119,2:74,3:-37,4:-93,5:-94,6:-119,7:-154,8:-158|crit=0
L|2|OP06|AC_AM|REF|move=b9d9|score=28|mate=-|depth=21|nodes=3732815|crit=0
L|2|OP06|BN_AD|SEL|move=b9b8|slotScore=87|top1=113|gap=26|rule=boundednoise|hit=cap|slotUsed=2|seed=2138195564|probs=cap=60,p=0.25,gapmode=hybrid,legal=33,pjn=na,pjudged=na,1:0,2:26,3:132,4:201,5:202,6:236,7:272,8:279,accept=na|depth=11|nodes=347902|slots=1:113,2:87,3:-19,4:-88,5:-89,6:-123,7:-159,8:-166|pnodes=-|pdepth=-|pslots=-|pmoves=1:h2b2,2:b9b8,3:b9d9,4:h2e2,5:i0h0,6:h2g2,7:i3i4,8:d0e1|qmoves=-|crit=0
L|2|OP06|BN_AD|REF|move=b9b8|score=-72|mate=-|depth=20|nodes=3563400|crit=0
L|2|OP06|BN_AM|SEL|move=b9b8|slotScore=81|top1=120|gap=39|rule=boundednoise|hit=brand|slotUsed=2|seed=2020758379|probs=cap=200,p=0.4,gapmode=hybrid,legal=33,pjn=3,pjudged=24,1:0,2:39,3:146,4:204,5:212,6:243,7:268,8:282,wouldBe=3,accept=3,agap=39|depth=12|nodes=329291|slots=1:120,2:81,3:-26,4:-84,5:-92,6:-123,7:-148,8:-162|pnodes=342241|pdepth=11|pslots=1:123,2:93,3:-33,4:-87,5:-106,6:-133,7:-144,8:-159,9:-164,10:-166,11:-170,12:-186,13:-190,14:-197,15:-200,16:-208|pmoves=1:h2b2,2:b9b8,3:b9d9,4:i0h0,5:h2e2,6:h2g2,7:i3i4,8:b0c2|qmoves=1:h2b2,2:b9b8,3:b9d9,4:h2e2,5:i0h0,6:h2g2,7:i3i4,8:h2f2,9:b0c2,10:d0e1,11:h2c2,12:c3c4,13:b0d1,14:a2c0,15:a2c4,16:f0e1|crit=0
L|2|OP06|BN_AM|REF|move=b9b8|score=-66|mate=-|depth=19|nodes=3508300|crit=0
L|2|OP06|BN_P2|SEL|move=b9d9|slotScore=-17|top1=122|gap=139|rule=boundednoise|hit=cap|slotUsed=3|seed=2074045739|probs=cap=200,p=0.4,gapmode=pool,legal=33,pjn=3,pjudged=8,1:0,2:53,3:139,4:207,5:208,6:246,7:257,8:262,accept=3|depth=12|nodes=318109|slots=1:122,2:69,3:-17,4:-85,5:-86,6:-124,7:-135,8:-140|pnodes=-|pdepth=-|pslots=-|pmoves=1:h2b2,2:b9b8,3:b9d9,4:i0h0,5:h2e2,6:h2c2,7:i3i4,8:h2g2|qmoves=-|crit=0
L|2|OP06|BN_P2|REF|move=b9d9|score=26|mate=-|depth=21|nodes=3660859|crit=0
L|2|OP06|ANCH|SEL|move=h2b2|slotScore=127|top1=127|gap=0|rule=anchor|hit=anchor|slotUsed=1|seed=2451199976|probs=|depth=21|nodes=3705187|slots=1:127|crit=0
L|2|OP06|ANCH|REF|move=h2b2|score=-129|mate=-|depth=21|nodes=3648979|crit=0
PROG|2|OP06
L|2|OP08|ANCHOR|move=b9b7|score=170|mate=-|depth=21|nodes=3524693|crit=0
L|2|OP08|AM0|SEL|move=b9b6|slotScore=-101|top1=159|gap=260|rule=slot|hit=slot|slotUsed=4|seed=3590283228|probs=|depth=12|nodes=327064|slots=1:159,2:35,3:-40,4:-101|crit=0
L|2|OP08|AM0|REF|move=b9b6|score=182|mate=-|depth=21|nodes=3805284|crit=0
L|2|OP08|AD0|SEL|move=b9d9|slotScore=-66|top1=164|gap=230|rule=slot|hit=slot|slotUsed=3|seed=3421353533|probs=|depth=15|nodes=592807|slots=1:164,2:22,3:-66|crit=0
L|2|OP08|AD0|REF|move=b9d9|score=62|mate=-|depth=21|nodes=3744004|crit=0
L|2|OP08|EX0|SEL|move=b9b4|slotScore=60|top1=156|gap=96|rule=slot|hit=slot|slotUsed=2|seed=4261734989|probs=|depth=15|nodes=958315|slots=1:156,2:60|crit=0
L|2|OP08|EX0|REF|move=b9b4|score=-30|mate=-|depth=22|nodes=3412114|crit=0
L|2|OP08|CAP_AD|SEL|move=b9b7|slotScore=153|top1=153|gap=0|rule=cap|hit=above|slotUsed=1|seed=628502410|probs=1:0,2:122,3:199,4:231,5:288,6:307,7:307,8:310|depth=13|nodes=336721|slots=1:153,2:31,3:-46,4:-78,5:-135,6:-154,7:-154,8:-157|crit=0
L|2|OP08|CAP_AD|REF|move=b9b7|score=-179|mate=-|depth=22|nodes=3723162|crit=0
L|2|OP08|CAP_AM|SEL|move=b9b4|slotScore=36|top1=169|gap=133|rule=cap|hit=cap|slotUsed=2|seed=511064193|probs=1:0,2:133,3:210,4:248,5:263,6:316,7:324,8:334|depth=13|nodes=360013|slots=1:169,2:36,3:-41,4:-79,5:-94,6:-147,7:-155,8:-165|crit=0
L|2|OP08|CAP_AM|REF|move=b9b4|score=-28|mate=-|depth=20|nodes=3375256|crit=0
L|2|OP08|NOI_AM|SEL|move=b9d9|slotScore=-113|top1=161|gap=274|rule=noise|hit=engine|slotUsed=4|seed=906980047|probs=p=0.25,legal=44|depth=14|nodes=326436|slots=1:161,2:39,3:-65,4:-113|crit=0
L|2|OP08|NOI_AM|REF|move=b9d9|score=56|mate=-|depth=19|nodes=3483409|crit=0
L|2|OP08|AC_AD|SEL|move=b9b7|slotScore=168|top1=168|gap=0|rule=capnoise|hit=above|slotUsed=1|seed=1573884082|probs=cap=60,p=0.1,legal=44,1:0,2:110,3:212,4:237,5:272,6:282,7:302,8:304|depth=14|nodes=376044|slots=1:168,2:58,3:-44,4:-69,5:-104,6:-114,7:-134,8:-136|crit=0
L|2|OP08|AC_AD|REF|move=b9b7|score=-160|mate=-|depth=23|nodes=3769978|crit=0
L|2|OP08|AC_AM|SEL|move=b9b4|slotScore=38|top1=166|gap=128|rule=capnoise|hit=cap|slotUsed=2|seed=1724875417|probs=cap=200,p=0.25,legal=44,1:0,2:128,3:228,4:237,5:269,6:287,7:293,8:301|depth=10|nodes=353055|slots=1:166,2:38,3:-62,4:-71,5:-103,6:-121,7:-127,8:-135|crit=0
L|2|OP08|AC_AM|REF|move=b9b4|score=-31|mate=-|depth=21|nodes=3477779|crit=0
L|2|OP08|BN_AD|SEL|move=b9b7|slotScore=161|top1=161|gap=0|rule=boundednoise|hit=brand|slotUsed=1|seed=3145623770|probs=cap=60,p=0.25,gapmode=hybrid,legal=44,pjn=1,pjudged=24,1:0,2:123,3:174,4:248,5:256,6:304,7:307,8:307,wouldBe=1,accept=1,agap=0|depth=13|nodes=373531|slots=1:161,2:38,3:-13,4:-87,5:-95,6:-143,7:-146,8:-146|pnodes=399157|pdepth=12|pslots=1:150,2:31,3:-67,4:-76,5:-109,6:-139,7:-157,8:-159,9:-164,10:-175,11:-185,12:-185,13:-226,14:-243,15:-243,16:-249|pmoves=1:b9b7,2:b9b4,3:b9d9,4:h2b2,5:b9b5,6:b0d1,7:b9b6,8:i0h0|qmoves=1:b9b7,2:b9b4,3:b9b5,4:b9d9,5:h2b2,6:b9b6,7:i3i4,8:b0d1,9:i0h0,10:c3c4,11:a1b1,12:b9b8,13:b0c2,14:a2c0,15:i0i1,16:e3e4|crit=0
L|2|OP08|BN_AD|REF|move=b9b7|score=-163|mate=-|depth=21|nodes=3642361|crit=0
L|2|OP08|BN_AM|SEL|move=b9b5|slotScore=-39|top1=161|gap=200|rule=boundednoise|hit=cap|slotUsed=3|seed=3028186577|probs=cap=200,p=0.4,gapmode=hybrid,legal=44,pjn=na,pjudged=na,1:0,2:120,3:200,4:255,5:262,6:284,7:292,8:308,accept=na|depth=11|nodes=352353|slots=1:161,2:41,3:-39,4:-94,5:-101,6:-123,7:-131,8:-147|pnodes=-|pdepth=-|pslots=-|pmoves=1:b9b7,2:b9b4,3:b9b5,4:b9d9,5:b9b6,6:h2b2,7:b0d1,8:i0h0|qmoves=-|crit=0
L|2|OP08|BN_AM|REF|move=b9b5|score=84|mate=-|depth=23|nodes=3682773|crit=0
L|2|OP08|BN_P2|SEL|move=b9b4|slotScore=63|top1=163|gap=100|rule=boundednoise|hit=cap|slotUsed=2|seed=1940453509|probs=cap=200,p=0.4,gapmode=pool,legal=44,pjn=2,pjudged=8,1:0,2:100,3:216,4:254,5:303,6:309,7:309,8:319,accept=2|depth=14|nodes=380849|slots=1:163,2:63,3:-53,4:-91,5:-140,6:-146,7:-146,8:-156|pnodes=-|pdepth=-|pslots=-|pmoves=1:b9b7,2:b9b4,3:b9b5,4:b9d9,5:b9b6,6:b0d1,7:i0h0,8:b9b8|qmoves=-|crit=0
L|2|OP08|BN_P2|REF|move=b9b4|score=-34|mate=-|depth=22|nodes=3387291|crit=0
L|2|OP08|ANCH|SEL|move=b9b7|slotScore=170|top1=170|gap=0|rule=anchor|hit=anchor|slotUsed=1|seed=2214082254|probs=|depth=21|nodes=3524693|slots=1:170|crit=0
L|2|OP08|ANCH|REF|move=b9b7|score=-154|mate=-|depth=23|nodes=3503908|crit=0
PROG|2|OP08
L|2|MG_QT01|ANCHOR|move=c7b9|score=-28|mate=-|depth=27|nodes=3529521|crit=0
L|2|MG_QT01|AM0|SEL|move=h9f8|slotScore=-611|top1=-31|gap=580|rule=slot|hit=slot|slotUsed=4|seed=641853142|probs=|depth=16|nodes=297354|slots=1:-31,2:-533,3:-606,4:-611|crit=0
L|2|MG_QT01|AM0|REF|move=h9f8|score=634|mate=-|depth=24|nodes=3306468|crit=0
L|2|MG_QT01|AD0|SEL|move=h9g7|slotScore=-613|top1=-25|gap=588|rule=slot|hit=slot|slotUsed=3|seed=475476391|probs=|depth=17|nodes=556230|slots=1:-25,2:-599,3:-613|crit=0
L|2|MG_QT01|AD0|REF|move=h9g7|score=613|mate=-|depth=24|nodes=3049415|crit=0
L|2|MG_QT01|EX0|SEL|move=c6c5|slotScore=-603|top1=-25|gap=578|rule=slot|hit=slot|slotUsed=2|seed=1318540391|probs=|depth=21|nodes=969957|slots=1:-25,2:-603|crit=0
L|2|MG_QT01|EX0|REF|move=c6c5|score=610|mate=-|depth=24|nodes=3232374|crit=0
L|2|MG_QT01|CAP_AD|SEL|move=c7b9|slotScore=-30|top1=-30|gap=0|rule=cap|hit=above|slotUsed=1|seed=3403081824|probs=1:0,2:574,3:581,4:584,5:584,6:591,7:593,8:594|depth=14|nodes=299436|slots=1:-30,2:-604,3:-611,4:-614,5:-614,6:-621,7:-623,8:-624|crit=0
L|2|MG_QT01|CAP_AD|REF|move=c7b9|score=29|mate=-|depth=29|nodes=3648399|crit=0
L|2|MG_QT01|CAP_AM|SEL|move=c7b9|slotScore=-31|top1=-31|gap=0|rule=cap|hit=above|slotUsed=1|seed=3554073167|probs=1:0,2:575,3:577,4:577,5:579,6:582,7:588,8:598|depth=14|nodes=317105|slots=1:-31,2:-606,3:-608,4:-608,5:-610,6:-613,7:-619,8:-629|crit=0
L|2|MG_QT01|CAP_AM|REF|move=c7b9|score=35|mate=-|depth=27|nodes=3757803|crit=0
L|2|MG_QT01|NOI_AM|SEL|move=f9e8|slotScore=-611|top1=-35|gap=576|rule=noise|hit=engine|slotUsed=4|seed=1854564177|probs=p=0.25,legal=30|depth=15|nodes=284951|slots=1:-35,2:-600,3:-609,4:-611|crit=0
L|2|MG_QT01|NOI_AM|REF|move=f9e8|score=600|mate=-|depth=24|nodes=3221568|crit=0
L|2|MG_QT01|AC_AD|SEL|move=c7b9|slotScore=-30|top1=-30|gap=0|rule=capnoise|hit=above|slotUsed=1|seed=3009719764|probs=cap=60,p=0.1,legal=30,1:0,2:562,3:573,4:577,5:583,6:587,7:590,8:600|depth=13|nodes=293876|slots=1:-30,2:-592,3:-603,4:-607,5:-613,6:-617,7:-620,8:-630|crit=0
L|2|MG_QT01|AC_AD|REF|move=c7b9|score=31|mate=-|depth=26|nodes=3406856|crit=0
L|2|MG_QT01|AC_AM|SEL|move=c7b9|slotScore=-35|top1=-35|gap=0|rule=capnoise|hit=above|slotUsed=1|seed=3160710915|probs=cap=200,p=0.25,legal=30,1:0,2:565,3:567,4:569,5:566,6:583,7:585,8:585|depth=14|nodes=322287|slots=1:-35,2:-600,3:-602,4:-604,5:-601,6:-618,7:-620,8:-620|crit=0
L|2|MG_QT01|AC_AM|REF|move=c7b9|score=31|mate=-|depth=26|nodes=3585629|crit=0
L|2|MG_QT01|BN_AD|SEL|move=c7b9|slotScore=-27|top1=-27|gap=0|rule=boundednoise|hit=brand|slotUsed=1|seed=1310690648|probs=cap=60,p=0.25,gapmode=hybrid,legal=30,pjn=1,pjudged=24,1:0,2:565,3:577,4:582,5:586,6:588,7:591,8:595,wouldBe=1,accept=1,agap=0|depth=14|nodes=309155|slots=1:-27,2:-592,3:-604,4:-609,5:-613,6:-615,7:-618,8:-622|pnodes=317398|pdepth=12|pslots=1:-27,2:-560,3:-604,4:-607,5:-612,6:-615,7:-616,8:-616,9:-621,10:-626,11:-627,12:-627,13:-628,14:-629,15:-635,16:-635|pmoves=1:c7b9,2:c6c5,3:f9e8,4:h9g7,5:i6i5,6:d9e8,7:g5g4,8:h9i7|qmoves=1:c7b9,2:h9g7,3:f9e8,4:c6c5,5:i6i5,6:a6a5,7:h9i7,8:g5g4,9:a7a8,10:h7i7,11:d9e8,12:h7f7,13:c7e8,14:h9f8,15:h7g7,16:a7a9|crit=0
L|2|MG_QT01|BN_AD|REF|move=c7b9|score=31|mate=-|depth=26|nodes=3640183|crit=0
L|2|MG_QT01|BN_AM|SEL|move=c7b9|slotScore=-34|top1=-34|gap=0|rule=boundednoise|hit=above|slotUsed=1|seed=1193252439|probs=cap=200,p=0.4,gapmode=hybrid,legal=30,pjn=na,pjudged=na,1:0,2:569,3:571,4:578,5:581,6:583,7:587,8:590,accept=na|depth=13|nodes=303006|slots=1:-34,2:-603,3:-605,4:-612,5:-615,6:-617,7:-621,8:-624|pnodes=-|pdepth=-|pslots=-|pmoves=1:c7b9,2:f9e8,3:c6c5,4:h9g7,5:g5g4,6:i6i5,7:d9e8,8:h9i7|qmoves=-|crit=0
L|2|MG_QT01|BN_AM|REF|move=c7b9|score=30|mate=-|depth=28|nodes=3878010|crit=0
L|2|MG_QT01|BN_P2|SEL|move=c7b9|slotScore=-33|top1=-33|gap=0|rule=boundednoise|hit=above|slotUsed=1|seed=2717412095|probs=cap=200,p=0.4,gapmode=pool,legal=30,pjn=1,pjudged=8,1:0,2:563,3:576,4:581,5:585,6:585,7:585,8:586,accept=1|depth=14|nodes=317830|slots=1:-33,2:-596,3:-609,4:-614,5:-618,6:-618,7:-618,8:-619|pnodes=-|pdepth=-|pslots=-|pmoves=1:c7b9,2:c6c5,3:f9e8,4:d9e8,5:h9g7,6:i6i5,7:a6a5,8:g5g4|qmoves=-|crit=0
L|2|MG_QT01|BN_P2|REF|move=c7b9|score=36|mate=-|depth=26|nodes=3784095|crit=0
L|2|MG_QT01|ANCH|SEL|move=c7b9|slotScore=-28|top1=-28|gap=0|rule=anchor|hit=anchor|slotUsed=1|seed=3042038380|probs=|depth=27|nodes=3529521|slots=1:-28|crit=0
L|2|MG_QT01|ANCH|REF|move=c7b9|score=32|mate=-|depth=27|nodes=3788642|crit=0
PROG|2|MG_QT01
L|2|MG_QT05|ANCHOR|move=h7h9|score=-39|mate=-|depth=21|nodes=3580727|crit=0
L|2|MG_QT05|AM0|SEL|move=h7i7|slotScore=-52|top1=-38|gap=14|rule=slot|hit=slot|slotUsed=4|seed=4133674282|probs=|depth=12|nodes=281367|slots=1:-38,2:-45,3:-49,4:-52|crit=0
L|2|MG_QT05|AM0|REF|move=h7i7|score=65|mate=-|depth=24|nodes=3683898|crit=0
L|2|MG_QT05|AD0|SEL|move=i6i5|slotScore=-51|top1=-36|gap=15|rule=slot|hit=slot|slotUsed=3|seed=3964875787|probs=|depth=14|nodes=575116|slots=1:-36,2:-50,3:-51|crit=0
L|2|MG_QT05|AD0|REF|move=i6i5|score=51|mate=-|depth=21|nodes=3444815|crit=0
L|2|MG_QT05|EX0|SEL|move=i9h9|slotScore=-42|top1=-37|gap=5|rule=slot|hit=slot|slotUsed=2|seed=3080289099|probs=|depth=17|nodes=899216|slots=1:-37,2:-42|crit=0
L|2|MG_QT05|EX0|REF|move=i9h9|score=57|mate=-|depth=24|nodes=3545209|crit=0
L|2|MG_QT05|CAP_AD|SEL|move=h7g7|slotScore=-91|top1=-38|gap=53|rule=cap|hit=cap|slotUsed=8|seed=3079304452|probs=1:0,2:3,3:16,4:26,5:37,6:42,7:43,8:53|depth=10|nodes=319808|slots=1:-38,2:-41,3:-54,4:-64,5:-75,6:-80,7:-81,8:-91|crit=0
L|2|MG_QT05|CAP_AD|REF|move=h7g7|score=109|mate=-|depth=20|nodes=3723040|crit=0
L|2|MG_QT05|CAP_AM|SEL|move=i9i8|slotScore=-79|top1=-40|gap=39|rule=cap|hit=cap|slotUsed=8|seed=3230295923|probs=1:0,2:7,3:12,4:18,5:20,6:31,7:34,8:39|depth=11|nodes=304117|slots=1:-40,2:-47,3:-52,4:-58,5:-60,6:-71,7:-74,8:-79|crit=0
L|2|MG_QT05|CAP_AM|REF|move=i9i8|score=142|mate=-|depth=23|nodes=3645366|crit=0
L|2|MG_QT05|NOI_AM|SEL|move=h7i7|slotScore=-52|top1=-44|gap=8|rule=noise|hit=engine|slotUsed=4|seed=2346422325|probs=p=0.25,legal=33|depth=13|nodes=281082|slots=1:-44,2:-58,3:-51,4:-52|crit=0
L|2|MG_QT05|NOI_AM|REF|move=h7i7|score=80|mate=-|depth=21|nodes=3672040|crit=0
L|2|MG_QT05|AC_AD|SEL|move=a7a8|slotScore=-81|top1=-44|gap=37|rule=capnoise|hit=cap|slotUsed=8|seed=3610592448|probs=cap=60,p=0.1,legal=33,1:0,2:8,3:9,4:25,5:27,6:30,7:35,8:37|depth=11|nodes=299143|slots=1:-44,2:-52,3:-53,4:-69,5:-71,6:-74,7:-79,8:-81|crit=0
L|2|MG_QT05|AC_AD|REF|move=a7a8|score=121|mate=-|depth=20|nodes=3632784|crit=0
L|2|MG_QT05|AC_AM|SEL|move=h7h1|slotScore=NA|top1=-47|gap=NA|rule=capnoise|hit=rand|slotUsed=-1|seed=3761583663|probs=cap=200,p=0.25,legal=33,1:0,2:5,3:5,4:16,5:23,6:24,7:24,8:32,wouldBe=8|depth=11|nodes=325706|slots=1:-47,2:-52,3:-52,4:-63,5:-70,6:-71,7:-71,8:-79|crit=0
L|2|MG_QT05|AC_AM|REF|move=h7h1|score=509|mate=-|depth=23|nodes=3404057|crit=0
L|2|MG_QT05|BN_AD|SEL|move=f8e6|slotScore=-89|top1=-46|gap=43|rule=boundednoise|hit=cap|slotUsed=8|seed=290061100|probs=cap=60,p=0.25,gapmode=hybrid,legal=33,pjn=na,pjudged=na,1:0,2:8,3:9,4:20,5:26,6:26,7:44,8:43,accept=na|depth=11|nodes=307217|slots=1:-46,2:-54,3:-55,4:-66,5:-72,6:-72,7:-90,8:-89|pnodes=-|pdepth=-|pslots=-|pmoves=1:h7h9,2:i9h9,3:i6i5,4:h7i7,5:b9c7,6:i9i7,7:h7g7,8:f8e6|qmoves=-|crit=0
L|2|MG_QT05|BN_AD|REF|move=f8e6|score=99|mate=-|depth=20|nodes=3541381|crit=0
L|2|MG_QT05|BN_AM|SEL|move=i9g9|slotScore=-84|top1=-47|gap=37|rule=boundednoise|hit=brand|slotUsed=8|seed=172557355|probs=cap=200,p=0.4,gapmode=hybrid,legal=33,pjn=16,pjudged=24,1:0,2:2,3:16,4:19,5:25,6:28,7:40,8:37,wouldBe=8,accept=16,agap=37|depth=11|nodes=313203|slots=1:-47,2:-49,3:-63,4:-66,5:-72,6:-75,7:-87,8:-84|pnodes=320217|pdepth=9|pslots=1:-53,2:-53,3:-61,4:-62,5:-63,6:-65,7:-68,8:-72,9:-80,10:-81,11:-94,12:-96,13:-100,14:-105,15:-126,16:-127|pmoves=1:h7h9,2:i6i5,3:i9h9,4:h7i7,5:b9c7,6:i9i7,7:h7g7,8:i9g9|qmoves=1:h7h9,2:i6i5,3:i9h9,4:i9i7,5:b9c7,6:h7i7,7:h7g7,8:a7a8,9:i9g9,10:f8e6,11:a7c7,12:i9i8,13:a7b7,14:a6a5,15:g5g4,16:a7d7|crit=0
L|2|MG_QT05|BN_AM|REF|move=i9g9|score=86|mate=-|depth=21|nodes=3360563|crit=0
L|2|MG_QT05|BN_P2|SEL|move=h7g7|slotScore=-82|top1=-43|gap=39|rule=boundednoise|hit=cap|slotUsed=8|seed=2373183595|probs=cap=200,p=0.4,gapmode=pool,legal=33,pjn=8,pjudged=8,1:0,2:0,3:8,4:13,5:24,6:28,7:28,8:39,accept=8|depth=11|nodes=311312|slots=1:-43,2:-43,3:-51,4:-56,5:-67,6:-71,7:-71,8:-82|pnodes=-|pdepth=-|pslots=-|pmoves=1:h7h9,2:i6i5,3:i9h9,4:h7i7,5:i9i7,6:b9c7,7:f8e6,8:h7g7|qmoves=-|crit=0
L|2|MG_QT05|BN_P2|REF|move=h7g7|score=101|mate=-|depth=22|nodes=3656209|crit=0
L|2|MG_QT05|ANCH|SEL|move=h7h9|slotScore=-39|top1=-39|gap=0|rule=anchor|hit=anchor|slotUsed=1|seed=4065825448|probs=|depth=21|nodes=3580727|slots=1:-39|crit=0
L|2|MG_QT05|ANCH|REF|move=h7h9|score=37|mate=-|depth=23|nodes=3535752|crit=0
PROG|2|MG_QT05
L|2|MG_QT10|ANCHOR|move=i9h9|score=-27|mate=-|depth=23|nodes=3816446|crit=0
L|2|MG_QT10|AM0|SEL|move=c3e4|slotScore=-80|top1=-28|gap=52|rule=slot|hit=slot|slotUsed=4|seed=1612076484|probs=|depth=11|nodes=316280|slots=1:-28,2:-57,3:-61,4:-80|crit=0
L|2|MG_QT10|AM0|REF|move=c3e4|score=80|mate=-|depth=21|nodes=3690820|crit=0
L|2|MG_QT10|AD0|SEL|move=a6a5|slotScore=-65|top1=-31|gap=34|rule=slot|hit=slot|slotUsed=3|seed=4130120565|probs=|depth=16|nodes=591260|slots=1:-31,2:-49,3:-65|crit=0
L|2|MG_QT10|AD0|REF|move=a6a5|score=58|mate=-|depth=22|nodes=3767560|crit=0
L|2|MG_QT10|EX0|SEL|move=a6a5|slotScore=-68|top1=-32|gap=36|rule=slot|hit=slot|slotUsed=2|seed=719936565|probs=|depth=17|nodes=956700|slots=1:-32,2:-68|crit=0
L|2|MG_QT10|EX0|REF|move=a6a5|score=58|mate=-|depth=23|nodes=3813135|crit=0
L|2|MG_QT10|CAP_AD|SEL|move=a7d7|slotScore=-82|top1=-30|gap=52|rule=cap|hit=cap|slotUsed=8|seed=692674370|probs=1:0,2:25,3:25,4:32,5:36,6:50,7:50,8:52|depth=12|nodes=299657|slots=1:-30,2:-55,3:-55,4:-62,5:-66,6:-80,7:-80,8:-82|crit=0
L|2|MG_QT10|CAP_AD|REF|move=a7d7|score=125|mate=-|depth=21|nodes=3686034|crit=0
L|2|MG_QT10|CAP_AM|SEL|move=a7a8|slotScore=-91|top1=-39|gap=52|rule=cap|hit=cap|slotUsed=8|seed=843665065|probs=1:0,2:22,3:27,4:27,5:33,6:50,7:51,8:52|depth=11|nodes=303850|slots=1:-39,2:-61,3:-66,4:-66,5:-72,6:-89,7:-90,8:-91|crit=0
L|2|MG_QT10|CAP_AM|REF|move=a7a8|score=78|mate=-|depth=21|nodes=3643992|crit=0
L|2|MG_QT10|NOI_AM|SEL|move=a6a5|slotScore=-65|top1=-37|gap=28|rule=noise|hit=engine|slotUsed=4|seed=334025927|probs=p=0.25,legal=29|depth=12|nodes=278624|slots=1:-37,2:-58,3:-60,4:-65|crit=0
L|2|MG_QT10|NOI_AM|REF|move=a6a5|score=63|mate=-|depth=22|nodes=3772956|crit=0
L|2|MG_QT10|AC_AD|SEL|move=c3e4|slotScore=-83|top1=-30|gap=53|rule=capnoise|hit=cap|slotUsed=8|seed=4233072314|probs=cap=60,p=0.1,legal=29,1:0,2:32,3:38,4:42,5:26,6:45,7:47,8:53|depth=10|nodes=285371|slots=1:-30,2:-62,3:-68,4:-72,5:-56,6:-75,7:-77,8:-83|crit=0
L|2|MG_QT10|AC_AD|REF|move=c3e4|score=103|mate=-|depth=20|nodes=3560330|crit=0
L|2|MG_QT10|AC_AM|SEL|move=e8d7|slotScore=NA|top1=-40|gap=NA|rule=capnoise|hit=rand|slotUsed=-1|seed=4115635121|probs=cap=200,p=0.25,legal=29,1:0,2:19,3:30,4:30,5:30,6:42,7:49,8:59,wouldBe=8|depth=9|nodes=305258|slots=1:-40,2:-59,3:-70,4:-70,5:-70,6:-82,7:-89,8:-99|crit=0
L|2|MG_QT10|AC_AM|REF|move=e8d7|score=83|mate=-|depth=21|nodes=3579471|crit=0
L|2|MG_QT10|BN_AD|SEL|move=f8h7|slotScore=-56|top1=-37|gap=19|rule=boundednoise|hit=brand|slotUsed=2|seed=1085917810|probs=cap=60,p=0.25,gapmode=hybrid,legal=29,pjn=14,pjudged=24,1:0,2:19,3:21,4:29,5:32,6:35,7:41,8:44,wouldBe=8,accept=14,agap=19|depth=11|nodes=284739|slots=1:-37,2:-56,3:-58,4:-66,5:-69,6:-72,7:-78,8:-81|pnodes=328804|pdepth=10|pslots=1:-40,2:-53,3:-62,4:-68,5:-75,6:-75,7:-75,8:-76,9:-77,10:-82,11:-86,12:-90,13:-90,14:-105,15:-94,16:-103|pmoves=1:i9h9,2:f8h7,3:i9i7,4:a6a5,5:f9g9,6:f8h9,7:i9i8,8:a7a8|qmoves=1:i9h9,2:f8h7,3:a6a5,4:i9i7,5:i9i8,6:c3e4,7:f8h9,8:a7a8,9:e8d7,10:f9g9,11:i9g9,12:a7d7,13:c5c4,14:a7b7,15:f9h9,16:a7c7|crit=0
L|2|MG_QT10|BN_AD|REF|move=f8h7|score=64|mate=-|depth=20|nodes=3604177|crit=0
L|2|MG_QT10|BN_AM|SEL|move=c3e4|slotScore=-81|top1=-33|gap=48|rule=boundednoise|hit=cap|slotUsed=8|seed=1236909145|probs=cap=200,p=0.4,gapmode=hybrid,legal=29,pjn=na,pjudged=na,1:0,2:23,3:31,4:36,5:42,6:48,7:47,8:48,accept=na|depth=10|nodes=326359|slots=1:-33,2:-56,3:-64,4:-69,5:-75,6:-81,7:-80,8:-81|pnodes=-|pdepth=-|pslots=-|pmoves=1:i9h9,2:f8h7,3:a6a5,4:i9i7,5:f8h9,6:i9i8,7:f9g9,8:c3e4|qmoves=-|crit=0
L|2|MG_QT10|BN_AM|REF|move=c3e4|score=86|mate=-|depth=20|nodes=3521452|crit=0
L|2|MG_QT10|BN_P2|SEL|move=a6a5|slotScore=-57|top1=-33|gap=24|rule=boundednoise|hit=brand|slotUsed=3|seed=3633462941|probs=cap=200,p=0.4,gapmode=pool,legal=29,pjn=8,pjudged=8,1:0,2:33,3:24,4:34,5:48,6:48,7:53,8:53,wouldBe=8,accept=8,agap=24|depth=12|nodes=294624|slots=1:-33,2:-66,3:-57,4:-67,5:-81,6:-81,7:-86,8:-86|pnodes=-|pdepth=-|pslots=-|pmoves=1:i9h9,2:f8h7,3:a6a5,4:i9i7,5:f9g9,6:f8h9,7:c5c4,8:c3e4|qmoves=-|crit=0
L|2|MG_QT10|BN_P2|REF|move=a6a5|score=61|mate=-|depth=23|nodes=3871276|crit=0
L|2|MG_QT10|ANCH|SEL|move=i9h9|slotScore=-27|top1=-27|gap=0|rule=anchor|hit=anchor|slotUsed=1|seed=3781330806|probs=|depth=23|nodes=3816446|slots=1:-27|crit=0
L|2|MG_QT10|ANCH|REF|move=i9h9|score=25|mate=-|depth=24|nodes=3769085|crit=0
PROG|2|MG_QT10
L|2|MG_QT14|ANCHOR|move=f4b4|score=-23|mate=-|depth=23|nodes=3899700|crit=0
L|2|MG_QT14|AM0|SEL|move=c3e4|slotScore=-37|top1=-33|gap=4|rule=slot|hit=slot|slotUsed=4|seed=3493481720|probs=|depth=15|nodes=309276|slots=1:-33,2:-36,3:-36,4:-37|crit=0
L|2|MG_QT14|AM0|REF|move=c3e4|score=60|mate=-|depth=22|nodes=3837887|crit=0
L|2|MG_QT14|AD0|SEL|move=f4f2|slotScore=-40|top1=-28|gap=12|rule=slot|hit=slot|slotUsed=3|seed=3324553177|probs=|depth=17|nodes=606421|slots=1:-28,2:-40,3:-40|crit=0
L|2|MG_QT14|AD0|REF|move=f4f2|score=82|mate=-|depth=24|nodes=4303716|crit=0
L|2|MG_QT14|EX0|SEL|move=a7b7|slotScore=-33|top1=-23|gap=10|rule=slot|hit=slot|slotUsed=2|seed=2481488665|probs=|depth=20|nodes=995803|slots=1:-23,2:-33|crit=0
L|2|MG_QT14|EX0|REF|move=a7b7|score=25|mate=-|depth=26|nodes=3951669|crit=0
L|2|MG_QT14|CAP_AD|SEL|move=f4e4|slotScore=-65|top1=-26|gap=39|rule=cap|hit=cap|slotUsed=7|seed=2784823254|probs=1:0,2:3,3:17,4:22,5:33,6:38,7:39,8:77|depth=11|nodes=327367|slots=1:-26,2:-29,3:-43,4:-48,5:-59,6:-64,7:-65,8:-103|crit=0
L|2|MG_QT14|CAP_AD|REF|move=f4e4|score=74|mate=-|depth=23|nodes=3899170|crit=0
L|2|MG_QT14|CAP_AM|SEL|move=e8f7|slotScore=-95|top1=-37|gap=58|rule=cap|hit=cap|slotUsed=8|seed=2667385037|probs=1:0,2:4,3:5,4:23,5:27,6:30,7:49,8:58|depth=12|nodes=318531|slots=1:-37,2:-41,3:-42,4:-60,5:-64,6:-67,7:-86,8:-95|crit=0
L|2|MG_QT14|CAP_AM|REF|move=e8f7|score=138|mate=-|depth=24|nodes=4159575|crit=0
L|2|MG_QT14|NOI_AM|SEL|move=f4g4|slotScore=NA|top1=-39|gap=NA|rule=noise|hit=rand|slotUsed=-1|seed=2023411995|probs=p=0.25,legal=37|depth=13|nodes=314053|slots=1:-39,2:-42,3:-60,4:-61|crit=0
L|2|MG_QT14|NOI_AM|REF|move=f4g4|score=604|mate=-|depth=28|nodes=3828145|crit=0
L|2|MG_QT14|AC_AD|SEL|move=f4f2|slotScore=-47|top1=-38|gap=9|rule=capnoise|hit=rand|slotUsed=3|seed=4078411878|probs=cap=60,p=0.1,legal=37,1:0,2:9,3:9,4:10,5:13,6:28,7:33,8:63,wouldBe=7|depth=12|nodes=338010|slots=1:-38,2:-47,3:-47,4:-48,5:-51,6:-66,7:-71,8:-101|crit=0
L|2|MG_QT14|AC_AD|REF|move=f4f2|score=81|mate=-|depth=25|nodes=4207256|crit=0
L|2|MG_QT14|AC_AM|SEL|move=g5g4|slotScore=NA|top1=-37|gap=NA|rule=capnoise|hit=rand|slotUsed=-1|seed=3960974621|probs=cap=200,p=0.25,legal=37,1:0,2:18,3:21,4:23,5:24,6:26,7:32,8:74,wouldBe=8|depth=12|nodes=333897|slots=1:-37,2:-55,3:-58,4:-60,5:-61,6:-63,7:-69,8:-111|crit=0
L|2|MG_QT14|AC_AM|REF|move=g5g4|score=293|mate=-|depth=22|nodes=3827398|crit=0
L|2|MG_QT14|BN_AD|SEL|move=e9f9|slotScore=-97|top1=-48|gap=49|rule=boundednoise|hit=cap|slotUsed=8|seed=797488278|probs=cap=60,p=0.25,gapmode=hybrid,legal=37,pjn=na,pjudged=na,1:0,2:6,3:10,4:13,5:17,6:12,7:24,8:49,accept=na|depth=13|nodes=324446|slots=1:-48,2:-54,3:-58,4:-61,5:-65,6:-60,7:-72,8:-97|pnodes=-|pdepth=-|pslots=-|pmoves=1:f4b4,2:f4f2,3:a7b7,4:c3e4,5:a7c7,6:f4e4,7:e8d7,8:e9f9|qmoves=-|crit=0
L|2|MG_QT14|BN_AD|REF|move=e9f9|score=108|mate=-|depth=22|nodes=3900449|crit=0
L|2|MG_QT14|BN_AM|SEL|move=e9f9|slotScore=NA|top1=-47|gap=NA|rule=boundednoise|hit=brand|slotUsed=-1|seed=680051085|probs=cap=200,p=0.4,gapmode=hybrid,legal=37,pjn=16,pjudged=24,1:0,2:3,3:16,4:17,5:18,6:30,7:39,8:43,wouldBe=8,accept=16,agap=82|depth=11|nodes=328546|slots=1:-47,2:-50,3:-63,4:-64,5:-65,6:-77,7:-86,8:-90|pnodes=338292|pdepth=10|pslots=1:-28,2:-44,3:-49,4:-55,5:-55,6:-56,7:-68,8:-76,9:-95,10:-110,11:-110,12:-112,13:-139,14:-143,15:-153,16:-154|pmoves=1:f4b4,2:a7b7,3:c3e4,4:e8d7,5:f4f2,6:f4e4,7:a7c7,8:e8f7|qmoves=1:a7b7,2:f4b4,3:f4f2,4:a7c7,5:c3e4,6:f4e4,7:e8d7,8:a6a5,9:e8f7,10:f4d4,11:e9f9,12:a7d7,13:c5c4,14:f4f8,15:g7i8,16:g7h5|crit=0
L|2|MG_QT14|BN_AM|REF|move=e9f9|score=114|mate=-|depth=22|nodes=3901139|crit=0
L|2|MG_QT14|BN_P2|SEL|move=a7c7|slotScore=-76|top1=-40|gap=36|rule=boundednoise|hit=cap|slotUsed=8|seed=1068650441|probs=cap=200,p=0.4,gapmode=pool,legal=37,pjn=8,pjudged=8,1:0,2:14,3:15,4:19,5:17,6:23,7:26,8:36,accept=8|depth=13|nodes=307798|slots=1:-40,2:-54,3:-55,4:-59,5:-57,6:-63,7:-66,8:-76|pnodes=-|pdepth=-|pslots=-|pmoves=1:f4b4,2:f4f2,3:c3e4,4:a7b7,5:e8d7,6:f4e4,7:e8f7,8:a7c7|qmoves=-|crit=0
L|2|MG_QT14|BN_P2|REF|move=a7c7|score=74|mate=-|depth=22|nodes=4043042|crit=0
L|2|MG_QT14|ANCH|SEL|move=f4b4|slotScore=-23|top1=-23|gap=0|rule=anchor|hit=anchor|slotUsed=1|seed=2389190850|probs=|depth=23|nodes=3899700|slots=1:-23|crit=0
L|2|MG_QT14|ANCH|REF|move=f4b4|score=23|mate=-|depth=24|nodes=3884517|crit=0
PROG|2|MG_QT14
L|2|MG_QT19|ANCHOR|move=c7c3|score=-15|mate=-|depth=28|nodes=3710288|crit=0
L|2|MG_QT19|AM0|SEL|move=c7a7|slotScore=-599|top1=-18|gap=581|rule=slot|hit=slot|slotUsed=4|seed=3496099327|probs=|depth=15|nodes=304676|slots=1:-18,2:-583,3:-585,4:-599|crit=0
L|2|MG_QT19|AM0|REF|move=c7a7|score=591|mate=-|depth=31|nodes=3553921|crit=0
L|2|MG_QT19|AD0|SEL|move=c7d7|slotScore=-597|top1=-19|gap=578|rule=slot|hit=slot|slotUsed=3|seed=980700670|probs=|depth=19|nodes=596230|slots=1:-19,2:-597,3:-597|crit=0
L|2|MG_QT19|AD0|REF|move=c7d7|score=601|mate=-|depth=31|nodes=3624135|crit=0
L|2|MG_QT19|EX0|SEL|move=c7b7|slotScore=-583|top1=-15|gap=568|rule=slot|hit=slot|slotUsed=2|seed=1823764926|probs=|depth=22|nodes=959349|slots=1:-15,2:-583|crit=0
L|2|MG_QT19|EX0|REF|move=c7b7|score=594|mate=-|depth=26|nodes=3613326|crit=0
L|2|MG_QT19|CAP_AD|SEL|move=c7c3|slotScore=-19|top1=-19|gap=0|rule=cap|hit=above|slotUsed=1|seed=3317948431|probs=1:0,2:558,3:566,4:576,5:625,6:696,7:713,8:743|depth=15|nodes=327756|slots=1:-19,2:-577,3:-585,4:-595,5:-644,6:-715,7:-732,8:-762|crit=0
L|2|MG_QT19|CAP_AD|REF|move=c7c3|score=16|mate=-|depth=29|nodes=3820947|crit=0
L|2|MG_QT19|CAP_AM|SEL|move=c7c3|slotScore=-21|top1=-21|gap=0|rule=cap|hit=above|slotUsed=1|seed=3166957088|probs=1:0,2:565,3:572,4:574,5:612,6:689,7:700,8:700|depth=13|nodes=331244|slots=1:-21,2:-586,3:-593,4:-595,5:-633,6:-710,7:-721,8:-721|crit=0
L|2|MG_QT19|CAP_AM|REF|move=c7c3|score=16|mate=-|depth=32|nodes=3713474|crit=0
L|2|MG_QT19|NOI_AM|SEL|move=c7a7|slotScore=-597|top1=-16|gap=581|rule=noise|hit=engine|slotUsed=4|seed=3623908370|probs=p=0.25,legal=33|depth=15|nodes=299095|slots=1:-16,2:-599,3:-585,4:-597|crit=0
L|2|MG_QT19|NOI_AM|REF|move=c7a7|score=604|mate=-|depth=30|nodes=3724824|crit=0
L|2|MG_QT19|AC_AD|SEL|move=g7f5|slotScore=NA|top1=-23|gap=NA|rule=capnoise|hit=rand|slotUsed=-1|seed=987239565|probs=cap=60,p=0.1,legal=33,1:0,2:561,3:563,4:580,5:569,6:693,7:693,8:726,wouldBe=1|depth=14|nodes=318950|slots=1:-23,2:-584,3:-586,4:-603,5:-592,6:-716,7:-716,8:-749|crit=0
L|2|MG_QT19|AC_AD|REF|move=g7f5|score=998|mate=-|depth=27|nodes=4143566|crit=0
L|2|MG_QT19|AC_AM|SEL|move=c7c3|slotScore=-26|top1=-26|gap=0|rule=capnoise|hit=above|slotUsed=1|seed=1104677782|probs=cap=200,p=0.25,legal=33,1:0,2:572,3:579,4:588,5:620,6:705,7:714,8:724|depth=15|nodes=305290|slots=1:-26,2:-598,3:-605,4:-614,5:-646,6:-731,7:-740,8:-750|crit=0
L|2|MG_QT19|AC_AM|REF|move=c7c3|score=19|mate=-|depth=29|nodes=4774351|crit=0
L|2|MG_QT19|BN_AD|SEL|move=c7c3|slotScore=-20|top1=-20|gap=0|rule=boundednoise|hit=above|slotUsed=1|seed=4264591537|probs=cap=60,p=0.25,gapmode=hybrid,legal=33,pjn=na,pjudged=na,1:0,2:581,3:582,4:586,5:627,6:708,7:709,8:740,accept=na|depth=14|nodes=320916|slots=1:-20,2:-601,3:-602,4:-606,5:-647,6:-728,7:-729,8:-760|pnodes=-|pdepth=-|pslots=-|pmoves=1:c7c3,2:c7d7,3:c7b7,4:c7a7,5:g7e6,6:e8d7,7:b5e5,8:g7h5|qmoves=-|crit=0
L|2|MG_QT19|BN_AD|REF|move=c7c3|score=18|mate=-|depth=29|nodes=5247306|crit=0
L|2|MG_QT19|BN_AM|SEL|move=c7c3|slotScore=-18|top1=-18|gap=0|rule=boundednoise|hit=above|slotUsed=1|seed=87259066|probs=cap=200,p=0.4,gapmode=hybrid,legal=33,pjn=na,pjudged=na,1:0,2:574,3:579,4:583,5:635,6:660,7:705,8:736,accept=na|depth=14|nodes=323413|slots=1:-18,2:-592,3:-597,4:-601,5:-653,6:-678,7:-723,8:-754|pnodes=-|pdepth=-|pslots=-|pmoves=1:c7c3,2:c7d7,3:c7b7,4:c7a7,5:g7e6,6:e8d7,7:b5e5,8:g7h5|qmoves=-|crit=0
L|2|MG_QT19|BN_AM|REF|move=c7c3|score=17|mate=-|depth=28|nodes=3578722|crit=0
L|2|MG_QT19|BN_P2|SEL|move=c7c3|slotScore=-17|top1=-17|gap=0|rule=boundednoise|hit=above|slotUsed=1|seed=1784022610|probs=cap=200,p=0.4,gapmode=pool,legal=33,pjn=1,pjudged=8,1:0,2:573,3:576,4:583,5:634,6:703,7:715,8:741,accept=1|depth=14|nodes=312037|slots=1:-17,2:-590,3:-593,4:-600,5:-651,6:-720,7:-732,8:-758|pnodes=-|pdepth=-|pslots=-|pmoves=1:c7c3,2:c7b7,3:c7a7,4:c7d7,5:g7e6,6:b5e5,7:e8d7,8:g7h5|qmoves=-|crit=0
L|2|MG_QT19|BN_P2|REF|move=c7c3|score=19|mate=-|depth=29|nodes=4805580|crit=0
L|2|MG_QT19|ANCH|SEL|move=c7c3|slotScore=-15|top1=-15|gap=0|rule=anchor|hit=anchor|slotUsed=1|seed=1799109939|probs=|depth=28|nodes=3710288|slots=1:-15|crit=0
L|2|MG_QT19|ANCH|REF|move=c7c3|score=19|mate=-|depth=31|nodes=4637803|crit=0
PROG|2|MG_QT19
L|2|MG_QT24|ANCHOR|move=g7f5|score=-16|mate=-|depth=29|nodes=3617558|crit=0
L|2|MG_QT24|AM0|SEL|move=g7e6|slotScore=-23|top1=-16|gap=7|rule=slot|hit=slot|slotUsed=4|seed=2375309971|probs=|depth=14|nodes=308996|slots=1:-16,2:-22,3:-22,4:-23|crit=0
L|2|MG_QT24|AM0|REF|move=g7e6|score=18|mate=-|depth=27|nodes=3629242|crit=0
L|2|MG_QT24|AD0|SEL|move=f8f9|slotScore=-22|top1=-16|gap=6|rule=slot|hit=slot|slotUsed=3|seed=4152299362|probs=|depth=17|nodes=564392|slots=1:-16,2:-18,3:-22|crit=0
L|2|MG_QT24|AD0|REF|move=f8f9|score=20|mate=-|depth=27|nodes=3447680|crit=0
L|2|MG_QT24|EX0|SEL|move=g5e7|slotScore=-20|top1=-15|gap=5|rule=slot|hit=slot|slotUsed=2|seed=3267711906|probs=|depth=21|nodes=943439|slots=1:-15,2:-20|crit=0
L|2|MG_QT24|EX0|REF|move=g5e7|score=16|mate=-|depth=27|nodes=3626450|crit=0
L|2|MG_QT24|CAP_AD|SEL|move=e4d4|slotScore=-28|top1=-17|gap=11|rule=cap|hit=cap|slotUsed=8|seed=3663980947|probs=1:0,2:1,3:1,4:2,5:4,6:7,7:9,8:11|depth=13|nodes=323501|slots=1:-17,2:-18,3:-18,4:-19,5:-21,6:-24,7:-26,8:-28|crit=0
L|2|MG_QT24|CAP_AD|REF|move=e4d4|score=28|mate=-|depth=25|nodes=3777582|crit=0
L|2|MG_QT24|CAP_AM|SEL|move=c3d3|slotScore=-27|top1=-16|gap=11|rule=cap|hit=cap|slotUsed=8|seed=3512989604|probs=1:0,2:2,3:4,4:2,5:8,6:8,7:9,8:11|depth=13|nodes=327117|slots=1:-16,2:-18,3:-20,4:-18,5:-24,6:-24,7:-25,8:-27|crit=0
L|2|MG_QT24|CAP_AM|REF|move=c3d3|score=19|mate=-|depth=28|nodes=3656059|crit=0
L|2|MG_QT24|NOI_AM|SEL|move=f8f9|slotScore=-21|top1=-14|gap=7|rule=noise|hit=engine|slotUsed=4|seed=3406711270|probs=p=0.25,legal=33|depth=14|nodes=286314|slots=1:-14,2:-15,3:-17,4:-21|crit=0
L|2|MG_QT24|NOI_AM|REF|move=f8f9|score=17|mate=-|depth=29|nodes=3734629|crit=0
L|2|MG_QT24|AC_AD|SEL|move=c9a7|slotScore=-27|top1=-14|gap=13|rule=capnoise|hit=cap|slotUsed=8|seed=2585073097|probs=cap=60,p=0.1,legal=33,1:0,2:3,3:5,4:6,5:9,6:12,7:8,8:13|depth=13|nodes=323701|slots=1:-14,2:-17,3:-19,4:-20,5:-23,6:-26,7:-22,8:-27|crit=0
L|2|MG_QT24|AC_AD|REF|move=c9a7|score=21|mate=-|depth=27|nodes=3555321|crit=0
L|2|MG_QT24|AC_AM|SEL|move=e8d7|slotScore=-26|top1=-14|gap=12|rule=capnoise|hit=cap|slotUsed=8|seed=2434081762|probs=cap=200,p=0.25,legal=33,1:0,2:3,3:5,4:6,5:10,6:9,7:9,8:12|depth=12|nodes=326498|slots=1:-14,2:-17,3:-19,4:-20,5:-24,6:-23,7:-23,8:-26|crit=0
L|2|MG_QT24|AC_AM|REF|move=e8d7|score=20|mate=-|depth=27|nodes=3690079|crit=0
L|2|MG_QT24|BN_AD|SEL|move=c9e7|slotScore=-25|top1=-15|gap=10|rule=boundednoise|hit=cap|slotUsed=8|seed=3385778357|probs=cap=60,p=0.25,gapmode=hybrid,legal=33,pjn=na,pjudged=na,1:0,2:2,3:3,4:5,5:8,6:9,7:9,8:10,accept=na|depth=14|nodes=316639|slots=1:-15,2:-17,3:-18,4:-20,5:-23,6:-24,7:-24,8:-25|pnodes=-|pdepth=-|pslots=-|pmoves=1:g7f5,2:g5e7,3:f8f9,4:g7e6,5:c9a7,6:e8d7,7:c3d3,8:c9e7|qmoves=-|crit=0
L|2|MG_QT24|BN_AD|REF|move=c9e7|score=19|mate=-|depth=29|nodes=3625673|crit=0
L|2|MG_QT24|BN_AM|SEL|move=c9a7|slotScore=-24|top1=-17|gap=7|rule=boundednoise|hit=cap|slotUsed=8|seed=3234787662|probs=cap=200,p=0.4,gapmode=hybrid,legal=33,pjn=na,pjudged=na,1:0,2:1,3:1,4:2,5:6,6:6,7:6,8:7,accept=na|depth=14|nodes=315095|slots=1:-17,2:-18,3:-18,4:-19,5:-23,6:-23,7:-23,8:-24|pnodes=-|pdepth=-|pslots=-|pmoves=1:g7f5,2:g7e6,3:g5e7,4:f8f9,5:c3d3,6:c9e7,7:e8d7,8:c9a7|qmoves=-|crit=0
L|2|MG_QT24|BN_AM|REF|move=c9a7|score=20|mate=-|depth=26|nodes=3486758|crit=0
L|2|MG_QT24|BN_P2|SEL|move=c9a7|slotScore=-26|top1=-14|gap=12|rule=boundednoise|hit=cap|slotUsed=8|seed=3987049246|probs=cap=200,p=0.4,gapmode=pool,legal=33,pjn=8,pjudged=8,1:0,2:2,3:3,4:7,5:8,6:10,7:11,8:12,accept=8|depth=13|nodes=324585|slots=1:-14,2:-16,3:-17,4:-21,5:-22,6:-24,7:-25,8:-26|pnodes=-|pdepth=-|pslots=-|pmoves=1:g7f5,2:g7e6,3:g5e7,4:f8f9,5:c3d3,6:c9e7,7:e8d7,8:c9a7|qmoves=-|crit=0
L|2|MG_QT24|BN_P2|REF|move=c9a7|score=23|mate=-|depth=28|nodes=3649023|crit=0
L|2|MG_QT24|ANCH|SEL|move=g7f5|slotScore=-16|top1=-16|gap=0|rule=anchor|hit=anchor|slotUsed=1|seed=2485316015|probs=|depth=29|nodes=3617558|slots=1:-16|crit=0
L|2|MG_QT24|ANCH|REF|move=g7f5|score=16|mate=-|depth=29|nodes=3751870|crit=0
PROG|2|MG_QT24
L|2|MG_QT29|ANCHOR|move=a9b9|score=-15|mate=-|depth=26|nodes=3603243|crit=0
L|2|MG_QT29|AM0|SEL|move=h9h6|slotScore=-24|top1=-16|gap=8|rule=slot|hit=slot|slotUsed=4|seed=3886964612|probs=|depth=13|nodes=290789|slots=1:-16,2:-17,3:-27,4:-24|crit=0
L|2|MG_QT29|AM0|REF|move=h9h6|score=12|mate=-|depth=28|nodes=3598389|crit=0
L|2|MG_QT29|AD0|SEL|move=b6b5|slotScore=-21|top1=-13|gap=8|rule=slot|hit=slot|slotUsed=3|seed=2110041397|probs=|depth=15|nodes=575326|slots=1:-13,2:-13,3:-21|crit=0
L|2|MG_QT29|AD0|REF|move=b6b5|score=16|mate=-|depth=26|nodes=3535865|crit=0
L|2|MG_QT29|EX0|SEL|move=h9h6|slotScore=-12|top1=-13|gap=-1|rule=slot|hit=slot|slotUsed=2|seed=2953105909|probs=|depth=20|nodes=894296|slots=1:-13,2:-12|crit=0
L|2|MG_QT29|EX0|REF|move=h9h6|score=13|mate=-|depth=26|nodes=3674432|crit=0
L|2|MG_QT29|CAP_AD|SEL|move=b6b3|slotScore=-41|top1=-17|gap=24|rule=cap|hit=cap|slotUsed=8|seed=1285227138|probs=1:0,2:1,3:4,4:7,5:9,6:10,7:16,8:24|depth=11|nodes=297146|slots=1:-17,2:-18,3:-21,4:-24,5:-26,6:-27,7:-33,8:-41|crit=0
L|2|MG_QT29|CAP_AD|REF|move=b6b3|score=46|mate=-|depth=24|nodes=3683958|crit=0
L|2|MG_QT29|CAP_AM|SEL|move=b6b3|slotScore=-44|top1=-14|gap=30|rule=cap|hit=cap|slotUsed=8|seed=1436284137|probs=1:0,2:2,3:5,4:9,5:15,6:16,7:24,8:30|depth=11|nodes=285415|slots=1:-14,2:-16,3:-19,4:-23,5:-29,6:-30,7:-38,8:-44|crit=0
L|2|MG_QT29|CAP_AM|REF|move=b6b3|score=48|mate=-|depth=24|nodes=3640375|crit=0
L|2|MG_QT29|NOI_AM|SEL|move=h9h6|slotScore=-12|top1=-11|gap=1|rule=noise|hit=rand|slotUsed=2|seed=3157404679|probs=p=0.25,legal=41|depth=14|nodes=268071|slots=1:-11,2:-12,3:-17,4:-20|crit=0
L|2|MG_QT29|NOI_AM|REF|move=h9h6|score=12|mate=-|depth=27|nodes=3646196|crit=0
L|2|MG_QT29|AC_AD|SEL|move=c7d5|slotScore=-29|top1=-17|gap=12|rule=capnoise|hit=cap|slotUsed=8|seed=2116414202|probs=cap=60,p=0.1,legal=41,1:0,2:4,3:5,4:6,5:10,6:11,7:12,8:12|depth=12|nodes=299010|slots=1:-17,2:-21,3:-22,4:-23,5:-27,6:-28,7:-29,8:-29|crit=0
L|2|MG_QT29|AC_AD|REF|move=c7d5|score=24|mate=-|depth=20|nodes=3561577|crit=0
L|2|MG_QT29|AC_AM|SEL|move=b6b3|slotScore=-36|top1=-18|gap=18|rule=capnoise|hit=cap|slotUsed=8|seed=1998977009|probs=cap=200,p=0.25,legal=41,1:0,2:2,3:4,4:9,5:10,6:11,7:20,8:18|depth=11|nodes=304456|slots=1:-18,2:-20,3:-22,4:-27,5:-28,6:-29,7:-38,8:-36|crit=0
L|2|MG_QT29|AC_AM|REF|move=b6b3|score=42|mate=-|depth=24|nodes=3456869|crit=0
L|2|MG_QT29|BN_AD|SEL|move=b6b3|slotScore=-38|top1=-16|gap=22|rule=boundednoise|hit=cap|slotUsed=8|seed=3222479794|probs=cap=60,p=0.25,gapmode=hybrid,legal=41,pjn=na,pjudged=na,1:0,2:1,3:5,4:6,5:6,6:8,7:27,8:22,accept=na|depth=11|nodes=290261|slots=1:-16,2:-17,3:-21,4:-22,5:-22,6:-24,7:-43,8:-38|pnodes=-|pdepth=-|pslots=-|pmoves=1:a9b9,2:b6b5,3:d9e8,4:c7b5,5:h9h6,6:a9c9,7:b6c6,8:b6b3|qmoves=-|crit=0
L|2|MG_QT29|BN_AD|REF|move=b6b3|score=44|mate=-|depth=24|nodes=3523270|crit=0
L|2|MG_QT29|BN_AM|SEL|move=d9e8|slotScore=-25|top1=-13|gap=12|rule=boundednoise|hit=brand|slotUsed=5|seed=3373471129|probs=cap=200,p=0.4,gapmode=hybrid,legal=41,pjn=16,pjudged=24,1:0,2:3,3:3,4:8,5:12,6:12,7:24,8:26,wouldBe=8,accept=16,agap=12|depth=14|nodes=293418|slots=1:-13,2:-16,3:-16,4:-21,5:-25,6:-25,7:-37,8:-39|pnodes=324053|pdepth=10|pslots=1:-14,2:-16,3:-21,4:-22,5:-22,6:-22,7:-31,8:-36,9:-36,10:-36,11:-46,12:-53,13:-49,14:-56,15:-56,16:-63|pmoves=1:a9b9,2:b6b5,3:h9h6,4:a9c9,5:d9e8,6:c7b5,7:b6c6,8:b6b3|qmoves=1:b6b5,2:a9b9,3:d9e8,4:h9h6,5:a9c9,6:c7b5,7:c7d5,8:b6b3,9:b6c6,10:g7f5,11:h9h8,12:f9e8,13:b6b8,14:h5i5,15:i6i5,16:b6d6|crit=0
L|2|MG_QT29|BN_AM|REF|move=d9e8|score=26|mate=-|depth=23|nodes=3487331|crit=0
L|2|MG_QT29|BN_P2|SEL|move=b6c6|slotScore=-30|top1=-10|gap=20|rule=boundednoise|hit=brand|slotUsed=7|seed=3622621021|probs=cap=200,p=0.4,gapmode=pool,legal=41,pjn=8,pjudged=8,1:0,2:11,3:14,4:17,5:18,6:19,7:20,8:26,wouldBe=8,accept=8,agap=20|depth=12|nodes=297156|slots=1:-10,2:-21,3:-24,4:-27,5:-28,6:-29,7:-30,8:-36|pnodes=-|pdepth=-|pslots=-|pmoves=1:a9b9,2:a9c9,3:b6b5,4:d9e8,5:h9h6,6:c7b5,7:b6c6,8:f9e8|qmoves=-|crit=0
L|2|MG_QT29|BN_P2|REF|move=b6c6|score=25|mate=-|depth=24|nodes=3651514|crit=0
L|2|MG_QT29|ANCH|SEL|move=a9b9|slotScore=-15|top1=-15|gap=0|rule=anchor|hit=anchor|slotUsed=1|seed=2530819254|probs=|depth=26|nodes=3603243|slots=1:-15|crit=0
L|2|MG_QT29|ANCH|REF|move=a9b9|score=11|mate=-|depth=26|nodes=3521521|crit=0
PROG|2|MG_QT29
L|2|MG_QT34|ANCHOR|move=d9d3|score=-7|mate=-|depth=26|nodes=3561226|crit=0
L|2|MG_QT34|AM0|SEL|move=d9b9|slotScore=-49|top1=-11|gap=38|rule=slot|hit=slot|slotUsed=4|seed=1238530718|probs=|depth=13|nodes=298466|slots=1:-11,2:-37,3:-38,4:-49|crit=0
L|2|MG_QT34|AM0|REF|move=d9b9|score=57|mate=-|depth=24|nodes=3788272|crit=0
L|2|MG_QT34|AD0|SEL|move=c5c4|slotScore=-53|top1=-9|gap=44|rule=slot|hit=slot|slotUsed=3|seed=1606460191|probs=|depth=15|nodes=587298|slots=1:-9,2:-36,3:-53|crit=0
L|2|MG_QT34|AD0|REF|move=c5c4|score=17|mate=-|depth=24|nodes=3559286|crit=0
L|2|MG_QT34|EX0|SEL|move=c5c4|slotScore=-15|top1=-9|gap=6|rule=slot|hit=slot|slotUsed=2|seed=346195407|probs=|depth=19|nodes=910969|slots=1:-9,2:-15|crit=0
L|2|MG_QT34|EX0|REF|move=c5c4|score=27|mate=-|depth=23|nodes=3621600|crit=0
L|2|MG_QT34|CAP_AD|SEL|move=d9b9|slotScore=-53|top1=-11|gap=42|rule=cap|hit=cap|slotUsed=5|seed=1496269944|probs=1:0,2:26,3:29,4:41,5:42,6:82,7:88,8:116|depth=12|nodes=326804|slots=1:-11,2:-37,3:-40,4:-52,5:-53,6:-93,7:-99,8:-127|crit=0
L|2|MG_QT34|CAP_AD|REF|move=d9b9|score=64|mate=-|depth=24|nodes=3875519|crit=0
L|2|MG_QT34|CAP_AM|SEL|move=a6a5|slotScore=-116|top1=-4|gap=112|rule=cap|hit=cap|slotUsed=8|seed=1378832759|probs=1:0,2:26,3:33,4:45,5:47,6:59,7:109,8:112|depth=12|nodes=319897|slots=1:-4,2:-30,3:-37,4:-49,5:-51,6:-63,7:-113,8:-116|crit=0
L|2|MG_QT34|CAP_AM|REF|move=a6a5|score=148|mate=-|depth=22|nodes=3883754|crit=0
L|2|MG_QT34|NOI_AM|SEL|move=h9i7|slotScore=NA|top1=-17|gap=NA|rule=noise|hit=rand|slotUsed=-1|seed=2848907561|probs=p=0.25,legal=32|depth=12|nodes=286686|slots=1:-17,2:-27,3:-37,4:-54|crit=0
L|2|MG_QT34|NOI_AM|REF|move=h9i7|score=185|mate=-|depth=21|nodes=3800675|crit=0
L|2|MG_QT34|AC_AD|SEL|move=d9b9|slotScore=-72|top1=-24|gap=48|rule=capnoise|hit=cap|slotUsed=5|seed=249940636|probs=cap=60,p=0.1,legal=32,1:0,2:16,3:19,4:32,5:48,6:81,7:98,8:118|depth=12|nodes=305548|slots=1:-24,2:-40,3:-43,4:-56,5:-72,6:-105,7:-122,8:-142|crit=0
L|2|MG_QT34|AC_AD|REF|move=d9b9|score=56|mate=-|depth=25|nodes=4005138|crit=0
L|2|MG_QT34|AC_AM|SEL|move=d9c9|slotScore=-135|top1=-16|gap=119|rule=capnoise|hit=cap|slotUsed=8|seed=132503451|probs=cap=200,p=0.25,legal=32,1:0,2:21,3:26,4:37,5:40,6:103,7:116,8:119|depth=12|nodes=331469|slots=1:-16,2:-37,3:-42,4:-53,5:-56,6:-119,7:-132,8:-135|crit=0
L|2|MG_QT34|AC_AM|REF|move=d9c9|score=142|mate=-|depth=25|nodes=3952367|crit=0
L|2|MG_QT34|BN_AD|SEL|move=d9b9|slotScore=-61|top1=-17|gap=44|rule=boundednoise|hit=cap|slotUsed=5|seed=2217174256|probs=cap=60,p=0.25,gapmode=hybrid,legal=32,pjn=na,pjudged=na,1:0,2:13,3:28,4:44,5:44,6:91,7:91,8:128,accept=na|depth=13|nodes=318726|slots=1:-17,2:-30,3:-45,4:-61,5:-61,6:-108,7:-108,8:-145|pnodes=-|pdepth=-|pslots=-|pmoves=1:d9d3,2:c5c4,3:h9g7,4:b5a5,5:d9b9,6:i5h5,7:a6a5,8:d9c9|qmoves=-|crit=0
L|2|MG_QT34|BN_AD|REF|move=d9b9|score=55|mate=-|depth=25|nodes=4124275|crit=0
L|2|MG_QT34|BN_AM|SEL|move=d9c9|slotScore=-133|top1=-17|gap=116|rule=boundednoise|hit=cap|slotUsed=8|seed=2368165599|probs=cap=200,p=0.4,gapmode=hybrid,legal=32,pjn=na,pjudged=na,1:0,2:26,3:32,4:34,5:35,6:90,7:101,8:116,accept=na|depth=10|nodes=312630|slots=1:-17,2:-43,3:-49,4:-51,5:-52,6:-107,7:-118,8:-133|pnodes=-|pdepth=-|pslots=-|pmoves=1:d9d3,2:h9g7,3:d9b9,4:b5a5,5:c5c4,6:i5h5,7:a6a5,8:d9c9|qmoves=-|crit=0
L|2|MG_QT34|BN_AM|REF|move=d9c9|score=146|mate=-|depth=23|nodes=3922164|crit=0
L|2|MG_QT34|BN_P2|SEL|move=h9i7|slotScore=-140|top1=-12|gap=128|rule=boundednoise|hit=cap|slotUsed=8|seed=3087066615|probs=cap=200,p=0.4,gapmode=pool,legal=32,pjn=8,pjudged=8,1:0,2:27,3:34,4:39,5:42,6:100,7:119,8:128,accept=8|depth=13|nodes=315537|slots=1:-12,2:-39,3:-46,4:-51,5:-54,6:-112,7:-131,8:-140|pnodes=-|pdepth=-|pslots=-|pmoves=1:d9d3,2:h9g7,3:c5c4,4:d9b9,5:b5a5,6:i5h5,7:d9c9,8:h9i7|qmoves=-|crit=0
L|2|MG_QT34|BN_P2|REF|move=h9i7|score=211|mate=-|depth=22|nodes=3955640|crit=0
L|2|MG_QT34|ANCH|SEL|move=d9d3|slotScore=-7|top1=-7|gap=0|rule=anchor|hit=anchor|slotUsed=1|seed=4004343956|probs=|depth=26|nodes=3561226|slots=1:-7|crit=0
L|2|MG_QT34|ANCH|REF|move=d9d3|score=9|mate=-|depth=24|nodes=3504735|crit=0
PROG|2|MG_QT34
L|2|MG_QT39|ANCHOR|move=b5c5|score=-3|mate=-|depth=28|nodes=3515013|crit=0
L|2|MG_QT39|AM0|SEL|move=c7d5|slotScore=-8|top1=-4|gap=4|rule=slot|hit=slot|slotUsed=4|seed=1359217253|probs=|depth=13|nodes=300696|slots=1:-4,2:-9,3:-11,4:-8|crit=0
L|2|MG_QT39|AM0|REF|move=c7d5|score=12|mate=-|depth=26|nodes=3485766|crit=0
L|2|MG_QT39|AD0|SEL|move=d9b9|slotScore=-9|top1=-3|gap=6|rule=slot|hit=slot|slotUsed=3|seed=3136271604|probs=|depth=15|nodes=526220|slots=1:-3,2:-7,3:-9|crit=0
L|2|MG_QT39|AD0|REF|move=d9b9|score=5|mate=-|depth=24|nodes=3589683|crit=0
L|2|MG_QT39|EX0|SEL|move=d9b9|slotScore=-7|top1=-2|gap=5|rule=slot|hit=slot|slotUsed=2|seed=2562978268|probs=|depth=20|nodes=912564|slots=1:-2,2:-7|crit=0
L|2|MG_QT39|EX0|REF|move=d9b9|score=7|mate=-|depth=26|nodes=3570503|crit=0
L|2|MG_QT39|CAP_AD|SEL|move=f5f8|slotScore=-28|top1=0|gap=28|rule=cap|hit=cap|slotUsed=8|seed=3144278425|probs=1:0,2:8,3:8,4:15,5:18,6:19,7:22,8:28|depth=12|nodes=307125|slots=1:0,2:-8,3:-8,4:-15,5:-18,6:-19,7:-22,8:-28|crit=0
L|2|MG_QT39|CAP_AD|REF|move=f5f8|score=17|mate=-|depth=25|nodes=3773422|crit=0
L|2|MG_QT39|CAP_AM|SEL|move=b5a5|slotScore=-23|top1=2|gap=25|rule=cap|hit=cap|slotUsed=8|seed=2993287090|probs=1:0,2:8,3:9,4:9,5:17,6:20,7:22,8:25|depth=12|nodes=324429|slots=1:2,2:-6,3:-7,4:-7,5:-15,6:-18,7:-20,8:-23|crit=0
L|2|MG_QT39|CAP_AM|REF|move=b5a5|score=21|mate=-|depth=25|nodes=3754129|crit=0
L|2|MG_QT39|NOI_AM|SEL|move=i6i5|slotScore=-12|top1=1|gap=13|rule=noise|hit=engine|slotUsed=4|seed=2162816344|probs=p=0.25,legal=43|depth=13|nodes=279598|slots=1:1,2:-5,3:-3,4:-12|crit=0
L|2|MG_QT39|NOI_AM|REF|move=i6i5|score=11|mate=-|depth=22|nodes=3437546|crit=0
L|2|MG_QT39|AC_AD|SEL|move=f5f6|slotScore=-25|top1=-2|gap=23|rule=capnoise|hit=cap|slotUsed=8|seed=4229051763|probs=cap=60,p=0.1,legal=43,1:0,2:2,3:3,4:7,5:12,6:14,7:17,8:23|depth=12|nodes=294777|slots=1:-2,2:-4,3:-5,4:-9,5:-14,6:-16,7:-19,8:-25|crit=0
L|2|MG_QT39|AC_AD|REF|move=f5f6|score=18|mate=-|depth=26|nodes=3837418|crit=0
L|2|MG_QT39|AC_AM|SEL|move=f5f8|slotScore=-25|top1=-2|gap=23|rule=capnoise|hit=cap|slotUsed=8|seed=4078060292|probs=cap=200,p=0.25,legal=43,1:0,2:3,3:3,4:6,5:15,6:11,7:16,8:23|depth=11|nodes=311014|slots=1:-2,2:-5,3:-5,4:-8,5:-17,6:-13,7:-18,8:-25|crit=0
L|2|MG_QT39|AC_AM|REF|move=f5f8|score=16|mate=-|depth=25|nodes=3504196|crit=0
L|2|MG_QT39|BN_AD|SEL|move=b5a5|slotScore=-27|top1=0|gap=27|rule=boundednoise|hit=cap|slotUsed=8|seed=3087948435|probs=cap=60,p=0.25,gapmode=hybrid,legal=43,pjn=na,pjudged=na,1:0,2:4,3:6,4:11,5:13,6:15,7:18,8:27,accept=na|depth=11|nodes=308038|slots=1:0,2:-4,3:-6,4:-11,5:-13,6:-15,7:-18,8:-27|pnodes=-|pdepth=-|pslots=-|pmoves=1:b5c5,2:d9b9,3:f5f7,4:c7d5,5:i6i5,6:a6a5,7:f5f8,8:b5a5|qmoves=-|crit=0
L|2|MG_QT39|BN_AD|REF|move=b5a5|score=17|mate=-|depth=25|nodes=3653017|crit=0
L|2|MG_QT39|BN_AM|SEL|move=b5a5|slotScore=-24|top1=2|gap=26|rule=boundednoise|hit=cap|slotUsed=8|seed=2936957092|probs=cap=200,p=0.4,gapmode=hybrid,legal=43,pjn=na,pjudged=na,1:0,2:2,3:11,4:13,5:12,6:22,7:23,8:26,accept=na|depth=12|nodes=283250|slots=1:2,2:0,3:-9,4:-11,5:-10,6:-20,7:-21,8:-24|pnodes=-|pdepth=-|pslots=-|pmoves=1:b5c5,2:f5f7,3:d9b9,4:i6i5,5:c7d5,6:a6a5,7:f5f6,8:b5a5|qmoves=-|crit=0
L|2|MG_QT39|BN_AM|REF|move=b5a5|score=19|mate=-|depth=26|nodes=3758312|crit=0
L|2|MG_QT39|BN_P2|SEL|move=d9c9|slotScore=-19|top1=0|gap=19|rule=boundednoise|hit=cap|slotUsed=8|seed=1743005336|probs=cap=200,p=0.4,gapmode=pool,legal=43,pjn=8,pjudged=8,1:0,2:3,3:4,4:7,5:8,6:13,7:18,8:19,accept=8|depth=12|nodes=274777|slots=1:0,2:-3,3:-4,4:-7,5:-8,6:-13,7:-18,8:-19|pnodes=-|pdepth=-|pslots=-|pmoves=1:b5c5,2:d9b9,3:f5f7,4:c7d5,5:i6i5,6:a6a5,7:f5f8,8:d9c9|qmoves=-|crit=0
L|2|MG_QT39|BN_P2|REF|move=d9c9|score=40|mate=-|depth=29|nodes=4237157|crit=0
L|2|MG_QT39|ANCH|SEL|move=b5c5|slotScore=-3|top1=-3|gap=0|rule=anchor|hit=anchor|slotUsed=1|seed=807366565|probs=|depth=28|nodes=3515013|slots=1:-3|crit=0
L|2|MG_QT39|ANCH|REF|move=b5c5|score=2|mate=-|depth=26|nodes=3319923|crit=0
PROG|2|MG_QT39
L|2|MG_QH01|ANCHOR|move=e3e4|score=-4|mate=-|depth=23|nodes=3522520|crit=0
L|2|MG_QH01|AM0|SEL|move=g2f4|slotScore=-2|top1=2|gap=4|rule=slot|hit=slot|slotUsed=4|seed=615748914|probs=|depth=12|nodes=297476|slots=1:2,2:1,3:1,4:-2|crit=0
L|2|MG_QH01|AM0|REF|move=g2f4|score=-1|mate=-|depth=24|nodes=3514385|crit=0
L|2|MG_QH01|AD0|SEL|move=e3e4|slotScore=0|top1=4|gap=4|rule=slot|hit=slot|slotUsed=3|seed=986294819|probs=|depth=13|nodes=531663|slots=1:4,2:1,3:0|crit=0
L|2|MG_QH01|AD0|REF|move=e3e4|score=8|mate=-|depth=24|nodes=3602489|crit=0
L|2|MG_QH01|EX0|SEL|move=g2f4|slotScore=1|top1=1|gap=0|rule=slot|hit=slot|slotUsed=2|seed=2293346067|probs=|depth=17|nodes=929150|slots=1:1,2:1|crit=0
L|2|MG_QH01|EX0|REF|move=g2f4|score=-1|mate=-|depth=25|nodes=3582333|crit=0
L|2|MG_QH01|CAP_AD|SEL|move=a0a1|slotScore=-19|top1=0|gap=19|rule=cap|hit=cap|slotUsed=8|seed=2438956380|probs=1:0,2:1,3:1,4:1,5:11,6:11,7:21,8:19|depth=12|nodes=291941|slots=1:0,2:-1,3:-1,4:-1,5:-11,6:-11,7:-21,8:-19|crit=0
L|2|MG_QH01|CAP_AD|REF|move=a0a1|score=7|mate=-|depth=26|nodes=3537840|crit=0
L|2|MG_QH01|CAP_AM|SEL|move=a3a4|slotScore=-23|top1=6|gap=29|rule=cap|hit=cap|slotUsed=8|seed=2321518171|probs=1:0,2:1,3:2,4:3,5:13,6:14,7:21,8:29|depth=11|nodes=309537|slots=1:6,2:5,3:4,4:3,5:-7,6:-8,7:-15,8:-23|crit=0
L|2|MG_QH01|CAP_AM|REF|move=a3a4|score=35|mate=-|depth=23|nodes=3486956|crit=0
L|2|MG_QH01|NOI_AM|SEL|move=e3e4|slotScore=-6|top1=0|gap=6|rule=noise|hit=engine|slotUsed=4|seed=1209399597|probs=p=0.25,legal=33|depth=12|nodes=304936|slots=1:0,2:-2,3:-4,4:-6|crit=0
L|2|MG_QH01|NOI_AM|REF|move=e3e4|score=8|mate=-|depth=23|nodes=3492249|crit=0
L|2|MG_QH01|AC_AD|SEL|move=c2e1|slotScore=-15|top1=6|gap=21|rule=capnoise|hit=cap|slotUsed=8|seed=719687400|probs=cap=60,p=0.1,legal=33,1:0,2:1,3:4,4:17,5:16,6:17,7:17,8:21|depth=10|nodes=305336|slots=1:6,2:5,3:2,4:-11,5:-10,6:-11,7:-11,8:-15|crit=0
L|2|MG_QH01|AC_AD|REF|move=c2e1|score=19|mate=-|depth=23|nodes=3315578|crit=0
L|2|MG_QH01|AC_AM|SEL|move=c2e1|slotScore=-21|top1=4|gap=25|rule=capnoise|hit=cap|slotUsed=8|seed=602250215|probs=cap=200,p=0.25,legal=33,1:0,2:2,3:5,4:3,5:18,6:20,7:21,8:25|depth=12|nodes=286868|slots=1:4,2:2,3:-1,4:1,5:-14,6:-16,7:-17,8:-21|crit=0
L|2|MG_QH01|AC_AM|REF|move=c2e1|score=20|mate=-|depth=23|nodes=3408191|crit=0
L|2|MG_QH01|BN_AD|SEL|move=c2e1|slotScore=-19|top1=4|gap=23|rule=boundednoise|hit=cap|slotUsed=8|seed=4273425220|probs=cap=60,p=0.25,gapmode=hybrid,legal=33,pjn=na,pjudged=na,1:0,2:3,3:-1,4:5,5:10,6:10,7:19,8:23,accept=na|depth=12|nodes=305008|slots=1:4,2:1,3:5,4:-1,5:-6,6:-6,7:-15,8:-19|pnodes=-|pdepth=-|pslots=-|pmoves=1:c0a2,2:e3e4,3:d0e1,4:g2f4,5:b6g6,6:c2b0,7:a0a1,8:c2e1|qmoves=-|crit=0
L|2|MG_QH01|BN_AD|REF|move=c2e1|score=17|mate=-|depth=25|nodes=3489134|crit=0
L|2|MG_QH01|BN_AM|SEL|move=c2e1|slotScore=-16|top1=11|gap=27|rule=boundednoise|hit=cap|slotUsed=8|seed=129448627|probs=cap=200,p=0.4,gapmode=hybrid,legal=33,pjn=na,pjudged=na,1:0,2:1,3:6,4:8,5:21,6:23,7:24,8:27,accept=na|depth=12|nodes=302301|slots=1:11,2:10,3:5,4:3,5:-10,6:-12,7:-13,8:-16|pnodes=-|pdepth=-|pslots=-|pmoves=1:e3e4,2:g2f4,3:d0e1,4:c0a2,5:a0a1,6:b6g6,7:c2b0,8:c2e1|qmoves=-|crit=0
L|2|MG_QH01|BN_AM|REF|move=c2e1|score=17|mate=-|depth=24|nodes=3420934|crit=0
L|2|MG_QH01|BN_P2|SEL|move=a0a1|slotScore=-16|top1=10|gap=26|rule=boundednoise|hit=cap|slotUsed=8|seed=2061580675|probs=cap=200,p=0.4,gapmode=pool,legal=33,pjn=8,pjudged=8,1:0,2:3,3:3,4:5,5:15,6:17,7:20,8:26,accept=8|depth=11|nodes=298505|slots=1:10,2:7,3:7,4:5,5:-5,6:-7,7:-10,8:-16|pnodes=-|pdepth=-|pslots=-|pmoves=1:e3e4,2:d0e1,3:g2f4,4:c0a2,5:c2b0,6:b6g6,7:i3i4,8:a0a1|qmoves=-|crit=0
L|2|MG_QH01|BN_P2|REF|move=a0a1|score=7|mate=-|depth=27|nodes=3703581|crit=0
L|2|MG_QH01|ANCH|SEL|move=e3e4|slotScore=-4|top1=-4|gap=0|rule=anchor|hit=anchor|slotUsed=1|seed=3498448912|probs=|depth=23|nodes=3522520|slots=1:-4|crit=0
L|2|MG_QH01|ANCH|REF|move=e3e4|score=11|mate=-|depth=23|nodes=3472027|crit=0
PROG|2|MG_QH01
L|2|MG_QB3|ANCHOR|move=a0b0|score=326|mate=-|depth=20|nodes=3262326|crit=0
L|2|MG_QB3|AM0|SEL|move=c4b4|slotScore=239|top1=334|gap=95|rule=slot|hit=slot|slotUsed=4|seed=757499760|probs=|depth=10|nodes=306945|slots=1:334,2:261,3:260,4:239|crit=0
L|2|MG_QB3|AM0|REF|move=c4b4|score=-189|mate=-|depth=20|nodes=3330848|crit=0
L|2|MG_QB3|AD0|SEL|move=c4a4|slotScore=267|top1=357|gap=90|rule=slot|hit=slot|slotUsed=3|seed=2738816833|probs=|depth=14|nodes=603745|slots=1:357,2:318,3:267|crit=0
L|2|MG_QB3|AD0|REF|move=c4a4|score=-286|mate=-|depth=18|nodes=3568480|crit=0
L|2|MG_QB3|EX0|SEL|move=a0b0|slotScore=357|top1=357|gap=0|rule=slot|hit=slot|slotUsed=2|seed=3999081105|probs=|depth=17|nodes=971239|slots=1:357,2:357|crit=0
L|2|MG_QB3|EX0|REF|move=a0b0|score=-333|mate=-|depth=19|nodes=3247957|crit=0
L|2|MG_QB3|CAP_AD|SEL|move=c4a4|slotScore=275|top1=323|gap=48|rule=cap|hit=cap|slotUsed=3|seed=151685886|probs=1:0,2:20,3:48,4:88,5:93,6:110,7:112,8:113|depth=9|nodes=340920|slots=1:323,2:303,3:275,4:235,5:230,6:213,7:211,8:210|crit=0
L|2|MG_QB3|CAP_AD|REF|move=c4a4|score=-310|mate=-|depth=20|nodes=3522209|crit=0
L|2|MG_QB3|CAP_AM|SEL|move=c4f4|slotScore=217|top1=336|gap=119|rule=cap|hit=cap|slotUsed=8|seed=302873637|probs=1:0,2:65,3:72,4:79,5:85,6:98,7:105,8:119|depth=10|nodes=295767|slots=1:336,2:271,3:264,4:257,5:251,6:238,7:231,8:217|crit=0
L|2|MG_QB3|CAP_AM|REF|move=c4f4|score=-194|mate=-|depth=19|nodes=3448646|crit=0
L|2|MG_QB3|NOI_AM|SEL|move=c4i4|slotScore=220|top1=323|gap=103|rule=noise|hit=engine|slotUsed=4|seed=376016227|probs=p=0.25,legal=39|depth=11|nodes=288273|slots=1:323,2:300,3:258,4:220|crit=0
L|2|MG_QB3|NOI_AM|REF|move=c4i4|score=-217|mate=-|depth=22|nodes=3761737|crit=0
L|2|MG_QB3|AC_AD|SEL|move=c4a4|slotScore=284|top1=322|gap=38|rule=capnoise|hit=cap|slotUsed=3|seed=2466020798|probs=cap=60,p=0.1,legal=39,1:0,2:27,3:38,4:69,5:79,6:97,7:119,8:128|depth=10|nodes=314757|slots=1:322,2:295,3:284,4:253,5:243,6:225,7:203,8:194|crit=0
L|2|MG_QB3|AC_AD|REF|move=c4a4|score=-304|mate=-|depth=20|nodes=3430034|crit=0
L|2|MG_QB3|AC_AM|SEL|move=g3g4|slotScore=NA|top1=316|gap=NA|rule=capnoise|hit=rand|slotUsed=-1|seed=2617012197|probs=cap=200,p=0.25,legal=39,1:0,2:5,3:76,4:81,5:93,6:104,7:132,8:107,wouldBe=8|depth=8|nodes=314505|slots=1:316,2:311,3:240,4:235,5:223,6:212,7:184,8:209|crit=0
L|2|MG_QB3|AC_AM|REF|move=g3g4|score=-145|mate=-|depth=19|nodes=3493699|crit=0
L|2|MG_QB3|BN_AD|SEL|move=i1h1|slotScore=261|top1=317|gap=56|rule=boundednoise|hit=cap|slotUsed=3|seed=1597790878|probs=cap=60,p=0.25,gapmode=hybrid,legal=39,pjn=na,pjudged=na,1:0,2:20,3:56,4:102,5:111,6:117,7:128,8:130,accept=na|depth=9|nodes=319030|slots=1:317,2:297,3:261,4:215,5:206,6:200,7:189,8:187|pnodes=-|pdepth=-|pslots=-|pmoves=1:a0b0,2:c4a4,3:i1h1,4:d1f2,5:c4i4,6:c4b4,7:c4f4,8:c4d4|qmoves=-|crit=0
L|2|MG_QB3|BN_AD|REF|move=i1h1|score=-393|mate=-|depth=20|nodes=3850705|crit=0
L|2|MG_QB3|BN_AM|SEL|move=c4f4|slotScore=205|top1=296|gap=91|rule=boundednoise|hit=cap|slotUsed=8|seed=1748782277|probs=cap=200,p=0.4,gapmode=hybrid,legal=39,pjn=na,pjudged=na,1:0,2:5,3:22,4:55,5:66,6:69,7:83,8:91,accept=na|depth=10|nodes=325808|slots=1:296,2:291,3:274,4:241,5:230,6:227,7:213,8:205|pnodes=-|pdepth=-|pslots=-|pmoves=1:i1h1,2:a0b0,3:c4a4,4:c4b4,5:c4i4,6:d1f2,7:i2g0,8:c4f4|qmoves=-|crit=0
L|2|MG_QB3|BN_AM|REF|move=c4f4|score=-195|mate=-|depth=17|nodes=3429681|crit=0
L|2|MG_QB3|BN_P2|SEL|move=i1f1|slotScore=185|top1=313|gap=128|rule=boundednoise|hit=cap|slotUsed=8|seed=2937471217|probs=cap=200,p=0.4,gapmode=pool,legal=39,pjn=8,pjudged=8,1:0,2:17,3:26,4:63,5:110,6:101,7:119,8:128,accept=8|depth=11|nodes=303139|slots=1:313,2:296,3:287,4:250,5:203,6:212,7:194,8:185|pnodes=-|pdepth=-|pslots=-|pmoves=1:a0b0,2:c4a4,3:i1h1,4:c4i4,5:c4b4,6:d1f2,7:c4f4,8:i1f1|qmoves=-|crit=0
L|2|MG_QB3|BN_P2|REF|move=i1f1|score=-171|mate=-|depth=21|nodes=3516909|crit=0
L|2|MG_QB3|ANCH|SEL|move=a0b0|slotScore=326|top1=326|gap=0|rule=anchor|hit=anchor|slotUsed=1|seed=527941690|probs=|depth=20|nodes=3262326|slots=1:326|crit=0
L|2|MG_QB3|ANCH|REF|move=a0b0|score=-337|mate=-|depth=20|nodes=3245540|crit=0
PROG|2|MG_QB3
L|2|MG_QB9|ANCHOR|move=a6b6|score=591|mate=-|depth=20|nodes=3033727|crit=0
L|2|MG_QB9|AM0|SEL|move=e3e5|slotScore=538|top1=590|gap=52|rule=slot|hit=slot|slotUsed=4|seed=3655116106|probs=|depth=11|nodes=240819|slots=1:590,2:574,3:540,4:538|crit=0
L|2|MG_QB9|AM0|REF|move=e3e5|score=-571|mate=-|depth=22|nodes=3012149|crit=0
L|2|MG_QB9|AD0|SEL|move=e3e5|slotScore=568|top1=573|gap=5|rule=slot|hit=slot|slotUsed=3|seed=3486383531|probs=|depth=12|nodes=463803|slots=1:573,2:564,3:568|crit=0
L|2|MG_QB9|AD0|REF|move=e3e5|score=-570|mate=-|depth=22|nodes=3064785|crit=0
L|2|MG_QB9|EX0|SEL|move=c6c5|slotScore=580|top1=580|gap=0|rule=slot|hit=slot|slotUsed=2|seed=2643319275|probs=|depth=15|nodes=753187|slots=1:580,2:580|crit=0
L|2|MG_QB9|EX0|REF|move=c6c5|score=-612|mate=-|depth=20|nodes=2808037|crit=0
L|2|MG_QB9|CAP_AD|SEL|move=i7d7|slotScore=527|top1=569|gap=42|rule=cap|hit=cap|slotUsed=8|seed=2316338596|probs=1:0,2:1,3:3,4:4,5:23,6:29,7:40,8:42|depth=11|nodes=245491|slots=1:569,2:568,3:566,4:565,5:546,6:540,7:529,8:527|crit=0
L|2|MG_QB9|CAP_AD|REF|move=i7d7|score=-533|mate=-|depth=24|nodes=3165018|crit=0
L|2|MG_QB9|CAP_AM|SEL|move=i7d7|slotScore=527|top1=588|gap=61|rule=cap|hit=cap|slotUsed=8|seed=2467526547|probs=1:0,2:6,3:17,4:29,5:43,6:43,7:56,8:61|depth=11|nodes=246664|slots=1:588,2:582,3:571,4:559,5:545,6:545,7:532,8:527|crit=0
L|2|MG_QB9|CAP_AM|REF|move=i7d7|score=-556|mate=-|depth=23|nodes=3104309|crit=0
L|2|MG_QB9|NOI_AM|SEL|move=i8f8|slotScore=533|top1=578|gap=45|rule=noise|hit=engine|slotUsed=4|seed=3413100245|probs=p=0.25,legal=41|depth=11|nodes=239073|slots=1:578,2:575,3:574,4:533|crit=0
L|2|MG_QB9|NOI_AM|REF|move=i8f8|score=-588|mate=-|depth=21|nodes=2987280|crit=0
L|2|MG_QB9|AC_AD|SEL|move=i7e7|slotScore=539|top1=588|gap=49|rule=capnoise|hit=cap|slotUsed=7|seed=1281396768|probs=cap=60,p=0.1,legal=41,1:0,2:11,3:31,4:33,5:37,6:44,7:49,8:72|depth=11|nodes=243954|slots=1:588,2:577,3:557,4:555,5:551,6:544,7:539,8:516|crit=0
L|2|MG_QB9|AC_AD|REF|move=i7e7|score=-579|mate=-|depth=25|nodes=3264360|crit=0
L|2|MG_QB9|AC_AM|SEL|move=i7f7|slotScore=517|top1=571|gap=54|rule=capnoise|hit=rand|slotUsed=7|seed=1432388111|probs=cap=200,p=0.25,legal=41,1:0,2:0,3:8,4:15,5:20,6:38,7:54,8:65,wouldBe=8|depth=11|nodes=245497|slots=1:571,2:571,3:563,4:556,5:551,6:533,7:517,8:506|crit=0
L|2|MG_QB9|AC_AM|REF|move=i7f7|score=-578|mate=-|depth=21|nodes=2855948|crit=0
L|2|MG_QB9|BN_AD|SEL|move=i8f8|slotScore=555|top1=598|gap=43|rule=boundednoise|hit=cap|slotUsed=7|seed=3231243660|probs=cap=60,p=0.25,gapmode=hybrid,legal=41,pjn=na,pjudged=na,1:0,2:20,3:32,4:34,5:45,6:37,7:43,8:82,accept=na|depth=11|nodes=247990|slots=1:598,2:578,3:566,4:564,5:553,6:561,7:555,8:516|pnodes=-|pdepth=-|pslots=-|pmoves=1:c6c5,2:a6b6,3:i8d8,4:i7f7,5:i7e7,6:e3e5,7:i8f8,8:i7d7|qmoves=-|crit=0
L|2|MG_QB9|BN_AD|REF|move=i8f8|score=-590|mate=-|depth=22|nodes=2975211|crit=0
L|2|MG_QB9|BN_AM|SEL|move=e3e5|slotScore=537|top1=588|gap=51|rule=boundednoise|hit=cap|slotUsed=8|seed=3113805451|probs=cap=200,p=0.4,gapmode=hybrid,legal=41,pjn=na,pjudged=na,1:0,2:4,3:6,4:10,5:29,6:37,7:43,8:51,accept=na|depth=12|nodes=246891|slots=1:588,2:584,3:582,4:578,5:559,6:551,7:545,8:537|pnodes=-|pdepth=-|pslots=-|pmoves=1:c6c5,2:i8d8,3:a6b6,4:i8f8,5:i7e7,6:i7d7,7:i7f7,8:e3e5|qmoves=-|crit=0
L|2|MG_QB9|BN_AM|REF|move=e3e5|score=-569|mate=-|depth=22|nodes=3020474|crit=0
L|2|MG_QB9|BN_P2|SEL|move=a6a8|slotScore=524|top1=575|gap=51|rule=boundednoise|hit=cap|slotUsed=8|seed=4240584971|probs=cap=200,p=0.4,gapmode=pool,legal=41,pjn=8,pjudged=8,1:0,2:2,3:15,4:17,5:22,6:36,7:40,8:51,accept=8|depth=11|nodes=253159|slots=1:575,2:573,3:560,4:558,5:553,6:539,7:535,8:524|pnodes=-|pdepth=-|pslots=-|pmoves=1:a6b6,2:c6c5,3:i8d8,4:i8f8,5:i7e7,6:e3e5,7:e3e4,8:a6a8|qmoves=-|crit=0
L|2|MG_QB9|BN_P2|REF|move=a6a8|score=-551|mate=-|depth=21|nodes=2899438|crit=0
L|2|MG_QB9|ANCH|SEL|move=a6b6|slotScore=591|top1=591|gap=0|rule=anchor|hit=anchor|slotUsed=1|seed=3944640072|probs=|depth=20|nodes=3033727|slots=1:591|crit=0
L|2|MG_QB9|ANCH|REF|move=a6b6|score=-584|mate=-|depth=21|nodes=2909573|crit=0
PROG|2|MG_QB9
DRV DONE positions=17 round=2
