DRV: not isolated, registering SW (try 0)
DRV: not isolated, registering SW (try 1)
DRV: isolated ok, task=task_bn_r1.json
DRV: engine ready
L|1|OP00|ANCHOR|move=c3c4|score=29|mate=-|depth=22|nodes=2807786|crit=0
L|1|OP00|AM0|SEL|move=b2e2|slotScore=29|top1=28|gap=-1|rule=slot|hit=slot|slotUsed=4|seed=3585196732|probs=|depth=13|nodes=265101|slots=1:28,2:26,3:25,4:29|crit=0
L|1|OP00|AM0|REF|move=b2e2|score=-19|mate=-|depth=23|nodes=3217441|crit=0
L|1|OP00|AD0|SEL|move=b2e2|slotScore=22|top1=25|gap=3|rule=slot|hit=slot|slotUsed=3|seed=3217073213|probs=|depth=15|nodes=488418|slots=1:25,2:29,3:22|crit=0
L|1|OP00|AD0|REF|move=b2e2|score=-17|mate=-|depth=24|nodes=3170618|crit=0
L|1|OP00|EX0|SEL|move=h2e2|slotScore=21|top1=23|gap=2|rule=slot|hit=slot|slotUsed=2|seed=1917966813|probs=|depth=17|nodes=783670|slots=1:23,2:21|crit=0
L|1|OP00|EX0|REF|move=h2e2|score=-22|mate=-|depth=24|nodes=3266124|crit=0
L|1|OP00|CAP_AD|SEL|move=h2f2|slotScore=17|top1=27|gap=10|rule=cap|hit=cap|slotUsed=8|seed=2549637804|probs=1:0,2:1,3:2,4:3,5:5,6:6,7:8,8:10|depth=12|nodes=251378|slots=1:27,2:26,3:25,4:24,5:22,6:21,7:19,8:17|crit=0
L|1|OP00|CAP_AD|REF|move=h2f2|score=-8|mate=-|depth=24|nodes=3312783|crit=0
L|1|OP00|CAP_AM|SEL|move=h2f2|slotScore=13|top1=28|gap=15|rule=cap|hit=cap|slotUsed=8|seed=2398646403|probs=1:0,2:2,3:9,4:6,5:7,6:11,7:14,8:15|depth=11|nodes=286088|slots=1:28,2:26,3:19,4:22,5:21,6:17,7:14,8:13|crit=0
L|1|OP00|CAP_AM|REF|move=h2f2|score=-6|mate=-|depth=25|nodes=3379667|crit=0
L|1|OP00|NOI_AM|SEL|move=h2e2|slotScore=25|top1=31|gap=6|rule=noise|hit=engine|slotUsed=4|seed=371456497|probs=p=0.25,legal=44|depth=14|nodes=257008|slots=1:31,2:27,3:26,4:25|crit=0
L|1|OP00|NOI_AM|REF|move=h2e2|score=-18|mate=-|depth=24|nodes=3222051|crit=0
L|1|OP00|AC_AD|SEL|move=b2f2|slotScore=14|top1=24|gap=10|rule=capnoise|hit=cap|slotUsed=8|seed=3810071982|probs=cap=60,p=0.1,legal=44,1:0,2:0,3:3,4:4,5:5,6:7,7:9,8:10|depth=11|nodes=298924|slots=1:24,2:24,3:21,4:20,5:19,6:17,7:15,8:14|crit=0
L|1|OP00|AC_AD|REF|move=b2f2|score=-9|mate=-|depth=26|nodes=3479968|crit=0
L|1|OP00|AC_AM|SEL|move=h2g2|slotScore=NA|top1=25|gap=NA|rule=capnoise|hit=rand|slotUsed=-1|seed=3927507029|probs=cap=200,p=0.25,legal=44,1:0,2:-3,3:3,4:5,5:6,6:10,7:12,8:13,wouldBe=8|depth=11|nodes=284177|slots=1:25,2:28,3:22,4:20,5:19,6:15,7:13,8:12|crit=0
L|1|OP00|AC_AM|REF|move=h2g2|score=16|mate=-|depth=24|nodes=3391836|crit=0
L|1|OP00|BN_AD|SEL|move=g3g4|slotScore=24|top1=25|gap=1|rule=boundednoise|hit=brand|slotUsed=2|seed=603330866|probs=cap=60,p=0.25,gapmode=hybrid,legal=44,pjn=16,pjudged=24,1:0,2:1,3:2,4:4,5:10,6:12,7:13,8:15,wouldBe=8,accept=16,agap=1|depth=11|nodes=280449|slots=1:25,2:24,3:23,4:21,5:15,6:13,7:12,8:10|pnodes=309885|pdepth=10|pslots=1:28,2:23,3:22,4:21,5:17,6:17,7:14,8:11,9:10,10:9,11:8,12:7,13:4,14:3,15:0,16:0|pmoves=1:b2e2,2:g3g4,3:h2e2,4:c3c4,5:b0c2,6:h2f2,7:h2i2,8:c0e2|qmoves=1:b2e2,2:h2e2,3:g3g4,4:c3c4,5:b0c2,6:h2f2,7:b2d2,8:h0g2,9:h2d2,10:h2i2,11:g0e2,12:b2f2,13:b2a2,14:c0e2,15:b0a2,16:h0i2|crit=0
L|1|OP00|BN_AD|REF|move=g3g4|score=-19|mate=-|depth=23|nodes=3323251|crit=0
L|1|OP00|BN_AM|SEL|move=c3c4|slotScore=22|top1=27|gap=5|rule=boundednoise|hit=brand|slotUsed=2|seed=720770105|probs=cap=200,p=0.4,gapmode=hybrid,legal=44,pjn=16,pjudged=24,1:0,2:5,3:6,4:8,5:8,6:13,7:14,8:16,wouldBe=8,accept=16,agap=5|depth=11|nodes=240275|slots=1:27,2:22,3:21,4:19,5:19,6:14,7:13,8:11|pnodes=300331|pdepth=12|pslots=1:24,2:23,3:28,4:22,5:15,6:13,7:12,8:12,9:12,10:11,11:8,12:8,13:8,14:7,15:-2,16:-3|pmoves=1:h2e2,2:c3c4,3:b2e2,4:b0c2,5:g3g4,6:h2f2,7:g0e2,8:h0g2|qmoves=1:g3g4,2:h2e2,3:b2e2,4:c3c4,5:h2f2,6:b0c2,7:b2d2,8:h0g2,9:h2i2,10:h2d2,11:b2f2,12:c0e2,13:g0e2,14:b2a2,15:b2b4,16:h0i2|crit=0
L|1|OP00|BN_AM|REF|move=c3c4|score=-24|mate=-|depth=23|nodes=3433762|crit=0
L|1|OP00|BN_P2|SEL|move=h2f2|slotScore=11|top1=30|gap=19|rule=boundednoise|hit=cap|slotUsed=8|seed=802025233|probs=cap=200,p=0.4,gapmode=pool,legal=44,pjn=8,pjudged=8,1:0,2:3,3:3,4:5,5:8,6:14,7:16,8:19,accept=8|depth=12|nodes=283316|slots=1:30,2:27,3:27,4:25,5:22,6:16,7:14,8:11|pnodes=-|pdepth=-|pslots=-|pmoves=1:c3c4,2:h2e2,3:b2e2,4:g3g4,5:h0g2,6:b0c2,7:h2d2,8:h2f2|qmoves=-|crit=0
L|1|OP00|BN_P2|REF|move=h2f2|score=-7|mate=-|depth=27|nodes=3419727|crit=0
L|1|OP00|ANCH|SEL|move=c3c4|slotScore=29|top1=29|gap=0|rule=anchor|hit=anchor|slotUsed=1|seed=302111920|probs=|depth=22|nodes=2807786|slots=1:29|crit=0
L|1|OP00|ANCH|REF|move=c3c4|score=-18|mate=-|depth=23|nodes=3543264|crit=0
PROG|1|OP00
L|1|OP02|ANCHOR|move=h0g2|score=11|mate=-|depth=23|nodes=3257422|crit=0
L|1|OP02|AM0|SEL|move=h2e2|slotScore=2|top1=14|gap=12|rule=slot|hit=slot|slotUsed=4|seed=1462939978|probs=|depth=13|nodes=300060|slots=1:14,2:11,3:4,4:2|crit=0
L|1|OP02|AM0|REF|move=h2e2|score=-11|mate=-|depth=23|nodes=3308230|crit=0
L|1|OP02|AD0|SEL|move=h2f2|slotScore=11|top1=15|gap=4|rule=slot|hit=slot|slotUsed=3|seed=1631870635|probs=|depth=15|nodes=520381|slots=1:15,2:14,3:11|crit=0
L|1|OP02|AD0|REF|move=h2f2|score=6|mate=-|depth=25|nodes=3407644|crit=0
L|1|OP02|EX0|SEL|move=h0g2|slotScore=13|top1=19|gap=6|rule=slot|hit=slot|slotUsed=2|seed=104581731|probs=|depth=18|nodes=862488|slots=1:19,2:13|crit=0
L|1|OP02|EX0|REF|move=h0g2|score=-6|mate=-|depth=24|nodes=3283670|crit=0
L|1|OP02|CAP_AD|SEL|move=c3c4|slotScore=-4|top1=18|gap=22|rule=cap|hit=cap|slotUsed=8|seed=1109686846|probs=1:0,2:9,3:12,4:13,5:14,6:20,7:22,8:22|depth=12|nodes=306612|slots=1:18,2:9,3:6,4:5,5:4,6:-2,7:-4,8:-4|crit=0
L|1|OP02|CAP_AD|REF|move=c3c4|score=0|mate=-|depth=24|nodes=3326989|crit=0
L|1|OP02|CAP_AM|SEL|move=h0i2|slotScore=-3|top1=16|gap=19|rule=cap|hit=cap|slotUsed=8|seed=1227125029|probs=1:0,2:5,3:10,4:11,5:11,6:12,7:13,8:19|depth=12|nodes=298581|slots=1:16,2:11,3:6,4:5,5:5,6:4,7:3,8:-3|crit=0
L|1|OP02|CAP_AM|REF|move=h0i2|score=10|mate=-|depth=24|nodes=3386849|crit=0
L|1|OP02|NOI_AM|SEL|move=c3c4|slotScore=5|top1=16|gap=11|rule=noise|hit=engine|slotUsed=4|seed=242632799|probs=p=0.25,legal=43|depth=14|nodes=279486|slots=1:16,2:16,3:6,4:5|crit=0
L|1|OP02|NOI_AM|REF|move=c3c4|score=2|mate=-|depth=24|nodes=3160640|crit=0
L|1|OP02|AC_AD|SEL|move=b2e2|slotScore=-11|top1=16|gap=27|rule=capnoise|hit=cap|slotUsed=8|seed=3976489740|probs=cap=60,p=0.1,legal=43,1:0,2:4,3:10,4:17,5:18,6:19,7:26,8:27|depth=12|nodes=302855|slots=1:16,2:12,3:6,4:-1,5:-2,6:-3,7:-10,8:-11|crit=0
L|1|OP02|AC_AD|REF|move=b2e2|score=20|mate=-|depth=24|nodes=3349600|crit=0
L|1|OP02|AC_AM|SEL|move=b0d1|slotScore=-10|top1=13|gap=23|rule=capnoise|hit=rand|slotUsed=8|seed=3825498467|probs=cap=200,p=0.25,legal=43,1:0,2:0,3:11,4:11,5:11,6:19,7:22,8:23,wouldBe=8|depth=13|nodes=315926|slots=1:13,2:13,3:2,4:2,5:2,6:-6,7:-9,8:-10|crit=0
L|1|OP02|AC_AM|REF|move=b0d1|score=39|mate=-|depth=20|nodes=3026517|crit=0
L|1|OP02|BN_AD|SEL|move=h0i2|slotScore=-9|top1=8|gap=17|rule=boundednoise|hit=cap|slotUsed=8|seed=1478544612|probs=cap=60,p=0.25,gapmode=hybrid,legal=43,pjn=na,pjudged=na,1:0,2:3,3:4,4:10,5:10,6:10,7:17,8:17,accept=na|depth=13|nodes=263355|slots=1:8,2:5,3:4,4:-2,5:-2,6:-2,7:-9,8:-9|pnodes=-|pdepth=-|pslots=-|pmoves=1:h0g2,2:h2e2,3:g3g4,4:b0c2,5:c3c4,6:h2f2,7:d0e1,8:h0i2|qmoves=-|crit=0
L|1|OP02|BN_AD|REF|move=h0i2|score=16|mate=-|depth=25|nodes=3282049|crit=0
L|1|OP02|BN_AM|SEL|move=h0i2|slotScore=-11|top1=17|gap=28|rule=boundednoise|hit=cap|slotUsed=8|seed=1595980779|probs=cap=200,p=0.4,gapmode=hybrid,legal=43,pjn=na,pjudged=na,1:0,2:0,3:9,4:9,5:16,6:19,7:26,8:28,accept=na|depth=12|nodes=284198|slots=1:17,2:17,3:8,4:8,5:1,6:-2,7:-9,8:-11|pnodes=-|pdepth=-|pslots=-|pmoves=1:g3g4,2:h0g2,3:h2e2,4:h2f2,5:b2e2,6:b0c2,7:c3c4,8:h0i2|qmoves=-|crit=0
L|1|OP02|BN_AM|REF|move=h0i2|score=13|mate=-|depth=25|nodes=3372916|crit=0
L|1|OP02|BN_P2|SEL|move=b2e2|slotScore=-11|top1=22|gap=33|rule=boundednoise|hit=cap|slotUsed=8|seed=2689041079|probs=cap=200,p=0.4,gapmode=pool,legal=43,pjn=8,pjudged=8,1:0,2:9,3:17,4:23,5:25,6:26,7:27,8:33,accept=8|depth=12|nodes=319422|slots=1:22,2:13,3:5,4:-1,5:-3,6:-4,7:-5,8:-11|pnodes=-|pdepth=-|pslots=-|pmoves=1:g3g4,2:h0g2,3:h2f2,4:h2e2,5:b0c2,6:c3c4,7:h0i2,8:b2e2|qmoves=-|crit=0
L|1|OP02|BN_P2|REF|move=b2e2|score=16|mate=-|depth=23|nodes=3314167|crit=0
L|1|OP02|ANCH|SEL|move=h0g2|slotScore=11|top1=11|gap=0|rule=anchor|hit=anchor|slotUsed=1|seed=2946632066|probs=|depth=23|nodes=3257422|slots=1:11|crit=0
L|1|OP02|ANCH|REF|move=h0g2|score=-10|mate=-|depth=24|nodes=3129726|crit=0
PROG|1|OP02
L|1|OP04|ANCHOR|move=b0c2|score=18|mate=-|depth=25|nodes=3528702|crit=0
L|1|OP04|AM0|SEL|move=c3c4|slotScore=19|top1=19|gap=0|rule=slot|hit=slot|slotUsed=4|seed=1143881552|probs=|depth=14|nodes=278701|slots=1:19,2:23,3:21,4:19|crit=0
L|1|OP04|AM0|REF|move=c3c4|score=-7|mate=-|depth=25|nodes=3589262|crit=0
L|1|OP04|AD0|SEL|move=i0h0|slotScore=17|top1=16|gap=-1|rule=slot|hit=slot|slotUsed=3|seed=773334593|probs=|depth=15|nodes=554768|slots=1:16,2:15,3:17|crit=0
L|1|OP04|AD0|REF|move=i0h0|score=-13|mate=-|depth=24|nodes=3478629|crit=0
L|1|OP04|EX0|SEL|move=b0c2|slotScore=18|top1=19|gap=1|rule=slot|hit=slot|slotUsed=2|seed=4199407777|probs=|depth=20|nodes=912920|slots=1:19,2:18|crit=0
L|1|OP04|EX0|REF|move=b0c2|score=-17|mate=-|depth=23|nodes=3245860|crit=0
L|1|OP04|CAP_AD|SEL|move=h2f2|slotScore=3|top1=18|gap=15|rule=cap|hit=cap|slotUsed=8|seed=2222455056|probs=1:0,2:0,3:0,4:2,5:6,6:8,7:11,8:15|depth=12|nodes=255185|slots=1:18,2:18,3:18,4:16,5:12,6:10,7:7,8:3|crit=0
L|1|OP04|CAP_AD|REF|move=h2f2|score=-3|mate=-|depth=27|nodes=3430788|crit=0
L|1|OP04|CAP_AM|SEL|move=h2f2|slotScore=1|top1=25|gap=24|rule=cap|hit=cap|slotUsed=8|seed=2071400263|probs=1:0,2:0,3:0,4:3,5:6,6:12,7:16,8:24|depth=12|nodes=283320|slots=1:25,2:25,3:25,4:22,5:19,6:13,7:9,8:1|crit=0
L|1|OP04|CAP_AM|REF|move=h2f2|score=-2|mate=-|depth=26|nodes=3499731|crit=0
L|1|OP04|NOI_AM|SEL|move=i0h0|slotScore=19|top1=21|gap=2|rule=noise|hit=engine|slotUsed=4|seed=781787941|probs=p=0.25,legal=41|depth=14|nodes=285583|slots=1:21,2:18,3:18,4:19|crit=0
L|1|OP04|NOI_AM|REF|move=i0h0|score=-12|mate=-|depth=24|nodes=3356082|crit=0
L|1|OP04|AC_AD|SEL|move=b2e2|slotScore=5|top1=23|gap=18|rule=capnoise|hit=cap|slotUsed=8|seed=1121179562|probs=cap=60,p=0.1,legal=41,1:0,2:5,3:5,4:7,5:7,6:8,7:17,8:18|depth=13|nodes=300188|slots=1:23,2:18,3:18,4:16,5:16,6:15,7:6,8:5|crit=0
L|1|OP04|AC_AD|REF|move=b2e2|score=-16|mate=-|depth=24|nodes=3513979|crit=0
L|1|OP04|AC_AM|SEL|move=i3i4|slotScore=11|top1=17|gap=6|rule=capnoise|hit=cap|slotUsed=8|seed=970188161|probs=cap=200,p=0.25,legal=41,1:0,2:2,3:-2,4:-2,5:3,6:4,7:5,8:6|depth=12|nodes=302334|slots=1:17,2:15,3:19,4:19,5:14,6:13,7:12,8:11|crit=0
L|1|OP04|AC_AM|REF|move=i3i4|score=-2|mate=-|depth=23|nodes=3427263|crit=0
L|1|OP04|BN_AD|SEL|move=h2f2|slotScore=5|top1=19|gap=14|rule=boundednoise|hit=cap|slotUsed=8|seed=569913078|probs=cap=60,p=0.25,gapmode=hybrid,legal=41,pjn=na,pjudged=na,1:0,2:0,3:0,4:4,5:2,6:6,7:9,8:14,accept=na|depth=13|nodes=295096|slots=1:19,2:19,3:19,4:15,5:17,6:13,7:10,8:5|pnodes=-|pdepth=-|pslots=-|pmoves=1:d0e1,2:i0h0,3:b0c2,4:c3c4,5:i3i4,6:b2e2,7:h2e2,8:h2f2|qmoves=-|crit=0
L|1|OP04|BN_AD|REF|move=h2f2|score=-2|mate=-|depth=25|nodes=3608142|crit=0
L|1|OP04|BN_AM|SEL|move=h2f2|slotScore=NA|top1=22|gap=NA|rule=boundednoise|hit=brand|slotUsed=-1|seed=418922285|probs=cap=200,p=0.4,gapmode=hybrid,legal=41,pjn=16,pjudged=24,1:0,2:7,3:5,4:5,5:9,6:13,7:15,8:19,wouldBe=8,accept=16,agap=15|depth=13|nodes=323858|slots=1:22,2:15,3:17,4:17,5:13,6:9,7:7,8:3|pnodes=324272|pdepth=12|pslots=1:21,2:18,3:17,4:17,5:17,6:9,7:6,8:6,9:4,10:-2,11:-4,12:-10,13:-14,14:-17,15:-17,16:-19|pmoves=1:d0e1,2:i0h0,3:c3c4,4:b0c2,5:h2e2,6:i3i4,7:g3g4,8:b2e2|qmoves=1:i0h0,2:d0e1,3:h2e2,4:c3c4,5:b0c2,6:i3i4,7:h2f2,8:b2e2,9:g3g4,10:h2g2,11:b2f2,12:b0d1,13:b2b4,14:a2c0,15:h2h4,16:g0e2|crit=0
L|1|OP04|BN_AM|REF|move=h2f2|score=-1|mate=-|depth=26|nodes=3545293|crit=0
L|1|OP04|BN_P2|SEL|move=b2e2|slotScore=1|top1=18|gap=17|rule=boundednoise|hit=cap|slotUsed=8|seed=1713367773|probs=cap=200,p=0.4,gapmode=pool,legal=41,pjn=8,pjudged=8,1:0,2:1,3:1,4:2,5:4,6:10,7:15,8:17,accept=8|depth=13|nodes=293375|slots=1:18,2:17,3:17,4:16,5:14,6:8,7:3,8:1|pnodes=-|pdepth=-|pslots=-|pmoves=1:d0e1,2:b0c2,3:i0h0,4:c3c4,5:h2e2,6:i3i4,7:g3g4,8:b2e2|qmoves=-|crit=0
L|1|OP04|BN_P2|REF|move=b2e2|score=-11|mate=-|depth=25|nodes=3203614|crit=0
L|1|OP04|ANCH|SEL|move=b0c2|slotScore=18|top1=18|gap=0|rule=anchor|hit=anchor|slotUsed=1|seed=2568352076|probs=|depth=25|nodes=3528702|slots=1:18|crit=0
L|1|OP04|ANCH|REF|move=b0c2|score=-16|mate=-|depth=24|nodes=3421744|crit=0
PROG|1|OP04
L|1|OP06|ANCHOR|move=h2b2|score=121|mate=-|depth=21|nodes=3387727|crit=0
L|1|OP06|AM0|SEL|move=i0h0|slotScore=-80|top1=124|gap=204|rule=slot|hit=slot|slotUsed=4|seed=3570573182|probs=|depth=12|nodes=292712|slots=1:124,2:90,3:-38,4:-80|crit=0
L|1|OP06|AM0|REF|move=i0h0|score=101|mate=-|depth=22|nodes=3531609|crit=0
L|1|OP06|AD0|SEL|move=b9d9|slotScore=-28|top1=119|gap=147|rule=slot|hit=slot|slotUsed=3|seed=3739501663|probs=|depth=14|nodes=532233|slots=1:119,2:96,3:-28|crit=0
L|1|OP06|AD0|REF|move=b9d9|score=28|mate=-|depth=22|nodes=3563353|crit=0
L|1|OP06|EX0|SEL|move=b9b8|slotScore=89|top1=128|gap=39|rule=slot|hit=slot|slotUsed=2|seed=2600837463|probs=|depth=16|nodes=853689|slots=1:128,2:89|crit=0
L|1|OP06|EX0|REF|move=b9b8|score=-97|mate=-|depth=19|nodes=3385595|crit=0
L|1|OP06|CAP_AD|SEL|move=b9b8|slotScore=92|top1=110|gap=18|rule=cap|hit=cap|slotUsed=2|seed=133195650|probs=1:0,2:18,3:131,4:175,5:175,6:221,7:252,8:295|depth=11|nodes=307779|slots=1:110,2:92,3:-21,4:-65,5:-65,6:-111,7:-142,8:-185|crit=0
L|1|OP06|CAP_AD|REF|move=b9b8|score=-76|mate=-|depth=21|nodes=3498346|crit=0
L|1|OP06|CAP_AM|SEL|move=i0h0|slotScore=-77|top1=111|gap=188|rule=cap|hit=cap|slotUsed=4|seed=250630793|probs=1:0,2:32,3:126,4:188,5:201,6:227,7:255,8:277|depth=11|nodes=308346|slots=1:111,2:79,3:-15,4:-77,5:-90,6:-116,7:-144,8:-166|crit=0
L|1|OP06|CAP_AM|REF|move=i0h0|score=100|mate=-|depth=22|nodes=3206039|crit=0
L|1|OP06|NOI_AM|SEL|move=h2e2|slotScore=-91|top1=113|gap=204|rule=noise|hit=engine|slotUsed=4|seed=1173782115|probs=p=0.25,legal=33|depth=13|nodes=293037|slots=1:113,2:75,3:-28,4:-91|crit=0
L|1|OP06|NOI_AM|REF|move=h2e2|score=109|mate=-|depth=23|nodes=3398816|crit=0
L|1|OP06|AC_AD|SEL|move=b9b8|slotScore=65|top1=114|gap=49|rule=capnoise|hit=cap|slotUsed=2|seed=1051086472|probs=cap=60,p=0.1,legal=33,1:0,2:49,3:138,4:190,5:190,6:217,7:263,8:281|depth=12|nodes=333012|slots=1:114,2:65,3:-24,4:-76,5:-76,6:-103,7:-149,8:-167|crit=0
L|1|OP06|AC_AD|REF|move=b9b8|score=-76|mate=-|depth=20|nodes=3409793|crit=0
L|1|OP06|AC_AM|SEL|move=f0e1|slotScore=NA|top1=113|gap=NA|rule=capnoise|hit=rand|slotUsed=-1|seed=1168524687|probs=cap=200,p=0.25,legal=33,1:0,2:31,3:144,4:199,5:203,6:236,7:276,8:277,wouldBe=4|depth=11|nodes=309891|slots=1:113,2:82,3:-31,4:-86,5:-90,6:-123,7:-163,8:-164|crit=0
L|1|OP06|AC_AM|REF|move=f0e1|score=172|mate=-|depth=21|nodes=3302046|crit=0
L|1|OP06|BN_AD|SEL|move=b9b8|slotScore=89|top1=125|gap=36|rule=boundednoise|hit=cap|slotUsed=2|seed=3907447096|probs=cap=60,p=0.25,gapmode=hybrid,legal=33,pjn=na,pjudged=na,1:0,2:36,3:143,4:210,5:212,6:235,7:263,8:267,accept=na|depth=11|nodes=291488|slots=1:125,2:89,3:-18,4:-85,5:-87,6:-110,7:-138,8:-142|pnodes=-|pdepth=-|pslots=-|pmoves=1:h2b2,2:b9b8,3:b9d9,4:i0h0,5:h2e2,6:h2g2,7:h2f2,8:i3i4|qmoves=-|crit=0
L|1|OP06|BN_AD|REF|move=b9b8|score=-69|mate=-|depth=19|nodes=3427856|crit=0
L|1|OP06|BN_AM|SEL|move=b9b8|slotScore=84|top1=119|gap=35|rule=boundednoise|hit=brand|slotUsed=2|seed=4024886335|probs=cap=200,p=0.4,gapmode=hybrid,legal=33,pjn=3,pjudged=24,1:0,2:35,3:146,4:202,5:206,6:233,7:274,8:276,wouldBe=3,accept=3,agap=35|depth=12|nodes=323589|slots=1:119,2:84,3:-27,4:-83,5:-87,6:-114,7:-155,8:-157|pnodes=335717|pdepth=10|pslots=1:119,2:78,3:-44,4:-99,5:-88,6:-138,7:-148,8:-152,9:-160,10:-165,11:-174,12:-179,13:-181,14:-184,15:-184,16:-208|pmoves=1:h2b2,2:b9b8,3:b9d9,4:i0h0,5:h2e2,6:h2g2,7:h2f2,8:i3i4|qmoves=1:h2b2,2:b9b8,3:b9d9,4:h2e2,5:i0h0,6:i3i4,7:h2g2,8:h2f2,9:b0c2,10:h2c2,11:h2h6,12:c3c4,13:a2c0,14:d0e1,15:a2c4,16:f0e1|crit=0
L|1|OP06|BN_AM|REF|move=b9b8|score=-64|mate=-|depth=18|nodes=3117640|crit=0
L|1|OP06|BN_P2|SEL|move=h2e2|slotScore=-89|top1=106|gap=195|rule=boundednoise|hit=cap|slotUsed=5|seed=957192291|probs=cap=200,p=0.4,gapmode=pool,legal=33,pjn=5,pjudged=8,1:0,2:28,3:135,4:187,5:195,6:230,7:233,8:251,accept=5|depth=11|nodes=321505|slots=1:106,2:78,3:-29,4:-81,5:-89,6:-124,7:-127,8:-145|pnodes=-|pdepth=-|pslots=-|pmoves=1:h2b2,2:b9b8,3:b9d9,4:i0h0,5:h2e2,6:h2g2,7:b0c2,8:i3i4|qmoves=-|crit=0
L|1|OP06|BN_P2|REF|move=h2e2|score=108|mate=-|depth=21|nodes=3364433|crit=0
L|1|OP06|ANCH|SEL|move=h2b2|slotScore=121|top1=121|gap=0|rule=anchor|hit=anchor|slotUsed=1|seed=2248959966|probs=|depth=21|nodes=3387727|slots=1:121|crit=0
L|1|OP06|ANCH|REF|move=h2b2|score=-125|mate=-|depth=20|nodes=3254545|crit=0
PROG|1|OP06
L|1|OP08|ANCHOR|move=b9b7|score=162|mate=-|depth=23|nodes=3519681|crit=0
L|1|OP08|AM0|SEL|move=b9b5|slotScore=-89|top1=165|gap=254|rule=slot|hit=slot|slotUsed=4|seed=1961089300|probs=|depth=13|nodes=317406|slots=1:165,2:24,3:-59,4:-89|crit=0
L|1|OP08|AM0|REF|move=b9b5|score=92|mate=-|depth=23|nodes=3531136|crit=0
L|1|OP08|AD0|SEL|move=b9d9|slotScore=-50|top1=173|gap=223|rule=slot|hit=slot|slotUsed=3|seed=2127402981|probs=|depth=15|nodes=561507|slots=1:173,2:44,3:-50|crit=0
L|1|OP08|AD0|REF|move=b9d9|score=54|mate=-|depth=21|nodes=3390872|crit=0
L|1|OP08|EX0|SEL|move=b9b4|slotScore=41|top1=156|gap=115|rule=slot|hit=slot|slotUsed=2|seed=3014605749|probs=|depth=16|nodes=890529|slots=1:156,2:41|crit=0
L|1|OP08|EX0|REF|move=b9b4|score=-26|mate=-|depth=20|nodes=3305257|crit=0
L|1|OP08|CAP_AD|SEL|move=b9b7|slotScore=158|top1=158|gap=0|rule=cap|hit=above|slotUsed=1|seed=2828523028|probs=1:0,2:95,3:181,4:251,5:254,6:307,7:307,8:330|depth=12|nodes=364055|slots=1:158,2:63,3:-23,4:-93,5:-96,6:-149,7:-149,8:-172|crit=0
L|1|OP08|CAP_AD|REF|move=b9b7|score=-168|mate=-|depth=22|nodes=3595330|crit=0
L|1|OP08|CAP_AM|SEL|move=b9d9|slotScore=-39|top1=156|gap=195|rule=cap|hit=cap|slotUsed=3|seed=2945961243|probs=1:0,2:104,3:195,4:239,5:258,6:294,7:296,8:297|depth=12|nodes=329519|slots=1:156,2:52,3:-39,4:-83,5:-102,6:-138,7:-140,8:-141|crit=0
L|1|OP08|CAP_AM|REF|move=b9d9|score=55|mate=-|depth=21|nodes=3255498|crit=0
L|1|OP08|NOI_AM|SEL|move=b9b5|slotScore=-99|top1=164|gap=263|rule=noise|hit=engine|slotUsed=4|seed=4047879737|probs=p=0.25,legal=44|depth=13|nodes=264063|slots=1:164,2:91,3:-51,4:-99|crit=0
L|1|OP08|NOI_AM|REF|move=b9b5|score=79|mate=-|depth=21|nodes=3536961|crit=0
L|1|OP08|AC_AD|SEL|move=b9b7|slotScore=164|top1=164|gap=0|rule=capnoise|hit=above|slotUsed=1|seed=457196486|probs=cap=60,p=0.1,legal=44,1:0,2:123,3:223,4:225,5:264,6:297,7:297,8:298|depth=13|nodes=349539|slots=1:164,2:41,3:-59,4:-61,5:-100,6:-133,7:-133,8:-134|crit=0
L|1|OP08|AC_AD|REF|move=b9b7|score=-186|mate=-|depth=23|nodes=3649432|crit=0
L|1|OP08|AC_AM|SEL|move=b9b5|slotScore=-29|top1=167|gap=196|rule=capnoise|hit=cap|slotUsed=3|seed=306204733|probs=cap=200,p=0.25,legal=44,1:0,2:100,3:196,4:227,5:241,6:288,7:302,8:305|depth=12|nodes=341889|slots=1:167,2:67,3:-29,4:-60,5:-74,6:-121,7:-135,8:-138|crit=0
L|1|OP08|AC_AM|REF|move=b9b5|score=71|mate=-|depth=20|nodes=3436742|crit=0
L|1|OP08|BN_AD|SEL|move=b9b7|slotScore=164|top1=164|gap=0|rule=boundednoise|hit=brand|slotUsed=1|seed=1280529562|probs=cap=60,p=0.25,gapmode=hybrid,legal=44,pjn=1,pjudged=24,1:0,2:115,3:211,4:235,5:254,6:293,7:293,8:308,wouldBe=1,accept=1,agap=0|depth=13|nodes=339335|slots=1:164,2:49,3:-47,4:-71,5:-90,6:-129,7:-129,8:-144|pnodes=386470|pdepth=12|pslots=1:169,2:74,3:-58,4:-65,5:-112,6:-133,7:-137,8:-139,9:-164,10:-171,11:-213,12:-215,13:-223,14:-226,15:-237,16:-256|pmoves=1:b9b7,2:b9b4,3:h2b2,4:b9b5,5:b9d9,6:b0d1,7:b9b6,8:i0h0|qmoves=1:b9b7,2:b9b4,3:b9b5,4:b9d9,5:h2b2,6:i0h0,7:b0d1,8:b9b6,9:b9b8,10:i3i4,11:a1d1,12:b0c2,13:a1b1,14:i0i1,15:c3c4,16:h2g2|crit=0
L|1|OP08|BN_AD|REF|move=b9b7|score=-183|mate=-|depth=22|nodes=3483274|crit=0
L|1|OP08|BN_AM|SEL|move=b9b5|slotScore=-27|top1=170|gap=197|rule=boundednoise|hit=cap|slotUsed=3|seed=1129536241|probs=cap=200,p=0.4,gapmode=hybrid,legal=44,pjn=na,pjudged=na,1:0,2:111,3:197,4:242,5:252,6:255,7:318,8:327,accept=na|depth=13|nodes=354843|slots=1:170,2:59,3:-27,4:-72,5:-82,6:-85,7:-148,8:-157|pnodes=-|pdepth=-|pslots=-|pmoves=1:b9b7,2:b9b4,3:b9b5,4:h2b2,5:b9b6,6:b9d9,7:i0h0,8:b9b8|qmoves=-|crit=0
L|1|OP08|BN_AM|REF|move=b9b5|score=66|mate=-|depth=21|nodes=3448552|crit=0
L|1|OP08|BN_P2|SEL|move=b9b4|slotScore=41|top1=175|gap=134|rule=boundednoise|hit=cap|slotUsed=2|seed=2015815769|probs=cap=200,p=0.4,gapmode=pool,legal=44,pjn=2,pjudged=8,1:0,2:134,3:222,4:243,5:263,6:271,7:310,8:315,accept=2|depth=12|nodes=353311|slots=1:175,2:41,3:-47,4:-68,5:-88,6:-96,7:-135,8:-140|pnodes=-|pdepth=-|pslots=-|pmoves=1:b9b7,2:b9b4,3:b9d9,4:b9b5,5:b9b6,6:h2b2,7:i0h0,8:b0d1|qmoves=-|crit=0
L|1|OP08|BN_P2|REF|move=b9b4|score=-34|mate=-|depth=20|nodes=3289860|crit=0
L|1|OP08|ANCH|SEL|move=b9b7|slotScore=162|top1=162|gap=0|rule=anchor|hit=anchor|slotUsed=1|seed=935353928|probs=|depth=23|nodes=3519681|slots=1:162|crit=0
L|1|OP08|ANCH|REF|move=b9b7|score=-186|mate=-|depth=22|nodes=3615780|crit=0
PROG|1|OP08
L|1|MG_QT01|ANCHOR|move=c7b9|score=-26|mate=-|depth=25|nodes=3329162|crit=0
L|1|MG_QT01|AM0|SEL|move=c6c5|slotScore=-610|top1=-25|gap=585|rule=slot|hit=slot|slotUsed=4|seed=2326716912|probs=|depth=15|nodes=272292|slots=1:-25,2:-594,3:-604,4:-610|crit=0
L|1|MG_QT01|AM0|REF|move=c6c5|score=605|mate=-|depth=24|nodes=3021511|crit=0
L|1|MG_QT01|AD0|SEL|move=f9e8|slotScore=-597|top1=-25|gap=572|rule=slot|hit=slot|slotUsed=3|seed=4103705185|probs=|depth=17|nodes=549193|slots=1:-25,2:-576,3:-597|crit=0
L|1|MG_QT01|AD0|REF|move=f9e8|score=603|mate=-|depth=25|nodes=3056165|crit=0
L|1|MG_QT01|EX0|SEL|move=c6c5|slotScore=-585|top1=-29|gap=556|rule=slot|hit=slot|slotUsed=2|seed=1066320193|probs=|depth=19|nodes=813305|slots=1:-29,2:-585|crit=0
L|1|MG_QT01|EX0|REF|move=c6c5|score=607|mate=-|depth=24|nodes=3084907|crit=0
L|1|MG_QT01|CAP_AD|SEL|move=c7b9|slotScore=-29|top1=-29|gap=0|rule=cap|hit=above|slotUsed=1|seed=2698771248|probs=1:0,2:571,3:572,4:578,5:587,6:587,7:588,8:588|depth=13|nodes=285821|slots=1:-29,2:-600,3:-601,4:-607,5:-616,6:-616,7:-617,8:-617|crit=0
L|1|MG_QT01|CAP_AD|REF|move=c7b9|score=25|mate=-|depth=26|nodes=3472740|crit=0
L|1|MG_QT01|CAP_AM|SEL|move=c7b9|slotScore=-32|top1=-32|gap=0|rule=cap|hit=above|slotUsed=1|seed=2547714407|probs=1:0,2:574,3:576,4:580,5:583,6:581,7:585,8:587|depth=13|nodes=273003|slots=1:-32,2:-606,3:-608,4:-612,5:-615,6:-613,7:-617,8:-619|crit=0
L|1|MG_QT01|CAP_AM|REF|move=c7b9|score=37|mate=-|depth=25|nodes=3553170|crit=0
L|1|MG_QT01|NOI_AM|SEL|move=h9i7|slotScore=-593|top1=-35|gap=558|rule=noise|hit=engine|slotUsed=4|seed=2723833413|probs=p=0.25,legal=30|depth=14|nodes=273444|slots=1:-35,2:-591,3:-593,4:-593|crit=0
L|1|MG_QT01|NOI_AM|REF|move=h9i7|score=634|mate=-|depth=24|nodes=3155999|crit=0
L|1|MG_QT01|AC_AD|SEL|move=c7b9|slotScore=-31|top1=-31|gap=0|rule=capnoise|hit=above|slotUsed=1|seed=2279019786|probs=cap=60,p=0.1,legal=30,1:0,2:569,3:569,4:573,5:584,6:588,7:628,8:583|depth=15|nodes=306070|slots=1:-31,2:-600,3:-600,4:-604,5:-615,6:-619,7:-659,8:-614|crit=0
L|1|MG_QT01|AC_AD|REF|move=c7b9|score=28|mate=-|depth=25|nodes=3458989|crit=0
L|1|MG_QT01|AC_AM|SEL|move=g5g4|slotScore=NA|top1=-33|gap=NA|rule=capnoise|hit=rand|slotUsed=-1|seed=2128026465|probs=cap=200,p=0.25,legal=30,1:0,2:569,3:573,4:577,5:578,6:583,7:585,8:585,wouldBe=1|depth=13|nodes=304079|slots=1:-33,2:-602,3:-606,4:-610,5:-611,6:-616,7:-618,8:-618|crit=0
L|1|MG_QT01|AC_AM|REF|move=g5g4|score=627|mate=-|depth=23|nodes=2906538|crit=0
L|1|MG_QT01|BN_AD|SEL|move=c7b9|slotScore=-31|top1=-31|gap=0|rule=boundednoise|hit=above|slotUsed=1|seed=3504287062|probs=cap=60,p=0.25,gapmode=hybrid,legal=30,pjn=na,pjudged=na,1:0,2:557,3:571,4:571,5:579,6:585,7:587,8:591,accept=na|depth=15|nodes=293974|slots=1:-31,2:-588,3:-602,4:-602,5:-610,6:-616,7:-618,8:-622|pnodes=-|pdepth=-|pslots=-|pmoves=1:c7b9,2:h9g7,3:c6c5,4:f9e8,5:i6i5,6:h7f7,7:d9e8,8:g5g4|qmoves=-|crit=0
L|1|MG_QT01|BN_AD|REF|move=c7b9|score=35|mate=-|depth=26|nodes=3462640|crit=0
L|1|MG_QT01|BN_AM|SEL|move=c7b9|slotScore=-34|top1=-34|gap=0|rule=boundednoise|hit=above|slotUsed=1|seed=3353293709|probs=cap=200,p=0.4,gapmode=hybrid,legal=30,pjn=na,pjudged=na,1:0,2:562,3:572,4:581,5:582,6:582,7:585,8:586,accept=na|depth=13|nodes=289381|slots=1:-34,2:-596,3:-606,4:-615,5:-616,6:-616,7:-619,8:-620|pnodes=-|pdepth=-|pslots=-|pmoves=1:c7b9,2:c6c5,3:f9e8,4:i6i5,5:h9g7,6:d9e8,7:g5g4,8:h9i7|qmoves=-|crit=0
L|1|MG_QT01|BN_AM|REF|move=c7b9|score=37|mate=-|depth=26|nodes=3511190|crit=0
L|1|MG_QT01|BN_P2|SEL|move=c7b9|slotScore=-35|top1=-35|gap=0|rule=boundednoise|hit=above|slotUsed=1|seed=1426227965|probs=cap=200,p=0.4,gapmode=pool,legal=30,pjn=1,pjudged=8,1:0,2:556,3:560,4:575,5:577,6:582,7:585,8:585,accept=1|depth=13|nodes=284703|slots=1:-35,2:-591,3:-595,4:-610,5:-612,6:-617,7:-620,8:-620|pnodes=-|pdepth=-|pslots=-|pmoves=1:c7b9,2:c6c5,3:f9e8,4:h9g7,5:i6i5,6:h9f8,7:g5g4,8:d9e8|qmoves=-|crit=0
L|1|MG_QT01|BN_P2|REF|move=c7b9|score=36|mate=-|depth=29|nodes=3687289|crit=0
L|1|MG_QT01|ANCH|SEL|move=c7b9|slotScore=-26|top1=-26|gap=0|rule=anchor|hit=anchor|slotUsed=1|seed=859909100|probs=|depth=25|nodes=3329162|slots=1:-26|crit=0
L|1|MG_QT01|ANCH|REF|move=c7b9|score=36|mate=-|depth=25|nodes=3472465|crit=0
PROG|1|MG_QT01
L|1|MG_QT05|ANCHOR|move=h7h9|score=-40|mate=-|depth=22|nodes=3451308|crit=0
L|1|MG_QT05|AM0|SEL|move=h7i7|slotScore=-58|top1=-37|gap=21|rule=slot|hit=slot|slotUsed=4|seed=643648732|probs=|depth=12|nodes=291025|slots=1:-37,2:-43,3:-44,4:-58|crit=0
L|1|MG_QT05|AM0|REF|move=h7i7|score=59|mate=-|depth=22|nodes=3467133|crit=0
L|1|MG_QT05|AD0|SEL|move=i6i5|slotScore=-55|top1=-40|gap=15|rule=slot|hit=slot|slotUsed=3|seed=275523165|probs=|depth=14|nodes=544179|slots=1:-40,2:-50,3:-55|crit=0
L|1|MG_QT05|AD0|REF|move=i6i5|score=54|mate=-|depth=19|nodes=3302942|crit=0
L|1|MG_QT05|EX0|SEL|move=i6i5|slotScore=-54|top1=-42|gap=12|rule=slot|hit=slot|slotUsed=2|seed=1144743037|probs=|depth=16|nodes=836052|slots=1:-42,2:-54|crit=0
L|1|MG_QT05|EX0|REF|move=i6i5|score=49|mate=-|depth=23|nodes=3345444|crit=0
L|1|MG_QT05|CAP_AD|SEL|move=f8e6|slotScore=-84|top1=-40|gap=44|rule=cap|hit=cap|slotUsed=8|seed=3259381196|probs=1:0,2:5,3:7,4:21,5:37,6:39,7:41,8:44|depth=11|nodes=296102|slots=1:-40,2:-45,3:-47,4:-61,5:-77,6:-79,7:-81,8:-84|crit=0
L|1|MG_QT05|CAP_AD|REF|move=f8e6|score=93|mate=-|depth=19|nodes=3204289|crit=0
L|1|MG_QT05|CAP_AM|SEL|move=f8e6|slotScore=-79|top1=-43|gap=36|rule=cap|hit=cap|slotUsed=8|seed=3108387363|probs=1:0,2:2,3:4,4:15,5:19,6:27,7:32,8:36|depth=11|nodes=297407|slots=1:-43,2:-45,3:-47,4:-58,5:-62,6:-70,7:-75,8:-79|crit=0
L|1|MG_QT05|CAP_AM|REF|move=f8e6|score=90|mate=-|depth=19|nodes=3436474|crit=0
L|1|MG_QT05|NOI_AM|SEL|move=h7i7|slotScore=-61|top1=-41|gap=20|rule=noise|hit=engine|slotUsed=4|seed=3993728529|probs=p=0.25,legal=33|depth=12|nodes=266035|slots=1:-41,2:-43,3:-52,4:-61|crit=0
L|1|MG_QT05|NOI_AM|REF|move=h7i7|score=71|mate=-|depth=22|nodes=3400332|crit=0
L|1|MG_QT05|AC_AD|SEL|move=f8e6|slotScore=-86|top1=-42|gap=44|rule=capnoise|hit=cap|slotUsed=8|seed=2822260110|probs=cap=60,p=0.1,legal=33,1:0,2:3,3:6,4:20,5:26,6:26,7:43,8:44|depth=11|nodes=300243|slots=1:-42,2:-45,3:-48,4:-62,5:-68,6:-68,7:-85,8:-86|crit=0
L|1|MG_QT05|AC_AD|REF|move=f8e6|score=97|mate=-|depth=19|nodes=3351946|crit=0
L|1|MG_QT05|AC_AM|SEL|move=f8e6|slotScore=-72|top1=-40|gap=32|rule=capnoise|hit=cap|slotUsed=8|seed=2939695285|probs=cap=200,p=0.25,legal=33,1:0,2:5,3:8,4:18,5:26,6:42,7:46,8:32|depth=10|nodes=286367|slots=1:-40,2:-45,3:-48,4:-58,5:-66,6:-82,7:-86,8:-72|crit=0
L|1|MG_QT05|AC_AM|REF|move=f8e6|score=94|mate=-|depth=21|nodes=3311805|crit=0
L|1|MG_QT05|BN_AD|SEL|move=i9i8|slotScore=-88|top1=-45|gap=43|rule=boundednoise|hit=cap|slotUsed=8|seed=378864530|probs=cap=60,p=0.25,gapmode=hybrid,legal=33,pjn=na,pjudged=na,1:0,2:2,3:2,4:7,5:15,6:27,7:36,8:43,accept=na|depth=10|nodes=292086|slots=1:-45,2:-47,3:-47,4:-52,5:-60,6:-72,7:-81,8:-88|pnodes=-|pdepth=-|pslots=-|pmoves=1:h7h9,2:i9h9,3:i6i5,4:h7i7,5:b9c7,6:i9g9,7:h7g7,8:i9i8|qmoves=-|crit=0
L|1|MG_QT05|BN_AD|REF|move=i9i8|score=140|mate=-|depth=22|nodes=3420007|crit=0
L|1|MG_QT05|BN_AM|SEL|move=a7b7|slotScore=-89|top1=-41|gap=48|rule=boundednoise|hit=cap|slotUsed=8|seed=496369305|probs=cap=200,p=0.4,gapmode=hybrid,legal=33,pjn=na,pjudged=na,1:0,2:0,3:7,4:13,5:27,6:38,7:42,8:48,accept=na|depth=12|nodes=282951|slots=1:-41,2:-41,3:-48,4:-54,5:-68,6:-79,7:-83,8:-89|pnodes=-|pdepth=-|pslots=-|pmoves=1:h7h9,2:i9h9,3:i6i5,4:h7i7,5:b9c7,6:i9i7,7:h7g7,8:a7b7|qmoves=-|crit=0
L|1|MG_QT05|BN_AM|REF|move=a7b7|score=123|mate=-|depth=20|nodes=3399309|crit=0
L|1|MG_QT05|BN_P2|SEL|move=i9i7|slotScore=-82|top1=-45|gap=37|rule=boundednoise|hit=cap|slotUsed=8|seed=3798705073|probs=cap=200,p=0.4,gapmode=pool,legal=33,pjn=8,pjudged=8,1:0,2:5,3:2,4:12,5:33,6:35,7:36,8:37,accept=8|depth=11|nodes=282251|slots=1:-45,2:-50,3:-47,4:-57,5:-78,6:-80,7:-81,8:-82|pnodes=-|pdepth=-|pslots=-|pmoves=1:h7h9,2:i6i5,3:i9h9,4:h7i7,5:b9c7,6:f8e6,7:h7g7,8:i9i7|qmoves=-|crit=0
L|1|MG_QT05|BN_P2|REF|move=i9i7|score=68|mate=-|depth=21|nodes=3216263|crit=0
L|1|MG_QT05|ANCH|SEL|move=h7h9|slotScore=-40|top1=-40|gap=0|rule=anchor|hit=anchor|slotUsed=1|seed=835863248|probs=|depth=22|nodes=3451308|slots=1:-40|crit=0
L|1|MG_QT05|ANCH|REF|move=h7h9|score=33|mate=-|depth=23|nodes=3267014|crit=0
PROG|1|MG_QT05
L|1|MG_QT10|ANCHOR|move=i9h9|score=-29|mate=-|depth=25|nodes=3552333|crit=0
L|1|MG_QT10|AM0|SEL|move=i9i7|slotScore=-69|top1=-33|gap=36|rule=slot|hit=slot|slotUsed=4|seed=1791643342|probs=|depth=13|nodes=303032|slots=1:-33,2:-65,3:-67,4:-69|crit=0
L|1|MG_QT10|AM0|REF|move=i9i7|score=66|mate=-|depth=20|nodes=3359990|crit=0
L|1|MG_QT10|AD0|SEL|move=f8h9|slotScore=-63|top1=-35|gap=28|rule=slot|hit=slot|slotUsed=3|seed=1960703535|probs=|depth=13|nodes=542440|slots=1:-35,2:-49,3:-63|crit=0
L|1|MG_QT10|AD0|REF|move=f8h9|score=85|mate=-|depth=22|nodes=3690044|crit=0
L|1|MG_QT10|EX0|SEL|move=f8h7|slotScore=-50|top1=-36|gap=14|rule=slot|hit=slot|slotUsed=2|seed=806346119|probs=|depth=17|nodes=914731|slots=1:-36,2:-50|crit=0
L|1|MG_QT10|EX0|REF|move=f8h7|score=67|mate=-|depth=21|nodes=3564728|crit=0
L|1|MG_QT10|CAP_AD|SEL|move=c5c4|slotScore=-69|top1=-30|gap=39|rule=cap|hit=cap|slotUsed=8|seed=1488104274|probs=1:0,2:32,3:34,4:34,5:43,6:45,7:47,8:39|depth=10|nodes=288531|slots=1:-30,2:-62,3:-64,4:-64,5:-73,6:-75,7:-77,8:-69|crit=0
L|1|MG_QT10|CAP_AD|REF|move=c5c4|score=111|mate=-|depth=20|nodes=3449652|crit=0
L|1|MG_QT10|CAP_AM|SEL|move=a7d7|slotScore=-95|top1=-35|gap=60|rule=cap|hit=cap|slotUsed=8|seed=1605543513|probs=1:0,2:24,3:31,4:36,5:46,6:51,7:58,8:60|depth=10|nodes=298763|slots=1:-35,2:-59,3:-66,4:-71,5:-81,6:-86,7:-93,8:-95|crit=0
L|1|MG_QT10|CAP_AM|REF|move=a7d7|score=123|mate=-|depth=21|nodes=3544125|crit=0
L|1|MG_QT10|NOI_AM|SEL|move=a7b7|slotScore=NA|top1=-40|gap=NA|rule=noise|hit=rand|slotUsed=-1|seed=2231499475|probs=p=0.25,legal=29|depth=14|nodes=284227|slots=1:-40,2:-56,3:-67,4:-68|crit=0
L|1|MG_QT10|NOI_AM|REF|move=a7b7|score=108|mate=-|depth=23|nodes=3586090|crit=0
L|1|MG_QT10|AC_AD|SEL|move=c5c4|slotScore=-87|top1=-39|gap=48|rule=capnoise|hit=cap|slotUsed=8|seed=127539160|probs=cap=60,p=0.1,legal=29,1:0,2:15,3:17,4:36,5:39,6:40,7:48,8:48|depth=10|nodes=305517|slots=1:-39,2:-54,3:-56,4:-75,5:-78,6:-79,7:-87,8:-87|crit=0
L|1|MG_QT10|AC_AD|REF|move=c5c4|score=113|mate=-|depth=21|nodes=3441338|crit=0
L|1|MG_QT10|AC_AM|SEL|move=c3b5|slotScore=NA|top1=-37|gap=NA|rule=capnoise|hit=rand|slotUsed=-1|seed=244974303|probs=cap=200,p=0.25,legal=29,1:0,2:12,3:19,4:32,5:35,6:48,7:48,8:53,wouldBe=8|depth=10|nodes=259134|slots=1:-37,2:-49,3:-56,4:-69,5:-72,6:-85,7:-85,8:-90|crit=0
L|1|MG_QT10|AC_AM|REF|move=c3b5|score=160|mate=-|depth=20|nodes=3161066|crit=0
L|1|MG_QT10|BN_AD|SEL|move=a6a5|slotScore=-62|top1=-35|gap=27|rule=boundednoise|hit=brand|slotUsed=4|seed=431557384|probs=cap=60,p=0.25,gapmode=hybrid,legal=29,pjn=11,pjudged=24,1:0,2:12,3:32,4:27,5:42,6:44,7:46,8:47,wouldBe=8,accept=11,agap=27|depth=12|nodes=302115|slots=1:-35,2:-47,3:-67,4:-62,5:-77,6:-79,7:-81,8:-82|pnodes=316918|pdepth=8|pslots=1:-34,2:-54,3:-66,4:-69,5:-73,6:-80,7:-82,8:-85,9:-91,10:-98,11:-99,12:-83,13:-91,14:-108,15:-111,16:-116|pmoves=1:i9h9,2:f8h7,3:i9i7,4:a6a5,5:i9g9,6:c3e4,7:f8h9,8:f9g9|qmoves=1:i9h9,2:f8h7,3:a6a5,4:i9i7,5:f8h9,6:f9g9,7:i9g9,8:i9i8,9:a7d7,10:e8d7,11:a7a8,12:c3e4,13:c5c4,14:a7b7,15:a7c7,16:f9h9|crit=0
L|1|MG_QT10|BN_AD|REF|move=a6a5|score=60|mate=-|depth=22|nodes=3593931|crit=0
L|1|MG_QT10|BN_AM|SEL|move=i9g9|slotScore=-80|top1=-34|gap=46|rule=boundednoise|hit=cap|slotUsed=8|seed=548996623|probs=cap=200,p=0.4,gapmode=hybrid,legal=29,pjn=na,pjudged=na,1:0,2:16,3:23,4:32,5:42,6:42,7:51,8:46,accept=na|depth=10|nodes=291120|slots=1:-34,2:-50,3:-57,4:-66,5:-76,6:-76,7:-85,8:-80|pnodes=-|pdepth=-|pslots=-|pmoves=1:i9h9,2:f8h7,3:i9i7,4:a6a5,5:f9g9,6:f8h9,7:c3e4,8:i9g9|qmoves=-|crit=0
L|1|MG_QT10|BN_AM|REF|move=i9g9|score=111|mate=-|depth=21|nodes=3526463|crit=0
L|1|MG_QT10|BN_P2|SEL|move=i9h9|slotScore=-41|top1=-41|gap=0|rule=boundednoise|hit=brand|slotUsed=1|seed=1233954483|probs=cap=200,p=0.4,gapmode=pool,legal=29,pjn=8,pjudged=8,1:0,2:15,3:31,4:32,5:35,6:42,7:44,8:49,wouldBe=8,accept=8,agap=0|depth=10|nodes=292608|slots=1:-41,2:-56,3:-72,4:-73,5:-76,6:-83,7:-85,8:-90|pnodes=-|pdepth=-|pslots=-|pmoves=1:i9h9,2:f8h7,3:a6a5,4:i9i7,5:f8h9,6:f9g9,7:a7a8,8:i9g9|qmoves=-|crit=0
L|1|MG_QT10|BN_P2|REF|move=i9h9|score=26|mate=-|depth=24|nodes=3676928|crit=0
L|1|MG_QT10|ANCH|SEL|move=i9h9|slotScore=-29|top1=-29|gap=0|rule=anchor|hit=anchor|slotUsed=1|seed=1263141998|probs=|depth=25|nodes=3552333|slots=1:-29|crit=0
L|1|MG_QT10|ANCH|REF|move=i9h9|score=24|mate=-|depth=23|nodes=3617061|crit=0
PROG|1|MG_QT10
L|1|MG_QT14|ANCHOR|move=f4b4|score=-26|mate=-|depth=26|nodes=3783256|crit=0
L|1|MG_QT14|AM0|SEL|move=c3e4|slotScore=-50|top1=-32|gap=18|rule=slot|hit=slot|slotUsed=4|seed=4191372506|probs=|depth=13|nodes=293358|slots=1:-32,2:-38,3:-38,4:-50|crit=0
L|1|MG_QT14|AM0|REF|move=c3e4|score=59|mate=-|depth=24|nodes=3838007|crit=0
L|1|MG_QT14|AD0|SEL|move=f4f2|slotScore=-40|top1=-24|gap=16|rule=slot|hit=slot|slotUsed=3|seed=65203259|probs=|depth=17|nodes=614737|slots=1:-24,2:-33,3:-40|crit=0
L|1|MG_QT14|AD0|REF|move=f4f2|score=74|mate=-|depth=26|nodes=4087568|crit=0
L|1|MG_QT14|EX0|SEL|move=a7b7|slotScore=-44|top1=-30|gap=14|rule=slot|hit=slot|slotUsed=2|seed=680214547|probs=|depth=20|nodes=946838|slots=1:-30,2:-44|crit=0
L|1|MG_QT14|EX0|REF|move=a7b7|score=26|mate=-|depth=25|nodes=3670632|crit=0
L|1|MG_QT14|CAP_AD|SEL|move=f4f2|slotScore=-66|top1=-28|gap=38|rule=cap|hit=cap|slotUsed=7|seed=3209365454|probs=1:0,2:0,3:22,4:4,5:29,6:29,7:38,8:66|depth=12|nodes=322592|slots=1:-28,2:-28,3:-50,4:-32,5:-57,6:-57,7:-66,8:-94|crit=0
L|1|MG_QT14|CAP_AD|REF|move=f4f2|score=79|mate=-|depth=23|nodes=3831879|crit=0
L|1|MG_QT14|CAP_AM|SEL|move=e9f9|slotScore=-89|top1=-32|gap=57|rule=cap|hit=cap|slotUsed=8|seed=3326866165|probs=1:0,2:2,3:16,4:28,5:30,6:40,7:47,8:57|depth=12|nodes=290819|slots=1:-32,2:-34,3:-48,4:-60,5:-62,6:-72,7:-79,8:-89|crit=0
L|1|MG_QT14|CAP_AM|REF|move=e9f9|score=114|mate=-|depth=22|nodes=3666991|crit=0
L|1|MG_QT14|NOI_AM|SEL|move=a7c7|slotScore=-56|top1=-29|gap=27|rule=noise|hit=engine|slotUsed=4|seed=39344847|probs=p=0.25,legal=37|depth=13|nodes=307527|slots=1:-29,2:-29,3:-55,4:-56|crit=0
L|1|MG_QT14|NOI_AM|REF|move=a7c7|score=62|mate=-|depth=22|nodes=3770449|crit=0
L|1|MG_QT14|AC_AD|SEL|move=e8d7|slotScore=-86|top1=-41|gap=45|rule=capnoise|hit=cap|slotUsed=7|seed=2074305756|probs=cap=60,p=0.1,legal=37,1:0,2:3,3:12,4:16,5:23,6:36,7:45,8:63|depth=12|nodes=315073|slots=1:-41,2:-44,3:-53,4:-57,5:-64,6:-77,7:-86,8:-104|crit=0
L|1|MG_QT14|AC_AD|REF|move=e8d7|score=67|mate=-|depth=24|nodes=3807879|crit=0
L|1|MG_QT14|AC_AM|SEL|move=e8f7|slotScore=-103|top1=-36|gap=67|rule=capnoise|hit=cap|slotUsed=8|seed=1923314995|probs=cap=200,p=0.25,legal=37,1:0,2:6,3:13,4:25,5:26,6:26,7:27,8:67|depth=12|nodes=301132|slots=1:-36,2:-42,3:-49,4:-61,5:-62,6:-62,7:-63,8:-103|crit=0
L|1|MG_QT14|AC_AM|REF|move=e8f7|score=120|mate=-|depth=23|nodes=4010984|crit=0
L|1|MG_QT14|BN_AD|SEL|move=e9f9|slotScore=-93|top1=-35|gap=58|rule=boundednoise|hit=cap|slotUsed=8|seed=77871732|probs=cap=60,p=0.25,gapmode=hybrid,legal=37,pjn=na,pjudged=na,1:0,2:5,3:6,4:18,5:24,6:25,7:31,8:58,accept=na|depth=11|nodes=301950|slots=1:-35,2:-40,3:-41,4:-53,5:-59,6:-60,7:-66,8:-93|pnodes=-|pdepth=-|pslots=-|pmoves=1:f4b4,2:a7b7,3:c3e4,4:f4f2,5:a7c7,6:e8d7,7:f4e4,8:e9f9|qmoves=-|crit=0
L|1|MG_QT14|BN_AD|REF|move=e9f9|score=120|mate=-|depth=22|nodes=3715235|crit=0
L|1|MG_QT14|BN_AM|SEL|move=c5c4|slotScore=NA|top1=-35|gap=NA|rule=boundednoise|hit=brand|slotUsed=-1|seed=195309947|probs=cap=200,p=0.4,gapmode=hybrid,legal=37,pjn=16,pjudged=24,1:0,2:18,3:21,4:18,5:22,6:33,7:33,8:55,wouldBe=8,accept=16,agap=88|depth=12|nodes=316850|slots=1:-35,2:-53,3:-56,4:-53,5:-57,6:-68,7:-68,8:-90|pnodes=331645|pdepth=10|pslots=1:-36,2:-41,3:-57,4:-58,5:-61,6:-70,7:-72,8:-101,9:-107,10:-112,11:-116,12:-124,13:-125,14:-132,15:-121,16:-134|pmoves=1:f4b4,2:f4f2,3:a7b7,4:c3e4,5:f4e4,6:e8d7,7:a7c7,8:e8f7|qmoves=1:f4b4,2:a7b7,3:f4f2,4:c3e4,5:a7c7,6:e8d7,7:f4e4,8:e9f9,9:e8f7,10:f4d4,11:a7d7,12:c5c4,13:g7h5,14:f4f8,15:a6a5,16:f4f6|crit=0
L|1|MG_QT14|BN_AM|REF|move=c5c4|score=167|mate=-|depth=23|nodes=3758531|crit=0
L|1|MG_QT14|BN_P2|SEL|move=e9f9|slotScore=-94|top1=-30|gap=64|rule=boundednoise|hit=cap|slotUsed=8|seed=746316871|probs=cap=200,p=0.4,gapmode=pool,legal=37,pjn=8,pjudged=8,1:0,2:3,3:23,4:26,5:30,6:38,7:59,8:64,accept=8|depth=13|nodes=321551|slots=1:-30,2:-33,3:-53,4:-56,5:-60,6:-68,7:-89,8:-94|pnodes=-|pdepth=-|pslots=-|pmoves=1:a7b7,2:f4b4,3:f4f2,4:c3e4,5:f4e4,6:a7c7,7:e8d7,8:e9f9|qmoves=-|crit=0
L|1|MG_QT14|BN_P2|REF|move=e9f9|score=123|mate=-|depth=20|nodes=3791945|crit=0
L|1|MG_QT14|ANCH|SEL|move=f4b4|slotScore=-26|top1=-26|gap=0|rule=anchor|hit=anchor|slotUsed=1|seed=1568957138|probs=|depth=26|nodes=3783256|slots=1:-26|crit=0
L|1|MG_QT14|ANCH|REF|move=f4b4|score=29|mate=-|depth=28|nodes=3765727|crit=0
PROG|1|MG_QT14
L|1|MG_QT19|ANCHOR|move=c7c3|score=-16|mate=-|depth=30|nodes=3407085|crit=0
L|1|MG_QT19|AM0|SEL|move=c7d7|slotScore=-595|top1=-15|gap=580|rule=slot|hit=slot|slotUsed=4|seed=2044305769|probs=|depth=16|nodes=287975|slots=1:-15,2:-585,3:-593,4:-595|crit=0
L|1|MG_QT19|AM0|REF|move=c7d7|score=600|mate=-|depth=30|nodes=3477975|crit=0
L|1|MG_QT19|AD0|SEL|move=c7b7|slotScore=-583|top1=-15|gap=568|rule=slot|hit=slot|slotUsed=3|seed=1875310600|probs=|depth=18|nodes=551000|slots=1:-15,2:-577,3:-583|crit=0
L|1|MG_QT19|AD0|REF|move=c7b7|score=600|mate=-|depth=27|nodes=3628228|crit=0
L|1|MG_QT19|EX0|SEL|move=c7a7|slotScore=-593|top1=-17|gap=576|rule=slot|hit=slot|slotUsed=2|seed=1006353000|probs=|depth=21|nodes=910010|slots=1:-17,2:-593|crit=0
L|1|MG_QT19|EX0|REF|move=c7a7|score=590|mate=-|depth=30|nodes=3584279|crit=0
L|1|MG_QT19|CAP_AD|SEL|move=c7c3|slotScore=-19|top1=-19|gap=0|rule=cap|hit=above|slotUsed=1|seed=2799906375|probs=1:0,2:552,3:560,4:578,5:629,6:692,7:693,8:737|depth=13|nodes=305740|slots=1:-19,2:-571,3:-579,4:-597,5:-648,6:-711,7:-712,8:-756|crit=0
L|1|MG_QT19|CAP_AD|REF|move=c7c3|score=13|mate=-|depth=28|nodes=3466282|crit=0
L|1|MG_QT19|CAP_AM|SEL|move=c7c3|slotScore=-18|top1=-18|gap=0|rule=cap|hit=above|slotUsed=1|seed=2950895632|probs=1:0,2:560,3:567,4:574,5:607,6:697,7:702,8:710|depth=13|nodes=313635|slots=1:-18,2:-578,3:-585,4:-592,5:-625,6:-715,7:-720,8:-728|crit=0
L|1|MG_QT19|CAP_AM|REF|move=c7c3|score=14|mate=-|depth=28|nodes=3467956|crit=0
L|1|MG_QT19|NOI_AM|SEL|move=a6a5|slotScore=NA|top1=-14|gap=NA|rule=noise|hit=rand|slotUsed=-1|seed=2288445942|probs=p=0.25,legal=33|depth=14|nodes=287366|slots=1:-14,2:-591,3:-598,4:-604|crit=0
L|1|MG_QT19|NOI_AM|REF|move=a6a5|score=841|mate=-|depth=26|nodes=4007971|crit=0
L|1|MG_QT19|AC_AD|SEL|move=c7c3|slotScore=-18|top1=-18|gap=0|rule=capnoise|hit=above|slotUsed=1|seed=1763333507|probs=cap=60,p=0.1,legal=33,1:0,2:567,3:570,4:586,5:638,6:711,7:747,8:711|depth=14|nodes=309975|slots=1:-18,2:-585,3:-588,4:-604,5:-656,6:-729,7:-765,8:-729|crit=0
L|1|MG_QT19|AC_AD|REF|move=c7c3|score=17|mate=-|depth=28|nodes=3586734|crit=0
L|1|MG_QT19|AC_AM|SEL|move=c7c3|slotScore=-18|top1=-18|gap=0|rule=capnoise|hit=rand|slotUsed=1|seed=1914324908|probs=cap=200,p=0.25,legal=33,1:0,2:569,3:569,4:587,5:633,6:703,7:706,8:712,wouldBe=1|depth=15|nodes=323745|slots=1:-18,2:-587,3:-587,4:-605,5:-651,6:-721,7:-724,8:-730|crit=0
L|1|MG_QT19|AC_AM|REF|move=c7c3|score=15|mate=-|depth=30|nodes=3517801|crit=0
L|1|MG_QT19|BN_AD|SEL|move=c7c3|slotScore=-18|top1=-18|gap=0|rule=boundednoise|hit=brand|slotUsed=1|seed=3917733231|probs=cap=60,p=0.25,gapmode=hybrid,legal=33,pjn=1,pjudged=24,1:0,2:569,3:572,4:594,5:623,6:697,7:701,8:737,wouldBe=1,accept=1,agap=0|depth=14|nodes=308153|slots=1:-18,2:-587,3:-590,4:-612,5:-641,6:-715,7:-719,8:-755|pnodes=335002|pdepth=13|pslots=1:-18,2:-574,3:-590,4:-599,5:-651,6:-741,7:-746,8:-749,9:-750,10:-753,11:-765,12:-770,13:-786,14:-793,15:-802,16:-812|pmoves=1:c7c3,2:c7b7,3:c7d7,4:c7a7,5:g7e6,6:b5e5,7:e8d7,8:g7h5|qmoves=1:c7c3,2:c7b7,3:c7a7,4:c7d7,5:g7e6,6:b5e5,7:e8d7,8:g5g4,9:g7h5,10:e8f7,11:c7c6,12:c7c8,13:c9a7,14:f8f9,15:a6a5,16:b5b7|crit=0
L|1|MG_QT19|BN_AD|REF|move=c7c3|score=18|mate=-|depth=31|nodes=3350302|crit=0
L|1|MG_QT19|BN_AM|SEL|move=c7c3|slotScore=-17|top1=-17|gap=0|rule=boundednoise|hit=brand|slotUsed=1|seed=3800295016|probs=cap=200,p=0.4,gapmode=hybrid,legal=33,pjn=1,pjudged=24,1:0,2:573,3:577,4:577,5:631,6:705,7:711,8:719,wouldBe=1,accept=1,agap=0|depth=15|nodes=305864|slots=1:-17,2:-590,3:-594,4:-594,5:-648,6:-722,7:-728,8:-736|pnodes=339474|pdepth=12|pslots=1:-21,2:-599,3:-600,4:-596,5:-635,6:-728,7:-736,8:-742,9:-744,10:-764,11:-772,12:-772,13:-784,14:-786,15:-799,16:-808|pmoves=1:c7c3,2:c7b7,3:c7d7,4:c7a7,5:g7e6,6:e8d7,7:b5e5,8:g5g4|qmoves=1:c7c3,2:c7b7,3:c7d7,4:c7a7,5:g7e6,6:b5e5,7:e8d7,8:g5g4,9:g7h5,10:e8f7,11:c7c6,12:f8f9,13:c7c8,14:g7i6,15:c9a7,16:a6a5|crit=0
L|1|MG_QT19|BN_AM|REF|move=c7c3|score=17|mate=-|depth=31|nodes=3514477|crit=0
L|1|MG_QT19|BN_P2|SEL|move=c7c3|slotScore=-18|top1=-18|gap=0|rule=boundednoise|hit=above|slotUsed=1|seed=3311199464|probs=cap=200,p=0.4,gapmode=pool,legal=33,pjn=1,pjudged=8,1:0,2:535,3:577,4:579,5:623,6:701,7:729,8:736,accept=1|depth=16|nodes=331953|slots=1:-18,2:-553,3:-595,4:-597,5:-641,6:-719,7:-747,8:-754|pnodes=-|pdepth=-|pslots=-|pmoves=1:c7c3,2:c7b7,3:c7d7,4:c7a7,5:g7e6,6:b5e5,7:e8d7,8:g5g4|qmoves=-|crit=0
L|1|MG_QT19|BN_P2|REF|move=c7c3|score=15|mate=-|depth=32|nodes=3634584|crit=0
L|1|MG_QT19|ANCH|SEL|move=c7c3|slotScore=-16|top1=-16|gap=0|rule=anchor|hit=anchor|slotUsed=1|seed=3549339947|probs=|depth=30|nodes=3407085|slots=1:-16|crit=0
L|1|MG_QT19|ANCH|REF|move=c7c3|score=17|mate=-|depth=31|nodes=3702204|crit=0
PROG|1|MG_QT19
L|1|MG_QT24|ANCHOR|move=g7f5|score=-17|mate=-|depth=31|nodes=3610047|crit=0
L|1|MG_QT24|AM0|SEL|move=g7e6|slotScore=-23|top1=-15|gap=8|rule=slot|hit=slot|slotUsed=4|seed=3085772033|probs=|depth=14|nodes=291422|slots=1:-15,2:-18,3:-18,4:-23|crit=0
L|1|MG_QT24|AM0|REF|move=g7e6|score=15|mate=-|depth=28|nodes=3462138|crit=0
L|1|MG_QT24|AD0|SEL|move=g7e6|slotScore=-17|top1=-15|gap=2|rule=slot|hit=slot|slotUsed=3|seed=3456315920|probs=|depth=17|nodes=544340|slots=1:-15,2:-16,3:-17|crit=0
L|1|MG_QT24|AD0|REF|move=g7e6|score=16|mate=-|depth=28|nodes=3642284|crit=0
L|1|MG_QT24|EX0|SEL|move=g5e7|slotScore=-16|top1=-15|gap=1|rule=slot|hit=slot|slotUsed=2|seed=426681888|probs=|depth=23|nodes=927045|slots=1:-15,2:-16|crit=0
L|1|MG_QT24|EX0|REF|move=g5e7|score=16|mate=-|depth=26|nodes=3468050|crit=0
L|1|MG_QT24|CAP_AD|SEL|move=c9e7|slotScore=-26|top1=-12|gap=14|rule=cap|hit=cap|slotUsed=8|seed=95444079|probs=1:0,2:5,3:7,4:9,5:10,6:12,7:13,8:14|depth=13|nodes=329249|slots=1:-12,2:-17,3:-19,4:-21,5:-22,6:-24,7:-25,8:-26|crit=0
L|1|MG_QT24|CAP_AD|REF|move=c9e7|score=22|mate=-|depth=29|nodes=3536512|crit=0
L|1|MG_QT24|CAP_AM|SEL|move=c9e7|slotScore=-24|top1=-17|gap=7|rule=cap|hit=cap|slotUsed=8|seed=4272972136|probs=1:0,2:1,3:3,4:3,5:6,6:6,7:6,8:7|depth=13|nodes=272254|slots=1:-17,2:-18,3:-20,4:-20,5:-23,6:-23,7:-23,8:-24|crit=0
L|1|MG_QT24|CAP_AM|REF|move=c9e7|score=21|mate=-|depth=29|nodes=3270244|crit=0
L|1|MG_QT24|NOI_AM|SEL|move=g7e6|slotScore=-20|top1=-12|gap=8|rule=noise|hit=engine|slotUsed=4|seed=32862622|probs=p=0.25,legal=33|depth=14|nodes=271360|slots=1:-12,2:-20,3:-19,4:-20|crit=0
L|1|MG_QT24|NOI_AM|REF|move=g7e6|score=15|mate=-|depth=28|nodes=3560771|crit=0
L|1|MG_QT24|AC_AD|SEL|move=g7i8|slotScore=NA|top1=-16|gap=NA|rule=capnoise|hit=rand|slotUsed=-1|seed=1698668251|probs=cap=60,p=0.1,legal=33,1:0,2:1,3:3,4:3,5:7,6:7,7:9,8:10,wouldBe=8|depth=13|nodes=290697|slots=1:-16,2:-17,3:-19,4:-19,5:-23,6:-23,7:-25,8:-26|crit=0
L|1|MG_QT24|AC_AD|REF|move=g7i8|score=541|mate=-|depth=26|nodes=3967511|crit=0
L|1|MG_QT24|AC_AM|SEL|move=g7h5|slotScore=NA|top1=-16|gap=NA|rule=capnoise|hit=rand|slotUsed=-1|seed=1581229012|probs=cap=200,p=0.25,legal=33,1:0,2:3,3:4,4:5,5:8,6:11,7:13,8:14,wouldBe=8|depth=13|nodes=300212|slots=1:-16,2:-19,3:-20,4:-21,5:-24,6:-27,7:-29,8:-30|crit=0
L|1|MG_QT24|AC_AM|REF|move=g7h5|score=549|mate=-|depth=26|nodes=3831397|crit=0
L|1|MG_QT24|BN_AD|SEL|move=e4d4|slotScore=NA|top1=-14|gap=NA|rule=boundednoise|hit=brand|slotUsed=-1|seed=214983287|probs=cap=60,p=0.25,gapmode=hybrid,legal=33,pjn=16,pjudged=24,1:0,2:7,3:6,4:9,5:11,6:13,7:13,8:14,wouldBe=8,accept=16,agap=14|depth=13|nodes=308947|slots=1:-14,2:-21,3:-20,4:-23,5:-25,6:-27,7:-27,8:-28|pnodes=329392|pdepth=11|pslots=1:-18,2:-20,3:-23,4:-23,5:-25,6:-26,7:-29,8:-30,9:-31,10:-32,11:-32,12:-39,13:-41,14:-44,15:-59,16:-60|pmoves=1:g7f5,2:f8f9,3:g5e7,4:g7e6,5:c3d3,6:c3b3,7:e8d7,8:c9e7|qmoves=1:g7f5,2:f8f9,3:g5e7,4:g7e6,5:e8d7,6:c3d3,7:c9e7,8:c3b3,9:c9a7,10:e4d4,11:g5i7,12:e8f9,13:a6a5,14:e8f7,15:g7i6,16:c3c1|crit=0
L|1|MG_QT24|BN_AD|REF|move=e4d4|score=26|mate=-|depth=26|nodes=3599335|crit=0
L|1|MG_QT24|BN_AM|SEL|move=c9e7|slotScore=-28|top1=-13|gap=15|rule=boundednoise|hit=cap|slotUsed=8|seed=365976576|probs=cap=200,p=0.4,gapmode=hybrid,legal=33,pjn=na,pjudged=na,1:0,2:3,3:3,4:8,5:10,6:13,7:13,8:15,accept=na|depth=13|nodes=315126|slots=1:-13,2:-16,3:-16,4:-21,5:-23,6:-26,7:-26,8:-28|pnodes=-|pdepth=-|pslots=-|pmoves=1:g7f5,2:g5e7,3:f8f9,4:g7e6,5:e8d7,6:c3d3,7:c9a7,8:c9e7|qmoves=-|crit=0
L|1|MG_QT24|BN_AM|REF|move=c9e7|score=19|mate=-|depth=27|nodes=3426943|crit=0
L|1|MG_QT24|BN_P2|SEL|move=g7e6|slotScore=-20|top1=-14|gap=6|rule=boundednoise|hit=brand|slotUsed=4|seed=150636976|probs=cap=200,p=0.4,gapmode=pool,legal=33,pjn=8,pjudged=8,1:0,2:0,3:5,4:6,5:7,6:8,7:9,8:12,wouldBe=8,accept=8,agap=6|depth=14|nodes=319030|slots=1:-14,2:-14,3:-19,4:-20,5:-21,6:-22,7:-23,8:-26|pnodes=-|pdepth=-|pslots=-|pmoves=1:g7f5,2:g5e7,3:f8f9,4:g7e6,5:c3d3,6:c9e7,7:e8d7,8:c9a7|qmoves=-|crit=0
L|1|MG_QT24|BN_P2|REF|move=g7e6|score=16|mate=-|depth=27|nodes=3397148|crit=0
L|1|MG_QT24|ANCH|SEL|move=g7f5|slotScore=-17|top1=-17|gap=0|rule=anchor|hit=anchor|slotUsed=1|seed=1387926435|probs=|depth=31|nodes=3610047|slots=1:-17|crit=0
L|1|MG_QT24|ANCH|REF|move=g7f5|score=14|mate=-|depth=28|nodes=3571492|crit=0
PROG|1|MG_QT24
L|1|MG_QT29|ANCHOR|move=a9b9|score=-14|mate=-|depth=24|nodes=3272629|crit=0
L|1|MG_QT29|AM0|SEL|move=d9e8|slotScore=-21|top1=-13|gap=8|rule=slot|hit=slot|slotUsed=4|seed=1582414178|probs=|depth=14|nodes=273915|slots=1:-13,2:-13,3:-18,4:-21|crit=0
L|1|MG_QT29|AM0|REF|move=d9e8|score=26|mate=-|depth=23|nodes=3294161|crit=0
L|1|MG_QT29|AD0|SEL|move=h9h6|slotScore=-13|top1=-11|gap=2|rule=slot|hit=slot|slotUsed=3|seed=3896195443|probs=|depth=16|nodes=522566|slots=1:-11,2:-17,3:-13|crit=0
L|1|MG_QT29|AD0|REF|move=h9h6|score=12|mate=-|depth=26|nodes=3328850|crit=0
L|1|MG_QT29|EX0|SEL|move=a9b9|slotScore=-11|top1=-10|gap=1|rule=slot|hit=slot|slotUsed=2|seed=755585947|probs=|depth=20|nodes=862474|slots=1:-10,2:-11|crit=0
L|1|MG_QT29|EX0|REF|move=a9b9|score=17|mate=-|depth=24|nodes=3330465|crit=0
L|1|MG_QT29|CAP_AD|SEL|move=g7f5|slotScore=-28|top1=-15|gap=13|rule=cap|hit=cap|slotUsed=8|seed=2445994406|probs=1:0,2:0,3:0,4:7,5:12,6:12,7:12,8:13|depth=11|nodes=278887|slots=1:-15,2:-15,3:-15,4:-22,5:-27,6:-27,7:-27,8:-28|crit=0
L|1|MG_QT29|CAP_AD|REF|move=g7f5|score=55|mate=-|depth=24|nodes=3241555|crit=0
L|1|MG_QT29|CAP_AM|SEL|move=c7b5|slotScore=-39|top1=-13|gap=26|rule=cap|hit=cap|slotUsed=8|seed=2295005085|probs=1:0,2:3,3:8,4:12,5:18,6:23,7:33,8:26|depth=11|nodes=273884|slots=1:-13,2:-16,3:-21,4:-25,5:-31,6:-36,7:-46,8:-39|crit=0
L|1|MG_QT29|CAP_AM|REF|move=c7b5|score=37|mate=-|depth=22|nodes=3213635|crit=0
L|1|MG_QT29|NOI_AM|SEL|move=d9e8|slotScore=-22|top1=-19|gap=3|rule=noise|hit=engine|slotUsed=4|seed=2508784167|probs=p=0.25,legal=41|depth=14|nodes=262385|slots=1:-19,2:-20,3:-21,4:-22|crit=0
L|1|MG_QT29|NOI_AM|REF|move=d9e8|score=28|mate=-|depth=23|nodes=3293610|crit=0
L|1|MG_QT29|AC_AD|SEL|move=g7f5|slotScore=-36|top1=-14|gap=22|rule=capnoise|hit=cap|slotUsed=8|seed=2304272996|probs=cap=60,p=0.1,legal=41,1:0,2:2,3:3,4:12,5:16,6:19,7:19,8:22|depth=12|nodes=288912|slots=1:-14,2:-16,3:-17,4:-26,5:-30,6:-33,7:-33,8:-36|crit=0
L|1|MG_QT29|AC_AD|REF|move=g7f5|score=64|mate=-|depth=26|nodes=3406839|crit=0
L|1|MG_QT29|AC_AM|SEL|move=b6b3|slotScore=-29|top1=-15|gap=14|rule=capnoise|hit=cap|slotUsed=8|seed=2421711211|probs=cap=200,p=0.25,legal=41,1:0,2:1,3:5,4:4,5:10,6:10,7:13,8:14|depth=12|nodes=276394|slots=1:-15,2:-16,3:-20,4:-19,5:-25,6:-25,7:-28,8:-29|crit=0
L|1|MG_QT29|AC_AM|REF|move=b6b3|score=48|mate=-|depth=23|nodes=3478226|crit=0
L|1|MG_QT29|BN_AD|SEL|move=g7f5|slotScore=-44|top1=-15|gap=29|rule=boundednoise|hit=cap|slotUsed=8|seed=347881708|probs=cap=60,p=0.25,gapmode=hybrid,legal=41,pjn=na,pjudged=na,1:0,2:0,3:0,4:4,5:8,6:13,7:15,8:29,accept=na|depth=13|nodes=293773|slots=1:-15,2:-15,3:-15,4:-19,5:-23,6:-28,7:-30,8:-44|pnodes=-|pdepth=-|pslots=-|pmoves=1:a9b9,2:h9h6,3:b6b5,4:d9e8,5:c7b5,6:b6c6,7:a9c9,8:g7f5|qmoves=-|crit=0
L|1|MG_QT29|BN_AD|REF|move=g7f5|score=61|mate=-|depth=24|nodes=3496937|crit=0
L|1|MG_QT29|BN_AM|SEL|move=f9e8|slotScore=NA|top1=-12|gap=NA|rule=boundednoise|hit=brand|slotUsed=-1|seed=196892355|probs=cap=200,p=0.4,gapmode=hybrid,legal=41,pjn=16,pjudged=24,1:0,2:11,3:8,4:8,5:15,6:20,7:23,8:23,wouldBe=8,accept=16,agap=27|depth=13|nodes=288360|slots=1:-12,2:-23,3:-20,4:-20,5:-27,6:-32,7:-35,8:-35|pnodes=309841|pdepth=12|pslots=1:-15,2:-18,3:-15,4:-17,5:-30,6:-30,7:-32,8:-35,9:-37,10:-42,11:-47,12:-47,13:-48,14:-54,15:-54,16:-54|pmoves=1:a9b9,2:d9e8,3:b6b5,4:h9h6,5:c7b5,6:b6c6,7:a9c9,8:b6b3|qmoves=1:h9h6,2:b6b5,3:a9b9,4:d9e8,5:c7b5,6:b6c6,7:a9c9,8:b6b3,9:h9h8,10:f9e8,11:c7d5,12:g7f5,13:b6b8,14:i6i5,15:a9a8,16:h5i5|crit=0
L|1|MG_QT29|BN_AM|REF|move=f9e8|score=25|mate=-|depth=23|nodes=3362107|crit=0
L|1|MG_QT29|BN_P2|SEL|move=b6c6|slotScore=-24|top1=-11|gap=13|rule=boundednoise|hit=cap|slotUsed=8|seed=1021522143|probs=cap=200,p=0.4,gapmode=pool,legal=41,pjn=8,pjudged=8,1:0,2:4,3:7,4:9,5:18,6:18,7:26,8:13,accept=8|depth=11|nodes=281629|slots=1:-11,2:-15,3:-18,4:-20,5:-29,6:-29,7:-37,8:-24|pnodes=-|pdepth=-|pslots=-|pmoves=1:a9b9,2:b6b5,3:h9h6,4:d9e8,5:c7b5,6:a9c9,7:g7f5,8:b6c6|qmoves=-|crit=0
L|1|MG_QT29|BN_P2|REF|move=b6c6|score=25|mate=-|depth=25|nodes=3421925|crit=0
L|1|MG_QT29|ANCH|SEL|move=a9b9|slotScore=-14|top1=-14|gap=0|rule=anchor|hit=anchor|slotUsed=1|seed=3387914618|probs=|depth=24|nodes=3272629|slots=1:-14|crit=0
L|1|MG_QT29|ANCH|REF|move=a9b9|score=15|mate=-|depth=26|nodes=3448221|crit=0
PROG|1|MG_QT29
L|1|MG_QT34|ANCHOR|move=d9d3|score=-4|mate=-|depth=24|nodes=3496002|crit=0
L|1|MG_QT34|AM0|SEL|move=d9b9|slotScore=-53|top1=-10|gap=43|rule=slot|hit=slot|slotUsed=4|seed=4103880964|probs=|depth=13|nodes=289812|slots=1:-10,2:-35,3:-49,4:-53|crit=0
L|1|MG_QT34|AM0|REF|move=d9b9|score=65|mate=-|depth=23|nodes=3524883|crit=0
L|1|MG_QT34|AD0|SEL|move=h9g7|slotScore=-30|top1=-4|gap=26|rule=slot|hit=slot|slotUsed=3|seed=2122826005|probs=|depth=16|nodes=558188|slots=1:-4,2:-20,3:-30|crit=0
L|1|MG_QT34|AD0|REF|move=h9g7|score=17|mate=-|depth=25|nodes=3407917|crit=0
L|1|MG_QT34|EX0|SEL|move=c5c4|slotScore=-14|top1=-2|gap=12|rule=slot|hit=slot|slotUsed=2|seed=815776837|probs=|depth=18|nodes=815851|slots=1:-2,2:-14|crit=0
L|1|MG_QT34|EX0|REF|move=c5c4|score=31|mate=-|depth=23|nodes=3449367|crit=0
L|1|MG_QT34|CAP_AD|SEL|move=d9b9|slotScore=-51|top1=-7|gap=44|rule=cap|hit=cap|slotUsed=5|seed=1497193028|probs=1:0,2:15,3:28,4:43,5:44,6:84,7:102,8:105|depth=12|nodes=303990|slots=1:-7,2:-22,3:-35,4:-50,5:-51,6:-91,7:-109,8:-112|crit=0
L|1|MG_QT34|CAP_AD|REF|move=d9b9|score=55|mate=-|depth=24|nodes=3709055|crit=0
L|1|MG_QT34|CAP_AM|SEL|move=d9c9|slotScore=-117|top1=-10|gap=107|rule=cap|hit=cap|slotUsed=8|seed=1614631243|probs=1:0,2:9,3:22,4:38,5:55,6:101,7:102,8:107|depth=12|nodes=298883|slots=1:-10,2:-19,3:-32,4:-48,5:-65,6:-111,7:-112,8:-117|crit=0
L|1|MG_QT34|CAP_AM|REF|move=d9c9|score=154|mate=-|depth=24|nodes=3675784|crit=0
L|1|MG_QT34|NOI_AM|SEL|move=d9b9|slotScore=-59|top1=-10|gap=49|rule=noise|hit=engine|slotUsed=4|seed=2617820297|probs=p=0.25,legal=32|depth=13|nodes=272015|slots=1:-10,2:-23,3:-45,4:-59|crit=0
L|1|MG_QT34|NOI_AM|REF|move=d9b9|score=49|mate=-|depth=22|nodes=3565646|crit=0
L|1|MG_QT34|AC_AD|SEL|move=b5a5|slotScore=-53|top1=-2|gap=51|rule=capnoise|hit=cap|slotUsed=4|seed=1081494198|probs=cap=60,p=0.1,legal=32,1:0,2:23,3:31,4:51,5:65,6:110,7:110,8:111|depth=12|nodes=308938|slots=1:-2,2:-25,3:-33,4:-53,5:-67,6:-112,7:-112,8:-113|crit=0
L|1|MG_QT34|AC_AD|REF|move=b5a5|score=33|mate=-|depth=22|nodes=3849810|crit=0
L|1|MG_QT34|AC_AM|SEL|move=h9g7|slotScore=-35|top1=-6|gap=29|rule=capnoise|hit=rand|slotUsed=3|seed=930502893|probs=cap=200,p=0.25,legal=32,1:0,2:11,3:29,4:34,5:41,6:104,7:109,8:101,wouldBe=8|depth=10|nodes=320368|slots=1:-6,2:-17,3:-35,4:-40,5:-47,6:-110,7:-115,8:-107|crit=0
L|1|MG_QT34|AC_AM|REF|move=h9g7|score=16|mate=-|depth=27|nodes=3527651|crit=0
L|1|MG_QT34|BN_AD|SEL|move=d9b9|slotScore=-50|top1=-17|gap=33|rule=boundednoise|hit=cap|slotUsed=5|seed=3914159818|probs=cap=60,p=0.25,gapmode=hybrid,legal=32,pjn=na,pjudged=na,1:0,2:3,3:4,4:28,5:33,6:99,7:91,8:91,accept=na|depth=11|nodes=292034|slots=1:-17,2:-20,3:-21,4:-45,5:-50,6:-116,7:-108,8:-108|pnodes=-|pdepth=-|pslots=-|pmoves=1:d9d3,2:c5c4,3:h9g7,4:b5a5,5:d9b9,6:a6a5,7:i5h5,8:d9c9|qmoves=-|crit=0
L|1|MG_QT34|BN_AD|REF|move=d9b9|score=49|mate=-|depth=25|nodes=3778810|crit=0
L|1|MG_QT34|BN_AM|SEL|move=h9i7|slotScore=-132|top1=-4|gap=128|rule=boundednoise|hit=cap|slotUsed=8|seed=3763169057|probs=cap=200,p=0.4,gapmode=hybrid,legal=32,pjn=na,pjudged=na,1:0,2:31,3:32,4:47,5:49,6:108,7:108,8:128,accept=na|depth=12|nodes=305216|slots=1:-4,2:-35,3:-36,4:-51,5:-53,6:-112,7:-112,8:-132|pnodes=-|pdepth=-|pslots=-|pmoves=1:d9d3,2:c5c4,3:h9g7,4:b5a5,5:d9b9,6:i5h5,7:d9c9,8:h9i7|qmoves=-|crit=0
L|1|MG_QT34|BN_AM|REF|move=h9i7|score=220|mate=-|depth=21|nodes=3725689|crit=0
L|1|MG_QT34|BN_P2|SEL|move=a6a5|slotScore=-124|top1=-13|gap=111|rule=boundednoise|hit=cap|slotUsed=8|seed=3044135369|probs=cap=200,p=0.4,gapmode=pool,legal=32,pjn=8,pjudged=8,1:0,2:14,3:25,4:41,5:46,6:106,7:106,8:111,accept=8|depth=13|nodes=329128|slots=1:-13,2:-27,3:-38,4:-54,5:-59,6:-119,7:-119,8:-124|pnodes=-|pdepth=-|pslots=-|pmoves=1:d9d3,2:c5c4,3:h9g7,4:b5a5,5:d9b9,6:i5h5,7:h9i7,8:a6a5|qmoves=-|crit=0
L|1|MG_QT34|BN_P2|REF|move=a6a5|score=158|mate=-|depth=22|nodes=3626298|crit=0
L|1|MG_QT34|ANCH|SEL|move=d9d3|slotScore=-4|top1=-4|gap=0|rule=anchor|hit=anchor|slotUsed=1|seed=408032056|probs=|depth=24|nodes=3496002|slots=1:-4|crit=0
L|1|MG_QT34|ANCH|REF|move=d9d3|score=4|mate=-|depth=27|nodes=3344115|crit=0
PROG|1|MG_QT34
L|1|MG_QT39|ANCHOR|move=b5c5|score=0|mate=-|depth=28|nodes=3498124|crit=0
L|1|MG_QT39|AM0|SEL|move=d9b9|slotScore=-9|top1=-1|gap=8|rule=slot|hit=slot|slotUsed=4|seed=455024915|probs=|depth=12|nodes=272023|slots=1:-1,2:-7,3:-5,4:-9|crit=0
L|1|MG_QT39|AM0|REF|move=d9b9|score=8|mate=-|depth=26|nodes=3354594|crit=0
L|1|MG_QT39|AD0|SEL|move=c7d5|slotScore=-11|top1=-1|gap=10|rule=slot|hit=slot|slotUsed=3|seed=288712834|probs=|depth=16|nodes=531095|slots=1:-1,2:-5,3:-11|crit=0
L|1|MG_QT39|AD0|REF|move=c7d5|score=11|mate=-|depth=24|nodes=2741441|crit=0
L|1|MG_QT39|EX0|SEL|move=d9b9|slotScore=-8|top1=-1|gap=7|rule=slot|hit=slot|slotUsed=2|seed=1554046034|probs=|depth=18|nodes=821472|slots=1:-1,2:-8|crit=0
L|1|MG_QT39|EX0|REF|move=d9b9|score=6|mate=-|depth=28|nodes=3567788|crit=0
L|1|MG_QT39|CAP_AD|SEL|move=a6a5|slotScore=-23|top1=1|gap=24|rule=cap|hit=cap|slotUsed=8|seed=2193821597|probs=1:0,2:10,3:11,4:14,5:19,6:21,7:22,8:24|depth=12|nodes=288420|slots=1:1,2:-9,3:-10,4:-13,5:-18,6:-20,7:-21,8:-23|crit=0
L|1|MG_QT39|CAP_AD|REF|move=a6a5|score=11|mate=-|depth=25|nodes=3311134|crit=0
L|1|MG_QT39|CAP_AM|SEL|move=f5f6|slotScore=-26|top1=0|gap=26|rule=cap|hit=cap|slotUsed=8|seed=2344876454|probs=1:0,2:6,3:8,4:8,5:9,6:14,7:24,8:26|depth=11|nodes=272942|slots=1:0,2:-6,3:-8,4:-8,5:-9,6:-14,7:-24,8:-26|crit=0
L|1|MG_QT39|CAP_AM|REF|move=f5f6|score=29|mate=-|depth=26|nodes=3812891|crit=0
L|1|MG_QT39|NOI_AM|SEL|move=c7d5|slotScore=-6|top1=0|gap=6|rule=noise|hit=engine|slotUsed=4|seed=3330666752|probs=p=0.25,legal=43|depth=13|nodes=294077|slots=1:0,2:-8,3:-5,4:-6|crit=0
L|1|MG_QT39|NOI_AM|REF|move=c7d5|score=9|mate=-|depth=25|nodes=3429537|crit=0
L|1|MG_QT39|AC_AD|SEL|move=b5a5|slotScore=-24|top1=-3|gap=21|rule=capnoise|hit=cap|slotUsed=8|seed=1861242589|probs=cap=60,p=0.1,legal=43,1:0,2:3,3:3,4:4,5:6,6:12,7:18,8:21|depth=12|nodes=313706|slots=1:-3,2:-6,3:-6,4:-7,5:-9,6:-15,7:-21,8:-24|crit=0
L|1|MG_QT39|AC_AD|REF|move=b5a5|score=21|mate=-|depth=27|nodes=3796774|crit=0
L|1|MG_QT39|AC_AM|SEL|move=f5f8|slotScore=-19|top1=2|gap=21|rule=capnoise|hit=cap|slotUsed=8|seed=2012231910|probs=cap=200,p=0.25,legal=43,1:0,2:3,3:8,4:12,5:12,6:16,7:17,8:21|depth=12|nodes=312427|slots=1:2,2:-1,3:-6,4:-10,5:-10,6:-14,7:-15,8:-19|crit=0
L|1|MG_QT39|AC_AM|REF|move=f5f8|score=21|mate=-|depth=26|nodes=3506057|crit=0
L|1|MG_QT39|BN_AD|SEL|move=f5f8|slotScore=-26|top1=0|gap=26|rule=boundednoise|hit=cap|slotUsed=8|seed=3193750269|probs=cap=60,p=0.25,gapmode=hybrid,legal=43,pjn=na,pjudged=na,1:0,2:4,3:4,4:8,5:13,6:13,7:22,8:26,accept=na|depth=12|nodes=298545|slots=1:0,2:-4,3:-4,4:-8,5:-13,6:-13,7:-22,8:-26|pnodes=-|pdepth=-|pslots=-|pmoves=1:b5c5,2:f5f7,3:d9b9,4:c7d5,5:a6a5,6:i6i5,7:f5f6,8:f5f8|qmoves=-|crit=0
L|1|MG_QT39|BN_AD|REF|move=f5f8|score=19|mate=-|depth=25|nodes=3572245|crit=0
L|1|MG_QT39|BN_AM|SEL|move=d9d7|slotScore=NA|top1=0|gap=NA|rule=boundednoise|hit=brand|slotUsed=-1|seed=3344743558|probs=cap=200,p=0.4,gapmode=hybrid,legal=43,pjn=16,pjudged=24,1:0,2:4,3:7,4:8,5:10,6:13,7:15,8:21,wouldBe=8,accept=16,agap=34|depth=12|nodes=302480|slots=1:0,2:-4,3:-7,4:-8,5:-10,6:-13,7:-15,8:-21|pnodes=317321|pdepth=11|pslots=1:-3,2:-5,3:-7,4:-8,5:-13,6:-15,7:-19,8:-23,9:-27,10:-27,11:-31,12:-37,13:-32,14:-33,15:-40,16:-57|pmoves=1:b5c5,2:d9b9,3:f5f7,4:c7d5,5:i6i5,6:a6a5,7:b5a5,8:f5f8|qmoves=1:b5c5,2:c7d5,3:f5f7,4:d9b9,5:i6i5,6:a6a5,7:f5f8,8:b5a5,9:f5f6,10:b5d5,11:g9i7,12:d9d7,13:d9c9,14:d9d1,15:d9a9,16:f5c5|crit=0
L|1|MG_QT39|BN_AM|REF|move=d9d7|score=29|mate=-|depth=22|nodes=3517572|crit=0
L|1|MG_QT39|BN_P2|SEL|move=a6a5|slotScore=-16|top1=0|gap=16|rule=boundednoise|hit=cap|slotUsed=8|seed=1854497170|probs=cap=200,p=0.4,gapmode=pool,legal=43,pjn=8,pjudged=8,1:0,2:5,3:10,4:7,5:9,6:15,7:16,8:16,accept=8|depth=11|nodes=311541|slots=1:0,2:-5,3:-10,4:-7,5:-9,6:-15,7:-16,8:-16|pnodes=-|pdepth=-|pslots=-|pmoves=1:b5c5,2:f5f7,3:d9b9,4:c7d5,5:i6i5,6:b5a5,7:f5f8,8:a6a5|qmoves=-|crit=0
L|1|MG_QT39|BN_P2|REF|move=a6a5|score=11|mate=-|depth=26|nodes=3394127|crit=0
L|1|MG_QT39|ANCH|SEL|move=b5c5|slotScore=0|top1=0|gap=0|rule=anchor|hit=anchor|slotUsed=1|seed=3926058137|probs=|depth=28|nodes=3498124|slots=1:0|crit=0
L|1|MG_QT39|ANCH|REF|move=b5c5|score=0|mate=-|depth=32|nodes=3571910|crit=0
PROG|1|MG_QT39
L|1|MG_QH01|ANCHOR|move=g2f4|score=1|mate=-|depth=22|nodes=3422721|crit=0
L|1|MG_QH01|AM0|SEL|move=d0e1|slotScore=-4|top1=-5|gap=-1|rule=slot|hit=slot|slotUsed=4|seed=3842931972|probs=|depth=12|nodes=284151|slots=1:-5,2:-8,3:-8,4:-4|crit=0
L|1|MG_QH01|AM0|REF|move=d0e1|score=-2|mate=-|depth=24|nodes=3662211|crit=0
L|1|MG_QH01|AD0|SEL|move=d0e1|slotScore=3|top1=6|gap=3|rule=slot|hit=slot|slotUsed=3|seed=1861877013|probs=|depth=15|nodes=543242|slots=1:6,2:5,3:3|crit=0
L|1|MG_QH01|AD0|REF|move=d0e1|score=0|mate=-|depth=28|nodes=3428032|crit=0
L|1|MG_QH01|EX0|SEL|move=g2f4|slotScore=-2|top1=1|gap=3|rule=slot|hit=slot|slotUsed=2|seed=554823749|probs=|depth=18|nodes=899032|slots=1:1,2:-2|crit=0
L|1|MG_QH01|EX0|REF|move=g2f4|score=-2|mate=-|depth=24|nodes=3478380|crit=0
L|1|MG_QH01|CAP_AD|SEL|move=a0a1|slotScore=-19|top1=4|gap=23|rule=cap|hit=cap|slotUsed=8|seed=2755108420|probs=1:0,2:3,3:1,4:2,5:9,6:12,7:21,8:23|depth=11|nodes=314411|slots=1:4,2:1,3:3,4:2,5:-5,6:-8,7:-17,8:-19|crit=0
L|1|MG_QH01|CAP_AD|REF|move=a0a1|score=6|mate=-|depth=26|nodes=3516913|crit=0
L|1|MG_QH01|CAP_AM|SEL|move=c2e1|slotScore=-15|top1=11|gap=26|rule=cap|hit=cap|slotUsed=8|seed=2872546635|probs=1:0,2:4,3:7,4:8,5:14,6:19,7:23,8:26|depth=11|nodes=311282|slots=1:11,2:7,3:4,4:3,5:-3,6:-8,7:-12,8:-15|crit=0
L|1|MG_QH01|CAP_AM|REF|move=c2e1|score=27|mate=-|depth=25|nodes=3449647|crit=0
L|1|MG_QH01|NOI_AM|SEL|move=b6c6|slotScore=NA|top1=12|gap=NA|rule=noise|hit=rand|slotUsed=-1|seed=3875928201|probs=p=0.25,legal=33|depth=13|nodes=310546|slots=1:12,2:5,3:1,4:-1|crit=0
L|1|MG_QH01|NOI_AM|REF|move=b6c6|score=313|mate=-|depth=21|nodes=3833951|crit=0
L|1|MG_QH01|AC_AD|SEL|move=c2e1|slotScore=-24|top1=6|gap=30|rule=capnoise|hit=cap|slotUsed=8|seed=2992285366|probs=cap=60,p=0.1,legal=33,1:0,2:6,3:6,4:7,5:17,6:19,7:20,8:30|depth=12|nodes=298241|slots=1:6,2:0,3:0,4:-1,5:-11,6:-13,7:-14,8:-24|crit=0
L|1|MG_QH01|AC_AD|REF|move=c2e1|score=22|mate=-|depth=24|nodes=3496218|crit=0
L|1|MG_QH01|AC_AM|SEL|move=c2e1|slotScore=-18|top1=12|gap=30|rule=capnoise|hit=cap|slotUsed=8|seed=2841294061|probs=cap=200,p=0.25,legal=33,1:0,2:0,3:6,4:7,5:13,6:24,7:28,8:30|depth=12|nodes=285753|slots=1:12,2:12,3:6,4:5,5:-1,6:-12,7:-16,8:-18|crit=0
L|1|MG_QH01|AC_AM|REF|move=c2e1|score=21|mate=-|depth=23|nodes=3484400|crit=0
L|1|MG_QH01|BN_AD|SEL|move=i3i4|slotScore=-16|top1=9|gap=25|rule=boundednoise|hit=cap|slotUsed=8|seed=1529979594|probs=cap=60,p=0.25,gapmode=hybrid,legal=33,pjn=na,pjudged=na,1:0,2:2,3:5,4:6,5:11,6:24,7:24,8:25,accept=na|depth=11|nodes=306570|slots=1:9,2:7,3:4,4:3,5:-2,6:-15,7:-15,8:-16|pnodes=-|pdepth=-|pslots=-|pmoves=1:e3e4,2:d0e1,3:g2f4,4:c0a2,5:b6g6,6:c2b0,7:a0a1,8:i3i4|qmoves=-|crit=0
L|1|MG_QH01|BN_AD|REF|move=i3i4|score=16|mate=-|depth=21|nodes=3570033|crit=0
L|1|MG_QH01|BN_AM|SEL|move=i3i4|slotScore=-16|top1=8|gap=24|rule=boundednoise|hit=cap|slotUsed=8|seed=1378988833|probs=cap=200,p=0.4,gapmode=hybrid,legal=33,pjn=na,pjudged=na,1:0,2:2,3:8,4:9,5:18,6:19,7:20,8:24,accept=na|depth=11|nodes=287999|slots=1:8,2:6,3:0,4:-1,5:-10,6:-11,7:-12,8:-16|pnodes=-|pdepth=-|pslots=-|pmoves=1:d0e1,2:e3e4,3:g2f4,4:c0a2,5:c2b0,6:b6g6,7:c2e1,8:i3i4|qmoves=-|crit=0
L|1|MG_QH01|BN_AM|REF|move=i3i4|score=12|mate=-|depth=23|nodes=3469809|crit=0
L|1|MG_QH01|BN_P2|SEL|move=a3a4|slotScore=-19|top1=5|gap=24|rule=boundednoise|hit=cap|slotUsed=8|seed=659828169|probs=cap=200,p=0.4,gapmode=pool,legal=33,pjn=8,pjudged=8,1:0,2:2,3:2,4:3,5:8,6:10,7:18,8:24,accept=8|depth=11|nodes=311743|slots=1:5,2:3,3:3,4:2,5:-3,6:-5,7:-13,8:-19|pnodes=-|pdepth=-|pslots=-|pmoves=1:d0e1,2:c0a2,3:b6g6,4:e3e4,5:g2f4,6:c2b0,7:a0a1,8:a3a4|qmoves=-|crit=0
L|1|MG_QH01|BN_P2|REF|move=a3a4|score=31|mate=-|depth=23|nodes=3513079|crit=0
L|1|MG_QH01|ANCH|SEL|move=g2f4|slotScore=1|top1=1|gap=0|rule=anchor|hit=anchor|slotUsed=1|seed=2608265016|probs=|depth=22|nodes=3422721|slots=1:1|crit=0
L|1|MG_QH01|ANCH|REF|move=g2f4|score=-3|mate=-|depth=25|nodes=3512097|crit=0
PROG|1|MG_QH01
L|1|MG_QB3|ANCHOR|move=a0b0|score=335|mate=-|depth=21|nodes=3257582|crit=0
L|1|MG_QB3|AM0|SEL|move=d1f2|slotScore=235|top1=321|gap=86|rule=slot|hit=slot|slotUsed=4|seed=4045034496|probs=|depth=10|nodes=289392|slots=1:321,2:278,3:258,4:235|crit=0
L|1|MG_QB3|AM0|REF|move=d1f2|score=-163|mate=-|depth=20|nodes=3918469|crit=0
L|1|MG_QB3|AD0|SEL|move=c4a4|slotScore=273|top1=316|gap=43|rule=slot|hit=slot|slotUsed=3|seed=3674488625|probs=|depth=13|nodes=507439|slots=1:316,2:308,3:273|crit=0
L|1|MG_QB3|AD0|REF|move=c4a4|score=-285|mate=-|depth=20|nodes=3306271|crit=0
L|1|MG_QB3|EX0|SEL|move=i1h1|slotScore=335|top1=344|gap=9|rule=slot|hit=slot|slotUsed=2|seed=2831421681|probs=|depth=16|nodes=896327|slots=1:344,2:335|crit=0
L|1|MG_QB3|EX0|REF|move=i1h1|score=-387|mate=-|depth=21|nodes=3790388|crit=0
L|1|MG_QB3|CAP_AD|SEL|move=c4a4|slotScore=288|top1=327|gap=39|rule=cap|hit=cap|slotUsed=3|seed=1369939712|probs=1:0,2:8,3:39,4:88,5:91,6:99,7:103,8:113|depth=8|nodes=310127|slots=1:327,2:319,3:288,4:239,5:236,6:228,7:224,8:214|crit=0
L|1|MG_QB3|CAP_AD|REF|move=c4a4|score=-298|mate=-|depth=19|nodes=3435572|crit=0
L|1|MG_QB3|CAP_AM|SEL|move=i1f1|slotScore=198|top1=321|gap=123|rule=cap|hit=cap|slotUsed=8|seed=1218948471|probs=1:0,2:47,3:65,4:75,5:95,6:97,7:98,8:123|depth=10|nodes=328141|slots=1:321,2:274,3:256,4:246,5:226,6:224,7:223,8:198|crit=0
L|1|MG_QB3|CAP_AM|REF|move=i1f1|score=-174|mate=-|depth=22|nodes=3447268|crit=0
L|1|MG_QB3|NOI_AM|SEL|move=c4i4|slotScore=232|top1=322|gap=90|rule=noise|hit=engine|slotUsed=4|seed=3843559989|probs=p=0.25,legal=39|depth=12|nodes=291348|slots=1:322,2:297,3:278,4:232|crit=0
L|1|MG_QB3|NOI_AM|REF|move=c4i4|score=-206|mate=-|depth=20|nodes=3835470|crit=0
L|1|MG_QB3|AC_AD|SEL|move=c4a4|slotScore=256|top1=311|gap=55|rule=capnoise|hit=cap|slotUsed=3|seed=1311322138|probs=cap=60,p=0.1,legal=39,1:0,2:42,3:55,4:90,5:78,6:89,7:101,8:109|depth=9|nodes=309401|slots=1:311,2:269,3:256,4:221,5:233,6:222,7:210,8:202|crit=0
L|1|MG_QB3|AC_AD|REF|move=c4a4|score=-307|mate=-|depth=19|nodes=3420555|crit=0
L|1|MG_QB3|AC_AM|SEL|move=c4b4|slotScore=205|top1=303|gap=98|rule=capnoise|hit=cap|slotUsed=8|seed=1160332913|probs=cap=200,p=0.25,legal=39,1:0,2:1,3:36,4:62,5:76,6:79,7:85,8:98|depth=11|nodes=321820|slots=1:303,2:302,3:267,4:241,5:227,6:224,7:218,8:205|crit=0
L|1|MG_QB3|AC_AM|REF|move=c4b4|score=-190|mate=-|depth=20|nodes=3335236|crit=0
L|1|MG_QB3|BN_AD|SEL|move=a0b0|slotScore=319|top1=319|gap=0|rule=boundednoise|hit=brand|slotUsed=1|seed=1131348774|probs=cap=60,p=0.25,gapmode=hybrid,legal=39,pjn=4,pjudged=24,1:0,2:18,3:41,4:81,5:92,6:94,7:112,8:125,wouldBe=3,accept=4,agap=0|depth=10|nodes=322847|slots=1:319,2:301,3:278,4:238,5:227,6:225,7:207,8:194|pnodes=344668|pdepth=9|pslots=1:301,2:266,3:264,4:206,5:204,6:251,7:226,8:211,9:202,10:195,11:166,12:164,13:160,14:159,15:150,16:148|pmoves=1:a0b0,2:i1h1,3:c4a4,4:c4f4,5:d1f2,6:c4i4,7:i1f1,8:h0h1|qmoves=1:a0b0,2:i1h1,3:c4a4,4:c4i4,5:h0h1,6:i2g0,7:i1f1,8:d1f2,9:c4b4,10:c4f4,11:d1b2,12:f0e1,13:c4g4,14:a0a1,15:g3g4,16:g2e1|crit=0
L|1|MG_QB3|BN_AD|REF|move=a0b0|score=-395|mate=-|depth=19|nodes=3543669|crit=0
L|1|MG_QB3|BN_AM|SEL|move=i2g0|slotScore=165|top1=323|gap=158|rule=boundednoise|hit=cap|slotUsed=8|seed=980357405|probs=cap=200,p=0.4,gapmode=hybrid,legal=39,pjn=na,pjudged=na,1:0,2:11,3:14,4:76,5:89,6:96,7:115,8:158,accept=na|depth=8|nodes=317038|slots=1:323,2:312,3:309,4:247,5:234,6:227,7:208,8:165|pnodes=-|pdepth=-|pslots=-|pmoves=1:a0b0,2:i1h1,3:c4a4,4:c4i4,5:c4f4,6:c4b4,7:d1f2,8:i2g0|qmoves=-|crit=0
L|1|MG_QB3|BN_AM|REF|move=i2g0|score=-178|mate=-|depth=22|nodes=3521736|crit=0
L|1|MG_QB3|BN_P2|SEL|move=c4f4|slotScore=208|top1=315|gap=107|rule=boundednoise|hit=cap|slotUsed=8|seed=658867469|probs=cap=200,p=0.4,gapmode=pool,legal=39,pjn=8,pjudged=8,1:0,2:51,3:42,4:49,5:91,6:95,7:102,8:107,accept=8|depth=9|nodes=312012|slots=1:315,2:264,3:273,4:266,5:224,6:220,7:213,8:208|pnodes=-|pdepth=-|pslots=-|pmoves=1:a0b0,2:c4a4,3:i1h1,4:i1f1,5:c4b4,6:c4i4,7:d1f2,8:c4f4|qmoves=-|crit=0
L|1|MG_QB3|BN_P2|REF|move=c4f4|score=-191|mate=-|depth=18|nodes=3386047|crit=0
L|1|MG_QB3|ANCH|SEL|move=a0b0|slotScore=335|top1=335|gap=0|rule=anchor|hit=anchor|slotUsed=1|seed=3750205436|probs=|depth=21|nodes=3257582|slots=1:335|crit=0
L|1|MG_QB3|ANCH|REF|move=a0b0|score=-330|mate=-|depth=19|nodes=3126180|crit=0
PROG|1|MG_QB3
L|1|MG_QB9|ANCHOR|move=a6b6|score=591|mate=-|depth=22|nodes=3048035|crit=0
L|1|MG_QB9|AM0|SEL|move=i8f8|slotScore=531|top1=590|gap=59|rule=slot|hit=slot|slotUsed=4|seed=1831962470|probs=|depth=11|nodes=243118|slots=1:590,2:558,3:525,4:531|crit=0
L|1|MG_QB9|AM0|REF|move=i8f8|score=-592|mate=-|depth=20|nodes=2942820|crit=0
L|1|MG_QB9|AD0|SEL|move=i8d8|slotScore=565|top1=588|gap=23|rule=slot|hit=slot|slotUsed=3|seed=1461349911|probs=|depth=12|nodes=446980|slots=1:588,2:584,3:565|crit=0
L|1|MG_QB9|AD0|REF|move=i8d8|score=-588|mate=-|depth=21|nodes=3171359|crit=0
L|1|MG_QB9|EX0|SEL|move=c6c5|slotScore=579|top1=594|gap=15|rule=slot|hit=slot|slotUsed=2|seed=3030289247|probs=|depth=13|nodes=740593|slots=1:594,2:579|crit=0
L|1|MG_QB9|EX0|REF|move=c6c5|score=-616|mate=-|depth=20|nodes=2863017|crit=0
L|1|MG_QB9|CAP_AD|SEL|move=i7e7|slotScore=520|top1=580|gap=60|rule=cap|hit=cap|slotUsed=8|seed=4117957498|probs=1:0,2:9,3:17,4:19,5:23,6:58,7:58,8:60|depth=11|nodes=255529|slots=1:580,2:571,3:563,4:561,5:557,6:522,7:522,8:520|crit=0
L|1|MG_QB9|CAP_AD|REF|move=i7e7|score=-571|mate=-|depth=26|nodes=3269786|crit=0
L|1|MG_QB9|CAP_AM|SEL|move=i6i5|slotScore=518|top1=584|gap=66|rule=cap|hit=cap|slotUsed=8|seed=3966966097|probs=1:0,2:6,3:26,4:34,5:49,6:35,7:53,8:66|depth=10|nodes=240003|slots=1:584,2:578,3:558,4:550,5:535,6:549,7:531,8:518|crit=0
L|1|MG_QB9|CAP_AM|REF|move=i6i5|score=-522|mate=-|depth=21|nodes=3001714|crit=0
L|1|MG_QB9|NOI_AM|SEL|move=i8d8|slotScore=571|top1=585|gap=14|rule=noise|hit=engine|slotUsed=4|seed=2447184475|probs=p=0.25,legal=41|depth=11|nodes=232754|slots=1:585,2:584,3:569,4:571|crit=0
L|1|MG_QB9|NOI_AM|REF|move=i8d8|score=-596|mate=-|depth=21|nodes=2911774|crit=0
L|1|MG_QB9|AC_AD|SEL|move=i8f8|slotScore=535|top1=588|gap=53|rule=capnoise|hit=cap|slotUsed=6|seed=2678871632|probs=cap=60,p=0.1,legal=41,1:0,2:4,3:14,4:30,5:45,6:53,7:68,8:72|depth=11|nodes=243946|slots=1:588,2:584,3:574,4:558,5:543,6:535,7:520,8:516|crit=0
L|1|MG_QB9|AC_AD|REF|move=i8f8|score=-589|mate=-|depth=20|nodes=3017004|crit=0
L|1|MG_QB9|AC_AM|SEL|move=i8b8|slotScore=530|top1=590|gap=60|rule=capnoise|hit=cap|slotUsed=8|seed=2527880327|probs=cap=200,p=0.25,legal=41,1:0,2:2,3:12,4:30,5:42,6:47,7:60,8:60|depth=11|nodes=246653|slots=1:590,2:588,3:578,4:560,5:548,6:543,7:530,8:530|crit=0
L|1|MG_QB9|AC_AM|REF|move=i8b8|score=-540|mate=-|depth=21|nodes=2963902|crit=0
L|1|MG_QB9|BN_AD|SEL|move=i8f8|slotScore=571|top1=582|gap=11|rule=boundednoise|hit=brand|slotUsed=4|seed=3143430192|probs=cap=60,p=0.25,gapmode=hybrid,legal=41,pjn=15,pjudged=24,1:0,2:0,3:3,4:11,5:20,6:43,7:65,8:66,wouldBe=6,accept=15,agap=11|depth=11|nodes=240966|slots=1:582,2:582,3:579,4:571,5:562,6:539,7:517,8:516|pnodes=248316|pdepth=10|pslots=1:576,2:568,3:561,4:551,5:546,6:536,7:530,8:526,9:532,10:530,11:520,12:520,13:517,14:516,15:516,16:505|pmoves=1:c6c5,2:i8d8,3:a6b6,4:i8f8,5:e3e5,6:i7e7,7:i8b8,8:a6a8|qmoves=1:a6b6,2:c6c5,3:i8d8,4:e3e5,5:i7e7,6:a6a8,7:i8f8,8:i8h8,9:h9g7,10:e3e4,11:g6g5,12:i7f7,13:i8b8,14:i6i5,15:i7d7,16:a5a4|crit=0
L|1|MG_QB9|BN_AD|REF|move=i8f8|score=-597|mate=-|depth=20|nodes=2771296|crit=0
L|1|MG_QB9|BN_AM|SEL|move=e3e5|slotScore=550|top1=588|gap=38|rule=boundednoise|hit=brand|slotUsed=5|seed=2992375399|probs=cap=200,p=0.4,gapmode=hybrid,legal=41,pjn=16,pjudged=24,1:0,2:8,3:17,4:18,5:38,6:51,7:57,8:74,wouldBe=8,accept=16,agap=38|depth=9|nodes=229659|slots=1:588,2:580,3:571,4:570,5:550,6:537,7:531,8:514|pnodes=264733|pdepth=10|pslots=1:587,2:582,3:582,4:574,5:552,6:537,7:533,8:532,9:528,10:527,11:524,12:516,13:515,14:513,15:511,16:504|pmoves=1:c6c5,2:a6b6,3:i8d8,4:i8f8,5:e3e5,6:i7e7,7:a6a8,8:i8b8|qmoves=1:c6c5,2:i8d8,3:a6b6,4:i8f8,5:e3e5,6:i7e7,7:h9g7,8:i8h8,9:i6i5,10:a6a8,11:i8b8,12:i7f7,13:e3e4,14:i7d7,15:a5a4,16:c9e7|crit=0
L|1|MG_QB9|BN_AM|REF|move=e3e5|score=-572|mate=-|depth=22|nodes=2880112|crit=0
L|1|MG_QB9|BN_P2|SEL|move=a6a8|slotScore=519|top1=574|gap=55|rule=boundednoise|hit=cap|slotUsed=8|seed=1266828475|probs=cap=200,p=0.4,gapmode=pool,legal=41,pjn=8,pjudged=8,1:0,2:1,3:12,4:17,5:29,6:42,7:53,8:55,accept=8|depth=11|nodes=244958|slots=1:574,2:573,3:562,4:557,5:545,6:532,7:521,8:519|pnodes=-|pdepth=-|pslots=-|pmoves=1:c6c5,2:a6b6,3:i8d8,4:i8f8,5:e3e5,6:i7e7,7:i8b8,8:a6a8|qmoves=-|crit=0
L|1|MG_QB9|BN_P2|REF|move=a6a8|score=-550|mate=-|depth=20|nodes=3039005|crit=0
L|1|MG_QB9|ANCH|SEL|move=a6b6|slotScore=591|top1=591|gap=0|rule=anchor|hit=anchor|slotUsed=1|seed=944438758|probs=|depth=22|nodes=3048035|slots=1:591|crit=0
L|1|MG_QB9|ANCH|REF|move=a6b6|score=-598|mate=-|depth=23|nodes=3074626|crit=0
PROG|1|MG_QB9
DRV DONE positions=17 round=1
