DRV: not isolated, registering SW (try 0)
DRV: isolated ok, task=task_bn_r3.json
DRV: engine ready
L|3|OP00|ANCHOR|move=g3g4|score=23|mate=-|depth=22|nodes=2917808|crit=0
L|3|OP00|AM0|SEL|move=b2e2|slotScore=25|top1=28|gap=3|rule=slot|hit=slot|slotUsed=4|seed=2994782856|probs=|depth=13|nodes=280323|slots=1:28,2:28,3:24,4:25|crit=0
L|3|OP00|AM0|REF|move=b2e2|score=-23|mate=-|depth=23|nodes=3422405|crit=0
L|3|OP00|AD0|SEL|move=h2e2|slotScore=25|top1=27|gap=2|rule=slot|hit=slot|slotUsed=3|seed=3163757481|probs=|depth=15|nodes=515087|slots=1:27,2:26,3:25|crit=0
L|3|OP00|AD0|REF|move=h2e2|score=-24|mate=-|depth=24|nodes=3536918|crit=0
L|3|OP00|EX0|SEL|move=g3g4|slotScore=29|top1=28|gap=-1|rule=slot|hit=slot|slotUsed=2|seed=1615557601|probs=|depth=18|nodes=849470|slots=1:28,2:29|crit=0
L|3|OP00|EX0|REF|move=g3g4|score=-13|mate=-|depth=23|nodes=3648386|crit=0
L|3|OP00|CAP_AD|SEL|move=h2f2|slotScore=14|top1=30|gap=16|rule=cap|hit=cap|slotUsed=8|seed=2367520828|probs=1:0,2:1,3:3,4:9,5:13,6:13,7:15,8:16|depth=10|nodes=279918|slots=1:30,2:29,3:27,4:21,5:17,6:17,7:15,8:14|crit=0
L|3|OP00|CAP_AD|REF|move=h2f2|score=-8|mate=-|depth=26|nodes=3458139|crit=0
L|3|OP00|CAP_AM|SEL|move=b2d2|slotScore=13|top1=29|gap=16|rule=cap|hit=cap|slotUsed=8|seed=2484965159|probs=1:0,2:3,3:5,4:8,5:11,6:14,7:14,8:16|depth=12|nodes=288707|slots=1:29,2:26,3:24,4:21,5:18,6:15,7:15,8:13|crit=0
L|3|OP00|CAP_AM|REF|move=b2d2|score=-10|mate=-|depth=24|nodes=3249753|crit=0
L|3|OP00|NOI_AM|SEL|move=c3c4|slotScore=23|top1=30|gap=7|rule=noise|hit=engine|slotUsed=4|seed=1555090973|probs=p=0.25,legal=44|depth=14|nodes=288837|slots=1:30,2:25,3:20,4:23|crit=0
L|3|OP00|NOI_AM|REF|move=c3c4|score=-18|mate=-|depth=23|nodes=3563074|crit=0
L|3|OP00|AC_AD|SEL|move=b2f2|slotScore=14|top1=29|gap=15|rule=capnoise|hit=cap|slotUsed=8|seed=1007160334|probs=cap=60,p=0.1,legal=44,1:0,2:3,3:4,4:5,5:15,6:19,7:14,8:15|depth=11|nodes=285678|slots=1:29,2:26,3:25,4:24,5:14,6:10,7:15,8:14|crit=0
L|3|OP00|AC_AD|REF|move=b2f2|score=-8|mate=-|depth=24|nodes=3395680|crit=0
L|3|OP00|AC_AM|SEL|move=g0e2|slotScore=11|top1=28|gap=17|rule=capnoise|hit=cap|slotUsed=8|seed=856162849|probs=cap=200,p=0.25,legal=44,1:0,2:2,3:2,4:2,5:5,6:13,7:16,8:17|depth=11|nodes=294988|slots=1:28,2:26,3:26,4:26,5:23,6:15,7:12,8:11|crit=0
L|3|OP00|AC_AM|REF|move=g0e2|score=-11|mate=-|depth=23|nodes=3590059|crit=0
L|3|OP00|BN_AD|SEL|move=b2d2|slotScore=14|top1=27|gap=13|rule=boundednoise|hit=cap|slotUsed=8|seed=423998630|probs=cap=60,p=0.25,gapmode=hybrid,legal=44,pjn=na,pjudged=na,1:0,2:0,3:1,4:4,5:10,6:10,7:12,8:13,accept=na|depth=11|nodes=247684|slots=1:27,2:27,3:26,4:23,5:17,6:17,7:15,8:14|pnodes=-|pdepth=-|pslots=-|pmoves=1:g3g4,2:b2e2,3:h2e2,4:c3c4,5:b0c2,6:h0g2,7:b2a2,8:b2d2|qmoves=-|crit=0
L|3|OP00|BN_AD|REF|move=b2d2|score=-11|mate=-|depth=25|nodes=3504993|crit=0
L|3|OP00|BN_AM|SEL|move=b2d2|slotScore=13|top1=37|gap=24|rule=boundednoise|hit=cap|slotUsed=8|seed=541442985|probs=cap=200,p=0.4,gapmode=hybrid,legal=44,pjn=na,pjudged=na,1:0,2:10,3:14,4:14,5:19,6:20,7:20,8:24,accept=na|depth=12|nodes=301400|slots=1:37,2:27,3:23,4:23,5:18,6:17,7:17,8:13|pnodes=-|pdepth=-|pslots=-|pmoves=1:b2e2,2:g3g4,3:h2e2,4:c3c4,5:b0c2,6:h0g2,7:h2f2,8:b2d2|qmoves=-|crit=0
L|3|OP00|BN_AM|REF|move=b2d2|score=-6|mate=-|depth=25|nodes=3551247|crit=0
L|3|OP00|BN_P2|SEL|move=h2i2|slotScore=14|top1=28|gap=14|rule=boundednoise|hit=cap|slotUsed=8|seed=560502325|probs=cap=200,p=0.4,gapmode=pool,legal=44,pjn=8,pjudged=8,1:0,2:2,3:4,4:4,5:6,6:11,7:12,8:14,accept=8|depth=12|nodes=307332|slots=1:28,2:26,3:24,4:24,5:22,6:17,7:16,8:14|pnodes=-|pdepth=-|pslots=-|pmoves=1:b2e2,2:h2e2,3:h0g2,4:c3c4,5:g3g4,6:h2d2,7:b2d2,8:h2i2|qmoves=-|crit=0
L|3|OP00|BN_P2|REF|move=h2i2|score=-2|mate=-|depth=24|nodes=3366150|crit=0
L|3|OP00|ANCH|SEL|move=g3g4|slotScore=23|top1=23|gap=0|rule=anchor|hit=anchor|slotUsed=1|seed=1240800576|probs=|depth=22|nodes=2917808|slots=1:23|crit=0
L|3|OP00|ANCH|REF|move=g3g4|score=-18|mate=-|depth=24|nodes=3492818|crit=0
PROG|3|OP00
L|3|OP02|ANCHOR|move=h0g2|score=16|mate=-|depth=23|nodes=3252512|crit=0
L|3|OP02|AM0|SEL|move=h2e2|slotScore=3|top1=19|gap=16|rule=slot|hit=slot|slotUsed=4|seed=609651646|probs=|depth=13|nodes=309962|slots=1:19,2:8,3:8,4:3|crit=0
L|3|OP02|AM0|REF|move=h2e2|score=-3|mate=-|depth=23|nodes=3663694|crit=0
L|3|OP02|AD0|SEL|move=h2f2|slotScore=4|top1=17|gap=13|rule=slot|hit=slot|slotUsed=3|seed=241807935|probs=|depth=16|nodes=557658|slots=1:17,2:10,3:4|crit=0
L|3|OP02|AD0|REF|move=h2f2|score=1|mate=-|depth=26|nodes=3518377|crit=0
L|3|OP02|EX0|SEL|move=h0g2|slotScore=15|top1=15|gap=0|rule=slot|hit=slot|slotUsed=2|seed=1110798367|probs=|depth=19|nodes=921398|slots=1:15,2:15|crit=0
L|3|OP02|EX0|REF|move=h0g2|score=-12|mate=-|depth=25|nodes=3509039|crit=0
L|3|OP02|CAP_AD|SEL|move=d0e1|slotScore=-2|top1=14|gap=16|rule=cap|hit=cap|slotUsed=8|seed=2148074798|probs=1:0,2:1,3:9,4:10,5:10,6:11,7:12,8:16|depth=13|nodes=314660|slots=1:14,2:13,3:5,4:4,5:4,6:3,7:2,8:-2|crit=0
L|3|OP02|CAP_AD|REF|move=d0e1|score=12|mate=-|depth=26|nodes=3577851|crit=0
L|3|OP02|CAP_AM|SEL|move=c3c4|slotScore=-2|top1=16|gap=18|rule=cap|hit=cap|slotUsed=8|seed=1997142849|probs=1:0,2:1,3:5,4:14,5:17,6:18,7:16,8:18|depth=12|nodes=315071|slots=1:16,2:15,3:11,4:2,5:-1,6:-2,7:0,8:-2|crit=0
L|3|OP02|CAP_AM|REF|move=c3c4|score=3|mate=-|depth=23|nodes=3383621|crit=0
L|3|OP02|NOI_AM|SEL|move=i0i2|slotScore=NA|top1=17|gap=NA|rule=noise|hit=rand|slotUsed=-1|seed=1393620851|probs=p=0.25,legal=43|depth=14|nodes=301449|slots=1:17,2:11,3:7,4:-1|crit=0
L|3|OP02|NOI_AM|REF|move=i0i2|score=16|mate=-|depth=24|nodes=3485116|crit=0
L|3|OP02|AC_AD|SEL|move=b2e2|slotScore=0|top1=15|gap=15|rule=capnoise|hit=cap|slotUsed=8|seed=1990283756|probs=cap=60,p=0.1,legal=43,1:0,2:0,3:7,4:8,5:8,6:8,7:11,8:15|depth=12|nodes=305114|slots=1:15,2:15,3:8,4:7,5:7,6:7,7:4,8:0|crit=0
L|3|OP02|AC_AD|REF|move=b2e2|score=15|mate=-|depth=24|nodes=3516923|crit=0
L|3|OP02|AC_AM|SEL|move=a3a4|slotScore=NA|top1=17|gap=NA|rule=capnoise|hit=rand|slotUsed=-1|seed=2107727063|probs=cap=200,p=0.25,legal=43,1:0,2:0,3:7,4:10,5:11,6:18,7:21,8:20,wouldBe=8|depth=12|nodes=323244|slots=1:17,2:17,3:10,4:7,5:6,6:-1,7:-4,8:-3|crit=0
L|3|OP02|AC_AM|REF|move=a3a4|score=56|mate=-|depth=22|nodes=3352188|crit=0
L|3|OP02|BN_AD|SEL|move=i0i1|slotScore=-3|top1=18|gap=21|rule=boundednoise|hit=cap|slotUsed=8|seed=3099426544|probs=cap=60,p=0.25,gapmode=hybrid,legal=43,pjn=na,pjudged=na,1:0,2:0,3:6,4:7,5:11,6:18,7:18,8:21,accept=na|depth=13|nodes=313358|slots=1:18,2:18,3:12,4:11,5:7,6:0,7:0,8:-3|pnodes=-|pdepth=-|pslots=-|pmoves=1:h0g2,2:g3g4,3:h2f2,4:h2e2,5:b0c2,6:c3c4,7:d0e1,8:i0i1|qmoves=-|crit=0
L|3|OP02|BN_AD|REF|move=i0i1|score=-6|mate=-|depth=24|nodes=3396453|crit=0
L|3|OP02|BN_AM|SEL|move=b0c2|slotScore=4|top1=16|gap=12|rule=boundednoise|hit=brand|slotUsed=6|seed=3216803323|probs=cap=200,p=0.4,gapmode=hybrid,legal=43,pjn=16,pjudged=24,1:0,2:5,3:11,4:11,5:12,6:12,7:17,8:19,wouldBe=8,accept=16,agap=12|depth=12|nodes=309073|slots=1:16,2:11,3:5,4:5,5:4,6:4,7:-1,8:-3|pnodes=341188|pdepth=10|pslots=1:17,2:14,3:7,4:2,5:1,6:-1,7:-3,8:-4,9:-7,10:-10,11:-12,12:-13,13:-16,14:-20,15:-26,16:-30|pmoves=1:g3g4,2:h0g2,3:c3c4,4:h2f2,5:h2e2,6:b0c2,7:b2e2,8:i0i1|qmoves=1:g3g4,2:h0g2,3:h2f2,4:h2e2,5:c3c4,6:b0c2,7:d0e1,8:i0i1,9:h0i2,10:h2i2,11:b2e2,12:h2g2,13:i0i2,14:i3i4,15:b2f2,16:b0d1|crit=0
L|3|OP02|BN_AM|REF|move=b0c2|score=-3|mate=-|depth=25|nodes=3479058|crit=0
L|3|OP02|BN_P2|SEL|move=i0i1|slotScore=0|top1=17|gap=17|rule=boundednoise|hit=cap|slotUsed=8|seed=76747091|probs=cap=200,p=0.4,gapmode=pool,legal=43,pjn=8,pjudged=8,1:0,2:1,3:8,4:8,5:10,6:13,7:16,8:17,accept=8|depth=13|nodes=323111|slots=1:17,2:16,3:9,4:9,5:7,6:4,7:1,8:0|pnodes=-|pdepth=-|pslots=-|pmoves=1:h0g2,2:g3g4,3:h2f2,4:c3c4,5:h2e2,6:b0c2,7:d0e1,8:i0i1|qmoves=-|crit=0
L|3|OP02|BN_P2|REF|move=i0i1|score=0|mate=-|depth=24|nodes=3422590|crit=0
L|3|OP02|ANCH|SEL|move=h0g2|slotScore=16|top1=16|gap=0|rule=anchor|hit=anchor|slotUsed=1|seed=1114875442|probs=|depth=23|nodes=3252512|slots=1:16|crit=0
L|3|OP02|ANCH|REF|move=h0g2|score=-12|mate=-|depth=23|nodes=3213046|crit=0
PROG|3|OP02
L|3|OP04|ANCHOR|move=i0h0|score=18|mate=-|depth=23|nodes=3634723|crit=0
L|3|OP04|AM0|SEL|move=b0c2|slotScore=18|top1=18|gap=0|rule=slot|hit=slot|slotUsed=4|seed=595309948|probs=|depth=14|nodes=305480|slots=1:18,2:17,3:19,4:18|crit=0
L|3|OP04|AM0|REF|move=b0c2|score=-11|mate=-|depth=23|nodes=3546404|crit=0
L|3|OP04|AD0|SEL|move=d0e1|slotScore=15|top1=18|gap=3|rule=slot|hit=slot|slotUsed=3|seed=764022173|probs=|depth=16|nodes=567453|slots=1:18,2:17,3:15|crit=0
L|3|OP04|AD0|REF|move=d0e1|score=-14|mate=-|depth=24|nodes=3683300|crit=0
L|3|OP04|EX0|SEL|move=i0h0|slotScore=14|top1=19|gap=5|rule=slot|hit=slot|slotUsed=2|seed=3899423253|probs=|depth=19|nodes=984498|slots=1:19,2:14|crit=0
L|3|OP04|EX0|REF|move=i0h0|score=-13|mate=-|depth=24|nodes=3545826|crit=0
L|3|OP04|CAP_AD|SEL|move=h2f2|slotScore=5|top1=18|gap=13|rule=cap|hit=cap|slotUsed=8|seed=2791951168|probs=1:0,2:0,3:1,4:4,5:4,6:10,7:11,8:13|depth=12|nodes=313247|slots=1:18,2:18,3:17,4:14,5:14,6:8,7:7,8:5|crit=0
L|3|OP04|CAP_AD|REF|move=h2f2|score=1|mate=-|depth=25|nodes=3690980|crit=0
L|3|OP04|CAP_AM|SEL|move=b2e2|slotScore=6|top1=23|gap=17|rule=cap|hit=cap|slotUsed=8|seed=2909394507|probs=1:0,2:1,3:1,4:2,5:3,6:5,7:12,8:17|depth=13|nodes=326845|slots=1:23,2:22,3:22,4:21,5:20,6:18,7:11,8:6|crit=0
L|3|OP04|CAP_AM|REF|move=b2e2|score=-7|mate=-|depth=25|nodes=3584004|crit=0
L|3|OP04|NOI_AM|SEL|move=c3c4|slotScore=20|top1=21|gap=1|rule=noise|hit=engine|slotUsed=4|seed=2779586913|probs=p=0.25,legal=41|depth=13|nodes=295986|slots=1:21,2:20,3:20,4:20|crit=0
L|3|OP04|NOI_AM|REF|move=c3c4|score=-9|mate=-|depth=25|nodes=3453653|crit=0
L|3|OP04|AC_AD|SEL|move=b2e2|slotScore=-1|top1=17|gap=18|rule=capnoise|hit=cap|slotUsed=8|seed=1611834634|probs=cap=60,p=0.1,legal=41,1:0,2:0,3:3,4:4,5:4,6:9,7:16,8:18|depth=13|nodes=321068|slots=1:17,2:17,3:14,4:13,5:13,6:8,7:1,8:-1|crit=0
L|3|OP04|AC_AD|REF|move=b2e2|score=-9|mate=-|depth=25|nodes=3516645|crit=0
L|3|OP04|AC_AM|SEL|move=b2b6|slotScore=NA|top1=21|gap=NA|rule=capnoise|hit=rand|slotUsed=-1|seed=1729277965|probs=cap=200,p=0.25,legal=41,1:0,2:-2,3:0,4:3,5:5,6:7,7:10,8:11,wouldBe=8|depth=14|nodes=322132|slots=1:21,2:23,3:21,4:18,5:16,6:14,7:11,8:10|crit=0
L|3|OP04|AC_AM|REF|move=b2b6|score=44|mate=-|depth=24|nodes=3723112|crit=0
L|3|OP04|BN_AD|SEL|move=b2e2|slotScore=5|top1=23|gap=18|rule=boundednoise|hit=cap|slotUsed=8|seed=2712702970|probs=cap=60,p=0.25,gapmode=hybrid,legal=41,pjn=na,pjudged=na,1:0,2:1,3:5,4:5,5:8,6:12,7:6,8:18,accept=na|depth=13|nodes=308375|slots=1:23,2:22,3:18,4:18,5:15,6:11,7:17,8:5|pnodes=-|pdepth=-|pslots=-|pmoves=1:i0h0,2:b0c2,3:d0e1,4:c3c4,5:h2e2,6:h2f2,7:i3i4,8:b2e2|qmoves=-|crit=0
L|3|OP04|BN_AD|REF|move=b2e2|score=-9|mate=-|depth=25|nodes=3586797|crit=0
L|3|OP04|BN_AM|SEL|move=b2e2|slotScore=9|top1=24|gap=15|rule=boundednoise|hit=cap|slotUsed=8|seed=2830146301|probs=cap=200,p=0.4,gapmode=hybrid,legal=41,pjn=na,pjudged=na,1:0,2:2,3:3,4:4,5:4,6:9,7:15,8:15,accept=na|depth=13|nodes=322312|slots=1:24,2:22,3:21,4:20,5:20,6:15,7:9,8:9|pnodes=-|pdepth=-|pslots=-|pmoves=1:d0e1,2:b0c2,3:i0h0,4:c3c4,5:i3i4,6:h2e2,7:g3g4,8:b2e2|qmoves=-|crit=0
L|3|OP04|BN_AM|REF|move=b2e2|score=-11|mate=-|depth=26|nodes=3539255|crit=0
L|3|OP04|BN_P2|SEL|move=g3g4|slotScore=9|top1=24|gap=15|rule=boundednoise|hit=cap|slotUsed=8|seed=2983491041|probs=cap=200,p=0.4,gapmode=pool,legal=41,pjn=8,pjudged=8,1:0,2:0,3:1,4:6,5:6,6:7,7:14,8:15,accept=8|depth=12|nodes=319925|slots=1:24,2:24,3:23,4:18,5:18,6:17,7:10,8:9|pnodes=-|pdepth=-|pslots=-|pmoves=1:c3c4,2:i0h0,3:d0e1,4:b0c2,5:i3i4,6:h2e2,7:b2e2,8:g3g4|qmoves=-|crit=0
L|3|OP04|BN_P2|REF|move=g3g4|score=-6|mate=-|depth=24|nodes=3472196|crit=0
L|3|OP04|ANCH|SEL|move=i0h0|slotScore=18|top1=18|gap=0|rule=anchor|hit=anchor|slotUsed=1|seed=893460124|probs=|depth=23|nodes=3634723|slots=1:18|crit=0
L|3|OP04|ANCH|REF|move=i0h0|score=-15|mate=-|depth=23|nodes=3449250|crit=0
PROG|3|OP04
L|3|OP06|ANCHOR|move=h2b2|score=124|mate=-|depth=22|nodes=3578729|crit=0
L|3|OP06|AM0|SEL|move=i0h0|slotScore=-72|top1=129|gap=201|rule=slot|hit=slot|slotUsed=4|seed=1933323154|probs=|depth=12|nodes=294345|slots=1:129,2:71,3:-8,4:-72|crit=0
L|3|OP06|AM0|REF|move=i0h0|score=103|mate=-|depth=22|nodes=3506902|crit=0
L|3|OP06|AD0|SEL|move=b9d9|slotScore=-30|top1=129|gap=159|rule=slot|hit=slot|slotUsed=3|seed=3710350595|probs=|depth=14|nodes=563478|slots=1:129,2:72,3:-30|crit=0
L|3|OP06|AD0|REF|move=b9d9|score=28|mate=-|depth=22|nodes=3765997|crit=0
L|3|OP06|EX0|SEL|move=b9b8|slotScore=87|top1=125|gap=38|rule=slot|hit=slot|slotUsed=2|seed=714715427|probs=|depth=14|nodes=902521|slots=1:125,2:87|crit=0
L|3|OP06|EX0|REF|move=b9b8|score=-68|mate=-|depth=20|nodes=3728399|crit=0
L|3|OP06|CAP_AD|SEL|move=b9b8|slotScore=69|top1=111|gap=42|rule=cap|hit=cap|slotUsed=2|seed=2686176594|probs=1:0,2:42,3:143,4:180,5:186,6:227,7:242,8:294|depth=12|nodes=324270|slots=1:111,2:69,3:-32,4:-69,5:-75,6:-116,7:-131,8:-183|crit=0
L|3|OP06|CAP_AD|REF|move=b9b8|score=-75|mate=-|depth=19|nodes=3579190|crit=0
L|3|OP06|CAP_AM|SEL|move=h2e2|slotScore=-76|top1=115|gap=191|rule=cap|hit=cap|slotUsed=5|seed=2535178885|probs=1:0,2:33,3:145,4:187,5:191,6:242,7:247,8:272|depth=12|nodes=334845|slots=1:115,2:82,3:-30,4:-72,5:-76,6:-127,7:-132,8:-157|crit=0
L|3|OP06|CAP_AM|REF|move=h2e2|score=109|mate=-|depth=23|nodes=3568960|crit=0
L|3|OP06|NOI_AM|SEL|move=a2c4|slotScore=NA|top1=121|gap=NA|rule=noise|hit=rand|slotUsed=-1|seed=2010629031|probs=p=0.25,legal=33|depth=14|nodes=321487|slots=1:121,2:107,3:-33,4:-95|crit=0
L|3|OP06|NOI_AM|REF|move=a2c4|score=184|mate=-|depth=21|nodes=3744347|crit=0
L|3|OP06|AC_AD|SEL|move=b9b8|slotScore=107|top1=116|gap=9|rule=capnoise|hit=cap|slotUsed=2|seed=1175088744|probs=cap=60,p=0.1,legal=33,1:0,2:9,3:141,4:198,5:202,6:226,7:252,8:269|depth=12|nodes=337278|slots=1:116,2:107,3:-25,4:-82,5:-86,6:-110,7:-136,8:-153|crit=0
L|3|OP06|AC_AD|REF|move=b9b8|score=-80|mate=-|depth=19|nodes=3526758|crit=0
L|3|OP06|AC_AM|SEL|move=b9d9|slotScore=-40|top1=113|gap=153|rule=capnoise|hit=cap|slotUsed=3|seed=1024089987|probs=cap=200,p=0.25,legal=33,1:0,2:33,3:153,4:209,5:212,6:255,7:270,8:252|depth=11|nodes=329552|slots=1:113,2:80,3:-40,4:-96,5:-99,6:-142,7:-157,8:-139|crit=0
L|3|OP06|AC_AM|REF|move=b9d9|score=25|mate=-|depth=21|nodes=3670161|crit=0
L|3|OP06|BN_AD|SEL|move=b9b8|slotScore=94|top1=112|gap=18|rule=boundednoise|hit=cap|slotUsed=2|seed=2718412212|probs=cap=60,p=0.25,gapmode=hybrid,legal=33,pjn=na,pjudged=na,1:0,2:18,3:132,4:200,5:210,6:224,7:249,8:269,accept=na|depth=12|nodes=324419|slots=1:112,2:94,3:-20,4:-88,5:-98,6:-112,7:-137,8:-157|pnodes=-|pdepth=-|pslots=-|pmoves=1:h2b2,2:b9b8,3:b9d9,4:i0h0,5:h2e2,6:h2g2,7:i3i4,8:d0e1|qmoves=-|crit=0
L|3|OP06|BN_AD|REF|move=b9b8|score=-74|mate=-|depth=20|nodes=3536837|crit=0
L|3|OP06|BN_AM|SEL|move=h2e2|slotScore=-79|top1=117|gap=196|rule=boundednoise|hit=cap|slotUsed=4|seed=2567414767|probs=cap=200,p=0.4,gapmode=hybrid,legal=33,pjn=na,pjudged=na,1:0,2:45,3:146,4:196,5:221,6:234,7:245,8:270,accept=na|depth=12|nodes=329381|slots=1:117,2:72,3:-29,4:-79,5:-104,6:-117,7:-128,8:-153|pnodes=-|pdepth=-|pslots=-|pmoves=1:h2b2,2:b9b8,3:b9d9,4:h2e2,5:i0h0,6:i3i4,7:h2g2,8:h2f2|qmoves=-|crit=0
L|3|OP06|BN_AM|REF|move=h2e2|score=100|mate=-|depth=22|nodes=3536238|crit=0
L|3|OP06|BN_P2|SEL|move=b9d9|slotScore=-29|top1=119|gap=148|rule=boundednoise|hit=cap|slotUsed=3|seed=2787804319|probs=cap=200,p=0.4,gapmode=pool,legal=33,pjn=3,pjudged=8,1:0,2:3,3:148,4:207,5:211,6:239,7:265,8:273,accept=3|depth=11|nodes=335970|slots=1:119,2:116,3:-29,4:-88,5:-92,6:-120,7:-146,8:-154|pnodes=-|pdepth=-|pslots=-|pmoves=1:h2b2,2:b9b8,3:b9d9,4:h2e2,5:i0h0,6:h2g2,7:i3i4,8:h2f2|qmoves=-|crit=0
L|3|OP06|BN_P2|REF|move=b9d9|score=26|mate=-|depth=22|nodes=3603456|crit=0
L|3|OP06|ANCH|SEL|move=h2b2|slotScore=124|top1=124|gap=0|rule=anchor|hit=anchor|slotUsed=1|seed=2350675470|probs=|depth=22|nodes=3578729|slots=1:124|crit=0
L|3|OP06|ANCH|REF|move=h2b2|score=-132|mate=-|depth=21|nodes=3522223|crit=0
PROG|3|OP06
L|3|OP08|ANCHOR|move=b9b7|score=177|mate=-|depth=24|nodes=3637244|crit=0
L|3|OP08|AM0|SEL|move=i0h0|slotScore=-145|top1=159|gap=304|rule=slot|hit=slot|slotUsed=4|seed=1836828704|probs=|depth=14|nodes=338443|slots=1:159,2:44,3:-38,4:-145|crit=0
L|3|OP08|AM0|REF|move=i0h0|score=162|mate=-|depth=22|nodes=3340552|crit=0
L|3|OP08|AD0|SEL|move=b9d9|slotScore=-32|top1=165|gap=197|rule=slot|hit=slot|slotUsed=3|seed=2003112369|probs=|depth=16|nodes=620628|slots=1:165,2:61,3:-32|crit=0
L|3|OP08|AD0|REF|move=b9d9|score=48|mate=-|depth=20|nodes=3591336|crit=0
L|3|OP08|EX0|SEL|move=b9b4|slotScore=54|top1=161|gap=107|rule=slot|hit=slot|slotUsed=2|seed=3115946521|probs=|depth=16|nodes=929840|slots=1:161,2:54|crit=0
L|3|OP08|EX0|REF|move=b9b4|score=-36|mate=-|depth=21|nodes=3351929|crit=0
L|3|OP08|CAP_AD|SEL|move=b9b7|slotScore=159|top1=159|gap=0|rule=cap|hit=above|slotUsed=1|seed=1438277732|probs=1:0,2:122,3:185,4:251,5:259,6:266,7:269,8:304|depth=13|nodes=379907|slots=1:159,2:37,3:-26,4:-92,5:-100,6:-107,7:-110,8:-145|crit=0
L|3|OP08|CAP_AD|REF|move=b9b7|score=-168|mate=-|depth=21|nodes=3596192|crit=0
L|3|OP08|CAP_AM|SEL|move=b9b5|slotScore=-15|top1=165|gap=180|rule=cap|hit=cap|slotUsed=3|seed=1287279007|probs=1:0,2:119,3:180,4:241,5:286,6:274,7:319,8:336|depth=13|nodes=355965|slots=1:165,2:46,3:-15,4:-76,5:-121,6:-109,7:-154,8:-171|crit=0
L|3|OP08|CAP_AM|REF|move=b9b5|score=84|mate=-|depth=22|nodes=3565791|crit=0
L|3|OP08|NOI_AM|SEL|move=b9d9|slotScore=-44|top1=161|gap=205|rule=noise|hit=engine|slotUsed=4|seed=2616338277|probs=p=0.25,legal=44|depth=14|nodes=338394|slots=1:161,2:50,3:-37,4:-44|crit=0
L|3|OP08|NOI_AM|REF|move=b9d9|score=46|mate=-|depth=19|nodes=3577105|crit=0
L|3|OP08|AC_AD|SEL|move=b9b7|slotScore=163|top1=163|gap=0|rule=capnoise|hit=above|slotUsed=1|seed=288924902|probs=cap=60,p=0.1,legal=44,1:0,2:125,3:200,4:248,5:255,6:257,7:295,8:299|depth=13|nodes=378665|slots=1:163,2:38,3:-37,4:-85,5:-92,6:-94,7:-132,8:-136|crit=0
L|3|OP08|AC_AD|REF|move=b9b7|score=-161|mate=-|depth=22|nodes=3531982|crit=0
L|3|OP08|AC_AM|SEL|move=a1g1|slotScore=NA|top1=155|gap=NA|rule=capnoise|hit=rand|slotUsed=-1|seed=406369257|probs=cap=200,p=0.25,legal=44,1:0,2:125,3:204,4:226,5:248,6:271,7:284,8:304,wouldBe=2|depth=10|nodes=331266|slots=1:155,2:30,3:-49,4:-71,5:-93,6:-116,7:-129,8:-149|crit=0
L|3|OP08|AC_AM|REF|move=a1g1|score=373|mate=-|depth=20|nodes=3271676|crit=0
L|3|OP08|BN_AD|SEL|move=b9b7|slotScore=150|top1=150|gap=0|rule=boundednoise|hit=above|slotUsed=1|seed=150398318|probs=cap=60,p=0.25,gapmode=hybrid,legal=44,pjn=na,pjudged=na,1:0,2:106,3:206,4:214,5:251,6:265,7:287,8:297,accept=na|depth=12|nodes=357468|slots=1:150,2:44,3:-56,4:-64,5:-101,6:-115,7:-137,8:-147|pnodes=-|pdepth=-|pslots=-|pmoves=1:b9b7,2:b9b4,3:b9d9,4:b9b5,5:b9b6,6:h2b2,7:b0d1,8:i0h0|qmoves=-|crit=0
L|3|OP08|BN_AD|REF|move=b9b7|score=-171|mate=-|depth=21|nodes=3699980|crit=0
L|3|OP08|BN_AM|SEL|move=b9b4|slotScore=38|top1=159|gap=121|rule=boundednoise|hit=cap|slotUsed=2|seed=4294367873|probs=cap=200,p=0.4,gapmode=hybrid,legal=44,pjn=na,pjudged=na,1:0,2:121,3:210,4:245,5:254,6:290,7:291,8:291,accept=na|depth=11|nodes=328892|slots=1:159,2:38,3:-51,4:-86,5:-95,6:-131,7:-132,8:-132|pnodes=-|pdepth=-|pslots=-|pmoves=1:b9b7,2:b9b4,3:b9d9,4:b9b6,5:b9b5,6:b0d1,7:i0h0,8:b9b8|qmoves=-|crit=0
L|3|OP08|BN_AM|REF|move=b9b4|score=-39|mate=-|depth=21|nodes=3476558|crit=0
L|3|OP08|BN_P2|SEL|move=b9b5|slotScore=-15|top1=143|gap=158|rule=boundednoise|hit=cap|slotUsed=3|seed=1897748957|probs=cap=200,p=0.4,gapmode=pool,legal=44,pjn=3,pjudged=8,1:0,2:111,3:158,4:211,5:222,6:229,7:285,8:321,accept=3|depth=13|nodes=350770|slots=1:143,2:32,3:-15,4:-68,5:-79,6:-86,7:-142,8:-178|pnodes=-|pdepth=-|pslots=-|pmoves=1:b9b7,2:b9b4,3:b9b5,4:h2b2,5:b9d9,6:b9b6,7:b9b8,8:b0d1|qmoves=-|crit=0
L|3|OP08|BN_P2|REF|move=b9b5|score=69|mate=-|depth=21|nodes=3299880|crit=0
L|3|OP08|ANCH|SEL|move=b9b7|slotScore=177|top1=177|gap=0|rule=anchor|hit=anchor|slotUsed=1|seed=1223546680|probs=|depth=24|nodes=3637244|slots=1:177|crit=0
L|3|OP08|ANCH|REF|move=b9b7|score=-165|mate=-|depth=22|nodes=3686805|crit=0
PROG|3|OP08
L|3|MG_QT01|ANCHOR|move=c7b9|score=-28|mate=-|depth=25|nodes=3646952|crit=0
L|3|MG_QT01|AM0|SEL|move=h9g7|slotScore=-622|top1=-33|gap=589|rule=slot|hit=slot|slotUsed=4|seed=974276836|probs=|depth=15|nodes=305577|slots=1:-33,2:-515,3:-609,4:-622|crit=0
L|3|MG_QT01|AM0|REF|move=h9g7|score=616|mate=-|depth=23|nodes=3159278|crit=0
L|3|MG_QT01|AD0|SEL|move=h9g7|slotScore=-604|top1=-30|gap=574|rule=slot|hit=slot|slotUsed=3|seed=2751240789|probs=|depth=18|nodes=555489|slots=1:-30,2:-593,3:-604|crit=0
L|3|MG_QT01|AD0|REF|move=h9g7|score=617|mate=-|depth=25|nodes=3171331|crit=0
L|3|MG_QT01|EX0|SEL|move=f9e8|slotScore=-605|top1=-27|gap=578|rule=slot|hit=slot|slotUsed=2|seed=4538909|probs=|depth=19|nodes=925282|slots=1:-27,2:-605|crit=0
L|3|MG_QT01|EX0|REF|move=f9e8|score=600|mate=-|depth=25|nodes=3374268|crit=0
L|3|MG_QT01|CAP_AD|SEL|move=c7b9|slotScore=-27|top1=-27|gap=0|rule=cap|hit=above|slotUsed=1|seed=3557893624|probs=1:0,2:516,3:573,4:576,5:581,6:586,7:592,8:595|depth=14|nodes=318830|slots=1:-27,2:-543,3:-600,4:-603,5:-608,6:-613,7:-619,8:-622|crit=0
L|3|MG_QT01|CAP_AD|REF|move=c7b9|score=32|mate=-|depth=28|nodes=3646464|crit=0
L|3|MG_QT01|CAP_AM|SEL|move=c7b9|slotScore=-33|top1=-33|gap=0|rule=cap|hit=above|slotUsed=1|seed=3406895891|probs=1:0,2:564,3:572,4:576,5:581,6:581,7:579,8:582|depth=13|nodes=304385|slots=1:-33,2:-597,3:-605,4:-609,5:-614,6:-614,7:-612,8:-615|crit=0
L|3|MG_QT01|CAP_AM|REF|move=c7b9|score=34|mate=-|depth=28|nodes=3655876|crit=0
L|3|MG_QT01|NOI_AM|SEL|move=f9e8|slotScore=-607|top1=-32|gap=575|rule=noise|hit=engine|slotUsed=4|seed=2919200025|probs=p=0.25,legal=30|depth=15|nodes=302517|slots=1:-32,2:-569,3:-606,4:-607|crit=0
L|3|MG_QT01|NOI_AM|REF|move=f9e8|score=609|mate=-|depth=27|nodes=3382804|crit=0
L|3|MG_QT01|AC_AD|SEL|move=c7b9|slotScore=-28|top1=-28|gap=0|rule=capnoise|hit=above|slotUsed=1|seed=1583901010|probs=cap=60,p=0.1,legal=30,1:0,2:565,3:566,4:568,5:578,6:584,7:579,8:582|depth=13|nodes=299582|slots=1:-28,2:-593,3:-594,4:-596,5:-606,6:-612,7:-607,8:-610|crit=0
L|3|MG_QT01|AC_AD|REF|move=c7b9|score=35|mate=-|depth=27|nodes=3775161|crit=0
L|3|MG_QT01|AC_AM|SEL|move=e9e8|slotScore=NA|top1=-36|gap=NA|rule=capnoise|hit=rand|slotUsed=-1|seed=1432903301|probs=cap=200,p=0.25,legal=30,1:0,2:560,3:565,4:575,5:582,6:578,7:582,8:582,wouldBe=1|depth=13|nodes=310551|slots=1:-36,2:-596,3:-601,4:-611,5:-618,6:-614,7:-618,8:-618|crit=0
L|3|MG_QT01|AC_AM|REF|move=e9e8|score=702|mate=-|depth=24|nodes=3287968|crit=0
L|3|MG_QT01|BN_AD|SEL|move=c7b9|slotScore=-35|top1=-35|gap=0|rule=boundednoise|hit=brand|slotUsed=1|seed=1868734450|probs=cap=60,p=0.25,gapmode=hybrid,legal=30,pjn=1,pjudged=24,1:0,2:565,3:568,4:590,5:592,6:585,7:586,8:587,wouldBe=1,accept=1,agap=0|depth=13|nodes=304726|slots=1:-35,2:-600,3:-603,4:-625,5:-627,6:-620,7:-621,8:-622|pnodes=337624|pdepth=13|pslots=1:-32,2:-608,3:-609,4:-613,5:-614,6:-618,7:-620,8:-622,9:-620,10:-623,11:-623,12:-625,13:-628,14:-634,15:-639,16:-640|pmoves=1:c7b9,2:f9e8,3:c6c5,4:g5g4,5:h9g7,6:i6i5,7:h9i7,8:d9e8|qmoves=1:c7b9,2:f9e8,3:c6c5,4:i6i5,5:h9g7,6:d9e8,7:h9f8,8:g5g4,9:c7e8,10:a6a5,11:h9i7,12:a7a8,13:h7i7,14:h7f7,15:h7h5,16:h7g7|crit=0
L|3|MG_QT01|BN_AD|REF|move=c7b9|score=40|mate=-|depth=25|nodes=3555948|crit=0
L|3|MG_QT01|BN_AM|SEL|move=c7b9|slotScore=-36|top1=-36|gap=0|rule=boundednoise|hit=above|slotUsed=1|seed=1717734693|probs=cap=200,p=0.4,gapmode=hybrid,legal=30,pjn=na,pjudged=na,1:0,2:552,3:568,4:574,5:577,6:581,7:585,8:587,accept=na|depth=13|nodes=263019|slots=1:-36,2:-588,3:-604,4:-610,5:-613,6:-617,7:-621,8:-623|pnodes=-|pdepth=-|pslots=-|pmoves=1:c7b9,2:d9e8,3:c6c5,4:h9g7,5:f9e8,6:i6i5,7:h9f8,8:a6a5|qmoves=-|crit=0
L|3|MG_QT01|BN_AM|REF|move=c7b9|score=35|mate=-|depth=26|nodes=3591646|crit=0
L|3|MG_QT01|BN_P2|SEL|move=c7b9|slotScore=-36|top1=-36|gap=0|rule=boundednoise|hit=above|slotUsed=1|seed=3213487673|probs=cap=200,p=0.4,gapmode=pool,legal=30,pjn=1,pjudged=8,1:0,2:571,3:581,4:572,5:578,6:583,7:583,8:583,accept=1|depth=14|nodes=299378|slots=1:-36,2:-607,3:-617,4:-608,5:-614,6:-619,7:-619,8:-619|pnodes=-|pdepth=-|pslots=-|pmoves=1:c7b9,2:c6c5,3:d9e8,4:f9e8,5:h9g7,6:i6i5,7:g5g4,8:h9i7|qmoves=-|crit=0
L|3|MG_QT01|BN_P2|REF|move=c7b9|score=31|mate=-|depth=26|nodes=3760767|crit=0
L|3|MG_QT01|ANCH|SEL|move=c7b9|slotScore=-28|top1=-28|gap=0|rule=anchor|hit=anchor|slotUsed=1|seed=569582692|probs=|depth=25|nodes=3646952|slots=1:-28|crit=0
L|3|MG_QT01|ANCH|REF|move=c7b9|score=30|mate=-|depth=28|nodes=3677226|crit=0
PROG|3|MG_QT01
L|3|MG_QT05|ANCHOR|move=h7h9|score=-38|mate=-|depth=22|nodes=3374896|crit=0
L|3|MG_QT05|AM0|SEL|move=i9h9|slotScore=-57|top1=-38|gap=19|rule=slot|hit=slot|slotUsed=4|seed=3579326800|probs=|depth=12|nodes=280054|slots=1:-38,2:-45,3:-54,4:-57|crit=0
L|3|MG_QT05|AM0|REF|move=i9h9|score=60|mate=-|depth=24|nodes=3524583|crit=0
L|3|MG_QT05|AD0|SEL|move=i9h9|slotScore=-56|top1=-36|gap=20|rule=slot|hit=slot|slotUsed=3|seed=1598206305|probs=|depth=14|nodes=527427|slots=1:-36,2:-54,3:-56|crit=0
L|3|MG_QT05|AD0|REF|move=i9h9|score=54|mate=-|depth=23|nodes=3452688|crit=0
L|3|MG_QT05|EX0|SEL|move=i6i5|slotScore=-42|top1=-35|gap=7|rule=slot|hit=slot|slotUsed=2|seed=2757839081|probs=|depth=17|nodes=867646|slots=1:-35,2:-42|crit=0
L|3|MG_QT05|EX0|REF|move=i6i5|score=53|mate=-|depth=23|nodes=3394124|crit=0
L|3|MG_QT05|CAP_AD|SEL|move=a7b7|slotScore=-86|top1=-37|gap=49|rule=cap|hit=cap|slotUsed=8|seed=3077086420|probs=1:0,2:11,3:14,4:24,5:24,6:28,7:37,8:49|depth=11|nodes=301955|slots=1:-37,2:-48,3:-51,4:-61,5:-61,6:-65,7:-74,8:-86|crit=0
L|3|MG_QT05|CAP_AD|REF|move=a7b7|score=126|mate=-|depth=19|nodes=3334932|crit=0
L|3|MG_QT05|CAP_AM|SEL|move=a7a8|slotScore=-65|top1=-39|gap=26|rule=cap|hit=cap|slotUsed=8|seed=2926088719|probs=1:0,2:3,3:9,4:20,5:29,6:31,7:41,8:26|depth=10|nodes=294925|slots=1:-39,2:-42,3:-48,4:-59,5:-68,6:-70,7:-80,8:-65|crit=0
L|3|MG_QT05|CAP_AM|REF|move=a7a8|score=116|mate=-|depth=21|nodes=3646217|crit=0
L|3|MG_QT05|NOI_AM|SEL|move=h7i7|slotScore=-53|top1=-41|gap=12|rule=noise|hit=engine|slotUsed=4|seed=1249783541|probs=p=0.25,legal=33|depth=14|nodes=296447|slots=1:-41,2:-44,3:-46,4:-53|crit=0
L|3|MG_QT05|NOI_AM|REF|move=h7i7|score=64|mate=-|depth=22|nodes=3580864|crit=0
L|3|MG_QT05|AC_AD|SEL|move=h7g7|slotScore=-78|top1=-39|gap=39|rule=capnoise|hit=cap|slotUsed=8|seed=253387350|probs=cap=60,p=0.1,legal=33,1:0,2:2,3:1,4:24,5:27,6:34,7:35,8:39|depth=10|nodes=318791|slots=1:-39,2:-41,3:-40,4:-63,5:-66,6:-73,7:-74,8:-78|crit=0
L|3|MG_QT05|AC_AD|REF|move=h7g7|score=115|mate=-|depth=22|nodes=3744797|crit=0
L|3|MG_QT05|AC_AM|SEL|move=i9g9|slotScore=-86|top1=-41|gap=45|rule=capnoise|hit=cap|slotUsed=8|seed=370829657|probs=cap=200,p=0.25,legal=33,1:0,2:1,3:21,4:28,5:31,6:38,7:39,8:45|depth=11|nodes=314328|slots=1:-41,2:-42,3:-62,4:-69,5:-72,6:-79,7:-80,8:-86|crit=0
L|3|MG_QT05|AC_AM|REF|move=i9g9|score=71|mate=-|depth=21|nodes=3554985|crit=0
L|3|MG_QT05|BN_AD|SEL|move=i9i8|slotScore=-77|top1=-42|gap=35|rule=boundednoise|hit=cap|slotUsed=8|seed=3633836446|probs=cap=60,p=0.25,gapmode=hybrid,legal=33,pjn=na,pjudged=na,1:0,2:3,3:7,4:18,5:13,6:21,7:23,8:35,accept=na|depth=11|nodes=304250|slots=1:-42,2:-45,3:-49,4:-60,5:-55,6:-63,7:-65,8:-77|pnodes=-|pdepth=-|pslots=-|pmoves=1:h7h9,2:i6i5,3:i9h9,4:h7i7,5:f8e6,6:h7g7,7:b9c7,8:i9i8|qmoves=-|crit=0
L|3|MG_QT05|BN_AD|REF|move=i9i8|score=143|mate=-|depth=22|nodes=3476076|crit=0
L|3|MG_QT05|BN_AM|SEL|move=b9c7|slotScore=-70|top1=-42|gap=28|rule=boundednoise|hit=brand|slotUsed=5|seed=3482838961|probs=cap=200,p=0.4,gapmode=hybrid,legal=33,pjn=16,pjudged=24,1:0,2:10,3:16,4:16,5:28,6:36,7:38,8:46,wouldBe=8,accept=16,agap=28|depth=12|nodes=310867|slots=1:-42,2:-52,3:-58,4:-58,5:-70,6:-78,7:-80,8:-88|pnodes=321472|pdepth=9|pslots=1:-49,2:-49,3:-52,4:-60,5:-72,6:-75,7:-72,8:-87,9:-88,10:-89,11:-93,12:-93,13:-108,14:-112,15:-113,16:-132|pmoves=1:h7h9,2:i6i5,3:i9h9,4:h7i7,5:b9c7,6:i9i7,7:f8e6,8:h7g7|qmoves=1:h7h9,2:i6i5,3:i9h9,4:h7i7,5:i9i7,6:b9c7,7:f8e6,8:i9i8,9:a6a5,10:a7a8,11:h7g7,12:i9g9,13:a7c7,14:a7b7,15:g5g4,16:a7d7|crit=0
L|3|MG_QT05|BN_AM|REF|move=b9c7|score=81|mate=-|depth=22|nodes=3538431|crit=0
L|3|MG_QT05|BN_P2|SEL|move=h7g7|slotScore=-84|top1=-42|gap=42|rule=boundednoise|hit=brand|slotUsed=8|seed=3765050637|probs=cap=200,p=0.4,gapmode=pool,legal=33,pjn=8,pjudged=8,1:0,2:6,3:9,4:12,5:14,6:38,7:44,8:42,wouldBe=8,accept=8,agap=42|depth=10|nodes=324980|slots=1:-42,2:-48,3:-51,4:-54,5:-56,6:-80,7:-86,8:-84|pnodes=-|pdepth=-|pslots=-|pmoves=1:h7h9,2:i6i5,3:i9h9,4:i9i7,5:h7i7,6:b9c7,7:f8e6,8:h7g7|qmoves=-|crit=0
L|3|MG_QT05|BN_P2|REF|move=h7g7|score=108|mate=-|depth=21|nodes=3783007|crit=0
L|3|MG_QT05|ANCH|SEL|move=h7h9|slotScore=-38|top1=-38|gap=0|rule=anchor|hit=anchor|slotUsed=1|seed=3681807656|probs=|depth=22|nodes=3374896|slots=1:-38|crit=0
L|3|MG_QT05|ANCH|REF|move=h7h9|score=36|mate=-|depth=23|nodes=3700426|crit=0
PROG|3|MG_QT05
L|3|MG_QT10|ANCHOR|move=i9h9|score=-31|mate=-|depth=23|nodes=3737519|crit=0
L|3|MG_QT10|AM0|SEL|move=i9i7|slotScore=-58|top1=-28|gap=30|rule=slot|hit=slot|slotUsed=4|seed=3508206134|probs=|depth=13|nodes=297641|slots=1:-28,2:-50,3:-55,4:-58|crit=0
L|3|MG_QT10|AM0|REF|move=i9i7|score=58|mate=-|depth=21|nodes=3627998|crit=0
L|3|MG_QT10|AD0|SEL|move=i9i7|slotScore=-67|top1=-34|gap=33|rule=slot|hit=slot|slotUsed=3|seed=3674489799|probs=|depth=14|nodes=582159|slots=1:-34,2:-57,3:-67|crit=0
L|3|MG_QT10|AD0|REF|move=i9i7|score=67|mate=-|depth=22|nodes=3571552|crit=0
L|3|MG_QT10|EX0|SEL|move=f8h7|slotScore=-63|top1=-33|gap=30|rule=slot|hit=slot|slotUsed=2|seed=266770327|probs=|depth=16|nodes=952604|slots=1:-33,2:-63|crit=0
L|3|MG_QT10|EX0|REF|move=f8h7|score=73|mate=-|depth=22|nodes=3665904|crit=0
L|3|MG_QT10|CAP_AD|SEL|move=c5c4|slotScore=-84|top1=-34|gap=50|rule=cap|hit=cap|slotUsed=8|seed=1423174710|probs=1:0,2:28,3:30,4:35,5:37,6:39,7:45,8:50|depth=11|nodes=317290|slots=1:-34,2:-62,3:-64,4:-69,5:-71,6:-73,7:-79,8:-84|crit=0
L|3|MG_QT10|CAP_AD|REF|move=c5c4|score=111|mate=-|depth=21|nodes=3804041|crit=0
L|3|MG_QT10|CAP_AM|SEL|move=c3e4|slotScore=-93|top1=-40|gap=53|rule=cap|hit=cap|slotUsed=8|seed=1540619065|probs=1:0,2:14,3:23,4:22,5:25,6:45,7:53,8:53|depth=12|nodes=304210|slots=1:-40,2:-54,3:-63,4:-62,5:-65,6:-85,7:-93,8:-93|crit=0
L|3|MG_QT10|CAP_AM|REF|move=c3e4|score=113|mate=-|depth=20|nodes=3655835|crit=0
L|3|MG_QT10|NOI_AM|SEL|move=a6a5|slotScore=-71|top1=-44|gap=27|rule=noise|hit=engine|slotUsed=4|seed=2642478107|probs=p=0.25,legal=29|depth=13|nodes=307956|slots=1:-44,2:-57,3:-63,4:-71|crit=0
L|3|MG_QT10|NOI_AM|REF|move=a6a5|score=59|mate=-|depth=23|nodes=3605086|crit=0
L|3|MG_QT10|AC_AD|SEL|move=a7a8|slotScore=-86|top1=-29|gap=57|rule=capnoise|hit=cap|slotUsed=8|seed=2899633124|probs=cap=60,p=0.1,legal=29,1:0,2:26,3:29,4:26,5:38,6:39,7:46,8:57|depth=10|nodes=310793|slots=1:-29,2:-55,3:-58,4:-55,5:-67,6:-68,7:-75,8:-86|crit=0
L|3|MG_QT10|AC_AD|REF|move=a7a8|score=71|mate=-|depth=21|nodes=3676446|crit=0
L|3|MG_QT10|AC_AM|SEL|move=i9g9|slotScore=-67|top1=-31|gap=36|rule=capnoise|hit=cap|slotUsed=8|seed=2748633375|probs=cap=200,p=0.25,legal=29,1:0,2:25,3:26,4:40,5:41,6:42,7:25,8:36|depth=10|nodes=297583|slots=1:-31,2:-56,3:-57,4:-71,5:-72,6:-73,7:-56,8:-67|crit=0
L|3|MG_QT10|AC_AM|REF|move=i9g9|score=98|mate=-|depth=21|nodes=3703231|crit=0
L|3|MG_QT10|BN_AD|SEL|move=i9g9|slotScore=-77|top1=-38|gap=39|rule=boundednoise|hit=cap|slotUsed=8|seed=3722958008|probs=cap=60,p=0.25,gapmode=hybrid,legal=29,pjn=na,pjudged=na,1:0,2:25,3:27,4:29,5:33,6:43,7:53,8:39,accept=na|depth=11|nodes=307376|slots=1:-38,2:-63,3:-65,4:-67,5:-71,6:-81,7:-91,8:-77|pnodes=-|pdepth=-|pslots=-|pmoves=1:i9h9,2:f8h7,3:a6a5,4:i9i7,5:f8h9,6:f9g9,7:c3e4,8:i9g9|qmoves=-|crit=0
L|3|MG_QT10|BN_AD|REF|move=i9g9|score=114|mate=-|depth=23|nodes=3657979|crit=0
L|3|MG_QT10|BN_AM|SEL|move=i9g9|slotScore=-80|top1=-32|gap=48|rule=boundednoise|hit=brand|slotUsed=7|seed=3571960531|probs=cap=200,p=0.4,gapmode=hybrid,legal=29,pjn=16,pjudged=24,1:0,2:24,3:35,4:38,5:41,6:46,7:48,8:51,wouldBe=8,accept=16,agap=48|depth=10|nodes=299057|slots=1:-32,2:-56,3:-67,4:-70,5:-73,6:-78,7:-80,8:-83|pnodes=317387|pdepth=9|pslots=1:-41,2:-56,3:-61,4:-70,5:-72,6:-77,7:-78,8:-85,9:-87,10:-87,11:-93,12:-94,13:-103,14:-103,15:-105,16:-112|pmoves=1:i9h9,2:f8h7,3:a6a5,4:i9i7,5:f8h9,6:f9g9,7:i9g9,8:a7d7|qmoves=1:i9h9,2:f8h7,3:i9i7,4:a6a5,5:f8h9,6:f9g9,7:a7a8,8:c3e4,9:i9g9,10:a7d7,11:c5c4,12:e8d7,13:i9i8,14:f9h9,15:a7c7,16:a7b7|crit=0
L|3|MG_QT10|BN_AM|REF|move=i9g9|score=104|mate=-|depth=22|nodes=3625254|crit=0
L|3|MG_QT10|BN_P2|SEL|move=f8h9|slotScore=-59|top1=-36|gap=23|rule=boundednoise|hit=brand|slotUsed=3|seed=163199355|probs=cap=200,p=0.4,gapmode=pool,legal=29,pjn=8,pjudged=8,1:0,2:16,3:23,4:31,5:32,6:42,7:45,8:50,wouldBe=8,accept=8,agap=23|depth=11|nodes=306437|slots=1:-36,2:-52,3:-59,4:-67,5:-68,6:-78,7:-81,8:-86|pnodes=-|pdepth=-|pslots=-|pmoves=1:i9h9,2:f8h7,3:f8h9,4:i9i7,5:a6a5,6:i9g9,7:c3e4,8:c5c4|qmoves=-|crit=0
L|3|MG_QT10|BN_P2|REF|move=f8h9|score=67|mate=-|depth=22|nodes=3680412|crit=0
L|3|MG_QT10|ANCH|SEL|move=i9h9|slotScore=-31|top1=-31|gap=0|rule=anchor|hit=anchor|slotUsed=1|seed=3845531754|probs=|depth=23|nodes=3737519|slots=1:-31|crit=0
L|3|MG_QT10|ANCH|REF|move=i9h9|score=27|mate=-|depth=23|nodes=3855820|crit=0
PROG|3|MG_QT10
L|3|MG_QT14|ANCHOR|move=f4b4|score=-19|mate=-|depth=23|nodes=3984542|crit=0
L|3|MG_QT14|AM0|SEL|move=c3e4|slotScore=-45|top1=-25|gap=20|rule=slot|hit=slot|slotUsed=4|seed=3230257930|probs=|depth=14|nodes=318632|slots=1:-25,2:-40,3:-41,4:-45|crit=0
L|3|MG_QT14|AM0|REF|move=c3e4|score=62|mate=-|depth=21|nodes=3978302|crit=0
L|3|MG_QT14|AD0|SEL|move=f4f2|slotScore=-44|top1=-32|gap=12|rule=slot|hit=slot|slotUsed=3|seed=3398969387|probs=|depth=16|nodes=533225|slots=1:-32,2:-33,3:-44|crit=0
L|3|MG_QT14|AD0|REF|move=f4f2|score=75|mate=-|depth=23|nodes=4271184|crit=0
L|3|MG_QT14|EX0|SEL|move=a7b7|slotScore=-38|top1=-28|gap=10|rule=slot|hit=slot|slotUsed=2|seed=411051515|probs=|depth=20|nodes=1053082|slots=1:-28,2:-38|crit=0
L|3|MG_QT14|EX0|REF|move=a7b7|score=30|mate=-|depth=26|nodes=3749480|crit=0
L|3|MG_QT14|CAP_AD|SEL|move=f4d4|slotScore=-90|top1=-36|gap=54|rule=cap|hit=cap|slotUsed=8|seed=1847539546|probs=1:0,2:4,3:13,4:15,5:21,6:32,7:13,8:54|depth=12|nodes=324095|slots=1:-36,2:-40,3:-49,4:-51,5:-57,6:-68,7:-49,8:-90|crit=0
L|3|MG_QT14|CAP_AD|REF|move=f4d4|score=124|mate=-|depth=20|nodes=3894528|crit=0
L|3|MG_QT14|CAP_AM|SEL|move=e8f7|slotScore=-86|top1=-37|gap=49|rule=cap|hit=cap|slotUsed=8|seed=1964982877|probs=1:0,2:2,3:11,4:15,5:22,6:29,7:33,8:49|depth=13|nodes=321971|slots=1:-37,2:-39,3:-48,4:-52,5:-59,6:-66,7:-70,8:-86|crit=0
L|3|MG_QT14|CAP_AM|REF|move=e8f7|score=124|mate=-|depth=23|nodes=4044809|crit=0
L|3|MG_QT14|NOI_AM|SEL|move=c3e4|slotScore=-53|top1=-36|gap=17|rule=noise|hit=engine|slotUsed=4|seed=1838515823|probs=p=0.25,legal=37|depth=14|nodes=311420|slots=1:-36,2:-42,3:-55,4:-53|crit=0
L|3|MG_QT14|NOI_AM|REF|move=c3e4|score=69|mate=-|depth=23|nodes=3987489|crit=0
L|3|MG_QT14|AC_AD|SEL|move=f4e4|slotScore=-72|top1=-33|gap=39|rule=capnoise|hit=cap|slotUsed=7|seed=3153760736|probs=cap=60,p=0.1,legal=37,1:0,2:12,3:12,4:20,5:20,6:23,7:39,8:70|depth=13|nodes=333748|slots=1:-33,2:-45,3:-45,4:-53,5:-53,6:-56,7:-72,8:-103|crit=0
L|3|MG_QT14|AC_AD|REF|move=f4e4|score=66|mate=-|depth=23|nodes=3947683|crit=0
L|3|MG_QT14|AC_AM|SEL|move=e8d7|slotScore=-57|top1=-39|gap=18|rule=capnoise|hit=rand|slotUsed=4|seed=3271204075|probs=cap=200,p=0.25,legal=37,1:0,2:9,3:16,4:18,5:18,6:25,7:27,8:58,wouldBe=8|depth=12|nodes=334427|slots=1:-39,2:-48,3:-55,4:-57,5:-57,6:-64,7:-66,8:-97|crit=0
L|3|MG_QT14|AC_AM|REF|move=e8d7|score=66|mate=-|depth=24|nodes=4023132|crit=0
L|3|MG_QT14|BN_AD|SEL|move=e8d7|slotScore=-61|top1=-34|gap=27|rule=boundednoise|hit=brand|slotUsed=7|seed=49816412|probs=cap=60,p=0.25,gapmode=hybrid,legal=37,pjn=8,pjudged=24,1:0,2:6,3:18,4:19,5:25,6:25,7:27,8:63,wouldBe=7,accept=8,agap=27|depth=12|nodes=335899|slots=1:-34,2:-40,3:-52,4:-53,5:-59,6:-59,7:-61,8:-97|pnodes=357388|pdepth=11|pslots=1:-30,2:-35,3:-49,4:-52,5:-53,6:-54,7:-75,8:-90,9:-108,10:-110,11:-112,12:-103,13:-105,14:-117,15:-123,16:-126|pmoves=1:f4b4,2:a7b7,3:f4f2,4:a7c7,5:f4e4,6:c3e4,7:e8d7,8:a7d7|qmoves=1:a7b7,2:f4b4,3:c3e4,4:f4e4,5:a7c7,6:f4f2,7:e8d7,8:e8f7,9:a7d7,10:f4d4,11:e9f9,12:a6a5,13:c5c4,14:g7h5,15:f4f8,16:f4f6|crit=0
L|3|MG_QT14|BN_AD|REF|move=e8d7|score=51|mate=-|depth=25|nodes=4132524|crit=0
L|3|MG_QT14|BN_AM|SEL|move=e9f9|slotScore=NA|top1=-18|gap=NA|rule=boundednoise|hit=brand|slotUsed=-1|seed=167259719|probs=cap=200,p=0.4,gapmode=hybrid,legal=37,pjn=16,pjudged=24,1:0,2:18,3:28,4:30,5:41,6:44,7:51,8:69,wouldBe=8,accept=16,agap=77|depth=13|nodes=333851|slots=1:-18,2:-36,3:-46,4:-48,5:-59,6:-62,7:-69,8:-87|pnodes=345218|pdepth=10|pslots=1:-27,2:-34,3:-47,4:-51,5:-57,6:-61,7:-66,8:-98,9:-102,10:-104,11:-112,12:-115,13:-121,14:-124,15:-128,16:-141|pmoves=1:a7b7,2:f4b4,3:c3e4,4:f4f2,5:e8d7,6:a7c7,7:f4e4,8:e8f7|qmoves=1:a7b7,2:f4b4,3:f4f2,4:c3e4,5:a7c7,6:e8d7,7:f4e4,8:e8f7,9:a6a5,10:e9f9,11:f4d4,12:a7d7,13:g7h5,14:f4f6,15:g7i8,16:a7a8|crit=0
L|3|MG_QT14|BN_AM|REF|move=e9f9|score=113|mate=-|depth=22|nodes=3766552|crit=0
L|3|MG_QT14|BN_P2|SEL|move=e8f7|slotScore=-88|top1=-38|gap=50|rule=boundednoise|hit=brand|slotUsed=8|seed=656353479|probs=cap=200,p=0.4,gapmode=pool,legal=37,pjn=8,pjudged=8,1:0,2:7,3:10,4:11,5:36,6:36,7:30,8:50,wouldBe=8,accept=8,agap=50|depth=13|nodes=319292|slots=1:-38,2:-45,3:-48,4:-49,5:-74,6:-74,7:-68,8:-88|pnodes=-|pdepth=-|pslots=-|pmoves=1:f4b4,2:f4f2,3:a7b7,4:c3e4,5:e8d7,6:f4e4,7:a7c7,8:e8f7|qmoves=-|crit=0
L|3|MG_QT14|BN_P2|REF|move=e8f7|score=115|mate=-|depth=25|nodes=4195867|crit=0
L|3|MG_QT14|ANCH|SEL|move=f4b4|slotScore=-19|top1=-19|gap=0|rule=anchor|hit=anchor|slotUsed=1|seed=2173952518|probs=|depth=23|nodes=3984542|slots=1:-19|crit=0
L|3|MG_QT14|ANCH|REF|move=f4b4|score=32|mate=-|depth=26|nodes=3885129|crit=0
PROG|3|MG_QT14
L|3|MG_QT19|ANCHOR|move=c7c3|score=-16|mate=-|depth=28|nodes=3792523|crit=0
L|3|MG_QT19|AM0|SEL|move=c7d7|slotScore=-597|top1=-16|gap=581|rule=slot|hit=slot|slotUsed=4|seed=582494733|probs=|depth=17|nodes=316468|slots=1:-16,2:-581,3:-586,4:-597|crit=0
L|3|MG_QT19|AM0|REF|move=c7d7|score=595|mate=-|depth=29|nodes=3683882|crit=0
L|3|MG_QT19|AD0|SEL|move=c7b7|slotScore=-587|top1=-18|gap=569|rule=slot|hit=slot|slotUsed=3|seed=413781484|probs=|depth=18|nodes=601925|slots=1:-18,2:-586,3:-587|crit=0
L|3|MG_QT19|AD0|REF|move=c7b7|score=598|mate=-|depth=28|nodes=3746485|crit=0
L|3|MG_QT19|EX0|SEL|move=c7a7|slotScore=-592|top1=-15|gap=577|rule=slot|hit=slot|slotUsed=2|seed=1254136220|probs=|depth=22|nodes=971866|slots=1:-15,2:-592|crit=0
L|3|MG_QT19|EX0|REF|move=c7a7|score=598|mate=-|depth=28|nodes=3433406|crit=0
L|3|MG_QT19|CAP_AD|SEL|move=c7c3|slotScore=-17|top1=-17|gap=0|rule=cap|hit=above|slotUsed=1|seed=164453467|probs=1:0,2:568,3:577,4:580,5:624,6:701,7:710,8:712|depth=14|nodes=331399|slots=1:-17,2:-585,3:-594,4:-597,5:-641,6:-718,7:-727,8:-729|crit=0
L|3|MG_QT19|CAP_AD|REF|move=c7c3|score=15|mate=-|depth=28|nodes=3589132|crit=0
L|3|MG_QT19|CAP_AM|SEL|move=c7c3|slotScore=-16|top1=-16|gap=0|rule=cap|hit=above|slotUsed=1|seed=47010128|probs=1:0,2:568,3:570,4:582,5:621,6:705,7:709,8:729|depth=13|nodes=314284|slots=1:-16,2:-584,3:-586,4:-598,5:-637,6:-721,7:-725,8:-745|crit=0
L|3|MG_QT19|CAP_AM|REF|move=c7c3|score=13|mate=-|depth=29|nodes=3651353|crit=0
L|3|MG_QT19|NOI_AM|SEL|move=c7a7|slotScore=-599|top1=-17|gap=582|rule=noise|hit=engine|slotUsed=4|seed=442639134|probs=p=0.25,legal=33|depth=14|nodes=304396|slots=1:-17,2:-582,3:-594,4:-599|crit=0
L|3|MG_QT19|NOI_AM|REF|move=c7a7|score=597|mate=-|depth=30|nodes=3662339|crit=0
L|3|MG_QT19|AC_AD|SEL|move=c7c3|slotScore=-18|top1=-18|gap=0|rule=capnoise|hit=above|slotUsed=1|seed=1125044067|probs=cap=60,p=0.1,legal=33,1:0,2:496,3:576,4:581,5:622,6:687,7:695,8:716|depth=14|nodes=334729|slots=1:-18,2:-514,3:-594,4:-599,5:-640,6:-705,7:-713,8:-734|crit=0
L|3|MG_QT19|AC_AD|REF|move=c7c3|score=16|mate=-|depth=29|nodes=3789743|crit=0
L|3|MG_QT19|AC_AM|SEL|move=c7b7|slotScore=-562|top1=-20|gap=542|rule=capnoise|hit=rand|slotUsed=2|seed=1276041544|probs=cap=200,p=0.25,legal=33,1:0,2:542,3:570,4:576,5:602,6:686,7:692,8:728,wouldBe=1|depth=16|nodes=336907|slots=1:-20,2:-562,3:-590,4:-596,5:-622,6:-706,7:-712,8:-748|crit=0
L|3|MG_QT19|AC_AM|REF|move=c7b7|score=601|mate=-|depth=26|nodes=3422170|crit=0
L|3|MG_QT19|BN_AD|SEL|move=c7c3|slotScore=-21|top1=-21|gap=0|rule=boundednoise|hit=above|slotUsed=1|seed=2696869643|probs=cap=60,p=0.25,gapmode=hybrid,legal=33,pjn=na,pjudged=na,1:0,2:561,3:569,4:587,5:626,6:640,7:702,8:722,accept=na|depth=14|nodes=315965|slots=1:-21,2:-582,3:-590,4:-608,5:-647,6:-661,7:-723,8:-743|pnodes=-|pdepth=-|pslots=-|pmoves=1:c7c3,2:c7b7,3:c7d7,4:c7a7,5:g7e6,6:b5e5,7:e8d7,8:g7h5|qmoves=-|crit=0
L|3|MG_QT19|BN_AD|REF|move=c7c3|score=17|mate=-|depth=30|nodes=3596729|crit=0
L|3|MG_QT19|BN_AM|SEL|move=c7c3|slotScore=-16|top1=-16|gap=0|rule=boundednoise|hit=brand|slotUsed=1|seed=2579425280|probs=cap=200,p=0.4,gapmode=hybrid,legal=33,pjn=1,pjudged=24,1:0,2:571,3:579,4:585,5:629,6:688,7:696,8:742,wouldBe=1,accept=1,agap=0|depth=15|nodes=316632|slots=1:-16,2:-587,3:-595,4:-601,5:-645,6:-704,7:-712,8:-758|pnodes=371879|pdepth=13|pslots=1:-17,2:-578,3:-591,4:-593,5:-637,6:-712,7:-723,8:-747,9:-747,10:-750,11:-768,12:-770,13:-768,14:-772,15:-773,16:-814|pmoves=1:c7c3,2:c7a7,3:c7b7,4:c7d7,5:g7e6,6:e8d7,7:b5e5,8:g7h5|qmoves=1:c7c3,2:c7b7,3:c7a7,4:c7d7,5:g7e6,6:e8d7,7:b5e5,8:g7h5,9:g5g4,10:e8f7,11:f8f9,12:c7c6,13:g7i6,14:a6a5,15:c7c8,16:c9a7|crit=0
L|3|MG_QT19|BN_AM|REF|move=c7c3|score=15|mate=-|depth=29|nodes=3762073|crit=0
L|3|MG_QT19|BN_P2|SEL|move=c7c3|slotScore=-18|top1=-18|gap=0|rule=boundednoise|hit=above|slotUsed=1|seed=1491625812|probs=cap=200,p=0.4,gapmode=pool,legal=33,pjn=1,pjudged=8,1:0,2:567,3:573,4:583,5:620,6:659,7:712,8:734,accept=1|depth=14|nodes=328270|slots=1:-18,2:-585,3:-591,4:-601,5:-638,6:-677,7:-730,8:-752|pnodes=-|pdepth=-|pslots=-|pmoves=1:c7c3,2:c7b7,3:c7a7,4:c7d7,5:g7e6,6:e8d7,7:b5e5,8:g5g4|qmoves=-|crit=0
L|3|MG_QT19|BN_P2|REF|move=c7c3|score=17|mate=-|depth=32|nodes=4414318|crit=0
L|3|MG_QT19|ANCH|SEL|move=c7c3|slotScore=-16|top1=-16|gap=0|rule=anchor|hit=anchor|slotUsed=1|seed=1328500511|probs=|depth=28|nodes=3792523|slots=1:-16|crit=0
L|3|MG_QT19|ANCH|REF|move=c7c3|score=15|mate=-|depth=29|nodes=3864457|crit=0
PROG|3|MG_QT19
L|3|MG_QT24|ANCHOR|move=g7f5|score=-15|mate=-|depth=28|nodes=3681523|crit=0
L|3|MG_QT24|AM0|SEL|move=g7e6|slotScore=-24|top1=-18|gap=6|rule=slot|hit=slot|slotUsed=4|seed=2448294833|probs=|depth=14|nodes=287979|slots=1:-18,2:-18,3:-20,4:-24|crit=0
L|3|MG_QT24|AM0|REF|move=g7e6|score=15|mate=-|depth=28|nodes=3754610|crit=0
L|3|MG_QT24|AD0|SEL|move=g7e6|slotScore=-19|top1=-11|gap=8|rule=slot|hit=slot|slotUsed=3|seed=2282011168|probs=|depth=18|nodes=596333|slots=1:-11,2:-15,3:-19|crit=0
L|3|MG_QT24|AD0|REF|move=g7e6|score=15|mate=-|depth=30|nodes=3780200|crit=0
L|3|MG_QT24|EX0|SEL|move=g5e7|slotScore=-17|top1=-15|gap=2|rule=slot|hit=slot|slotUsed=2|seed=3547549424|probs=|depth=22|nodes=949744|slots=1:-15,2:-17|crit=0
L|3|MG_QT24|EX0|REF|move=g5e7|score=14|mate=-|depth=28|nodes=3571243|crit=0
L|3|MG_QT24|CAP_AD|SEL|move=c9a7|slotScore=-27|top1=-11|gap=16|rule=cap|hit=cap|slotUsed=8|seed=3013285183|probs=1:0,2:6,3:8,4:8,5:12,6:13,7:14,8:16|depth=12|nodes=303747|slots=1:-11,2:-17,3:-19,4:-19,5:-23,6:-24,7:-25,8:-27|crit=0
L|3|MG_QT24|CAP_AD|REF|move=c9a7|score=20|mate=-|depth=27|nodes=3605841|crit=0
L|3|MG_QT24|CAP_AM|SEL|move=f8f9|slotScore=-17|top1=-14|gap=3|rule=cap|hit=cap|slotUsed=8|seed=3164284676|probs=1:0,2:2,3:5,4:7,5:9,6:9,7:-1,8:3|depth=14|nodes=299894|slots=1:-14,2:-16,3:-19,4:-21,5:-23,6:-23,7:-13,8:-17|crit=0
L|3|MG_QT24|CAP_AM|REF|move=f8f9|score=17|mate=-|depth=28|nodes=3597472|crit=0
L|3|MG_QT24|NOI_AM|SEL|move=g7e6|slotScore=-21|top1=-13|gap=8|rule=noise|hit=engine|slotUsed=4|seed=4150079394|probs=p=0.25,legal=33|depth=15|nodes=303472|slots=1:-13,2:-16,3:-17,4:-21|crit=0
L|3|MG_QT24|NOI_AM|REF|move=g7e6|score=16|mate=-|depth=29|nodes=3686942|crit=0
L|3|MG_QT24|AC_AD|SEL|move=c9a7|slotScore=-26|top1=-15|gap=11|rule=capnoise|hit=cap|slotUsed=8|seed=584337535|probs=cap=60,p=0.1,legal=33,1:0,2:-1,3:0,4:3,5:8,6:8,7:10,8:11|depth=13|nodes=312679|slots=1:-15,2:-14,3:-15,4:-18,5:-23,6:-23,7:-25,8:-26|crit=0
L|3|MG_QT24|AC_AD|REF|move=c9a7|score=21|mate=-|depth=27|nodes=3519289|crit=0
L|3|MG_QT24|AC_AM|SEL|move=c9e7|slotScore=-24|top1=-14|gap=10|rule=capnoise|hit=cap|slotUsed=8|seed=735337028|probs=cap=200,p=0.25,legal=33,1:0,2:3,3:4,4:6,5:8,6:8,7:10,8:10|depth=13|nodes=313943|slots=1:-14,2:-17,3:-18,4:-20,5:-22,6:-22,7:-24,8:-24|crit=0
L|3|MG_QT24|AC_AM|REF|move=c9e7|score=20|mate=-|depth=28|nodes=3561976|crit=0
L|3|MG_QT24|BN_AD|SEL|move=c9e7|slotScore=-26|top1=-16|gap=10|rule=boundednoise|hit=cap|slotUsed=8|seed=1917045855|probs=cap=60,p=0.25,gapmode=hybrid,legal=33,pjn=na,pjudged=na,1:0,2:2,3:3,4:6,5:6,6:8,7:9,8:10,accept=na|depth=12|nodes=322155|slots=1:-16,2:-18,3:-19,4:-22,5:-22,6:-24,7:-25,8:-26|pnodes=-|pdepth=-|pslots=-|pmoves=1:g7f5,2:f8f9,3:g5e7,4:c3d3,5:g7e6,6:c9a7,7:e8d7,8:c9e7|qmoves=-|crit=0
L|3|MG_QT24|BN_AD|REF|move=c9e7|score=19|mate=-|depth=28|nodes=3763871|crit=0
L|3|MG_QT24|BN_AM|SEL|move=e8d7|slotScore=-25|top1=-17|gap=8|rule=boundednoise|hit=cap|slotUsed=8|seed=2068045348|probs=cap=200,p=0.4,gapmode=hybrid,legal=33,pjn=na,pjudged=na,1:0,2:0,3:0,4:4,5:5,6:8,7:8,8:8,accept=na|depth=13|nodes=313271|slots=1:-17,2:-17,3:-17,4:-21,5:-22,6:-25,7:-25,8:-25|pnodes=-|pdepth=-|pslots=-|pmoves=1:g7f5,2:g7e6,3:g5e7,4:c3d3,5:f8f9,6:c9e7,7:c9a7,8:e8d7|qmoves=-|crit=0
L|3|MG_QT24|BN_AM|REF|move=e8d7|score=21|mate=-|depth=30|nodes=3761366|crit=0
L|3|MG_QT24|BN_P2|SEL|move=c9e7|slotScore=-26|top1=-12|gap=14|rule=boundednoise|hit=cap|slotUsed=8|seed=577581872|probs=cap=200,p=0.4,gapmode=pool,legal=33,pjn=8,pjudged=8,1:0,2:5,3:6,4:8,5:10,6:11,7:14,8:14,accept=8|depth=13|nodes=299234|slots=1:-12,2:-17,3:-18,4:-20,5:-22,6:-23,7:-26,8:-26|pnodes=-|pdepth=-|pslots=-|pmoves=1:g7f5,2:f8f9,3:g5e7,4:g7e6,5:e8d7,6:c3d3,7:c9a7,8:c9e7|qmoves=-|crit=0
L|3|MG_QT24|BN_P2|REF|move=c9e7|score=20|mate=-|depth=29|nodes=3546169|crit=0
L|3|MG_QT24|ANCH|SEL|move=g7f5|slotScore=-15|top1=-15|gap=0|rule=anchor|hit=anchor|slotUsed=1|seed=4114870843|probs=|depth=28|nodes=3681523|slots=1:-15|crit=0
L|3|MG_QT24|ANCH|REF|move=g7f5|score=13|mate=-|depth=29|nodes=3693729|crit=0
PROG|3|MG_QT24
L|3|MG_QT29|ANCHOR|move=a9b9|score=-13|mate=-|depth=24|nodes=3530800|crit=0
L|3|MG_QT29|AM0|SEL|move=a9b9|slotScore=-19|top1=-15|gap=4|rule=slot|hit=slot|slotUsed=4|seed=1802494886|probs=|depth=12|nodes=276844|slots=1:-15,2:-17,3:-17,4:-19|crit=0
L|3|MG_QT29|AM0|REF|move=a9b9|score=11|mate=-|depth=26|nodes=3603951|crit=0
L|3|MG_QT29|AD0|SEL|move=b6b5|slotScore=-15|top1=-13|gap=2|rule=slot|hit=slot|slotUsed=3|seed=4116079543|probs=|depth=14|nodes=547936|slots=1:-13,2:-17,3:-15|crit=0
L|3|MG_QT29|AD0|REF|move=b6b5|score=13|mate=-|depth=24|nodes=3456520|crit=0
L|3|MG_QT29|EX0|SEL|move=a9b9|slotScore=-13|top1=-12|gap=1|rule=slot|hit=slot|slotUsed=2|seed=2809030375|probs=|depth=19|nodes=878570|slots=1:-12,2:-13|crit=0
L|3|MG_QT29|EX0|REF|move=a9b9|score=18|mate=-|depth=24|nodes=3726265|crit=0
L|3|MG_QT29|CAP_AD|SEL|move=g7f5|slotScore=-33|top1=-16|gap=17|rule=cap|hit=cap|slotUsed=8|seed=2316681446|probs=1:0,2:0,3:6,4:8,5:9,6:11,7:14,8:17|depth=12|nodes=286735|slots=1:-16,2:-16,3:-22,4:-24,5:-25,6:-27,7:-30,8:-33|crit=0
L|3|MG_QT29|CAP_AD|REF|move=g7f5|score=56|mate=-|depth=24|nodes=3639447|crit=0
L|3|MG_QT29|CAP_AM|SEL|move=f9e8|slotScore=-48|top1=-13|gap=35|rule=cap|hit=cap|slotUsed=8|seed=2434125801|probs=1:0,2:4,3:9,4:11,5:18,6:17,7:28,8:35|depth=12|nodes=276551|slots=1:-13,2:-17,3:-22,4:-24,5:-31,6:-30,7:-41,8:-48|crit=0
L|3|MG_QT29|CAP_AM|REF|move=f9e8|score=24|mate=-|depth=21|nodes=3584983|crit=0
L|3|MG_QT29|NOI_AM|SEL|move=d9e8|slotScore=-18|top1=-12|gap=6|rule=noise|hit=engine|slotUsed=4|seed=3437257259|probs=p=0.25,legal=41|depth=14|nodes=287047|slots=1:-12,2:-13,3:-17,4:-18|crit=0
L|3|MG_QT29|NOI_AM|REF|move=d9e8|score=19|mate=-|depth=23|nodes=3423291|crit=0
L|3|MG_QT29|AC_AD|SEL|move=c7d5|slotScore=-39|top1=-17|gap=22|rule=capnoise|hit=cap|slotUsed=8|seed=4099556372|probs=cap=60,p=0.1,legal=41,1:0,2:3,3:4,4:7,5:9,6:15,7:13,8:22|depth=12|nodes=297614|slots=1:-17,2:-20,3:-21,4:-24,5:-26,6:-32,7:-30,8:-39|crit=0
L|3|MG_QT29|AC_AD|REF|move=c7d5|score=26|mate=-|depth=21|nodes=3403969|crit=0
L|3|MG_QT29|AC_AM|SEL|move=b6b3|slotScore=-33|top1=-15|gap=18|rule=capnoise|hit=cap|slotUsed=8|seed=3948558927|probs=cap=200,p=0.25,legal=41,1:0,2:4,3:5,4:11,5:11,6:14,7:15,8:18|depth=12|nodes=276209|slots=1:-15,2:-19,3:-20,4:-26,5:-26,6:-29,7:-30,8:-33|crit=0
L|3|MG_QT29|AC_AM|REF|move=b6b3|score=54|mate=-|depth=22|nodes=3585409|crit=0
L|3|MG_QT29|BN_AD|SEL|move=f9e8|slotScore=NA|top1=-15|gap=NA|rule=boundednoise|hit=brand|slotUsed=-1|seed=2637250664|probs=cap=60,p=0.25,gapmode=hybrid,legal=41,pjn=16,pjudged=24,1:0,2:5,3:12,4:10,5:11,6:12,7:22,8:30,wouldBe=8,accept=16,agap=35|depth=12|nodes=295150|slots=1:-15,2:-20,3:-27,4:-25,5:-26,6:-27,7:-37,8:-45|pnodes=312620|pdepth=10|pslots=1:-15,2:-18,3:-19,4:-19,5:-27,6:-27,7:-36,8:-38,9:-46,10:-47,11:-49,12:-50,13:-53,14:-55,15:-30,16:-43|pmoves=1:a9b9,2:b6b5,3:h9h6,4:c7b5,5:d9e8,6:a9c9,7:b6c6,8:b6b3|qmoves=1:b6b5,2:d9e8,3:a9b9,4:c7b5,5:a9c9,6:c7d5,7:h9h6,8:b6c6,9:b6b3,10:g7f5,11:h5i5,12:f9e8,13:b6d6,14:h9h8,15:b6b8,16:a9a8|crit=0
L|3|MG_QT29|BN_AD|REF|move=f9e8|score=17|mate=-|depth=24|nodes=3737827|crit=0
L|3|MG_QT29|BN_AM|SEL|move=f9e8|slotScore=-30|top1=-11|gap=19|rule=boundednoise|hit=cap|slotUsed=8|seed=2486251907|probs=cap=200,p=0.4,gapmode=hybrid,legal=41,pjn=na,pjudged=na,1:0,2:4,3:6,4:11,5:14,6:12,7:19,8:19,accept=na|depth=11|nodes=275395|slots=1:-11,2:-15,3:-17,4:-22,5:-25,6:-23,7:-30,8:-30|pnodes=-|pdepth=-|pslots=-|pmoves=1:b6b5,2:a9b9,3:d9e8,4:h9h6,5:a9c9,6:g7f5,7:c7b5,8:f9e8|qmoves=-|crit=0
L|3|MG_QT29|BN_AM|REF|move=f9e8|score=18|mate=-|depth=23|nodes=3627007|crit=0
L|3|MG_QT29|BN_P2|SEL|move=f9e8|slotScore=-29|top1=-10|gap=19|rule=boundednoise|hit=cap|slotUsed=8|seed=1767162731|probs=cap=200,p=0.4,gapmode=pool,legal=41,pjn=8,pjudged=8,1:0,2:0,3:8,4:7,5:11,6:18,7:18,8:19,accept=8|depth=12|nodes=287381|slots=1:-10,2:-10,3:-18,4:-17,5:-21,6:-28,7:-28,8:-29|pnodes=-|pdepth=-|pslots=-|pmoves=1:a9b9,2:b6b5,3:h9h6,4:a9c9,5:c7b5,6:d9e8,7:b6c6,8:f9e8|qmoves=-|crit=0
L|3|MG_QT29|BN_P2|REF|move=f9e8|score=20|mate=-|depth=25|nodes=3585183|crit=0
L|3|MG_QT29|ANCH|SEL|move=a9b9|slotScore=-13|top1=-13|gap=0|rule=anchor|hit=anchor|slotUsed=1|seed=596883866|probs=|depth=24|nodes=3530800|slots=1:-13|crit=0
L|3|MG_QT29|ANCH|REF|move=a9b9|score=13|mate=-|depth=24|nodes=3637279|crit=0
PROG|3|MG_QT29
L|3|MG_QT34|ANCHOR|move=d9d3|score=-5|mate=-|depth=24|nodes=3471536|crit=0
L|3|MG_QT34|AM0|SEL|move=d9b9|slotScore=-47|top1=-6|gap=41|rule=slot|hit=slot|slotUsed=4|seed=3364285692|probs=|depth=12|nodes=306333|slots=1:-6,2:-27,3:-38,4:-47|crit=0
L|3|MG_QT34|AM0|REF|move=d9b9|score=47|mate=-|depth=20|nodes=3740801|crit=0
L|3|MG_QT34|AD0|SEL|move=h9g7|slotScore=-34|top1=-4|gap=30|rule=slot|hit=slot|slotUsed=3|seed=3533260061|probs=|depth=15|nodes=581658|slots=1:-4,2:-23,3:-34|crit=0
L|3|MG_QT34|AD0|REF|move=h9g7|score=15|mate=-|depth=26|nodes=3785056|crit=0
L|3|MG_QT34|EX0|SEL|move=c5c4|slotScore=-11|top1=-9|gap=2|rule=slot|hit=slot|slotUsed=2|seed=2373627285|probs=|depth=17|nodes=915769|slots=1:-9,2:-11|crit=0
L|3|MG_QT34|EX0|REF|move=c5c4|score=20|mate=-|depth=24|nodes=3397702|crit=0
L|3|MG_QT34|CAP_AD|SEL|move=d9b9|slotScore=-60|top1=-4|gap=56|rule=cap|hit=cap|slotUsed=5|seed=471304640|probs=1:0,2:23,3:28,4:38,5:56,6:94,7:97,8:117|depth=12|nodes=304082|slots=1:-4,2:-27,3:-32,4:-42,5:-60,6:-98,7:-101,8:-121|crit=0
L|3|MG_QT34|CAP_AD|REF|move=d9b9|score=50|mate=-|depth=23|nodes=3703179|crit=0
L|3|MG_QT34|CAP_AM|SEL|move=a6a5|slotScore=-124|top1=-4|gap=120|rule=cap|hit=cap|slotUsed=8|seed=588747979|probs=1:0,2:19,3:29,4:46,5:46,6:116,7:135,8:120|depth=10|nodes=303542|slots=1:-4,2:-23,3:-33,4:-50,5:-50,6:-120,7:-139,8:-124|crit=0
L|3|MG_QT34|CAP_AM|REF|move=a6a5|score=152|mate=-|depth=23|nodes=3879143|crit=0
L|3|MG_QT34|NOI_AM|SEL|move=e6e5|slotScore=NA|top1=-5|gap=NA|rule=noise|hit=rand|slotUsed=-1|seed=459007969|probs=p=0.25,legal=32|depth=13|nodes=279238|slots=1:-5,2:-21,3:-38,4:-49|crit=0
L|3|MG_QT34|NOI_AM|REF|move=e6e5|score=132|mate=-|depth=22|nodes=3805829|crit=0
L|3|MG_QT34|AC_AD|SEL|move=d9b9|slotScore=-51|top1=-10|gap=41|rule=capnoise|hit=cap|slotUsed=5|seed=3455084682|probs=cap=60,p=0.1,legal=32,1:0,2:18,3:24,4:39,5:41,6:102,7:107,8:117|depth=11|nodes=342488|slots=1:-10,2:-28,3:-34,4:-49,5:-51,6:-112,7:-117,8:-127|crit=0
L|3|MG_QT34|AC_AD|REF|move=d9b9|score=47|mate=-|depth=21|nodes=3838638|crit=0
L|3|MG_QT34|AC_AM|SEL|move=d9a9|slotScore=-125|top1=-8|gap=117|rule=capnoise|hit=cap|slotUsed=8|seed=3572529037|probs=cap=200,p=0.25,legal=32,1:0,2:26,3:30,4:46,5:47,6:101,7:101,8:117|depth=12|nodes=335143|slots=1:-8,2:-34,3:-38,4:-54,5:-55,6:-109,7:-109,8:-125|crit=0
L|3|MG_QT34|AC_AM|REF|move=d9a9|score=235|mate=-|depth=23|nodes=4015098|crit=0
L|3|MG_QT34|BN_AD|SEL|move=b5a5|slotScore=-68|top1=-20|gap=48|rule=boundednoise|hit=cap|slotUsed=5|seed=260985722|probs=cap=60,p=0.25,gapmode=hybrid,legal=32,pjn=na,pjudged=na,1:0,2:18,3:21,4:32,5:48,6:67,7:90,8:98,accept=na|depth=12|nodes=328323|slots=1:-20,2:-38,3:-41,4:-52,5:-68,6:-87,7:-110,8:-118|pnodes=-|pdepth=-|pslots=-|pmoves=1:d9d3,2:c5c4,3:h9g7,4:d9b9,5:b5a5,6:i5h5,7:d9c9,8:a6a5|qmoves=-|crit=0
L|3|MG_QT34|BN_AD|REF|move=b5a5|score=36|mate=-|depth=23|nodes=4208614|crit=0
L|3|MG_QT34|BN_AM|SEL|move=d9b9|slotScore=-50|top1=-8|gap=42|rule=boundednoise|hit=brand|slotUsed=5|seed=378429053|probs=cap=200,p=0.4,gapmode=hybrid,legal=32,pjn=16,pjudged=24,1:0,2:25,3:35,4:36,5:42,6:87,7:96,8:107,wouldBe=8,accept=16,agap=42|depth=11|nodes=319461|slots=1:-8,2:-33,3:-43,4:-44,5:-50,6:-95,7:-104,8:-115|pnodes=339236|pdepth=12|pslots=1:-10,2:-32,3:-38,4:-48,5:-58,6:-89,7:-104,8:-115,9:-119,10:-133,11:-135,12:-148,13:-166,14:-172,15:-187,16:-205|pmoves=1:d9d3,2:c5c4,3:h9g7,4:b5a5,5:d9b9,6:d9c9,7:i5h5,8:a6a5|qmoves=1:d9d3,2:c5c4,3:h9g7,4:b5a5,5:d9b9,6:i5h5,7:e6e5,8:d9c9,9:a6a5,10:h9i7,11:d9d1,12:d9d7,13:d9d6,14:d9d8,15:d9a9,16:b5b9|crit=0
L|3|MG_QT34|BN_AM|REF|move=d9b9|score=47|mate=-|depth=23|nodes=3823789|crit=0
L|3|MG_QT34|BN_P2|SEL|move=a6a5|slotScore=-109|top1=-17|gap=92|rule=boundednoise|hit=cap|slotUsed=8|seed=531970401|probs=cap=200,p=0.4,gapmode=pool,legal=32,pjn=8,pjudged=8,1:0,2:14,3:23,4:17,5:30,6:82,7:88,8:92,accept=8|depth=11|nodes=313743|slots=1:-17,2:-31,3:-40,4:-34,5:-47,6:-99,7:-105,8:-109|pnodes=-|pdepth=-|pslots=-|pmoves=1:d9d3,2:c5c4,3:b5a5,4:h9g7,5:d9b9,6:d9c9,7:i5h5,8:a6a5|qmoves=-|crit=0
L|3|MG_QT34|BN_P2|REF|move=a6a5|score=158|mate=-|depth=23|nodes=3848968|crit=0
L|3|MG_QT34|ANCH|SEL|move=d9d3|slotScore=-5|top1=-5|gap=0|rule=anchor|hit=anchor|slotUsed=1|seed=2299492636|probs=|depth=24|nodes=3471536|slots=1:-5|crit=0
L|3|MG_QT34|ANCH|REF|move=d9d3|score=5|mate=-|depth=27|nodes=3345485|crit=0
PROG|3|MG_QT34
L|3|MG_QT39|ANCHOR|move=b5c5|score=0|mate=-|depth=27|nodes=3443106|crit=0
L|3|MG_QT39|AM0|SEL|move=f5f7|slotScore=-14|top1=-4|gap=10|rule=slot|hit=slot|slotUsed=4|seed=1933587303|probs=|depth=13|nodes=266672|slots=1:-4,2:-6,3:-12,4:-14|crit=0
L|3|MG_QT39|AM0|REF|move=f5f7|score=7|mate=-|depth=25|nodes=3592077|crit=0
L|3|MG_QT39|AD0|SEL|move=d9b9|slotScore=-7|top1=-2|gap=5|rule=slot|hit=slot|slotUsed=3|seed=3914969942|probs=|depth=15|nodes=542501|slots=1:-2,2:-5,3:-7|crit=0
L|3|MG_QT39|AD0|REF|move=d9b9|score=8|mate=-|depth=25|nodes=3420015|crit=0
L|3|MG_QT39|EX0|SEL|move=f5f7|slotScore=-7|top1=-4|gap=3|rule=slot|hit=slot|slotUsed=2|seed=504625046|probs=|depth=20|nodes=866811|slots=1:-4,2:-7|crit=0
L|3|MG_QT39|EX0|REF|move=f5f7|score=5|mate=-|depth=29|nodes=3665462|crit=0
L|3|MG_QT39|CAP_AD|SEL|move=f5c5|slotScore=-29|top1=-4|gap=25|rule=cap|hit=cap|slotUsed=8|seed=1557451025|probs=1:0,2:1,3:4,4:5,5:9,6:16,7:24,8:25|depth=12|nodes=309271|slots=1:-4,2:-5,3:-8,4:-9,5:-13,6:-20,7:-28,8:-29|crit=0
L|3|MG_QT39|CAP_AD|REF|move=f5c5|score=19|mate=-|depth=27|nodes=3795957|crit=0
L|3|MG_QT39|CAP_AM|SEL|move=f5f6|slotScore=-25|top1=0|gap=25|rule=cap|hit=cap|slotUsed=8|seed=1708450814|probs=1:0,2:2,3:3,4:9,5:12,6:14,7:19,8:25|depth=11|nodes=298586|slots=1:0,2:-2,3:-3,4:-9,5:-12,6:-14,7:-19,8:-25|crit=0
L|3|MG_QT39|CAP_AM|REF|move=f5f6|score=20|mate=-|depth=27|nodes=3640032|crit=0
L|3|MG_QT39|NOI_AM|SEL|move=i6i5|slotScore=-10|top1=0|gap=10|rule=noise|hit=engine|slotUsed=4|seed=3912080352|probs=p=0.25,legal=43|depth=13|nodes=279969|slots=1:0,2:-3,3:-6,4:-10|crit=0
L|3|MG_QT39|NOI_AM|REF|move=i6i5|score=11|mate=-|depth=24|nodes=3433338|crit=0
L|3|MG_QT39|AC_AD|SEL|move=d9d4|slotScore=NA|top1=-4|gap=NA|rule=capnoise|hit=rand|slotUsed=-1|seed=1826314661|probs=cap=60,p=0.1,legal=43,1:0,2:1,3:3,4:3,5:7,6:14,7:16,8:16,wouldBe=8|depth=11|nodes=306412|slots=1:-4,2:-5,3:-7,4:-7,5:-11,6:-18,7:-20,8:-20|crit=0
L|3|MG_QT39|AC_AD|REF|move=d9d4|score=827|mate=-|depth=21|nodes=3531745|crit=0
L|3|MG_QT39|AC_AM|SEL|move=e7c5|slotScore=NA|top1=-1|gap=NA|rule=capnoise|hit=rand|slotUsed=-1|seed=1977313394|probs=cap=200,p=0.25,legal=43,1:0,2:8,3:11,4:16,5:17,6:19,7:24,8:27,wouldBe=8|depth=12|nodes=312667|slots=1:-1,2:-9,3:-12,4:-17,5:-18,6:-20,7:-25,8:-28|crit=0
L|3|MG_QT39|AC_AM|REF|move=e7c5|score=191|mate=-|depth=21|nodes=3799915|crit=0
L|3|MG_QT39|BN_AD|SEL|move=c7d5|slotScore=-17|top1=-9|gap=8|rule=boundednoise|hit=brand|slotUsed=3|seed=3441494441|probs=cap=60,p=0.25,gapmode=hybrid,legal=43,pjn=16,pjudged=24,1:0,2:5,3:8,4:8,5:13,6:18,7:21,8:22,wouldBe=8,accept=16,agap=8|depth=11|nodes=294643|slots=1:-9,2:-14,3:-17,4:-17,5:-22,6:-27,7:-30,8:-31|pnodes=310020|pdepth=11|pslots=1:-2,2:-10,3:-13,4:-14,5:-23,6:-23,7:-24,8:-26,9:-31,10:-32,11:-37,12:-38,13:-39,14:-40,15:-52,16:-54|pmoves=1:b5c5,2:d9b9,3:c7d5,4:f5f7,5:i6i5,6:f5f6,7:f5c5,8:a6a5|qmoves=1:b5c5,2:c7d5,3:d9b9,4:f5f7,5:i6i5,6:f5f8,7:a6a5,8:f5f6,9:f5c5,10:b5a5,11:d9d7,12:b5d5,13:g9i7,14:d9d1,15:b5b9,16:d9a9|crit=0
L|3|MG_QT39|BN_AD|REF|move=c7d5|score=12|mate=-|depth=25|nodes=3396697|crit=0
L|3|MG_QT39|BN_AM|SEL|move=b5a5|slotScore=-25|top1=-7|gap=18|rule=boundednoise|hit=brand|slotUsed=8|seed=3324052134|probs=cap=200,p=0.4,gapmode=hybrid,legal=43,pjn=16,pjudged=24,1:0,2:3,3:6,4:7,5:8,6:14,7:15,8:18,wouldBe=8,accept=16,agap=18|depth=11|nodes=294039|slots=1:-7,2:-10,3:-13,4:-14,5:-15,6:-21,7:-22,8:-25|pnodes=302414|pdepth=10|pslots=1:-7,2:-8,3:-11,4:-12,5:-15,6:-16,7:-18,8:-20,9:-27,10:-30,11:-36,12:-38,13:-39,14:-33,15:-54,16:-65|pmoves=1:b5c5,2:f5f7,3:d9b9,4:c7d5,5:i6i5,6:a6a5,7:f5f8,8:b5a5|qmoves=1:b5c5,2:f5f7,3:d9b9,4:c7d5,5:i6i5,6:f5f8,7:b5a5,8:a6a5,9:f5f6,10:f5c5,11:b5d5,12:g9i7,13:d9d1,14:d9d7,15:d9a9,16:b5b9|crit=0
L|3|MG_QT39|BN_AM|REF|move=b5a5|score=23|mate=-|depth=27|nodes=3825534|crit=0
L|3|MG_QT39|BN_P2|SEL|move=a6a5|slotScore=-16|top1=-7|gap=9|rule=boundednoise|hit=brand|slotUsed=6|seed=1627034254|probs=cap=200,p=0.4,gapmode=pool,legal=43,pjn=8,pjudged=8,1:0,2:1,3:2,4:6,5:7,6:9,7:9,8:12,wouldBe=8,accept=8,agap=9|depth=12|nodes=291592|slots=1:-7,2:-8,3:-9,4:-13,5:-14,6:-16,7:-16,8:-19|pnodes=-|pdepth=-|pslots=-|pmoves=1:b5c5,2:f5f7,3:c7d5,4:i6i5,5:d9b9,6:a6a5,7:f5f8,8:b5a5|qmoves=-|crit=0
L|3|MG_QT39|BN_P2|REF|move=a6a5|score=9|mate=-|depth=23|nodes=3491940|crit=0
L|3|MG_QT39|ANCH|SEL|move=b5c5|slotScore=0|top1=0|gap=0|rule=anchor|hit=anchor|slotUsed=1|seed=245926045|probs=|depth=27|nodes=3443106|slots=1:0|crit=0
L|3|MG_QT39|ANCH|REF|move=b5c5|score=2|mate=-|depth=28|nodes=3258556|crit=0
PROG|3|MG_QT39
L|3|MG_QH01|ANCHOR|move=d0e1|score=6|mate=-|depth=23|nodes=3573271|crit=0
L|3|MG_QH01|AM0|SEL|move=g2f4|slotScore=-4|top1=8|gap=12|rule=slot|hit=slot|slotUsed=4|seed=4179687176|probs=|depth=12|nodes=305150|slots=1:8,2:6,3:2,4:-4|crit=0
L|3|MG_QH01|AM0|REF|move=g2f4|score=0|mate=-|depth=27|nodes=3535498|crit=0
L|3|MG_QH01|AD0|SEL|move=g2f4|slotScore=0|top1=4|gap=4|rule=slot|hit=slot|slotUsed=3|seed=53693481|probs=|depth=14|nodes=531680|slots=1:4,2:2,3:0|crit=0
L|3|MG_QH01|AD0|REF|move=g2f4|score=0|mate=-|depth=26|nodes=3586917|crit=0
L|3|MG_QH01|EX0|SEL|move=c0a2|slotScore=-2|top1=4|gap=6|rule=slot|hit=slot|slotUsed=2|seed=2800395361|probs=|depth=18|nodes=938551|slots=1:4,2:-2|crit=0
L|3|MG_QH01|EX0|REF|move=c0a2|score=7|mate=-|depth=25|nodes=3687255|crit=0
L|3|MG_QH01|CAP_AD|SEL|move=c2e1|slotScore=-16|top1=8|gap=24|rule=cap|hit=cap|slotUsed=8|seed=1841390012|probs=1:0,2:3,3:9,4:11,5:17,6:22,7:23,8:24|depth=11|nodes=297827|slots=1:8,2:5,3:-1,4:-3,5:-9,6:-14,7:-15,8:-16|crit=0
L|3|MG_QH01|CAP_AD|REF|move=c2e1|score=20|mate=-|depth=24|nodes=3392731|crit=0
L|3|MG_QH01|CAP_AM|SEL|move=c2e1|slotScore=-18|top1=3|gap=21|rule=cap|hit=cap|slotUsed=8|seed=1958833319|probs=1:0,2:2,3:-3,4:2,5:13,6:17,7:18,8:21|depth=12|nodes=299273|slots=1:3,2:1,3:6,4:1,5:-10,6:-14,7:-15,8:-18|crit=0
L|3|MG_QH01|CAP_AM|REF|move=c2e1|score=24|mate=-|depth=24|nodes=3480895|crit=0
L|3|MG_QH01|NOI_AM|SEL|move=c2e1|slotScore=NA|top1=6|gap=NA|rule=noise|hit=rand|slotUsed=-1|seed=1029156765|probs=p=0.25,legal=33|depth=13|nodes=295628|slots=1:6,2:3,3:3,4:4|crit=0
L|3|MG_QH01|NOI_AM|REF|move=c2e1|score=19|mate=-|depth=24|nodes=3316915|crit=0
L|3|MG_QH01|AC_AD|SEL|move=c2e1|slotScore=-20|top1=10|gap=30|rule=capnoise|hit=cap|slotUsed=8|seed=4123366542|probs=cap=60,p=0.1,legal=33,1:0,2:5,3:7,4:8,5:15,6:21,7:25,8:30|depth=11|nodes=284176|slots=1:10,2:5,3:3,4:2,5:-5,6:-11,7:-15,8:-20|crit=0
L|3|MG_QH01|AC_AD|REF|move=c2e1|score=18|mate=-|depth=24|nodes=3567221|crit=0
L|3|MG_QH01|AC_AM|SEL|move=a0a1|slotScore=-17|top1=8|gap=25|rule=capnoise|hit=cap|slotUsed=8|seed=3972369057|probs=cap=200,p=0.25,legal=33,1:0,2:1,3:8,4:9,5:17,6:19,7:23,8:25|depth=12|nodes=297975|slots=1:8,2:7,3:0,4:-1,5:-9,6:-11,7:-15,8:-17|crit=0
L|3|MG_QH01|AC_AM|REF|move=a0a1|score=11|mate=-|depth=27|nodes=3686592|crit=0
L|3|MG_QH01|BN_AD|SEL|move=c2b0|slotScore=-16|top1=10|gap=26|rule=boundednoise|hit=cap|slotUsed=8|seed=3539942694|probs=cap=60,p=0.25,gapmode=hybrid,legal=33,pjn=na,pjudged=na,1:0,2:1,3:9,4:13,5:15,6:20,7:29,8:26,accept=na|depth=11|nodes=294009|slots=1:10,2:9,3:1,4:-3,5:-5,6:-10,7:-19,8:-16|pnodes=-|pdepth=-|pslots=-|pmoves=1:d0e1,2:c0a2,3:g2f4,4:e3e4,5:b6g6,6:a0a1,7:c2e1,8:c2b0|qmoves=-|crit=0
L|3|MG_QH01|BN_AD|REF|move=c2b0|score=18|mate=-|depth=25|nodes=3494593|crit=0
L|3|MG_QH01|BN_AM|SEL|move=c2e1|slotScore=-21|top1=7|gap=28|rule=boundednoise|hit=cap|slotUsed=8|seed=3657386025|probs=cap=200,p=0.4,gapmode=hybrid,legal=33,pjn=na,pjudged=na,1:0,2:3,3:5,4:8,5:9,6:12,7:27,8:28,accept=na|depth=10|nodes=296051|slots=1:7,2:4,3:2,4:-1,5:-2,6:-5,7:-20,8:-21|pnodes=-|pdepth=-|pslots=-|pmoves=1:d0e1,2:g2f4,3:c0a2,4:a0a1,5:e3e4,6:b6g6,7:c2b0,8:c2e1|qmoves=-|crit=0
L|3|MG_QH01|BN_AM|REF|move=c2e1|score=19|mate=-|depth=25|nodes=3475651|crit=0
L|3|MG_QH01|BN_P2|SEL|move=i3i4|slotScore=-17|top1=10|gap=27|rule=boundednoise|hit=brand|slotUsed=3|seed=3676446389|probs=cap=200,p=0.4,gapmode=pool,legal=33,pjn=8,pjudged=8,1:0,2:8,3:27,4:27,5:28,6:32,7:1,8:5,wouldBe=8,accept=8,agap=27|depth=13|nodes=308256|slots=1:10,2:2,3:-17,4:-17,5:-18,6:-22,7:9,8:5|pnodes=-|pdepth=-|pslots=-|pmoves=1:c0a2,2:e3e4,3:i3i4,4:c2b0,5:c2e1,6:a0a1,7:d0e1,8:g2f4|qmoves=-|crit=0
L|3|MG_QH01|BN_P2|REF|move=i3i4|score=18|mate=-|depth=23|nodes=3524329|crit=0
L|3|MG_QH01|ANCH|SEL|move=d0e1|slotScore=6|top1=6|gap=0|rule=anchor|hit=anchor|slotUsed=1|seed=4163290816|probs=|depth=23|nodes=3573271|slots=1:6|crit=0
L|3|MG_QH01|ANCH|REF|move=d0e1|score=-3|mate=-|depth=27|nodes=3631974|crit=0
PROG|3|MG_QH01
L|3|MG_QB3|ANCHOR|move=a0b0|score=338|mate=-|depth=19|nodes=3222551|crit=0
L|3|MG_QB3|AM0|SEL|move=i1h1|slotScore=236|top1=314|gap=78|rule=slot|hit=slot|slotUsed=4|seed=2203302536|probs=|depth=11|nodes=304239|slots=1:314,2:273,3:257,4:236|crit=0
L|3|MG_QB3|AM0|REF|move=i1h1|score=-407|mate=-|depth=19|nodes=3808537|crit=0
L|3|MG_QB3|AD0|SEL|move=c4a4|slotScore=288|top1=374|gap=86|rule=slot|hit=slot|slotUsed=3|seed=2372015017|probs=|depth=14|nodes=585765|slots=1:374,2:373,3:288|crit=0
L|3|MG_QB3|AD0|REF|move=c4a4|score=-280|mate=-|depth=19|nodes=3475836|crit=0
L|3|MG_QB3|EX0|SEL|move=a0b0|slotScore=375|top1=375|gap=0|rule=slot|hit=slot|slotUsed=2|seed=823815137|probs=|depth=17|nodes=923439|slots=1:375,2:375|crit=0
L|3|MG_QB3|EX0|REF|move=a0b0|score=-390|mate=-|depth=19|nodes=3637057|crit=0
L|3|MG_QB3|CAP_AD|SEL|move=c4a4|slotScore=282|top1=328|gap=46|rule=cap|hit=cap|slotUsed=3|seed=2814191676|probs=1:0,2:44,3:46,4:103,5:111,6:123,7:124,8:95|depth=8|nodes=348345|slots=1:328,2:284,3:282,4:225,5:217,6:205,7:204,8:233|crit=0
L|3|MG_QB3|CAP_AD|REF|move=c4a4|score=-295|mate=-|depth=20|nodes=3401407|crit=0
L|3|MG_QB3|CAP_AM|SEL|move=c4b4|slotScore=191|top1=314|gap=123|rule=cap|hit=cap|slotUsed=8|seed=2931636007|probs=1:0,2:37,3:48,4:81,5:94,6:87,7:87,8:123|depth=10|nodes=326472|slots=1:314,2:277,3:266,4:233,5:220,6:227,7:227,8:191|crit=0
L|3|MG_QB3|CAP_AM|REF|move=c4b4|score=-202|mate=-|depth=19|nodes=3355068|crit=0
L|3|MG_QB3|NOI_AM|SEL|move=c4i4|slotScore=238|top1=347|gap=109|rule=noise|hit=engine|slotUsed=4|seed=2001761821|probs=p=0.25,legal=39|depth=11|nodes=289065|slots=1:347,2:345,3:268,4:238|crit=0
L|3|MG_QB3|NOI_AM|REF|move=c4i4|score=-226|mate=-|depth=21|nodes=3741009|crit=0
L|3|MG_QB3|AC_AD|SEL|move=i1h1|slotScore=282|top1=330|gap=48|rule=capnoise|hit=cap|slotUsed=2|seed=1743701006|probs=cap=60,p=0.1,legal=39,1:0,2:48,3:62,4:134,5:138,6:142,7:153,8:119|depth=9|nodes=316459|slots=1:330,2:282,3:268,4:196,5:192,6:188,7:177,8:211|crit=0
L|3|MG_QB3|AC_AD|REF|move=i1h1|score=-405|mate=-|depth=20|nodes=3622216|crit=0
L|3|MG_QB3|AC_AM|SEL|move=h0h1|slotScore=189|top1=322|gap=133|rule=capnoise|hit=cap|slotUsed=8|seed=1592703521|probs=cap=200,p=0.25,legal=39,1:0,2:24,3:48,4:103,5:130,6:124,7:124,8:133|depth=8|nodes=341406|slots=1:322,2:298,3:274,4:219,5:192,6:198,7:198,8:189|crit=0
L|3|MG_QB3|AC_AM|REF|move=h0h1|score=-83|mate=-|depth=21|nodes=3615635|crit=0
L|3|MG_QB3|BN_AD|SEL|move=i1h1|slotScore=263|top1=310|gap=47|rule=boundednoise|hit=cap|slotUsed=3|seed=1160277158|probs=cap=60,p=0.25,gapmode=hybrid,legal=39,pjn=na,pjudged=na,1:0,2:3,3:47,4:110,5:111,6:94,7:119,8:128,accept=na|depth=9|nodes=315611|slots=1:310,2:307,3:263,4:200,5:199,6:216,7:191,8:182|pnodes=-|pdepth=-|pslots=-|pmoves=1:c4a4,2:a0b0,3:i1h1,4:c4b4,5:c4i4,6:c4f4,7:d1f2,8:i1f1|qmoves=-|crit=0
L|3|MG_QB3|BN_AD|REF|move=i1h1|score=-408|mate=-|depth=19|nodes=3611751|crit=0
L|3|MG_QB3|BN_AM|SEL|move=c4i4|slotScore=225|top1=328|gap=103|rule=boundednoise|hit=brand|slotUsed=4|seed=1277721513|probs=cap=200,p=0.4,gapmode=hybrid,legal=39,pjn=17,pjudged=24,1:0,2:14,3:49,4:103,5:111,6:121,7:124,8:130,wouldBe=8,accept=17,agap=103|depth=10|nodes=329425|slots=1:328,2:314,3:279,4:225,5:217,6:207,7:204,8:198|pnodes=336773|pdepth=9|pslots=1:318,2:308,3:263,4:213,5:212,6:212,7:209,8:199,9:197,10:188,11:178,12:175,13:163,14:161,15:156,16:153|pmoves=1:a0b0,2:i1h1,3:c4a4,4:c4i4,5:c4f4,6:d1f2,7:i2g0,8:c4b4|qmoves=1:a0b0,2:i1h1,3:c4a4,4:c4f4,5:d1f2,6:c4i4,7:c4b4,8:h0h1,9:i1f1,10:c4d4,11:g2e1,12:g3g4,13:i1e1,14:d1b2,15:f0e1,16:c4h4|crit=0
L|3|MG_QB3|BN_AM|REF|move=c4i4|score=-229|mate=-|depth=21|nodes=3572262|crit=0
L|3|MG_QB3|BN_P2|SEL|move=d1f2|slotScore=211|top1=333|gap=122|rule=boundednoise|hit=brand|slotUsed=7|seed=1297042997|probs=cap=200,p=0.4,gapmode=pool,legal=39,pjn=8,pjudged=8,1:0,2:21,3:77,4:84,5:96,6:98,7:122,8:134,wouldBe=8,accept=8,agap=122|depth=10|nodes=326097|slots=1:333,2:312,3:256,4:249,5:237,6:235,7:211,8:199|pnodes=-|pdepth=-|pslots=-|pmoves=1:a0b0,2:i1h1,3:c4a4,4:c4i4,5:c4f4,6:i1f1,7:d1f2,8:h0h1|qmoves=-|crit=0
L|3|MG_QB3|BN_P2|REF|move=d1f2|score=-173|mate=-|depth=20|nodes=3659964|crit=0
L|3|MG_QB3|ANCH|SEL|move=a0b0|slotScore=338|top1=338|gap=0|rule=anchor|hit=anchor|slotUsed=1|seed=48923968|probs=|depth=19|nodes=3222551|slots=1:338|crit=0
L|3|MG_QB3|ANCH|REF|move=a0b0|score=-402|mate=-|depth=19|nodes=3522333|crit=0
PROG|3|MG_QB3
L|3|MG_QB9|ANCHOR|move=a6b6|score=578|mate=-|depth=21|nodes=3053078|crit=0
L|3|MG_QB9|AM0|SEL|move=i8f8|slotScore=542|top1=575|gap=33|rule=slot|hit=slot|slotUsed=4|seed=765913558|probs=|depth=12|nodes=241849|slots=1:575,2:571,3:565,4:542|crit=0
L|3|MG_QB9|AM0|REF|move=i8f8|score=-587|mate=-|depth=20|nodes=2963602|crit=0
L|3|MG_QB9|AD0|SEL|move=i8f8|slotScore=568|top1=587|gap=19|rule=slot|hit=slot|slotUsed=3|seed=3079760359|probs=|depth=13|nodes=435491|slots=1:587,2:579,3:568|crit=0
L|3|MG_QB9|AD0|REF|move=i8f8|score=-590|mate=-|depth=21|nodes=2906560|crit=0
L|3|MG_QB9|EX0|SEL|move=i8f8|slotScore=583|top1=583|gap=0|rule=slot|hit=slot|slotUsed=2|seed=1819446071|probs=|depth=13|nodes=738711|slots=1:583,2:583|crit=0
L|3|MG_QB9|EX0|REF|move=i8f8|score=-593|mate=-|depth=21|nodes=2907104|crit=0
L|3|MG_QB9|CAP_AD|SEL|move=i7d7|slotScore=527|top1=581|gap=54|rule=cap|hit=cap|slotUsed=7|seed=4025412566|probs=1:0,2:9,3:9,4:35,5:37,6:39,7:54,8:61|depth=10|nodes=245097|slots=1:581,2:572,3:572,4:546,5:544,6:542,7:527,8:520|crit=0
L|3|MG_QB9|CAP_AD|REF|move=i7d7|score=-537|mate=-|depth=24|nodes=3206880|crit=0
L|3|MG_QB9|CAP_AM|SEL|move=i7d7|slotScore=509|top1=582|gap=73|rule=cap|hit=cap|slotUsed=8|seed=4142855897|probs=1:0,2:13,3:14,4:40,5:42,6:45,7:68,8:73|depth=10|nodes=245698|slots=1:582,2:569,3:568,4:542,5:540,6:537,7:514,8:509|crit=0
L|3|MG_QB9|CAP_AM|REF|move=i7d7|score=-555|mate=-|depth=24|nodes=3138238|crit=0
L|3|MG_QB9|NOI_AM|SEL|move=i7d7|slotScore=NA|top1=583|gap=NA|rule=noise|hit=rand|slotUsed=-1|seed=171483323|probs=p=0.25,legal=41|depth=11|nodes=232810|slots=1:583,2:572,3:567,4:550|crit=0
L|3|MG_QB9|NOI_AM|REF|move=i7d7|score=-553|mate=-|depth=25|nodes=3091804|crit=0
L|3|MG_QB9|AC_AD|SEL|move=i8h8|slotScore=530|top1=585|gap=55|rule=capnoise|hit=cap|slotUsed=8|seed=3242894148|probs=cap=60,p=0.1,legal=41,1:0,2:7,3:7,4:16,5:36,6:38,7:53,8:55|depth=11|nodes=244107|slots=1:585,2:578,3:578,4:569,5:549,6:547,7:532,8:530|crit=0
L|3|MG_QB9|AC_AD|REF|move=i8h8|score=-535|mate=-|depth=23|nodes=2904257|crit=0
L|3|MG_QB9|AC_AM|SEL|move=i8h8|slotScore=522|top1=585|gap=63|rule=capnoise|hit=cap|slotUsed=8|seed=3091894655|probs=cap=200,p=0.25,legal=41,1:0,2:24,3:15,4:23,5:34,6:36,7:62,8:63|depth=11|nodes=245412|slots=1:585,2:561,3:570,4:562,5:551,6:549,7:523,8:522|crit=0
L|3|MG_QB9|AC_AM|REF|move=i8h8|score=-558|mate=-|depth=22|nodes=3037151|crit=0
L|3|MG_QB9|BN_AD|SEL|move=i8h8|slotScore=538|top1=591|gap=53|rule=boundednoise|hit=cap|slotUsed=7|seed=2522787736|probs=cap=60,p=0.25,gapmode=hybrid,legal=41,pjn=na,pjudged=na,1:0,2:5,3:27,4:30,5:37,6:38,7:53,8:63,accept=na|depth=11|nodes=237379|slots=1:591,2:586,3:564,4:561,5:554,6:553,7:538,8:528|pnodes=-|pdepth=-|pslots=-|pmoves=1:a6b6,2:i8d8,3:i8f8,4:e3e5,5:c6c5,6:i7e7,7:i8h8,8:e3e4|qmoves=-|crit=0
L|3|MG_QB9|BN_AD|REF|move=i8h8|score=-565|mate=-|depth=22|nodes=2812012|crit=0
L|3|MG_QB9|BN_AM|SEL|move=i7f7|slotScore=NA|top1=582|gap=NA|rule=boundednoise|hit=brand|slotUsed=-1|seed=2371788211|probs=cap=200,p=0.4,gapmode=hybrid,legal=41,pjn=16,pjudged=24,1:0,2:9,3:15,4:29,5:32,6:54,7:56,8:71,wouldBe=8,accept=16,agap=67|depth=10|nodes=249202|slots=1:582,2:573,3:567,4:553,5:550,6:528,7:526,8:511|pnodes=240078|pdepth=9|pslots=1:584,2:581,3:578,4:560,5:546,6:544,7:527,8:525,9:522,10:520,11:520,12:519,13:517,14:517,15:511,16:502|pmoves=1:a6b6,2:c6c5,3:i8d8,4:i8f8,5:i7e7,6:e3e5,7:i8b8,8:a5a4|qmoves=1:i8d8,2:a6b6,3:c6c5,4:i8f8,5:e3e5,6:i7e7,7:g6g5,8:i8h8,9:i8b8,10:i6i5,11:i7d7,12:d9e8,13:i7f7,14:a6a8,15:a5a4,16:h9g7|crit=0
L|3|MG_QB9|BN_AM|REF|move=i7f7|score=-575|mate=-|depth=20|nodes=2927859|crit=0
L|3|MG_QB9|BN_P2|SEL|move=a6b6|slotScore=589|top1=589|gap=0|rule=boundednoise|hit=brand|slotUsed=1|seed=37057691|probs=cap=200,p=0.4,gapmode=pool,legal=41,pjn=8,pjudged=8,1:0,2:8,3:15,4:24,5:48,6:58,7:41,8:45,wouldBe=8,accept=8,agap=0|depth=10|nodes=242171|slots=1:589,2:581,3:574,4:565,5:541,6:531,7:548,8:544|pnodes=-|pdepth=-|pslots=-|pmoves=1:a6b6,2:c6c5,3:i8f8,4:i8d8,5:i7f7,6:e3e5,7:i7e7,8:i7d7|qmoves=-|crit=0
L|3|MG_QB9|BN_P2|REF|move=a6b6|score=-580|mate=-|depth=24|nodes=2964159|crit=0
L|3|MG_QB9|ANCH|SEL|move=a6b6|slotScore=578|top1=578|gap=0|rule=anchor|hit=anchor|slotUsed=1|seed=4088219274|probs=|depth=21|nodes=3053078|slots=1:578|crit=0
L|3|MG_QB9|ANCH|REF|move=a6b6|score=-598|mate=-|depth=23|nodes=2820526|crit=0
PROG|3|MG_QB9
DRV DONE positions=17 round=3
