DRV: not isolated, registering SW (try 0)
DRV: not isolated, registering SW (try 1)
DRV: isolated ok, task=task_bn_smoke.json
DRV: engine ready
L|1|OP00|ANCHOR|move=b2e2|score=29|mate=-|depth=22|nodes=2841604|crit=0
L|1|OP00|AM0|SEL|move=h2e2|slotScore=24|top1=31|gap=7|rule=slot|hit=slot|slotUsed=4|seed=3585196732|probs=|depth=12|nodes=240453|slots=1:31,2:25,3:25,4:24|crit=0
L|1|OP00|AM0|REF|move=h2e2|score=-23|mate=-|depth=24|nodes=3275750|crit=0
L|1|OP00|AD0|SEL|move=h2e2|slotScore=28|top1=29|gap=1|rule=slot|hit=slot|slotUsed=3|seed=3217073213|probs=|depth=16|nodes=533237|slots=1:29,2:25,3:28|crit=0
L|1|OP00|AD0|REF|move=h2e2|score=-20|mate=-|depth=24|nodes=3316350|crit=0
L|1|OP00|EX0|SEL|move=c3c4|slotScore=19|top1=23|gap=4|rule=slot|hit=slot|slotUsed=2|seed=1917966813|probs=|depth=16|nodes=827308|slots=1:23,2:19|crit=0
L|1|OP00|EX0|REF|move=c3c4|score=-23|mate=-|depth=23|nodes=3588525|crit=0
L|1|OP00|CAP_AD|SEL|move=h2i2|slotScore=13|top1=30|gap=17|rule=cap|hit=cap|slotUsed=8|seed=2549637804|probs=1:0,2:4,3:4,4:8,5:13,6:13,7:13,8:17|depth=11|nodes=268633|slots=1:30,2:26,3:26,4:22,5:17,6:17,7:17,8:13|crit=0
L|1|OP00|CAP_AD|REF|move=h2i2|score=2|mate=-|depth=24|nodes=3196099|crit=0
L|1|OP00|CAP_AM|SEL|move=h2d2|slotScore=14|top1=24|gap=10|rule=cap|hit=cap|slotUsed=8|seed=2398646403|probs=1:0,2:-3,3:1,4:3,5:4,6:4,7:7,8:10|depth=12|nodes=273920|slots=1:24,2:27,3:23,4:21,5:20,6:20,7:17,8:14|crit=0
L|1|OP00|CAP_AM|REF|move=h2d2|score=-13|mate=-|depth=24|nodes=3258079|crit=0
L|1|OP00|NOI_AM|SEL|move=g3g4|slotScore=26|top1=28|gap=2|rule=noise|hit=engine|slotUsed=4|seed=371456497|probs=p=0.25,legal=44|depth=14|nodes=263816|slots=1:28,2:28,3:28,4:26|crit=0
L|1|OP00|NOI_AM|REF|move=g3g4|score=-17|mate=-|depth=23|nodes=3399742|crit=0
L|1|OP00|AC_AD|SEL|move=h0g2|slotScore=15|top1=27|gap=12|rule=capnoise|hit=cap|slotUsed=8|seed=3810071982|probs=cap=60,p=0.1,legal=44,1:0,2:1,3:1,4:4,5:8,6:8,7:12,8:12|depth=11|nodes=269424|slots=1:27,2:26,3:26,4:23,5:19,6:19,7:15,8:15|crit=0
L|1|OP00|AC_AD|REF|move=h0g2|score=-10|mate=-|depth=23|nodes=3247285|crit=0
L|1|OP00|AC_AM|SEL|move=h2g2|slotScore=NA|top1=29|gap=NA|rule=capnoise|hit=rand|slotUsed=-1|seed=3927507029|probs=cap=200,p=0.25,legal=44,1:0,2:2,3:4,4:5,5:6,6:11,7:13,8:13,wouldBe=8|depth=13|nodes=298947|slots=1:29,2:27,3:25,4:24,5:23,6:18,7:16,8:16|crit=0
L|1|OP00|AC_AM|REF|move=h2g2|score=17|mate=-|depth=24|nodes=3348558|crit=0
L|1|OP00|BN_AD|SEL|move=c3c4|slotScore=21|top1=29|gap=8|rule=boundednoise|hit=brand|slotUsed=2|seed=603330866|probs=cap=60,p=0.25,gapmode=hybrid,legal=44,pjn=16,pjudged=24,1:0,2:8,3:3,4:6,5:9,6:12,7:14,8:15,wouldBe=8,accept=16,agap=8|depth=12|nodes=293062|slots=1:29,2:21,3:26,4:23,5:20,6:17,7:15,8:14|pnodes=309578|pdepth=11|pslots=1:35,2:26,3:23,4:21,5:19,6:15,7:14,8:14,9:14,10:13,11:13,12:11,13:11,14:9,15:4,16:0|pmoves=1:h2e2,2:c3c4,3:g3g4,4:b0c2,5:b2e2,6:h0g2,7:h2f2,8:b2d2|qmoves=1:h2e2,2:g3g4,3:b2e2,4:c3c4,5:b0c2,6:g0e2,7:h2f2,8:b2d2,9:h0g2,10:h2d2,11:b2f2,12:c0e2,13:b2a2,14:h0i2,15:h2i2,16:b2b4|crit=0
L|1|OP00|BN_AD|REF|move=c3c4|score=-19|mate=-|depth=23|nodes=3530774|crit=0
L|1|OP00|BN_AM|SEL|move=b2e2|slotScore=28|top1=30|gap=2|rule=boundednoise|hit=brand|slotUsed=2|seed=720770105|probs=cap=200,p=0.4,gapmode=hybrid,legal=44,pjn=16,pjudged=24,1:0,2:2,3:4,4:7,5:16,6:17,7:18,8:18,wouldBe=8,accept=16,agap=2|depth=12|nodes=283496|slots=1:30,2:28,3:26,4:23,5:14,6:13,7:12,8:12|pnodes=285611|pdepth=10|pslots=1:28,2:26,3:23,4:23,5:21,6:14,7:14,8:13,9:13,10:12,11:12,12:11,13:12,14:7,15:6,16:-1|pmoves=1:c3c4,2:b2e2,3:h2e2,4:g3g4,5:h0g2,6:b2d2,7:b0c2,8:g0e2|qmoves=1:b2e2,2:g3g4,3:b2d2,4:c3c4,5:h2e2,6:h0g2,7:h2f2,8:b0c2,9:b2f2,10:h2i2,11:c0e2,12:h2d2,13:b0a2,14:g0e2,15:b2a2,16:h0i2|crit=0
L|1|OP00|BN_AM|REF|move=b2e2|score=-21|mate=-|depth=24|nodes=3292966|crit=0
L|1|OP00|BN_P2|SEL|move=b2f2|slotScore=12|top1=30|gap=18|rule=boundednoise|hit=cap|slotUsed=8|seed=802025233|probs=cap=200,p=0.4,gapmode=pool,legal=44,pjn=8,pjudged=8,1:0,2:4,3:7,4:12,5:14,6:15,7:17,8:18,accept=8|depth=12|nodes=278408|slots=1:30,2:26,3:23,4:18,5:16,6:15,7:13,8:12|pnodes=-|pdepth=-|pslots=-|pmoves=1:b2e2,2:c3c4,3:h2e2,4:h0g2,5:h2f2,6:g3g4,7:b0c2,8:b2f2|qmoves=-|crit=0
L|1|OP00|BN_P2|REF|move=b2f2|score=-7|mate=-|depth=23|nodes=3176944|crit=0
L|1|OP00|ANCH|SEL|move=b2e2|slotScore=29|top1=29|gap=0|rule=anchor|hit=anchor|slotUsed=1|seed=302111920|probs=|depth=22|nodes=2841604|slots=1:29|crit=0
L|1|OP00|ANCH|REF|move=b2e2|score=-28|mate=-|depth=24|nodes=3202155|crit=0
PROG|1|OP00
L|1|MG_QT01|ANCHOR|move=c7b9|score=-26|mate=-|depth=25|nodes=3500527|crit=0
L|1|MG_QT01|AM0|SEL|move=f9e8|slotScore=-618|top1=-26|gap=592|rule=slot|hit=slot|slotUsed=4|seed=2326716912|probs=|depth=14|nodes=274381|slots=1:-26,2:-602,3:-622,4:-618|crit=0
L|1|MG_QT01|AM0|REF|move=f9e8|score=616|mate=-|depth=24|nodes=2749576|crit=0
L|1|MG_QT01|AD0|SEL|move=f9e8|slotScore=-606|top1=-23|gap=583|rule=slot|hit=slot|slotUsed=3|seed=4103705185|probs=|depth=17|nodes=474491|slots=1:-23,2:-601,3:-606|crit=0
L|1|MG_QT01|AD0|REF|move=f9e8|score=606|mate=-|depth=25|nodes=2801548|crit=0
L|1|MG_QT01|EX0|SEL|move=c6c5|slotScore=-599|top1=-25|gap=574|rule=slot|hit=slot|slotUsed=2|seed=1066320193|probs=|depth=19|nodes=813950|slots=1:-25,2:-599|crit=0
L|1|MG_QT01|EX0|REF|move=c6c5|score=609|mate=-|depth=25|nodes=3048593|crit=0
L|1|MG_QT01|CAP_AD|SEL|move=c7b9|slotScore=-28|top1=-28|gap=0|rule=cap|hit=above|slotUsed=1|seed=2698771248|probs=1:0,2:583,3:576,4:577,5:584,6:590,7:592,8:595|depth=14|nodes=300102|slots=1:-28,2:-611,3:-604,4:-605,5:-612,6:-618,7:-620,8:-623|crit=0
L|1|MG_QT01|CAP_AD|REF|move=c7b9|score=32|mate=-|depth=25|nodes=3403375|crit=0
L|1|MG_QT01|CAP_AM|SEL|move=c7b9|slotScore=-32|top1=-32|gap=0|rule=cap|hit=above|slotUsed=1|seed=2547714407|probs=1:0,2:560,3:572,4:577,5:578,6:582,7:593,8:606|depth=13|nodes=283977|slots=1:-32,2:-592,3:-604,4:-609,5:-610,6:-614,7:-625,8:-638|crit=0
L|1|MG_QT01|CAP_AM|REF|move=c7b9|score=27|mate=-|depth=28|nodes=3593180|crit=0
L|1|MG_QT01|NOI_AM|SEL|move=h9g7|slotScore=-603|top1=-29|gap=574|rule=noise|hit=engine|slotUsed=4|seed=2723833413|probs=p=0.25,legal=30|depth=14|nodes=257720|slots=1:-29,2:-524,3:-601,4:-603|crit=0
L|1|MG_QT01|NOI_AM|REF|move=h9g7|score=611|mate=-|depth=23|nodes=2975081|crit=0
L|1|MG_QT01|AC_AD|SEL|move=c7b9|slotScore=-32|top1=-32|gap=0|rule=capnoise|hit=above|slotUsed=1|seed=2279019786|probs=cap=60,p=0.1,legal=30,1:0,2:543,3:572,4:575,5:582,6:583,7:585,8:588|depth=14|nodes=281452|slots=1:-32,2:-575,3:-604,4:-607,5:-614,6:-615,7:-617,8:-620|crit=0
L|1|MG_QT01|AC_AD|REF|move=c7b9|score=30|mate=-|depth=28|nodes=3597386|crit=0
L|1|MG_QT01|AC_AM|SEL|move=g5g4|slotScore=-618|top1=-27|gap=591|rule=capnoise|hit=rand|slotUsed=8|seed=2128026465|probs=cap=200,p=0.25,legal=30,1:0,2:571,3:578,4:581,5:586,6:589,7:590,8:591,wouldBe=1|depth=15|nodes=269238|slots=1:-27,2:-598,3:-605,4:-608,5:-613,6:-616,7:-617,8:-618|crit=0
L|1|MG_QT01|AC_AM|REF|move=g5g4|score=630|mate=-|depth=22|nodes=3042208|crit=0
L|1|MG_QT01|BN_AD|SEL|move=c7b9|slotScore=-29|top1=-29|gap=0|rule=boundednoise|hit=above|slotUsed=1|seed=3504287062|probs=cap=60,p=0.25,gapmode=hybrid,legal=30,pjn=na,pjudged=na,1:0,2:569,3:575,4:581,5:587,6:593,7:595,8:589,accept=na|depth=14|nodes=293707|slots=1:-29,2:-598,3:-604,4:-610,5:-616,6:-622,7:-624,8:-618|pnodes=-|pdepth=-|pslots=-|pmoves=1:c7b9,2:c6c5,3:h9g7,4:f9e8,5:h9f8,6:d9e8,7:i6i5,8:g5g4|qmoves=-|crit=0
L|1|MG_QT01|BN_AD|REF|move=c7b9|score=36|mate=-|depth=27|nodes=3604825|crit=0
L|1|MG_QT01|BN_AM|SEL|move=c7b9|slotScore=-32|top1=-32|gap=0|rule=boundednoise|hit=above|slotUsed=1|seed=3353293709|probs=cap=200,p=0.4,gapmode=hybrid,legal=30,pjn=na,pjudged=na,1:0,2:573,3:576,4:579,5:581,6:587,7:587,8:590,accept=na|depth=14|nodes=292813|slots=1:-32,2:-605,3:-608,4:-611,5:-613,6:-619,7:-619,8:-622|pnodes=-|pdepth=-|pslots=-|pmoves=1:c7b9,2:f9e8,3:c6c5,4:h9g7,5:h9i7,6:a7a8,7:d9e8,8:i6i5|qmoves=-|crit=0
L|1|MG_QT01|BN_AM|REF|move=c7b9|score=36|mate=-|depth=26|nodes=3670066|crit=0
L|1|MG_QT01|BN_P2|SEL|move=c7b9|slotScore=-30|top1=-30|gap=0|rule=boundednoise|hit=above|slotUsed=1|seed=1426227965|probs=cap=200,p=0.4,gapmode=pool,legal=30,pjn=1,pjudged=8,1:0,2:568,3:569,4:578,5:583,6:591,7:592,8:593,accept=1|depth=14|nodes=302430|slots=1:-30,2:-598,3:-599,4:-608,5:-613,6:-621,7:-622,8:-623|pnodes=-|pdepth=-|pslots=-|pmoves=1:c7b9,2:c6c5,3:h9g7,4:f9e8,5:i6i5,6:g5g4,7:d9e8,8:a6a5|qmoves=-|crit=0
L|1|MG_QT01|BN_P2|REF|move=c7b9|score=38|mate=-|depth=25|nodes=3305221|crit=0
L|1|MG_QT01|ANCH|SEL|move=c7b9|slotScore=-26|top1=-26|gap=0|rule=anchor|hit=anchor|slotUsed=1|seed=859909100|probs=|depth=25|nodes=3500527|slots=1:-26|crit=0
L|1|MG_QT01|ANCH|REF|move=c7b9|score=37|mate=-|depth=25|nodes=3386286|crit=0
PROG|1|MG_QT01
L|1|MG_QB3|ANCHOR|move=a0b0|score=312|mate=-|depth=19|nodes=3020995|crit=0
L|1|MG_QB3|AM0|SEL|move=c4b4|slotScore=232|top1=318|gap=86|rule=slot|hit=slot|slotUsed=4|seed=4045034496|probs=|depth=10|nodes=297882|slots=1:318,2:287,3:262,4:232|crit=0
L|1|MG_QB3|AM0|REF|move=c4b4|score=-170|mate=-|depth=19|nodes=3212947|crit=0
L|1|MG_QB3|AD0|SEL|move=c4a4|slotScore=287|top1=338|gap=51|rule=slot|hit=slot|slotUsed=3|seed=3674488625|probs=|depth=14|nodes=571518|slots=1:338,2:324,3:287|crit=0
L|1|MG_QB3|AD0|REF|move=c4a4|score=-274|mate=-|depth=20|nodes=3315500|crit=0
L|1|MG_QB3|EX0|SEL|move=i1h1|slotScore=344|top1=363|gap=19|rule=slot|hit=slot|slotUsed=2|seed=2831421681|probs=|depth=17|nodes=974233|slots=1:363,2:344|crit=0
L|1|MG_QB3|EX0|REF|move=i1h1|score=-393|mate=-|depth=19|nodes=3495118|crit=0
L|1|MG_QB3|CAP_AD|SEL|move=a0b0|slotScore=307|top1=337|gap=30|rule=cap|hit=cap|slotUsed=3|seed=1369939712|probs=1:0,2:19,3:30,4:82,5:95,6:111,7:121,8:121|depth=10|nodes=315333|slots=1:337,2:318,3:307,4:255,5:242,6:226,7:216,8:216|crit=0
L|1|MG_QB3|CAP_AD|REF|move=a0b0|score=-397|mate=-|depth=19|nodes=3440121|crit=0
L|1|MG_QB3|CAP_AM|SEL|move=c4b4|slotScore=200|top1=309|gap=109|rule=cap|hit=cap|slotUsed=8|seed=1218948471|probs=1:0,2:18,3:23,4:57,5:86,6:94,7:105,8:109|depth=10|nodes=309060|slots=1:309,2:291,3:286,4:252,5:223,6:215,7:204,8:200|crit=0
L|1|MG_QB3|CAP_AM|REF|move=c4b4|score=-194|mate=-|depth=20|nodes=3041184|crit=0
L|1|MG_QB3|NOI_AM|SEL|move=c4i4|slotScore=238|top1=349|gap=111|rule=noise|hit=engine|slotUsed=4|seed=3843559989|probs=p=0.25,legal=39|depth=11|nodes=273111|slots=1:349,2:348,3:252,4:238|crit=0
L|1|MG_QB3|NOI_AM|REF|move=c4i4|score=-192|mate=-|depth=21|nodes=3564290|crit=0
L|1|MG_QB3|AC_AD|SEL|move=c4a4|slotScore=276|top1=332|gap=56|rule=capnoise|hit=cap|slotUsed=3|seed=1311322138|probs=cap=60,p=0.1,legal=39,1:0,2:0,3:56,4:108,5:115,6:124,7:129,8:135|depth=11|nodes=325667|slots=1:332,2:332,3:276,4:224,5:217,6:208,7:203,8:197|crit=0
L|1|MG_QB3|AC_AD|REF|move=c4a4|score=-289|mate=-|depth=20|nodes=3448708|crit=0
L|1|MG_QB3|AC_AM|SEL|move=d1f2|slotScore=194|top1=307|gap=113|rule=capnoise|hit=cap|slotUsed=8|seed=1160332913|probs=cap=200,p=0.25,legal=39,1:0,2:19,3:28,4:76,5:94,6:99,7:112,8:113|depth=10|nodes=334982|slots=1:307,2:288,3:279,4:231,5:213,6:208,7:195,8:194|crit=0
L|1|MG_QB3|AC_AM|REF|move=d1f2|score=-171|mate=-|depth=20|nodes=3600588|crit=0
L|1|MG_QB3|BN_AD|SEL|move=a0b0|slotScore=284|top1=284|gap=0|rule=boundednoise|hit=brand|slotUsed=1|seed=1131348774|probs=cap=60,p=0.25,gapmode=hybrid,legal=39,pjn=4,pjudged=24,1:0,2:31,3:37,4:44,5:82,6:86,7:86,8:88,wouldBe=4,accept=4,agap=0|depth=9|nodes=301751|slots=1:284,2:253,3:247,4:240,5:202,6:198,7:198,8:196|pnodes=309031|pdepth=8|pslots=1:288,2:279,3:242,4:213,5:211,6:198,7:215,8:205,9:192,10:184,11:184,12:184,13:180,14:173,15:168,16:161|pmoves=1:a0b0,2:c4i4,3:c4a4,4:i1h1,5:i1e1,6:d1f2,7:i1f1,8:g3g4|qmoves=1:a0b0,2:c4a4,3:i1h1,4:c4i4,5:c4f4,6:d1f2,7:c4b4,8:i1f1,9:a0a1,10:g3g4,11:i2g0,12:h0h1,13:i1g1,14:c4d4,15:f0e1,16:d1b2|crit=0
L|1|MG_QB3|BN_AD|REF|move=a0b0|score=-317|mate=-|depth=19|nodes=3001789|crit=0
L|1|MG_QB3|BN_AM|SEL|move=i1f1|slotScore=208|top1=332|gap=124|rule=boundednoise|hit=cap|slotUsed=8|seed=980357405|probs=cap=200,p=0.4,gapmode=hybrid,legal=39,pjn=na,pjudged=na,1:0,2:76,3:85,4:103,5:103,6:99,7:115,8:124,accept=na|depth=9|nodes=308581|slots=1:332,2:256,3:247,4:229,5:229,6:233,7:217,8:208|pnodes=-|pdepth=-|pslots=-|pmoves=1:a0b0,2:c4a4,3:i1h1,4:c4i4,5:c4f4,6:c4b4,7:d1f2,8:i1f1|qmoves=-|crit=0
L|1|MG_QB3|BN_AM|REF|move=i1f1|score=-175|mate=-|depth=19|nodes=3457217|crit=0
L|1|MG_QB3|BN_P2|SEL|move=d1b2|slotScore=205|top1=333|gap=128|rule=boundednoise|hit=cap|slotUsed=8|seed=658867469|probs=cap=200,p=0.4,gapmode=pool,legal=39,pjn=8,pjudged=8,1:0,2:0,3:65,4:93,5:95,6:96,7:124,8:128,accept=8|depth=11|nodes=318678|slots=1:333,2:333,3:268,4:240,5:238,6:237,7:209,8:205|pnodes=-|pdepth=-|pslots=-|pmoves=1:a0b0,2:i1h1,3:c4a4,4:c4i4,5:c4f4,6:c4b4,7:d1f2,8:d1b2|qmoves=-|crit=0
L|1|MG_QB3|BN_P2|REF|move=d1b2|score=-86|mate=-|depth=18|nodes=3293338|crit=0
L|1|MG_QB3|ANCH|SEL|move=a0b0|slotScore=312|top1=312|gap=0|rule=anchor|hit=anchor|slotUsed=1|seed=3750205436|probs=|depth=19|nodes=3020995|slots=1:312|crit=0
L|1|MG_QB3|ANCH|REF|move=a0b0|score=-337|mate=-|depth=19|nodes=3035875|crit=0
PROG|1|MG_QB3
DRV DONE positions=3 round=1
