DRV: not isolated, registering SW (try 0)
DRV: isolated ok, task=task_games_smoke.json
DRV: engine ready
G|1|M0-INIT-C0-R1|START|pos=INIT|pair=%E4%B8%9A%E4%BD%99_vs_%E5%85%A5%E9%97%A8|hi=T_YOU|lo=T_RUKN|hiFirst=1|fen=rnbakabnr/9/1c5c1/p1p1p1p1p/9/9/P1P1P1P1P/1C5C1/9/RNBAKABNR w - - 0 1
GM|1|M0-INIT-C0-R1|1|side=-1|cfg=T_YOU|kind=undefined|move=g0e2|hit=cap|slot=7|gap=14|depth=13|nodes=431117|legal=44|probs=cap=80,mcap=280,p=0.5,cls=opening,legal=44,accN=8,bandN=0,gaps=1:0,2:4,3:5,4:8,5:8,6:8,7:14,8:14
GM|1|M0-INIT-C0-R1|2|side=1|cfg=T_RUKN|kind=builtin|move=b7b0|hit=builtin|slot=-|gap=-|depth=2|nodes=1528|legal=44|probs=rand=45
GM|1|M0-INIT-C0-R1|3|side=-1|cfg=T_YOU|kind=undefined|move=a0b0|hit=above|slot=1|gap=0|depth=13|nodes=637674|legal=37|probs=cap=80,mcap=280,p=0.5,cls=opening,legal=37,accN=1,bandN=2,gaps=1:0,2:232,3:272,4:287,5:289,6:311,7:327,8:338
GM|1|M0-INIT-C0-R1|4|side=1|cfg=T_RUKN|kind=builtin|move=h7h0|hit=builtin|slot=-|gap=-|depth=2|nodes=1522|legal=34|probs=rand=45
GM|1|M0-INIT-C0-R1|5|side=-1|cfg=T_YOU|kind=undefined|move=i0h0|hit=above|slot=1|gap=0|depth=15|nodes=535116|legal=4|probs=cap=80,mcap=280,p=0.5,cls=opening,legal=4,accN=1,bandN=1,gaps=1:0,2:189,3:287,4:1038
GM|1|M0-INIT-C0-R1|6|side=1|cfg=T_RUKN|kind=builtin|move=g6g5|hit=builtin|slot=-|gap=-|depth=2|nodes=1504|legal=20|probs=rand=45
GM|1|M0-INIT-C0-R1|7|side=-1|cfg=T_YOU|kind=undefined|move=h2g2|hit=cap|slot=8|gap=40|depth=13|nodes=561665|legal=37|probs=cap=80,mcap=280,p=0.5,cls=opening,legal=37,accN=8,bandN=0,gaps=1:0,2:13,3:30,4:32,5:35,6:39,7:28,8:40
GM|1|M0-INIT-C0-R1|8|side=1|cfg=T_RUKN|kind=builtin|move=c9e7|hit=builtin|slot=-|gap=-|depth=2|nodes=1541|legal=20|probs=rand=45
GM|1|M0-INIT-C0-R1|9|side=-1|cfg=T_YOU|kind=undefined|move=b2b4|hit=cap|slot=4|gap=79|depth=13|nodes=542900|legal=41|probs=cap=80,mcap=280,p=0.5,cls=opening,legal=41,accN=4,bandN=4,gaps=1:0,2:70,3:76,4:79,5:104,6:105,7:120,8:146
GM|1|M0-INIT-C0-R1|10|side=1|cfg=T_RUKN|kind=builtin|move=c6c5|hit=builtin|slot=-|gap=-|depth=2|nodes=1529|legal=20|probs=rand=45
GM|1|M0-INIT-C0-R1|11|side=-1|cfg=T_YOU|kind=undefined|move=h0h6|hit=rand|slot=8|gap=125|depth=13|nodes=561440|legal=48|probs=cap=80,mcap=280,p=0.5,cls=opening,legal=48,accN=3,bandN=5,gaps=1:0,2:3,3:62,4:92,5:106,6:111,7:119,8:125,wouldBe=3,agap=125
GM|1|M0-INIT-C0-R1|12|side=1|cfg=T_RUKN|kind=builtin|move=f9e8|hit=builtin|slot=-|gap=-|depth=2|nodes=1511|legal=19|probs=rand=45
GM|1|M0-INIT-C0-R1|13|side=-1|cfg=T_YOU|kind=undefined|move=b4e4|hit=rand|slot=6|gap=82|depth=12|nodes=529754|legal=50|probs=cap=80,mcap=280,p=0.5,cls=opening,legal=50,accN=3,bandN=5,gaps=1:0,2:10,3:64,4:84,5:82,6:82,7:82,8:117,wouldBe=3,agap=82
GM|1|M0-INIT-C0-R1|14|side=1|cfg=T_RUKN|kind=builtin|move=a9a7|hit=builtin|slot=-|gap=-|depth=2|nodes=1508|legal=20|probs=rand=45
GM|1|M0-INIT-C0-R1|15|side=-1|cfg=T_YOU|kind=undefined|move=e4a4|hit=rand|slot=3|gap=120|depth=12|nodes=536514|legal=50|probs=cap=80,mcap=280,p=0.5,cls=opening,legal=50,accN=1,bandN=7,gaps=1:0,2:105,3:120,4:137,5:149,6:153,7:153,8:175,wouldBe=1,agap=120
GM|1|M0-INIT-C0-R1|16|side=1|cfg=T_RUKN|kind=builtin|move=a6a5|hit=builtin|slot=-|gap=-|depth=2|nodes=1503|legal=22|probs=rand=45
GM|1|M0-INIT-C0-R1|17|side=-1|cfg=T_YOU|kind=undefined|move=a4f4|hit=rand|slot=6|gap=174|depth=13|nodes=531675|legal=49|probs=cap=80,mcap=280,p=0.5,cls=opening,legal=49,accN=1,bandN=7,gaps=1:0,2:131,3:140,4:145,5:149,6:174,7:178,8:182,wouldBe=1,agap=174
GM|1|M0-INIT-C0-R1|18|side=1|cfg=T_RUKN|kind=builtin|move=a7a6|hit=builtin|slot=-|gap=-|depth=2|nodes=1552|legal=23|probs=rand=45
GM|1|M0-INIT-C0-R1|19|side=-1|cfg=T_YOU|kind=undefined|move=g2h2|hit=rand|slot=6|gap=187|depth=12|nodes=535602|legal=57|probs=cap=80,mcap=280,p=0.5,cls=opening,legal=57,accN=1,bandN=7,gaps=1:0,2:169,3:176,4:177,5:184,6:187,7:188,8:192,wouldBe=1,agap=187
GM|1|M0-INIT-C0-R1|20|side=1|cfg=T_RUKN|kind=builtin|move=e8d7|hit=builtin|slot=-|gap=-|depth=2|nodes=1549|legal=24|probs=rand=45
GM|1|M0-INIT-C0-R1|21|side=-1|cfg=T_YOU|kind=undefined|move=f4f6|hit=cap|slot=3|gap=56|depth=12|nodes=526445|legal=57|probs=cap=80,mcap=280,p=0.5,cls=opening,legal=57,accN=3,bandN=5,gaps=1:0,2:14,3:56,4:98,5:106,6:109,7:127,8:130
GM|1|M0-INIT-C0-R1|22|side=1|cfg=T_RUKN|kind=builtin|move=i9i7|hit=builtin|slot=-|gap=-|depth=2|nodes=1549|legal=24|probs=rand=45
GM|1|M0-INIT-C0-R1|23|side=-1|cfg=T_YOU|kind=undefined|move=h2h9|hit=bmiss|slot=1|gap=0|depth=12|nodes=529921|legal=50|probs=cap=80,mcap=280,p=0.5,cls=opening,legal=50,accN=1,bandN=0,gaps=1:0,2:98943,3:98944,4:98973,5:99006,6:99011,7:99040,8:99051,band=0
GM|1|M0-INIT-C0-R1|24|side=1|cfg=T_RUKN|kind=builtin|move=e9e8|hit=builtin|slot=-|gap=-|depth=2|nodes=95|legal=1|probs=rand=45
GM|1|M0-INIT-C0-R1|25|side=-1|cfg=T_YOU|kind=undefined|move=b0b8|hit=rand|slot=2|gap=100|depth=8|nodes=502037|legal=47|probs=cap=80,mcap=280,p=0.5,cls=opening,legal=47,accN=1,bandN=1,gaps=1:0,2:100,3:98803,4:98841,5:98690,6:98791,7:98829,8:98860,wouldBe=1,agap=100
GM|1|M0-INIT-C0-R1|26|side=1|cfg=T_RUKN|kind=builtin|move=b9d8|hit=builtin|slot=-|gap=-|depth=2|nodes=99|legal=1|probs=rand=45
GM|1|M0-INIT-C0-R1|27|side=-1|cfg=T_YOU|kind=undefined|move=h6h8|hit=bmiss|slot=1|gap=0|depth=11|nodes=560544|legal=49|probs=cap=80,mcap=280,p=0.5,cls=opening,legal=49,accN=1,bandN=0,gaps=1:0,2:98554,3:98662,4:98851,5:98857,6:98859,7:98860,8:98898,band=0
GE|1|M0-INIT-C0-R1|END|winner=hi|reason=%E5%B0%86%E6%AD%BB|plies=27|tierMoves=14|invalid=0|crit=0|hiSide=1|stats=T_YOU:n=14,rand=6,cap=4,above=2,bmiss=2,gapMean=70,gapMax=187;T_RUKN:n=13,rand=0,cap=0,above=0,bmiss=0,gapMean=0,gapMax=0
PROG|1|M0-INIT-C0-R1
G|1|M1-MG_QT05-C0-R1|START|pos=MG_QT05|pair=%E8%BF%9B%E9%98%B6_vs_%E4%B8%9A%E4%BD%99|hi=T_JIN|lo=T_YOU|hiFirst=0|fen=1nbak3r/4an3/c3b2c1/p4C2p/2p3p2/9/P1P1P1P1P/2N3C1N/9/2BAKABR1 b - - 0 1
GM|1|M1-MG_QT05-C0-R1|1|side=1|cfg=T_JIN|kind=undefined|move=i9g9|hit=cap|slot=8|gap=54|depth=11|nodes=646757|legal=33|probs=cap=80,mcap=280,p=0,cls=normal,legal=33,accN=8,bandN=0,gaps=1:0,2:16,3:20,4:14,5:32,6:40,7:45,8:54
GM|1|M1-MG_QT05-C0-R1|2|side=-1|cfg=T_YOU|kind=undefined|move=f6f5|hit=cap|slot=8|gap=70|depth=12|nodes=578512|legal=41|probs=cap=80,mcap=280,p=0.5,cls=normal,legal=41,accN=8,bandN=0,gaps=1:0,2:34,3:43,4:47,5:50,6:56,7:64,8:70
GM|1|M1-MG_QT05-C0-R1|3|side=1|cfg=T_JIN|kind=undefined|move=a7b7|hit=cap|slot=8|gap=43|depth=13|nodes=613619|legal=34|probs=cap=80,mcap=280,p=0,cls=normal,legal=34,accN=8,bandN=0,gaps=1:0,2:4,3:8,4:19,5:23,6:27,7:38,8:43
GM|1|M1-MG_QT05-C0-R1|4|side=-1|cfg=T_YOU|kind=undefined|move=i3i4|hit=bmiss|slot=8|gap=29|depth=13|nodes=601534|legal=37|probs=cap=80,mcap=280,p=0.5,cls=normal,legal=37,accN=8,bandN=0,gaps=1:0,2:4,3:11,4:10,5:16,6:19,7:28,8:29,band=0
GM|1|M1-MG_QT05-C0-R1|5|side=1|cfg=T_JIN|kind=undefined|move=f8g6|hit=cap|slot=8|gap=61|depth=14|nodes=593118|legal=41|probs=cap=80,mcap=280,p=0,cls=normal,legal=41,accN=8,bandN=0,gaps=1:0,2:16,3:16,4:19,5:31,6:41,7:59,8:61
GM|1|M1-MG_QT05-C0-R1|6|side=-1|cfg=T_YOU|kind=undefined|move=g2f2|hit=cap|slot=4|gap=31|depth=12|nodes=612374|legal=40|probs=cap=80,mcap=280,p=0.5,cls=normal,legal=40,accN=8,bandN=0,gaps=1:0,2:11,3:25,4:31,5:0,6:23,7:27,8:29
GM|1|M1-MG_QT05-C0-R1|7|side=1|cfg=T_JIN|kind=undefined|move=g6i7|hit=cap|slot=8|gap=55|depth=11|nodes=588268|legal=42|probs=cap=80,mcap=280,p=0,cls=normal,legal=42,accN=8,bandN=0,gaps=1:0,2:32,3:33,4:49,5:37,6:48,7:54,8:55
GM|1|M1-MG_QT05-C0-R1|8|side=-1|cfg=T_YOU|kind=undefined|move=h0h5|hit=cap|slot=8|gap=42|depth=13|nodes=586495|legal=39|probs=cap=80,mcap=280,p=0.5,cls=normal,legal=39,accN=8,bandN=0,gaps=1:0,2:18,3:22,4:35,5:38,6:39,7:40,8:42
GM|1|M1-MG_QT05-C0-R1|9|side=1|cfg=T_JIN|kind=undefined|move=g5g4|hit=cap|slot=8|gap=37|depth=13|nodes=549633|legal=33|probs=cap=80,mcap=280,p=0,cls=normal,legal=33,accN=8,bandN=0,gaps=1:0,2:8,3:9,4:12,5:14,6:25,7:35,8:37
GM|1|M1-MG_QT05-C0-R1|10|side=-1|cfg=T_YOU|kind=undefined|move=f5e5|hit=cap|slot=4|gap=74|depth=14|nodes=626288|legal=42|probs=cap=80,mcap=280,p=0.5,cls=normal,legal=42,accN=4,bandN=4,gaps=1:0,2:41,3:66,4:74,5:87,6:98,7:102,8:107
GM|1|M1-MG_QT05-C0-R1|11|side=1|cfg=T_JIN|kind=undefined|move=g9f9|hit=cap|slot=5|gap=77|depth=13|nodes=581483|legal=34|probs=cap=80,mcap=280,p=0,cls=normal,legal=34,accN=5,bandN=3,gaps=1:0,2:3,3:26,4:40,5:77,6:97,7:132,8:163
GM|1|M1-MG_QT05-C0-R1|12|side=-1|cfg=T_YOU|kind=undefined|move=f2h2|hit=rand|slot=7|gap=117|depth=13|nodes=517314|legal=44|probs=cap=80,mcap=280,p=0.5,cls=normal,legal=44,accN=6,bandN=2,gaps=1:0,2:39,3:46,4:55,5:62,6:74,7:117,8:160,wouldBe=6,agap=117
GM|1|M1-MG_QT05-C0-R1|13|side=1|cfg=T_JIN|kind=undefined|move=g4h4|hit=cap|slot=4|gap=79|depth=14|nodes=641340|legal=39|probs=cap=80,mcap=280,p=0,cls=normal,legal=39,accN=4,bandN=4,gaps=1:0,2:22,3:55,4:79,5:139,6:171,7:171,8:215
GM|1|M1-MG_QT05-C0-R1|14|side=-1|cfg=T_YOU|kind=undefined|move=e3e4|hit=cap|slot=8|gap=63|depth=12|nodes=634519|legal=35|probs=cap=80,mcap=280,p=0.5,cls=normal,legal=35,accN=8,bandN=0,gaps=1:0,2:5,3:10,4:18,5:26,6:29,7:48,8:63
GM|1|M1-MG_QT05-C0-R1|15|side=1|cfg=T_JIN|kind=undefined|move=f9f4|hit=cap|slot=3|gap=59|depth=14|nodes=653756|legal=38|probs=cap=80,mcap=280,p=0,cls=normal,legal=38,accN=3,bandN=5,gaps=1:0,2:57,3:59,4:85,5:115,6:116,7:126,8:133
GM|1|M1-MG_QT05-C0-R1|16|side=-1|cfg=T_YOU|kind=undefined|move=f0e1|hit=cap|slot=4|gap=64|depth=12|nodes=596167|legal=34|probs=cap=80,mcap=280,p=0.5,cls=normal,legal=34,accN=4,bandN=4,gaps=1:0,2:36,3:61,4:64,5:99,6:113,7:143,8:170
GM|1|M1-MG_QT05-C0-R1|17|side=1|cfg=T_JIN|kind=undefined|move=b7d7|hit=cap|slot=4|gap=75|depth=13|nodes=593863|legal=38|probs=cap=80,mcap=280,p=0,cls=normal,legal=38,accN=4,bandN=4,gaps=1:0,2:25,3:66,4:75,5:101,6:99,7:105,8:126
GM|1|M1-MG_QT05-C0-R1|18|side=-1|cfg=T_YOU|kind=undefined|move=h2e2|hit=cap|slot=8|gap=67|depth=13|nodes=615147|legal=33|probs=cap=80,mcap=280,p=0.5,cls=normal,legal=33,accN=8,bandN=0,gaps=1:0,2:10,3:19,4:36,5:49,6:57,7:63,8:67
GM|1|M1-MG_QT05-C0-R1|19|side=1|cfg=T_JIN|kind=undefined|move=f4e4|hit=above|slot=1|gap=0|depth=14|nodes=587996|legal=37|probs=cap=80,mcap=280,p=0,cls=normal,legal=37,accN=1,bandN=5,gaps=1:0,2:136,3:165,4:220,5:225,6:259,7:285,8:298
GM|1|M1-MG_QT05-C0-R1|20|side=-1|cfg=T_YOU|kind=undefined|move=e5g5|hit=cap|slot=7|gap=43|depth=12|nodes=543596|legal=31|probs=cap=80,mcap=280,p=0.5,cls=normal,legal=31,accN=8,bandN=0,gaps=1:0,2:12,3:16,4:26,5:30,6:33,7:43,8:36
GM|1|M1-MG_QT05-C0-R1|21|side=1|cfg=T_JIN|kind=undefined|move=e4e5|hit=above|slot=1|gap=0|depth=16|nodes=690403|legal=40|probs=cap=80,mcap=280,p=0,cls=normal,legal=40,accN=1,bandN=5,gaps=1:0,2:198,3:203,4:206,5:217,6:258,7:335,8:338
GM|1|M1-MG_QT05-C0-R1|22|side=-1|cfg=T_YOU|kind=undefined|move=e2e3|hit=rand|slot=8|gap=85|depth=11|nodes=637809|legal=33|probs=cap=80,mcap=280,p=0.5,cls=normal,legal=33,accN=7,bandN=1,gaps=1:0,2:20,3:37,4:41,5:44,6:51,7:79,8:85,wouldBe=7,agap=85
GM|1|M1-MG_QT05-C0-R1|23|side=1|cfg=T_JIN|kind=undefined|move=h7h9|hit=above|slot=1|gap=0|depth=13|nodes=539763|legal=36|probs=cap=80,mcap=280,p=0,cls=normal,legal=36,accN=1,bandN=7,gaps=1:0,2:101,3:92,4:100,5:101,6:117,7:165,8:174
GM|1|M1-MG_QT05-C0-R1|24|side=-1|cfg=T_YOU|kind=undefined|move=g5f5|hit=rand|slot=4|gap=82|depth=11|nodes=567995|legal=34|probs=cap=80,mcap=280,p=0.5,cls=normal,legal=34,accN=4,bandN=4,gaps=1:0,2:42,3:65,4:82,5:104,6:80,7:86,8:97,wouldBe=6,agap=82
GM|1|M1-MG_QT05-C0-R1|25|side=1|cfg=T_JIN|kind=undefined|move=h4h3|hit=cap|slot=4|gap=60|depth=13|nodes=578252|legal=37|probs=cap=80,mcap=280,p=0,cls=normal,legal=37,accN=4,bandN=4,gaps=1:0,2:34,3:50,4:60,5:91,6:125,7:188,8:219
GM|1|M1-MG_QT05-C0-R1|26|side=-1|cfg=T_YOU|kind=undefined|move=e1f0|hit=cap|slot=8|gap=80|depth=11|nodes=553640|legal=41|probs=cap=80,mcap=280,p=0.5,cls=normal,legal=41,accN=8,bandN=0,gaps=1:0,2:12,3:42,4:53,5:58,6:71,7:71,8:80
GM|1|M1-MG_QT05-C0-R1|27|side=1|cfg=T_JIN|kind=undefined|move=c5c4|hit=cap|slot=5|gap=71|depth=12|nodes=524162|legal=37|probs=cap=80,mcap=280,p=0,cls=normal,legal=37,accN=5,bandN=3,gaps=1:0,2:34,3:40,4:55,5:71,6:105,7:123,8:132
GM|1|M1-MG_QT05-C0-R1|28|side=-1|cfg=T_YOU|kind=undefined|move=e3e2|hit=cap|slot=4|gap=69|depth=12|nodes=560492|legal=36|probs=cap=80,mcap=280,p=0.5,cls=normal,legal=36,accN=4,bandN=4,gaps=1:0,2:53,3:67,4:69,5:85,6:97,7:102,8:104
GM|1|M1-MG_QT05-C0-R1|29|side=1|cfg=T_JIN|kind=undefined|move=i6i5|hit=cap|slot=2|gap=56|depth=11|nodes=505730|legal=44|probs=cap=80,mcap=280,p=0,cls=normal,legal=44,accN=2,bandN=6,gaps=1:0,2:56,3:105,4:117,5:120,6:125,7:131,8:136
GM|1|M1-MG_QT05-C0-R1|30|side=-1|cfg=T_YOU|kind=undefined|move=i4i5|hit=rand|slot=8|gap=270|depth=12|nodes=511312|legal=36|probs=cap=80,mcap=280,p=0.5,cls=normal,legal=36,accN=5,bandN=3,gaps=1:0,2:4,3:6,4:25,5:45,6:138,7:184,8:270,wouldBe=5,agap=270
GM|1|M1-MG_QT05-C0-R1|31|side=1|cfg=T_JIN|kind=undefined|move=i7h5|hit=above|slot=1|gap=0|depth=12|nodes=567918|legal=44|probs=cap=80,mcap=280,p=0,cls=normal,legal=44,accN=1,bandN=1,gaps=1:0,2:265,3:306,4:372,5:408,6:471,7:478,8:554
GM|1|M1-MG_QT05-C0-R1|32|side=-1|cfg=T_YOU|kind=undefined|move=c2e3|hit=cap|slot=2|gap=64|depth=11|nodes=517065|legal=28|probs=cap=80,mcap=280,p=0.5,cls=normal,legal=28,accN=2,bandN=6,gaps=1:0,2:64,3:90,4:92,5:101,6:111,7:130,8:123
GM|1|M1-MG_QT05-C0-R1|33|side=1|cfg=T_JIN|kind=undefined|move=e5e3|hit=above|slot=1|gap=0|depth=12|nodes=620035|legal=46|probs=cap=80,mcap=280,p=0,cls=normal,legal=46,accN=1,bandN=4,gaps=1:0,2:213,3:227,4:246,5:249,6:513,7:516,8:526
GM|1|M1-MG_QT05-C0-R1|34|side=-1|cfg=T_YOU|kind=undefined|move=e2e1|hit=cap|slot=2|gap=66|depth=11|nodes=509156|legal=27|probs=cap=80,mcap=280,p=0.5,cls=normal,legal=27,accN=2,bandN=6,gaps=1:0,2:66,3:100,4:111,5:121,6:125,7:129,8:89
GM|1|M1-MG_QT05-C0-R1|35|side=1|cfg=T_JIN|kind=undefined|move=e3e1|hit=cap|slot=8|gap=71|depth=12|nodes=512962|legal=47|probs=cap=80,mcap=280,p=0,cls=normal,legal=47,accN=8,bandN=0,gaps=1:0,2:29,3:39,4:43,5:45,6:60,7:70,8:71
GM|1|M1-MG_QT05-C0-R1|36|side=-1|cfg=T_YOU|kind=undefined|move=e0e1|hit=rand|slot=3|gap=151|depth=13|nodes=488536|legal=3|probs=cap=80,mcap=280,p=0.5,cls=normal,legal=3,accN=2,bandN=1,gaps=1:0,2:45,3:151,wouldBe=2,agap=151
GM|1|M1-MG_QT05-C0-R1|37|side=1|cfg=T_JIN|kind=undefined|move=h5f4|hit=above|slot=1|gap=0|depth=13|nodes=532440|legal=38|probs=cap=80,mcap=280,p=0,cls=normal,legal=38,accN=1,bandN=7,gaps=1:0,2:108,3:158,4:147,5:162,6:251,7:266,8:270
GM|1|M1-MG_QT05-C0-R1|38|side=-1|cfg=T_YOU|kind=undefined|move=f5f8|hit=cap|slot=4|gap=19|depth=10|nodes=565515|legal=25|probs=cap=80,mcap=280,p=0.5,cls=normal,legal=25,accN=4,bandN=4,gaps=1:0,2:2,3:10,4:19,5:84,6:92,7:94,8:116
GM|1|M1-MG_QT05-C0-R1|39|side=1|cfg=T_JIN|kind=undefined|move=f4d3|hit=above|slot=1|gap=0|depth=12|nodes=568595|legal=40|probs=cap=80,mcap=280,p=0,cls=normal,legal=40,accN=1,bandN=7,gaps=1:0,2:110,3:135,4:136,5:145,6:149,7:161,8:162
GM|1|M1-MG_QT05-C0-R1|40|side=-1|cfg=T_YOU|kind=undefined|move=e1f1|hit=cap|slot=2|gap=48|depth=13|nodes=532689|legal=3|probs=cap=80,mcap=280,p=0.5,cls=normal,legal=3,accN=2,bandN=1,gaps=1:0,2:48,3:85
GE|1|M1-MG_QT05-C0-R1|END|winner=draw|reason=%E6%AD%A5%E6%95%B0%E4%B8%8A%E9%99%90%E5%88%A4%E5%92%8C|plies=40|tierMoves=40|invalid=0|crit=0|hiSide=-1|stats=T_JIN:n=20,rand=0,cap=13,above=7,bmiss=0,gapMean=40,gapMax=79;T_YOU:n=20,rand=5,cap=14,above=0,bmiss=1,gapMean=77,gapMax=270
PROG|1|M1-MG_QT05-C0-R1
G|1|M2-MG_QT10-C0-R1|START|pos=MG_QT10|pair=%E9%AB%98%E6%89%8B_vs_%E8%BF%9B%E9%98%B6|hi=T_GAO|lo=T_JIN|hiFirst=0|fen=2bakc2r/4an3/c3b4/p6RC/2p1P1p2/9/P1n3P1P/2N3C1N/9/2BAKAB2 b - - 0 1
GM|1|M2-MG_QT10-C0-R1|1|side=1|cfg=T_GAO|kind=undefined|move=a6a5|hit=cap|slot=3|gap=21|depth=11|nodes=523586|legal=29|probs=cap=25,mcap=225,p=0.1,cls=normal,legal=29,accN=3,bandN=5,gaps=1:0,2:15,3:21,4:26,5:33,6:38,7:39,8:44
GM|1|M2-MG_QT10-C0-R1|2|side=-1|cfg=T_JIN|kind=undefined|move=g2h2|hit=cap|slot=7|gap=46|depth=13|nodes=555879|legal=44|probs=cap=80,mcap=280,p=0,cls=normal,legal=44,accN=8,bandN=0,gaps=1:0,2:7,3:27,4:28,5:40,6:41,7:46,8:42
GM|1|M2-MG_QT10-C0-R1|3|side=1|cfg=T_GAO|kind=undefined|move=f8h7|hit=cap|slot=4|gap=18|depth=12|nodes=565226|legal=30|probs=cap=25,mcap=225,p=0.1,cls=normal,legal=30,accN=4,bandN=4,gaps=1:0,2:10,3:16,4:18,5:29,6:33,7:26,8:32
GM|1|M2-MG_QT10-C0-R1|4|side=-1|cfg=T_JIN|kind=undefined|move=h2d2|hit=cap|slot=8|gap=60|depth=12|nodes=653012|legal=42|probs=cap=80,mcap=280,p=0,cls=normal,legal=42,accN=8,bandN=0,gaps=1:0,2:31,3:36,4:37,5:37,6:50,7:54,8:60
GM|1|M2-MG_QT10-C0-R1|5|side=1|cfg=T_GAO|kind=undefined|move=h7g9|hit=above|slot=1|gap=0|depth=13|nodes=588832|legal=37|probs=cap=25,mcap=225,p=0.1,cls=normal,legal=37,accN=1,bandN=7,gaps=1:0,2:34,3:39,4:44,5:56,6:68,7:69,8:69
GM|1|M2-MG_QT10-C0-R1|6|side=-1|cfg=T_JIN|kind=undefined|move=c0e2|hit=cap|slot=8|gap=24|depth=13|nodes=621043|legal=47|probs=cap=80,mcap=280,p=0,cls=normal,legal=47,accN=8,bandN=0,gaps=1:0,2:0,3:9,4:18,5:20,6:22,7:23,8:24
GM|1|M2-MG_QT10-C0-R1|7|side=1|cfg=T_GAO|kind=undefined|move=g9f7|hit=above|slot=1|gap=0|depth=13|nodes=620661|legal=33|probs=cap=25,mcap=225,p=0.1,cls=normal,legal=33,accN=1,bandN=7,gaps=1:0,2:26,3:60,4:62,5:70,6:79,7:81,8:82
GM|1|M2-MG_QT10-C0-R1|8|side=-1|cfg=T_JIN|kind=undefined|move=h6b6|hit=cap|slot=4|gap=80|depth=14|nodes=603094|legal=43|probs=cap=80,mcap=280,p=0,cls=normal,legal=43,accN=4,bandN=2,gaps=1:0,2:72,3:75,4:80,5:144,6:187,7:422,8:459
GM|1|M2-MG_QT10-C0-R1|9|side=1|cfg=T_GAO|kind=undefined|move=f7e5|hit=above|slot=1|gap=0|depth=13|nodes=614220|legal=31|probs=cap=25,mcap=225,p=0.1,cls=normal,legal=31,accN=1,bandN=7,gaps=1:0,2:33,3:33,4:73,5:121,6:121,7:155,8:177
GM|1|M2-MG_QT10-C0-R1|10|side=-1|cfg=T_JIN|kind=undefined|move=b6h6|hit=cap|slot=4|gap=75|depth=11|nodes=588815|legal=46|probs=cap=80,mcap=280,p=0,cls=normal,legal=46,accN=4,bandN=4,gaps=1:0,2:30,3:31,4:75,5:89,6:92,7:103,8:118
GM|1|M2-MG_QT10-C0-R1|11|side=1|cfg=T_GAO|kind=undefined|move=a7c7|hit=above|slot=1|gap=0|depth=11|nodes=587908|legal=42|probs=cap=25,mcap=225,p=0.1,cls=normal,legal=42,accN=1,bandN=7,gaps=1:0,2:29,3:29,4:40,5:47,6:85,7:90,8:101
GM|1|M2-MG_QT10-C0-R1|12|side=-1|cfg=T_JIN|kind=undefined|move=i6i4|hit=cap|slot=4|gap=77|depth=11|nodes=566728|legal=40|probs=cap=80,mcap=280,p=0,cls=normal,legal=40,accN=4,bandN=4,gaps=1:0,2:16,3:65,4:77,5:101,6:119,7:132,8:148
GM|1|M2-MG_QT10-C0-R1|13|side=1|cfg=T_GAO|kind=undefined|move=c3e4|hit=above|slot=1|gap=0|depth=12|nodes=572928|legal=43|probs=cap=25,mcap=225,p=0.1,cls=normal,legal=43,accN=1,bandN=7,gaps=1:0,2:120,3:129,4:143,5:151,6:176,7:183,8:210
GM|1|M2-MG_QT10-C0-R1|14|side=-1|cfg=T_JIN|kind=undefined|move=f0e1|hit=cap|slot=2|gap=63|depth=12|nodes=504346|legal=45|probs=cap=80,mcap=280,p=0,cls=normal,legal=45,accN=2,bandN=6,gaps=1:0,2:63,3:105,4:109,5:126,6:133,7:137,8:138
GM|1|M2-MG_QT10-C0-R1|15|side=1|cfg=T_GAO|kind=undefined|move=e4d2|hit=cap|slot=2|gap=3|depth=12|nodes=554114|legal=41|probs=cap=25,mcap=225,p=0.1,cls=normal,legal=41,accN=2,bandN=2,gaps=1:0,2:3,3:169,4:169,5:314,6:343,7:343,8:358
GM|1|M2-MG_QT10-C0-R1|16|side=-1|cfg=T_JIN|kind=undefined|move=e1d2|hit=above|slot=1|gap=0|depth=15|nodes=481419|legal=2|probs=cap=80,mcap=280,p=0,cls=normal,legal=2,accN=1,bandN=0,gaps=1:0,2:431
GM|1|M2-MG_QT10-C0-R1|17|side=1|cfg=T_GAO|kind=undefined|move=c7c2|hit=above|slot=1|gap=0|depth=13|nodes=586225|legal=39|probs=cap=25,mcap=225,p=0.1,cls=normal,legal=39,accN=1,bandN=2,gaps=1:0,2:206,3:212,4:279,5:312,6:331,7:340,8:370
GM|1|M2-MG_QT10-C0-R1|18|side=-1|cfg=T_JIN|kind=undefined|move=i2g1|hit=cap|slot=8|gap=62|depth=13|nodes=523950|legal=40|probs=cap=80,mcap=280,p=0,cls=normal,legal=40,accN=8,bandN=0,gaps=1:0,2:46,3:49,4:50,5:54,6:57,7:58,8:62
GM|1|M2-MG_QT10-C0-R1|19|side=1|cfg=T_GAO|kind=undefined|move=e5f7|hit=cap|slot=2|gap=15|depth=12|nodes=517865|legal=40|probs=cap=25,mcap=225,p=0.1,cls=normal,legal=40,accN=2,bandN=6,gaps=1:0,2:15,3:27,4:27,5:37,6:44,7:31,8:70
GM|1|M2-MG_QT10-C0-R1|20|side=-1|cfg=T_JIN|kind=undefined|move=h6b6|hit=cap|slot=7|gap=18|depth=12|nodes=519703|legal=42|probs=cap=80,mcap=280,p=0,cls=normal,legal=42,accN=8,bandN=0,gaps=1:0,2:8,3:9,4:13,5:14,6:14,7:18,8:18
GM|1|M2-MG_QT10-C0-R1|21|side=1|cfg=T_GAO|kind=undefined|move=f9g9|hit=rand|slot=8|gap=26|depth=12|nodes=520647|legal=27|probs=cap=25,mcap=225,p=0.1,cls=normal,legal=27,accN=7,bandN=1,gaps=1:0,2:8,3:16,4:16,5:24,6:25,7:25,8:26,wouldBe=6,agap=26
GM|1|M2-MG_QT10-C0-R1|22|side=-1|cfg=T_JIN|kind=undefined|move=d2e1|hit=cap|slot=8|gap=24|depth=12|nodes=527896|legal=43|probs=cap=80,mcap=280,p=0,cls=normal,legal=43,accN=8,bandN=0,gaps=1:0,2:4,3:2,4:3,5:10,6:18,7:20,8:24
GM|1|M2-MG_QT10-C0-R1|23|side=1|cfg=T_GAO|kind=undefined|move=i9h9|hit=cap|slot=5|gap=24|depth=12|nodes=514806|legal=29|probs=cap=25,mcap=225,p=0.1,cls=normal,legal=29,accN=5,bandN=3,gaps=1:0,2:1,3:7,4:14,5:24,6:34,7:41,8:42
GM|1|M2-MG_QT10-C0-R1|24|side=-1|cfg=T_JIN|kind=undefined|move=a3a4|hit=cap|slot=8|gap=36|depth=12|nodes=528138|legal=44|probs=cap=80,mcap=280,p=0,cls=normal,legal=44,accN=8,bandN=0,gaps=1:0,2:23,3:13,4:15,5:15,6:21,7:28,8:36
GM|1|M2-MG_QT10-C0-R1|25|side=1|cfg=T_GAO|kind=undefined|move=c2c3|hit=cap|slot=8|gap=23|depth=12|nodes=514205|legal=32|probs=cap=25,mcap=225,p=0.1,cls=normal,legal=32,accN=8,bandN=0,gaps=1:0,2:6,3:14,4:14,5:9,6:14,7:18,8:23
GM|1|M2-MG_QT10-C0-R1|26|side=-1|cfg=T_JIN|kind=undefined|move=e1f2|hit=cap|slot=7|gap=18|depth=12|nodes=503024|legal=43|probs=cap=80,mcap=280,p=0,cls=normal,legal=43,accN=8,bandN=0,gaps=1:0,2:3,3:3,4:10,5:14,6:16,7:18,8:18
GM|1|M2-MG_QT10-C0-R1|27|side=1|cfg=T_GAO|kind=undefined|move=c3e3|hit=cap|slot=2|gap=16|depth=11|nodes=519774|legal=35|probs=cap=25,mcap=225,p=0.1,cls=normal,legal=35,accN=2,bandN=6,gaps=1:0,2:16,3:31,4:34,5:34,6:38,7:46,8:46
GM|1|M2-MG_QT10-C0-R1|28|side=-1|cfg=T_JIN|kind=undefined|move=e2c0|hit=cap|slot=3|gap=57|depth=12|nodes=471614|legal=6|probs=cap=80,mcap=280,p=0,cls=normal,legal=6,accN=3,bandN=3,gaps=1:0,2:21,3:57,4:82,5:88,6:111
GM|1|M2-MG_QT10-C0-R1|29|side=1|cfg=T_GAO|kind=undefined|move=a5a4|hit=cap|slot=4|gap=25|depth=12|nodes=500641|legal=36|probs=cap=25,mcap=225,p=0.1,cls=normal,legal=36,accN=4,bandN=4,gaps=1:0,2:12,3:18,4:25,5:40,6:42,7:43,8:60
GM|1|M2-MG_QT10-C0-R1|30|side=-1|cfg=T_JIN|kind=undefined|move=i4i6|hit=cap|slot=7|gap=22|depth=12|nodes=536141|legal=38|probs=cap=80,mcap=280,p=0,cls=normal,legal=38,accN=8,bandN=0,gaps=1:0,2:2,3:10,4:1,5:2,6:21,7:22,8:22
GM|1|M2-MG_QT10-C0-R1|31|side=1|cfg=T_GAO|kind=undefined|move=f7e5|hit=cap|slot=2|gap=20|depth=12|nodes=530035|legal=37|probs=cap=25,mcap=225,p=0.1,cls=normal,legal=37,accN=2,bandN=6,gaps=1:0,2:20,3:27,4:26,5:32,6:61,7:66,8:67
GM|1|M2-MG_QT10-C0-R1|32|side=-1|cfg=T_JIN|kind=undefined|move=i3i4|hit=cap|slot=7|gap=57|depth=12|nodes=501707|legal=37|probs=cap=80,mcap=280,p=0,cls=normal,legal=37,accN=8,bandN=0,gaps=1:0,2:15,3:16,4:33,5:39,6:49,7:57,8:57
GM|1|M2-MG_QT10-C0-R1|33|side=1|cfg=T_GAO|kind=undefined|move=h9h0|hit=above|slot=1|gap=0|depth=12|nodes=510736|legal=40|probs=cap=25,mcap=225,p=0.1,cls=normal,legal=40,accN=1,bandN=7,gaps=1:0,2:47,3:49,4:53,5:69,6:70,7:76,8:76
GM|1|M2-MG_QT10-C0-R1|34|side=-1|cfg=T_JIN|kind=undefined|move=g1f3|hit=cap|slot=3|gap=29|depth=11|nodes=517594|legal=35|probs=cap=80,mcap=280,p=0,cls=normal,legal=35,accN=3,bandN=5,gaps=1:0,2:26,3:29,4:99,5:107,6:139,7:143,8:196
GM|1|M2-MG_QT10-C0-R1|35|side=1|cfg=T_GAO|kind=undefined|move=e5f7|hit=rand|slot=5|gap=123|depth=13|nodes=545969|legal=43|probs=cap=25,mcap=225,p=0.1,cls=normal,legal=43,accN=1,bandN=5,gaps=1:0,2:34,3:26,4:85,5:123,6:199,7:265,8:299,wouldBe=1,agap=123
GM|1|M2-MG_QT10-C0-R1|36|side=-1|cfg=T_JIN|kind=undefined|move=g3g4|hit=cap|slot=8|gap=49|depth=13|nodes=544122|legal=33|probs=cap=80,mcap=280,p=0,cls=normal,legal=33,accN=8,bandN=0,gaps=1:0,2:10,3:11,4:17,5:28,6:34,7:41,8:49
GM|1|M2-MG_QT10-C0-R1|37|side=1|cfg=T_GAO|kind=undefined|move=g5g4|hit=above|slot=1|gap=0|depth=13|nodes=544703|legal=38|probs=cap=25,mcap=225,p=0.1,cls=normal,legal=38,accN=1,bandN=7,gaps=1:0,2:79,3:81,4:85,5:89,6:112,7:117,8:118
GM|1|M2-MG_QT10-C0-R1|38|side=-1|cfg=T_JIN|kind=undefined|move=b6d6|hit=cap|slot=7|gap=47|depth=12|nodes=535056|legal=34|probs=cap=80,mcap=280,p=0,cls=normal,legal=34,accN=8,bandN=0,gaps=1:0,2:7,3:10,4:12,5:21,6:39,7:47,8:1
GM|1|M2-MG_QT10-C0-R1|39|side=1|cfg=T_GAO|kind=undefined|move=g9f9|hit=cap|slot=3|gap=20|depth=13|nodes=561085|legal=43|probs=cap=25,mcap=225,p=0.1,cls=normal,legal=43,accN=3,bandN=5,gaps=1:0,2:15,3:20,4:35,5:46,6:49,7:54,8:67
GM|1|M2-MG_QT10-C0-R1|40|side=-1|cfg=T_JIN|kind=undefined|move=d6a6|hit=cap|slot=8|gap=46|depth=12|nodes=543050|legal=31|probs=cap=80,mcap=280,p=0,cls=normal,legal=31,accN=8,bandN=0,gaps=1:0,2:17,3:39,4:12,5:33,6:39,7:42,8:46
GE|1|M2-MG_QT10-C0-R1|END|winner=draw|reason=%E6%AD%A5%E6%95%B0%E4%B8%8A%E9%99%90%E5%88%A4%E5%92%8C|plies=40|tierMoves=40|invalid=0|crit=0|hiSide=-1|stats=T_GAO:n=20,rand=2,cap=10,above=8,bmiss=0,gapMean=17,gapMax=123;T_JIN:n=20,rand=0,cap=19,above=1,bmiss=0,gapMean=45,gapMax=80
PROG|1|M2-MG_QT10-C0-R1
G|1|M3-MG_QT14-C0-R1|START|pos=MG_QT14|pair=%E5%A4%A7%E5%B8%88_vs_%E9%AB%98%E6%89%8B|hi=T_DA|lo=T_GAO|hiFirst=0|fen=2bak3C/4a4/c3b1n2/p8/2p1P1p2/5c2P/P1n3P2/2N1B1C1N/9/2BAKA3 b - - 0 1
GM|1|M3-MG_QT14-C0-R1|1|side=1|cfg=T_DA|kind=master|move=f4b4|hit=best|slot=1|gap=0|depth=27|nodes=3845609|legal=37|probs=mpv=1
GM|1|M3-MG_QT14-C0-R1|2|side=-1|cfg=T_GAO|kind=undefined|move=i9i7|hit=rand|slot=8|gap=45|depth=11|nodes=593878|legal=33|probs=cap=25,mcap=225,p=0.1,cls=normal,legal=33,accN=4,bandN=4,gaps=1:0,2:7,3:11,4:21,5:27,6:34,7:38,8:45,wouldBe=4,agap=45
GM|1|M3-MG_QT14-C0-R1|3|side=1|cfg=T_DA|kind=master|move=b4b5|hit=best|slot=1|gap=0|depth=25|nodes=3568625|legal=43|probs=mpv=1
GM|1|M3-MG_QT14-C0-R1|4|side=-1|cfg=T_GAO|kind=undefined|move=e5f5|hit=rand|slot=3|gap=81|depth=14|nodes=612069|legal=31|probs=cap=25,mcap=225,p=0.1,cls=normal,legal=31,accN=1,bandN=7,gaps=1:0,2:26,3:81,4:81,5:84,6:88,7:91,8:118,wouldBe=1,agap=81
GM|1|M3-MG_QT14-C0-R1|5|side=1|cfg=T_DA|kind=master|move=b5f5|hit=best|slot=1|gap=0|depth=23|nodes=3834505|legal=37|probs=mpv=1
GM|1|M3-MG_QT14-C0-R1|6|side=-1|cfg=T_GAO|kind=undefined|move=i2h4|hit=cap|slot=3|gap=14|depth=12|nodes=608047|legal=28|probs=cap=25,mcap=225,p=0.1,cls=normal,legal=28,accN=3,bandN=5,gaps=1:0,2:3,3:14,4:43,5:59,6:64,7:59,8:94
GM|1|M3-MG_QT14-C0-R1|7|side=1|cfg=T_DA|kind=master|move=f5f6|hit=best|slot=1|gap=0|depth=21|nodes=3754193|legal=36|probs=mpv=1
GM|1|M3-MG_QT14-C0-R1|8|side=-1|cfg=T_GAO|kind=undefined|move=i7i9|hit=cap|slot=6|gap=25|depth=11|nodes=612489|legal=31|probs=cap=25,mcap=225,p=0.1,cls=normal,legal=31,accN=4,bandN=4,gaps=1:0,2:10,3:11,4:31,5:43,6:25,7:44,8:62
GM|1|M3-MG_QT14-C0-R1|9|side=1|cfg=T_DA|kind=master|move=f6e6|hit=best|slot=1|gap=0|depth=21|nodes=3751685|legal=37|probs=mpv=1
GM|1|M3-MG_QT14-C0-R1|10|side=-1|cfg=T_GAO|kind=undefined|move=d0e1|hit=cap|slot=2|gap=6|depth=14|nodes=544838|legal=7|probs=cap=25,mcap=225,p=0.1,cls=normal,legal=7,accN=2,bandN=0,gaps=1:0,2:6,3:293,4:340,5:343,6:397,7:100080
GM|1|M3-MG_QT14-C0-R1|11|side=1|cfg=T_DA|kind=master|move=c3d5|hit=best|slot=1|gap=0|depth=21|nodes=3898917|legal=33|probs=mpv=1
GM|1|M3-MG_QT14-C0-R1|12|side=-1|cfg=T_GAO|kind=undefined|move=h4g6|hit=cap|slot=3|gap=18|depth=12|nodes=655133|legal=30|probs=cap=25,mcap=225,p=0.1,cls=normal,legal=30,accN=3,bandN=5,gaps=1:0,2:7,3:18,4:35,5:88,6:91,7:96,8:110
GM|1|M3-MG_QT14-C0-R1|13|side=1|cfg=T_DA|kind=master|move=c5c4|hit=best|slot=1|gap=0|depth=24|nodes=3942247|legal=27|probs=mpv=1
GM|1|M3-MG_QT14-C0-R1|14|side=-1|cfg=T_GAO|kind=undefined|move=c2b0|hit=rand|slot=8|gap=104|depth=12|nodes=662210|legal=29|probs=cap=25,mcap=225,p=0.1,cls=normal,legal=29,accN=1,bandN=7,gaps=1:0,2:57,3:84,4:73,5:77,6:78,7:93,8:104,wouldBe=1,agap=104
GM|1|M3-MG_QT14-C0-R1|15|side=1|cfg=T_DA|kind=master|move=e8f7|hit=best|slot=1|gap=0|depth=22|nodes=3664884|legal=32|probs=mpv=1
GM|1|M3-MG_QT14-C0-R1|16|side=-1|cfg=T_GAO|kind=undefined|move=g6e5|hit=cap|slot=2|gap=13|depth=12|nodes=581988|legal=25|probs=cap=25,mcap=225,p=0.1,cls=normal,legal=25,accN=2,bandN=6,gaps=1:0,2:13,3:41,4:41,5:46,6:51,7:77,8:123
GM|1|M3-MG_QT14-C0-R1|17|side=1|cfg=T_DA|kind=master|move=a7a3|hit=best|slot=1|gap=0|depth=22|nodes=3608721|legal=33|probs=mpv=1
GM|1|M3-MG_QT14-C0-R1|18|side=-1|cfg=T_GAO|kind=undefined|move=g3g4|hit=above|slot=1|gap=0|depth=12|nodes=604688|legal=30|probs=cap=25,mcap=225,p=0.1,cls=normal,legal=30,accN=1,bandN=7,gaps=1:0,2:76,3:79,4:99,5:114,6:118,7:122,8:124
GM|1|M3-MG_QT14-C0-R1|19|side=1|cfg=T_DA|kind=master|move=a3a0|hit=best|slot=1|gap=0|depth=22|nodes=3792432|legal=41|probs=mpv=1
GM|1|M3-MG_QT14-C0-R1|20|side=-1|cfg=T_GAO|kind=undefined|move=g4g5|hit=above|slot=1|gap=0|depth=13|nodes=586866|legal=26|probs=cap=25,mcap=225,p=0.1,cls=normal,legal=26,accN=1,bandN=7,gaps=1:0,2:46,3:53,4:72,5:80,6:83,7:90,8:103
GM|1|M3-MG_QT14-C0-R1|21|side=1|cfg=T_DA|kind=master|move=g7i6|hit=best|slot=1|gap=0|depth=22|nodes=3787008|legal=34|probs=mpv=1
GM|1|M3-MG_QT14-C0-R1|22|side=-1|cfg=T_GAO|kind=undefined|move=g5g6|hit=cap|slot=4|gap=17|depth=13|nodes=520914|legal=28|probs=cap=25,mcap=225,p=0.1,cls=normal,legal=28,accN=4,bandN=4,gaps=1:0,2:0,3:5,4:17,5:96,6:101,7:117,8:119
GM|1|M3-MG_QT14-C0-R1|23|side=1|cfg=T_DA|kind=master|move=e6e2|hit=best|slot=1|gap=0|depth=22|nodes=3627618|legal=31|probs=mpv=1
GM|1|M3-MG_QT14-C0-R1|24|side=-1|cfg=T_GAO|kind=undefined|move=e0d0|hit=cap|slot=2|gap=20|depth=13|nodes=576525|legal=4|probs=cap=25,mcap=225,p=0.1,cls=normal,legal=4,accN=2,bandN=2,gaps=1:0,2:20,3:60,4:146
GM|1|M3-MG_QT14-C0-R1|25|side=1|cfg=T_DA|kind=master|move=i6h4|hit=best|slot=1|gap=0|depth=20|nodes=3924580|legal=33|probs=mpv=1
GM|1|M3-MG_QT14-C0-R1|26|side=-1|cfg=T_GAO|kind=undefined|move=g2g1|hit=cap|slot=3|gap=19|depth=11|nodes=614145|legal=28|probs=cap=25,mcap=225,p=0.1,cls=normal,legal=28,accN=4,bandN=4,gaps=1:0,2:5,3:19,4:5,5:28,6:31,7:31,8:32
GM|1|M3-MG_QT14-C0-R1|27|side=1|cfg=T_DA|kind=master|move=e2i2|hit=best|slot=1|gap=0|depth=20|nodes=3709755|legal=38|probs=mpv=1
GM|1|M3-MG_QT14-C0-R1|28|side=-1|cfg=T_GAO|kind=undefined|move=e5d7|hit=cap|slot=6|gap=22|depth=13|nodes=597850|legal=30|probs=cap=25,mcap=225,p=0.1,cls=normal,legal=30,accN=6,bandN=2,gaps=1:0,2:5,3:20,4:12,5:15,6:22,7:141,8:203
GM|1|M3-MG_QT14-C0-R1|29|side=1|cfg=T_DA|kind=master|move=e9e8|hit=best|slot=1|gap=0|depth=19|nodes=3760430|legal=2|probs=mpv=1
GM|1|M3-MG_QT14-C0-R1|30|side=-1|cfg=T_GAO|kind=undefined|move=i9i5|hit=cap|slot=2|gap=13|depth=14|nodes=597173|legal=32|probs=cap=25,mcap=225,p=0.1,cls=normal,legal=32,accN=2,bandN=6,gaps=1:0,2:13,3:33,4:53,5:129,6:168,7:174,8:175
GM|1|M3-MG_QT14-C0-R1|31|side=1|cfg=T_DA|kind=master|move=i2i5|hit=best|slot=1|gap=0|depth=23|nodes=3655458|legal=40|probs=mpv=1
GM|1|M3-MG_QT14-C0-R1|32|side=-1|cfg=T_GAO|kind=undefined|move=i4i5|hit=above|slot=1|gap=0|depth=14|nodes=632720|legal=22|probs=cap=25,mcap=225,p=0.1,cls=normal,legal=22,accN=1,bandN=0,gaps=1:0,2:237,3:245,4:257,5:282,6:283,7:265,8:271
GM|1|M3-MG_QT14-C0-R1|33|side=1|cfg=T_DA|kind=master|move=d5e3|hit=best|slot=1|gap=0|depth=21|nodes=3658956|legal=29|probs=mpv=1
GM|1|M3-MG_QT14-C0-R1|34|side=-1|cfg=T_GAO|kind=undefined|move=e1d2|hit=cap|slot=2|gap=16|depth=12|nodes=648544|legal=22|probs=cap=25,mcap=225,p=0.1,cls=normal,legal=22,accN=2,bandN=6,gaps=1:0,2:16,3:33,4:92,5:120,6:120,7:125,8:128
GM|1|M3-MG_QT14-C0-R1|35|side=1|cfg=T_DA|kind=master|move=h4g6|hit=best|slot=1|gap=0|depth=21|nodes=3676731|legal=29|probs=mpv=1
GM|1|M3-MG_QT14-C0-R1|36|side=-1|cfg=T_GAO|kind=undefined|move=d7b6|hit=cap|slot=6|gap=18|depth=12|nodes=530148|legal=24|probs=cap=25,mcap=225,p=0.1,cls=normal,legal=24,accN=8,bandN=0,gaps=1:0,2:5,3:6,4:10,5:11,6:18,7:9,8:17
GM|1|M3-MG_QT14-C0-R1|37|side=1|cfg=T_DA|kind=master|move=c4c3|hit=best|slot=1|gap=0|depth=22|nodes=3727820|legal=31|probs=mpv=1
GM|1|M3-MG_QT14-C0-R1|38|side=-1|cfg=T_GAO|kind=undefined|move=b6a4|hit=cap|slot=8|gap=7|depth=11|nodes=557487|legal=24|probs=cap=25,mcap=225,p=0.1,cls=normal,legal=24,accN=8,bandN=0,gaps=1:0,2:0,3:0,4:0,5:3,6:3,7:4,8:7
GM|1|M3-MG_QT14-C0-R1|39|side=1|cfg=T_DA|kind=master|move=c3c2|hit=best|slot=1|gap=0|depth=27|nodes=3910296|legal=30|probs=mpv=1
GM|1|M3-MG_QT14-C0-R1|40|side=-1|cfg=T_GAO|kind=undefined|move=g1g0|hit=cap|slot=4|gap=22|depth=11|nodes=648363|legal=22|probs=cap=25,mcap=225,p=0.1,cls=normal,legal=22,accN=4,bandN=4,gaps=1:0,2:2,3:21,4:22,5:59,6:60,7:69,8:92
GE|1|M3-MG_QT14-C0-R1|END|winner=draw|reason=%E6%AD%A5%E6%95%B0%E4%B8%8A%E9%99%90%E5%88%A4%E5%92%8C|plies=40|tierMoves=40|invalid=0|crit=0|hiSide=-1|stats=T_DA:n=20,rand=0,cap=0,above=0,bmiss=0,gapMean=0,gapMax=0;T_GAO:n=20,rand=3,cap=14,above=3,bmiss=0,gapMean=23,gapMax=104
PROG|1|M3-MG_QT14-C0-R1
G|1|M4-MG_QB3-C0-R1|START|pos=MG_QB3|pair=%E9%AB%98%E6%89%8B_vs_%E4%B8%9A%E4%BD%99|hi=T_GAO|lo=T_YOU|hiFirst=1|fen=1n1a1abnr/r3k4/4b4/pcp3pcp/4p4/2C6/P1P1P1P1P/B5N1B/3N4R/R2AKA1C1 w - - 0 1
GM|1|M4-MG_QB3-C0-R1|1|side=-1|cfg=T_GAO|kind=undefined|move=i1h1|hit=rand|slot=3|gap=69|depth=12|nodes=574155|legal=39|probs=cap=25,mcap=225,p=0.1,cls=normal,legal=39,accN=1,bandN=7,gaps=1:0,2:70,3:69,4:84,5:92,6:93,7:113,8:127,wouldBe=1,agap=69
GM|1|M4-MG_QB3-C0-R1|2|side=1|cfg=T_YOU|kind=undefined|move=h9g7|hit=rand|slot=5|gap=172|depth=13|nodes=576284|legal=39|probs=cap=80,mcap=280,p=0.5,cls=normal,legal=39,accN=1,bandN=7,gaps=1:0,2:144,3:144,4:162,5:172,6:191,7:203,8:198,wouldBe=1,agap=172
GM|1|M4-MG_QB3-C0-R1|3|side=-1|cfg=T_GAO|kind=undefined|move=h1h6|hit=cap|slot=3|gap=13|depth=12|nodes=509864|legal=38|probs=cap=25,mcap=225,p=0.1,cls=normal,legal=38,accN=3,bandN=4,gaps=1:0,2:10,3:13,4:91,5:112,6:148,7:223,8:252
GM|1|M4-MG_QB3-C0-R1|4|side=1|cfg=T_YOU|kind=undefined|move=a8d8|hit=cap|slot=3|gap=62|depth=12|nodes=494502|legal=34|probs=cap=80,mcap=280,p=0.5,cls=normal,legal=34,accN=3,bandN=5,gaps=1:0,2:31,3:62,4:99,5:122,6:124,7:124,8:141
GM|1|M4-MG_QB3-C0-R1|5|side=-1|cfg=T_GAO|kind=undefined|move=c4i4|hit=cap|slot=3|gap=22|depth=12|nodes=491165|legal=44|probs=cap=25,mcap=225,p=0.1,cls=normal,legal=44,accN=3,bandN=5,gaps=1:0,2:6,3:22,4:49,5:72,6:72,7:73,8:79
GM|1|M4-MG_QB3-C0-R1|6|side=1|cfg=T_YOU|kind=undefined|move=d8d1|hit=rand|slot=3|gap=128|depth=12|nodes=522283|legal=36|probs=cap=80,mcap=280,p=0.5,cls=normal,legal=36,accN=2,bandN=6,gaps=1:0,2:76,3:128,4:154,5:167,6:157,7:159,8:172,wouldBe=2,agap=128
GM|1|M4-MG_QB3-C0-R1|7|side=-1|cfg=T_GAO|kind=undefined|move=h6h8|hit=cap|slot=2|gap=13|depth=13|nodes=505801|legal=42|probs=cap=25,mcap=225,p=0.1,cls=normal,legal=42,accN=2,bandN=6,gaps=1:0,2:13,3:95,4:92,5:136,6:136,7:140,8:141
GM|1|M4-MG_QB3-C0-R1|8|side=1|cfg=T_YOU|kind=undefined|move=e8e9|hit=above|slot=1|gap=0|depth=15|nodes=457481|legal=1|probs=cap=80,mcap=280,p=0.5,cls=normal,legal=1,accN=1,bandN=0,gaps=1:0
GM|1|M4-MG_QB3-C0-R1|9|side=-1|cfg=T_GAO|kind=undefined|move=i4i9|hit=above|slot=1|gap=0|depth=12|nodes=529473|legal=50|probs=cap=25,mcap=225,p=0.1,cls=normal,legal=50,accN=1,bandN=7,gaps=1:0,2:48,3:74,4:98,5:112,6:115,7:116,8:128
GM|1|M4-MG_QB3-C0-R1|10|side=1|cfg=T_YOU|kind=undefined|move=b6b1|hit=bmiss|slot=8|gap=44|depth=11|nodes=455200|legal=40|probs=cap=80,mcap=280,p=0.5,cls=normal,legal=40,accN=8,bandN=0,gaps=1:0,2:3,3:12,4:18,5:30,6:33,7:36,8:44,band=0
GM|1|M4-MG_QB3-C0-R1|11|side=-1|cfg=T_GAO|kind=undefined|move=g3g4|hit=cap|slot=4|gap=20|depth=12|nodes=491252|legal=44|probs=cap=25,mcap=225,p=0.1,cls=normal,legal=44,accN=6,bandN=2,gaps=1:0,2:2,3:11,4:20,5:17,6:20,7:28,8:35
GM|1|M4-MG_QB3-C0-R1|12|side=1|cfg=T_YOU|kind=undefined|move=d1g1|hit=cap|slot=4|gap=25|depth=11|nodes=449113|legal=40|probs=cap=80,mcap=280,p=0.5,cls=normal,legal=40,accN=8,bandN=0,gaps=1:0,2:14,3:14,4:25,5:4,6:4,7:5,8:8
GM|1|M4-MG_QB3-C0-R1|13|side=-1|cfg=T_GAO|kind=undefined|move=g2h4|hit=cap|slot=3|gap=15|depth=12|nodes=447609|legal=45|probs=cap=25,mcap=225,p=0.1,cls=normal,legal=45,accN=3,bandN=5,gaps=1:0,2:12,3:15,4:27,5:31,6:38,7:66,8:68
GM|1|M4-MG_QB3-C0-R1|14|side=1|cfg=T_YOU|kind=undefined|move=b1b2|hit=bmiss|slot=5|gap=69|depth=11|nodes=473652|legal=39|probs=cap=80,mcap=280,p=0.5,cls=normal,legal=39,accN=8,bandN=0,gaps=1:0,2:24,3:27,4:49,5:69,6:16,7:20,8:25,band=0
GM|1|M4-MG_QB3-C0-R1|15|side=-1|cfg=T_GAO|kind=undefined|move=h4g6|hit=cap|slot=2|gap=18|depth=11|nodes=478365|legal=37|probs=cap=25,mcap=225,p=0.1,cls=normal,legal=37,accN=2,bandN=6,gaps=1:0,2:18,3:36,4:62,5:42,6:43,7:48,8:61
GM|1|M4-MG_QB3-C0-R1|16|side=1|cfg=T_YOU|kind=undefined|move=b2b8|hit=cap|slot=5|gap=51|depth=11|nodes=516596|legal=41|probs=cap=80,mcap=280,p=0.5,cls=normal,legal=41,accN=7,bandN=1,gaps=1:0,2:38,3:39,4:50,5:51,6:83,7:39,8:47
GM|1|M4-MG_QB3-C0-R1|17|side=-1|cfg=T_GAO|kind=undefined|move=a0b0|hit=cap|slot=3|gap=19|depth=11|nodes=512526|legal=47|probs=cap=25,mcap=225,p=0.1,cls=normal,legal=47,accN=3,bandN=5,gaps=1:0,2:17,3:19,4:68,5:75,6:80,7:84,8:96
GM|1|M4-MG_QB3-C0-R1|18|side=1|cfg=T_YOU|kind=undefined|move=e7g5|hit=cap|slot=2|gap=74|depth=11|nodes=531460|legal=38|probs=cap=80,mcap=280,p=0.5,cls=normal,legal=38,accN=7,bandN=1,gaps=1:0,2:74,3:111,4:0,5:35,6:35,7:41,8:57
GM|1|M4-MG_QB3-C0-R1|19|side=-1|cfg=T_GAO|kind=undefined|move=h8g8|hit=above|slot=1|gap=0|depth=11|nodes=493144|legal=52|probs=cap=25,mcap=225,p=0.1,cls=normal,legal=52,accN=1,bandN=7,gaps=1:0,2:55,3:103,4:112,5:122,6:122,7:128,8:134
GM|1|M4-MG_QB3-C0-R1|20|side=1|cfg=T_YOU|kind=undefined|move=b8f8|hit=rand|slot=3|gap=118|depth=11|nodes=639776|legal=35|probs=cap=80,mcap=280,p=0.5,cls=normal,legal=35,accN=1,bandN=3,gaps=1:0,2:140,3:118,4:258,5:349,6:367,7:394,8:426,wouldBe=1,agap=118
GM|1|M4-MG_QB3-C0-R1|21|side=-1|cfg=T_GAO|kind=undefined|move=h0h9|hit=above|slot=1|gap=0|depth=12|nodes=531045|legal=45|probs=cap=25,mcap=225,p=0.1,cls=normal,legal=45,accN=1,bandN=3,gaps=1:0,2:57,3:174,4:189,5:229,6:232,7:257,8:268
GM|1|M4-MG_QB3-C0-R1|22|side=1|cfg=T_YOU|kind=undefined|move=g1h1|hit=cap|slot=4|gap=16|depth=11|nodes=642681|legal=38|probs=cap=80,mcap=280,p=0.5,cls=normal,legal=38,accN=2,bandN=2,gaps=1:0,2:104,3:136,4:16,5:333,6:356,7:376,8:384
GM|1|M4-MG_QB3-C0-R1|23|side=-1|cfg=T_GAO|kind=undefined|move=i9g9|hit=above|slot=1|gap=0|depth=14|nodes=580398|legal=40|probs=cap=0,mcap=700,p=0.1,cls=hard,legal=40,accN=1,bandN=0,gaps=1:0,2:1263,3:1318,4:1406,5:1445,6:1451,7:1496,8:1507
GM|1|M4-MG_QB3-C0-R1|24|side=1|cfg=T_YOU|kind=undefined|move=e9e8|hit=bmiss|slot=1|gap=0|depth=37|nodes=736811|legal=1|probs=cap=80,mcap=280,p=0.5,cls=normal,legal=1,accN=1,bandN=0,gaps=1:0,band=0
GM|1|M4-MG_QB3-C0-R1|25|side=-1|cfg=T_GAO|kind=undefined|move=b0b9|hit=bmiss|slot=1|gap=0|depth=14|nodes=585855|legal=39|probs=cap=0,mcap=700,p=0.1,cls=hard,legal=39,accN=1,bandN=0,gaps=1:0,2:97505,3:97551,4:97641,5:97641,6:97695,7:97710,8:97803,band=0
GM|1|M4-MG_QB3-C0-R1|26|side=1|cfg=T_YOU|kind=undefined|move=h1d1|hit=bmiss|slot=1|gap=0|depth=40|nodes=884723|legal=26|probs=cap=80,mcap=280,p=0.5,cls=normal,legal=26,accN=8,bandN=0,gaps=1:0,2:0,3:0,4:0,5:0,6:0,7:0,8:0,band=0
GM|1|M4-MG_QB3-C0-R1|27|side=-1|cfg=T_GAO|kind=undefined|move=g9g7|hit=above|slot=1|gap=0|depth=16|nodes=612210|legal=43|probs=cap=25,mcap=225,p=0.1,cls=normal,legal=43,accN=4,bandN=2,gaps=1:0,2:0,3:0,4:0,5:100,6:100,7:900,8:900
GM|1|M4-MG_QB3-C0-R1|28|side=1|cfg=T_YOU|kind=undefined|move=g5i7|hit=above|slot=1|gap=0|depth=46|nodes=1430627|legal=23|probs=cap=80,mcap=280,p=0.5,cls=normal,legal=23,accN=8,bandN=0,gaps=1:0,2:0,3:0,4:0,5:0,6:0,7:0,8:0
GM|1|M4-MG_QB3-C0-R1|29|side=-1|cfg=T_GAO|kind=undefined|move=b9b8|hit=above|slot=1|gap=0|depth=46|nodes=1265319|legal=51|probs=cap=25,mcap=225,p=0.1,cls=normal,legal=51,accN=8,bandN=0,gaps=1:0,2:0,3:0,4:0,5:0,6:0,7:0,8:0
GM|1|M4-MG_QB3-C0-R1|30|side=1|cfg=T_YOU|kind=undefined|move=d1d8|hit=bmiss|slot=1|gap=0|depth=245|nodes=1021050|legal=1|probs=cap=80,mcap=280,p=0.5,cls=normal,legal=1,accN=1,bandN=0,gaps=1:0,band=0
GM|1|M4-MG_QB3-C0-R1|31|side=-1|cfg=T_GAO|kind=undefined|move=g7f7|hit=rand|slot=5|gap=100|depth=54|nodes=1812101|legal=52|probs=cap=25,mcap=225,p=0.1,cls=normal,legal=52,accN=2,bandN=6,gaps=1:0,2:0,3:100,4:100,5:100,6:100,7:100,8:100,wouldBe=1,agap=100
GM|1|M4-MG_QB3-C0-R1|32|side=1|cfg=T_YOU|kind=undefined|move=i7g9|hit=bmiss|slot=1|gap=0|depth=245|nodes=1217352|legal=8|probs=cap=80,mcap=280,p=0.5,cls=normal,legal=8,accN=8,bandN=0,gaps=1:0,2:0,3:0,4:0,5:0,6:0,7:0,8:0,band=0
GM|1|M4-MG_QB3-C0-R1|33|side=-1|cfg=T_GAO|kind=undefined|move=g8f8|hit=above|slot=1|gap=0|depth=44|nodes=1578246|legal=62|probs=cap=25,mcap=225,p=0.1,cls=normal,legal=62,accN=1,bandN=7,gaps=1:0,2:100,3:100,4:100,5:100,6:100,7:100,8:100
GM|1|M4-MG_QB3-C0-R1|34|side=1|cfg=T_YOU|kind=undefined|move=e8e9|hit=bmiss|slot=1|gap=0|depth=245|nodes=83210|legal=1|probs=cap=80,mcap=280,p=0.5,cls=normal,legal=1,accN=1,bandN=0,gaps=1:0,band=0
GM|1|M4-MG_QB3-C0-R1|35|side=-1|cfg=T_GAO|kind=undefined|move=b8d8|hit=above|slot=1|gap=0|depth=26|nodes=656119|legal=62|probs=cap=25,mcap=225,p=0.1,cls=normal,legal=62,accN=2,bandN=4,gaps=1:0,2:0,3:100,4:100,5:200,6:200,7:300,8:300
GM|1|M4-MG_QB3-C0-R1|36|side=1|cfg=T_YOU|kind=undefined|move=e5e4|hit=above|slot=1|gap=0|depth=245|nodes=22439|legal=5|probs=cap=80,mcap=280,p=0.5,cls=normal,legal=5,accN=5,bandN=0,gaps=1:0,2:0,3:0,4:0,5:0
GM|1|M4-MG_QB3-C0-R1|37|side=-1|cfg=T_GAO|kind=undefined|move=f8f9|hit=above|slot=1|gap=0|depth=245|nodes=531411|legal=61|probs=cap=25,mcap=225,p=0.1,cls=normal,legal=61,accN=1,bandN=7,gaps=1:0,2:100,3:100,4:100,5:100,6:100,7:100,8:100
GE|1|M4-MG_QB3-C0-R1|END|winner=hi|reason=%E5%B0%86%E6%AD%BB|plies=37|tierMoves=37|invalid=0|crit=0|hiSide=1|stats=T_GAO:n=19,rand=2,cap=7,above=9,bmiss=1,gapMean=15,gapMax=100;T_YOU:n=18,rand=3,cap=5,above=3,bmiss=7,gapMean=42,gapMax=172
PROG|1|M4-MG_QB3-C0-R1
G|1|M5-INIT-C0-R1|START|pos=INIT|pair=%E5%A4%A7%E5%B8%88_vs_%E8%BF%9B%E9%98%B6|hi=T_DA|lo=T_JIN|hiFirst=1|fen=rnbakabnr/9/1c5c1/p1p1p1p1p/9/9/P1P1P1P1P/1C5C1/9/RNBAKABNR w - - 0 1
GM|1|M5-INIT-C0-R1|1|side=-1|cfg=T_DA|kind=master|move=h2e2|hit=best|slot=1|gap=0|depth=23|nodes=3235424|legal=44|probs=mpv=1
GM|1|M5-INIT-C0-R1|2|side=1|cfg=T_JIN|kind=undefined|move=f9e8|hit=cap|slot=8|gap=39|depth=13|nodes=573056|legal=45|probs=cap=80,mcap=280,p=0,cls=opening,legal=45,accN=8,bandN=0,gaps=1:0,2:17,3:22,4:25,5:28,6:32,7:37,8:39
GM|1|M5-INIT-C0-R1|3|side=-1|cfg=T_DA|kind=master|move=h0g2|hit=best|slot=1|gap=0|depth=21|nodes=3533078|legal=35|probs=mpv=1
GM|1|M5-INIT-C0-R1|4|side=1|cfg=T_JIN|kind=undefined|move=b9a7|hit=cap|slot=8|gap=17|depth=13|nodes=559389|legal=47|probs=cap=80,mcap=280,p=0,cls=opening,legal=47,accN=8,bandN=0,gaps=1:0,2:1,3:2,4:6,5:7,6:10,7:12,8:17
GM|1|M5-INIT-C0-R1|5|side=-1|cfg=T_DA|kind=master|move=i0h0|hit=best|slot=1|gap=0|depth=22|nodes=3211682|legal=33|probs=mpv=1
GM|1|M5-INIT-C0-R1|6|side=1|cfg=T_JIN|kind=undefined|move=h7i7|hit=cap|slot=7|gap=75|depth=12|nodes=576263|legal=44|probs=cap=80,mcap=280,p=0,cls=opening,legal=44,accN=7,bandN=1,gaps=1:0,2:14,3:21,4:25,5:56,6:70,7:75,8:85
GM|1|M5-INIT-C0-R1|7|side=-1|cfg=T_DA|kind=master|move=e2e6|hit=best|slot=1|gap=0|depth=22|nodes=3677436|legal=39|probs=mpv=1
GM|1|M5-INIT-C0-R1|8|side=1|cfg=T_JIN|kind=undefined|move=i7e7|hit=cap|slot=2|gap=63|depth=12|nodes=528856|legal=8|probs=cap=80,mcap=280,p=0,cls=opening,legal=8,accN=2,bandN=3,gaps=1:0,2:63,3:102,4:151,5:174,6:339,7:348,8:455
GM|1|M5-INIT-C0-R1|9|side=-1|cfg=T_DA|kind=master|move=h0h8|hit=best|slot=1|gap=0|depth=19|nodes=3257476|legal=40|probs=mpv=1
GM|1|M5-INIT-C0-R1|10|side=1|cfg=T_JIN|kind=undefined|move=g6g5|hit=cap|slot=8|gap=52|depth=12|nodes=512025|legal=19|probs=cap=80,mcap=280,p=0,cls=opening,legal=19,accN=8,bandN=0,gaps=1:0,2:14,3:27,4:33,5:41,6:46,7:48,8:52
GM|1|M5-INIT-C0-R1|11|side=-1|cfg=T_DA|kind=master|move=a0a1|hit=best|slot=1|gap=0|depth=19|nodes=3108357|legal=44|probs=mpv=1
GM|1|M5-INIT-C0-R1|12|side=1|cfg=T_JIN|kind=undefined|move=b7b8|hit=above|slot=1|gap=0|depth=13|nodes=530064|legal=19|probs=cap=80,mcap=280,p=0,cls=opening,legal=19,accN=1,bandN=7,gaps=1:0,2:84,3:124,4:144,5:174,6:185,7:188,8:192
GM|1|M5-INIT-C0-R1|13|side=-1|cfg=T_DA|kind=master|move=h8h7|hit=best|slot=1|gap=0|depth=21|nodes=3122768|legal=53|probs=mpv=1
GM|1|M5-INIT-C0-R1|14|side=1|cfg=T_JIN|kind=undefined|move=i6i5|hit=cap|slot=7|gap=72|depth=11|nodes=496146|legal=24|probs=cap=80,mcap=280,p=0,cls=opening,legal=24,accN=7,bandN=1,gaps=1:0,2:0,3:9,4:23,5:25,6:52,7:72,8:87
GM|1|M5-INIT-C0-R1|15|side=-1|cfg=T_DA|kind=master|move=b2e2|hit=best|slot=1|gap=0|depth=20|nodes=3131922|legal=53|probs=mpv=1
GM|1|M5-INIT-C0-R1|16|side=1|cfg=T_JIN|kind=undefined|move=i5i4|hit=cap|slot=6|gap=76|depth=13|nodes=526480|legal=26|probs=cap=80,mcap=280,p=0,cls=opening,legal=26,accN=6,bandN=2,gaps=1:0,2:8,3:52,4:57,5:64,6:76,7:86,8:89
GM|1|M5-INIT-C0-R1|17|side=-1|cfg=T_DA|kind=master|move=a1h1|hit=best|slot=1|gap=0|depth=27|nodes=3209288|legal=53|probs=mpv=1
GM|1|M5-INIT-C0-R1|18|side=1|cfg=T_JIN|kind=undefined|move=i9i7|hit=cap|slot=4|gap=72|depth=10|nodes=488303|legal=28|probs=cap=80,mcap=280,p=0,cls=opening,legal=28,accN=4,bandN=4,gaps=1:0,2:5,3:19,4:72,5:143,6:158,7:114,8:131
GM|1|M5-INIT-C0-R1|19|side=-1|cfg=T_DA|kind=master|move=h7h9|hit=best|slot=1|gap=0|depth=15|nodes=4521868|legal=54|probs=mpv=1
GM|1|M5-INIT-C0-R1|20|side=1|cfg=T_JIN|kind=undefined|move=i7g7|hit=above|slot=1|gap=0|depth=9|nodes=525442|legal=28|probs=cap=80,mcap=280,p=0,cls=opening,legal=28,accN=1,bandN=0,gaps=1:0,2:99557,3:99457,4:99457,5:99257,6:99257,7:99257,8:99257
GM|1|M5-INIT-C0-R1|21|side=-1|cfg=T_DA|kind=master|move=h1f1|hit=best|slot=1|gap=0|depth=23|nodes=5217776|legal=54|probs=mpv=1
GM|1|M5-INIT-C0-R1|22|side=1|cfg=T_JIN|kind=undefined|move=b8b6|hit=above|slot=1|gap=0|depth=7|nodes=694611|legal=25|probs=cap=80,mcap=280,p=0,cls=opening,legal=25,accN=1,bandN=5,gaps=1:0,2:122,3:194,4:476,5:581,6:135,7:148,8:156
GM|1|M5-INIT-C0-R1|23|side=-1|cfg=T_DA|kind=master|move=f0e1|hit=best|slot=1|gap=0|depth=50|nodes=5580243|legal=57|probs=mpv=1
GM|1|M5-INIT-C0-R1|24|side=1|cfg=T_JIN|kind=undefined|move=b6e6|hit=above|slot=1|gap=0|depth=36|nodes=937338|legal=23|probs=cap=80,mcap=280,p=0,cls=opening,legal=23,accN=8,bandN=0,gaps=1:0,2:0,3:0,4:0,5:0,6:0,7:0,8:0
GM|1|M5-INIT-C0-R1|25|side=-1|cfg=T_DA|kind=master|move=e2e6|hit=best|slot=1|gap=0|depth=91|nodes=13126544|legal=45|probs=mpv=1
GM|1|M5-INIT-C0-R1|26|side=1|cfg=T_JIN|kind=undefined|move=g7g6|hit=above|slot=1|gap=0|depth=46|nodes=1239848|legal=14|probs=cap=80,mcap=280,p=0,cls=opening,legal=14,accN=8,bandN=0,gaps=1:0,2:0,3:0,4:0,5:0,6:0,7:0,8:0
GM|1|M5-INIT-C0-R1|27|side=-1|cfg=T_DA|kind=master|move=e0f0|hit=best|slot=1|gap=0|depth=245|nodes=11103086|legal=46|probs=mpv=1
GM|1|M5-INIT-C0-R1|28|side=1|cfg=T_JIN|kind=undefined|move=g6e6|hit=above|slot=1|gap=0|depth=245|nodes=1056001|legal=15|probs=cap=80,mcap=280,p=0,cls=opening,legal=15,accN=8,bandN=0,gaps=1:0,2:0,3:0,4:0,5:0,6:0,7:0,8:0
GM|1|M5-INIT-C0-R1|29|side=-1|cfg=T_DA|kind=master|move=h9g9|hit=best|slot=1|gap=0|depth=245|nodes=871902|legal=37|probs=mpv=1
GM|1|M5-INIT-C0-R1|30|side=1|cfg=T_JIN|kind=undefined|move=e8f9|hit=above|slot=1|gap=0|depth=245|nodes=43561|legal=1|probs=cap=80,mcap=280,p=0,cls=opening,legal=1,accN=1,bandN=0,gaps=1:0
GM|1|M5-INIT-C0-R1|31|side=-1|cfg=T_DA|kind=master|move=f1f9|hit=best|slot=1|gap=0|depth=245|nodes=50790|legal=33|probs=mpv=1
GM|1|M5-INIT-C0-R1|32|side=1|cfg=T_JIN|kind=undefined|move=e9e8|hit=above|slot=1|gap=0|depth=245|nodes=2045|legal=1|probs=cap=80,mcap=280,p=0,cls=opening,legal=1,accN=1,bandN=0,gaps=1:0
GM|1|M5-INIT-C0-R1|33|side=-1|cfg=T_DA|kind=master|move=f9f8|hit=best|slot=1|gap=0|depth=245|nodes=32378|legal=33|probs=mpv=1
GE|1|M5-INIT-C0-R1|END|winner=hi|reason=%E5%B0%86%E6%AD%BB|plies=33|tierMoves=33|invalid=0|crit=0|hiSide=1|stats=T_DA:n=17,rand=0,cap=0,above=0,bmiss=0,gapMean=0,gapMax=0;T_JIN:n=16,rand=0,cap=8,above=8,bmiss=0,gapMean=29,gapMax=76
PROG|1|M5-INIT-C0-R1
G|1|M6-MG_QT05-C0-R1|START|pos=MG_QT05|pair=%E4%B8%9A%E4%BD%99_vs_%E5%85%A5%E9%97%A8|hi=T_YOU|lo=T_RUKN|hiFirst=0|fen=1nbak3r/4an3/c3b2c1/p4C2p/2p3p2/9/P1P1P1P1P/2N3C1N/9/2BAKABR1 b - - 0 1
GM|1|M6-MG_QT05-C0-R1|1|side=1|cfg=T_YOU|kind=undefined|move=h7g7|hit=bmiss|slot=8|gap=58|depth=13|nodes=620339|legal=33|probs=cap=80,mcap=280,p=0.5,cls=normal,legal=33,accN=8,bandN=0,gaps=1:0,2:1,3:13,4:11,5:28,6:28,7:45,8:58,band=0
GM|1|M6-MG_QT05-C0-R1|2|side=-1|cfg=T_RUKN|kind=builtin|move=h0h9|hit=builtin|slot=-|gap=-|depth=2|nodes=1514|legal=43|probs=rand=45
GM|1|M6-MG_QT05-C0-R1|3|side=1|cfg=T_YOU|kind=undefined|move=f8h9|hit=rand|slot=2|gap=125|depth=14|nodes=502365|legal=4|probs=cap=80,mcap=280,p=0.5,cls=normal,legal=4,accN=1,bandN=1,gaps=1:0,2:125,3:1535,4:1564,wouldBe=1,agap=125
GM|1|M6-MG_QT05-C0-R1|4|side=-1|cfg=T_RUKN|kind=builtin|move=i2g1|hit=builtin|slot=-|gap=-|depth=2|nodes=1511|legal=36|probs=rand=45
GM|1|M6-MG_QT05-C0-R1|5|side=1|cfg=T_YOU|kind=undefined|move=a7c7|hit=cap|slot=8|gap=20|depth=12|nodes=496684|legal=27|probs=cap=80,mcap=280,p=0.5,cls=normal,legal=27,accN=8,bandN=0,gaps=1:0,2:8,3:10,4:11,5:10,6:14,7:18,8:20
GM|1|M6-MG_QT05-C0-R1|6|side=-1|cfg=T_RUKN|kind=builtin|move=a3a4|hit=builtin|slot=-|gap=-|depth=2|nodes=1509|legal=38|probs=rand=45
GM|1|M6-MG_QT05-C0-R1|7|side=1|cfg=T_YOU|kind=undefined|move=c5c4|hit=bmiss|slot=7|gap=41|depth=11|nodes=514586|legal=28|probs=cap=80,mcap=280,p=0.5,cls=normal,legal=28,accN=8,bandN=0,gaps=1:0,2:6,3:7,4:11,5:13,6:16,7:41,8:28,band=0
GM|1|M6-MG_QT05-C0-R1|8|side=-1|cfg=T_RUKN|kind=builtin|move=c2e1|hit=builtin|slot=-|gap=-|depth=2|nodes=1521|legal=39|probs=rand=45
GM|1|M6-MG_QT05-C0-R1|9|side=1|cfg=T_YOU|kind=undefined|move=a6a5|hit=bmiss|slot=4|gap=47|depth=12|nodes=526151|legal=32|probs=cap=80,mcap=280,p=0.5,cls=normal,legal=32,accN=8,bandN=0,gaps=1:0,2:3,3:27,4:47,5:35,6:40,7:40,8:46,band=0
GM|1|M6-MG_QT05-C0-R1|10|side=-1|cfg=T_RUKN|kind=builtin|move=g2c2|hit=builtin|slot=-|gap=-|depth=2|nodes=1520|legal=39|probs=rand=45
GM|1|M6-MG_QT05-C0-R1|11|side=1|cfg=T_YOU|kind=undefined|move=g7g3|hit=cap|slot=8|gap=45|depth=12|nodes=540780|legal=32|probs=cap=80,mcap=280,p=0.5,cls=normal,legal=32,accN=8,bandN=0,gaps=1:0,2:14,3:14,4:21,5:36,6:38,7:42,8:45
GM|1|M6-MG_QT05-C0-R1|12|side=-1|cfg=T_RUKN|kind=builtin|move=f6a6|hit=builtin|slot=-|gap=-|depth=2|nodes=1512|legal=41|probs=rand=45
GM|1|M6-MG_QT05-C0-R1|13|side=1|cfg=T_YOU|kind=undefined|move=c9a7|hit=bmiss|slot=4|gap=51|depth=12|nodes=526124|legal=32|probs=cap=80,mcap=280,p=0.5,cls=normal,legal=32,accN=8,bandN=0,gaps=1:0,2:21,3:28,4:51,5:40,6:40,7:41,8:43,band=0
GM|1|M6-MG_QT05-C0-R1|14|side=-1|cfg=T_RUKN|kind=builtin|move=c2c4|hit=builtin|slot=-|gap=-|depth=2|nodes=1523|legal=33|probs=rand=45
GM|1|M6-MG_QT05-C0-R1|15|side=1|cfg=T_YOU|kind=undefined|move=g3c3|hit=cap|slot=8|gap=26|depth=12|nodes=549558|legal=31|probs=cap=80,mcap=280,p=0.5,cls=normal,legal=31,accN=8,bandN=0,gaps=1:0,2:3,3:4,4:14,5:14,6:22,7:21,8:26
GM|1|M6-MG_QT05-C0-R1|16|side=-1|cfg=T_RUKN|kind=builtin|move=c4g4|hit=builtin|slot=-|gap=-|depth=2|nodes=1526|legal=32|probs=rand=45
GM|1|M6-MG_QT05-C0-R1|17|side=1|cfg=T_YOU|kind=undefined|move=g5g4|hit=above|slot=1|gap=0|depth=11|nodes=500732|legal=35|probs=cap=80,mcap=280,p=0.5,cls=normal,legal=35,accN=1,bandN=7,gaps=1:0,2:91,3:96,4:98,5:92,6:101,7:114,8:130
GM|1|M6-MG_QT05-C0-R1|18|side=-1|cfg=T_RUKN|kind=builtin|move=a6h6|hit=builtin|slot=-|gap=-|depth=2|nodes=1504|legal=23|probs=rand=45
GM|1|M6-MG_QT05-C0-R1|19|side=1|cfg=T_YOU|kind=undefined|move=c3c1|hit=bmiss|slot=8|gap=46|depth=12|nodes=551582|legal=38|probs=cap=80,mcap=280,p=0.5,cls=normal,legal=38,accN=8,bandN=0,gaps=1:0,2:2,3:2,4:6,5:7,6:8,7:12,8:46,band=0
GM|1|M6-MG_QT05-C0-R1|20|side=-1|cfg=T_RUKN|kind=builtin|move=h6a6|hit=builtin|slot=-|gap=-|depth=2|nodes=1533|legal=31|probs=rand=45
GM|1|M6-MG_QT05-C0-R1|21|side=1|cfg=T_YOU|kind=undefined|move=a5a4|hit=cap|slot=8|gap=42|depth=12|nodes=573561|legal=40|probs=cap=80,mcap=280,p=0.5,cls=normal,legal=40,accN=8,bandN=0,gaps=1:0,2:10,3:13,4:25,5:27,6:29,7:33,8:42
GM|1|M6-MG_QT05-C0-R1|22|side=-1|cfg=T_RUKN|kind=builtin|move=g1e2|hit=builtin|slot=-|gap=-|depth=2|nodes=1514|legal=23|probs=rand=45
GM|1|M6-MG_QT05-C0-R1|23|side=1|cfg=T_YOU|kind=undefined|move=c1d1|hit=rand|slot=5|gap=88|depth=12|nodes=537738|legal=40|probs=cap=80,mcap=280,p=0.5,cls=normal,legal=40,accN=4,bandN=4,gaps=1:0,2:47,3:45,4:63,5:88,6:126,7:149,8:157,wouldBe=4,agap=88
GM|1|M6-MG_QT05-C0-R1|24|side=-1|cfg=T_RUKN|kind=builtin|move=a6d6|hit=builtin|slot=-|gap=-|depth=2|nodes=1413|legal=17|probs=rand=45
GM|1|M6-MG_QT05-C0-R1|25|side=1|cfg=T_YOU|kind=undefined|move=a4a3|hit=cap|slot=4|gap=49|depth=11|nodes=545643|legal=38|probs=cap=80,mcap=280,p=0.5,cls=normal,legal=38,accN=8,bandN=0,gaps=1:0,2:21,3:45,4:49,5:3,6:4,7:14,8:17
GM|1|M6-MG_QT05-C0-R1|26|side=-1|cfg=T_RUKN|kind=builtin|move=d6f6|hit=builtin|slot=-|gap=-|depth=2|nodes=1532|legal=22|probs=rand=45
GM|1|M6-MG_QT05-C0-R1|27|side=1|cfg=T_YOU|kind=undefined|move=a3a2|hit=cap|slot=8|gap=74|depth=12|nodes=574823|legal=41|probs=cap=80,mcap=280,p=0.5,cls=normal,legal=41,accN=8,bandN=0,gaps=1:0,2:10,3:26,4:32,5:36,6:45,7:62,8:74
GM|1|M6-MG_QT05-C0-R1|28|side=-1|cfg=T_RUKN|kind=builtin|move=f6e6|hit=builtin|slot=-|gap=-|depth=2|nodes=1501|legal=24|probs=rand=45
GM|1|M6-MG_QT05-C0-R1|29|side=1|cfg=T_YOU|kind=undefined|move=i6i5|hit=rand|slot=8|gap=88|depth=12|nodes=532434|legal=35|probs=cap=80,mcap=280,p=0.5,cls=normal,legal=35,accN=7,bandN=1,gaps=1:0,2:5,3:11,4:0,5:17,6:33,7:47,8:88,wouldBe=7,agap=88
GM|1|M6-MG_QT05-C0-R1|30|side=-1|cfg=T_RUKN|kind=builtin|move=e6b6|hit=builtin|slot=-|gap=-|depth=2|nodes=1531|legal=20|probs=rand=45
GM|1|M6-MG_QT05-C0-R1|31|side=1|cfg=T_YOU|kind=undefined|move=a2a1|hit=bmiss|slot=4|gap=62|depth=11|nodes=554620|legal=42|probs=cap=80,mcap=280,p=0.5,cls=normal,legal=42,accN=8,bandN=0,gaps=1:0,2:17,3:48,4:62,5:62,6:29,7:35,8:52,band=0
GM|1|M6-MG_QT05-C0-R1|32|side=-1|cfg=T_RUKN|kind=builtin|move=b6h6|hit=builtin|slot=-|gap=-|depth=2|nodes=1540|legal=25|probs=rand=45
GM|1|M6-MG_QT05-C0-R1|33|side=1|cfg=T_YOU|kind=undefined|move=h9i7|hit=cap|slot=7|gap=65|depth=12|nodes=562984|legal=42|probs=cap=80,mcap=280,p=0.5,cls=normal,legal=42,accN=8,bandN=0,gaps=1:0,2:17,3:43,4:42,5:50,6:51,7:65,8:65
GM|1|M6-MG_QT05-C0-R1|34|side=-1|cfg=T_RUKN|kind=builtin|move=h6c6|hit=builtin|slot=-|gap=-|depth=2|nodes=1532|legal=26|probs=rand=45
GM|1|M6-MG_QT05-C0-R1|35|side=1|cfg=T_YOU|kind=undefined|move=c7c0|hit=above|slot=1|gap=0|depth=12|nodes=580447|legal=39|probs=cap=0,mcap=700,p=0.5,cls=hard,legal=39,accN=1,bandN=0,gaps=1:0,2:98857,3:98877,4:98880,5:98883,6:98891,7:98897,8:98902
GE|1|M6-MG_QT05-C0-R1|END|winner=hi|reason=%E5%B0%86%E6%AD%BB|plies=35|tierMoves=18|invalid=0|crit=0|hiSide=-1|stats=T_YOU:n=18,rand=3,cap=7,above=2,bmiss=6,gapMean=52,gapMax=125;T_RUKN:n=17,rand=0,cap=0,above=0,bmiss=0,gapMean=0,gapMax=0
PROG|1|M6-MG_QT05-C0-R1
G|1|M7-MG_QT10-C0-R1|START|pos=MG_QT10|pair=%E8%BF%9B%E9%98%B6_vs_%E5%85%A5%E9%97%A8|hi=T_JIN|lo=T_RUKN|hiFirst=0|fen=2bakc2r/4an3/c3b4/p6RC/2p1P1p2/9/P1n3P1P/2N3C1N/9/2BAKAB2 b - - 0 1
GM|1|M7-MG_QT10-C0-R1|1|side=1|cfg=T_JIN|kind=undefined|move=f9g9|hit=cap|slot=8|gap=41|depth=13|nodes=613864|legal=29|probs=cap=80,mcap=280,p=0,cls=normal,legal=29,accN=8,bandN=0,gaps=1:0,2:4,3:24,4:29,5:31,6:32,7:34,8:41
GM|1|M7-MG_QT10-C0-R1|2|side=-1|cfg=T_RUKN|kind=builtin|move=h6h1|hit=builtin|slot=-|gap=-|depth=2|nodes=1523|legal=45|probs=rand=45
GM|1|M7-MG_QT10-C0-R1|3|side=1|cfg=T_JIN|kind=undefined|move=i9i6|hit=above|slot=1|gap=0|depth=13|nodes=576781|legal=33|probs=cap=80,mcap=280,p=0,cls=normal,legal=33,accN=1,bandN=0,gaps=1:0,2:281,3:428,4:473,5:504,6:506,7:509,8:518
GM|1|M7-MG_QT10-C0-R1|4|side=-1|cfg=T_RUKN|kind=builtin|move=h1h6|hit=builtin|slot=-|gap=-|depth=2|nodes=1530|legal=41|probs=rand=45
GM|1|M7-MG_QT10-C0-R1|5|side=1|cfg=T_JIN|kind=undefined|move=i6h6|hit=above|slot=1|gap=0|depth=12|nodes=524694|legal=37|probs=cap=80,mcap=280,p=0,cls=normal,legal=37,accN=1,bandN=0,gaps=1:0,2:475,3:479,4:493,5:517,6:522,7:1380,8:1411
GM|1|M7-MG_QT10-C0-R1|6|side=-1|cfg=T_RUKN|kind=builtin|move=e5d5|hit=builtin|slot=-|gap=-|depth=2|nodes=1543|legal=24|probs=rand=45
GM|1|M7-MG_QT10-C0-R1|7|side=1|cfg=T_JIN|kind=undefined|move=a7b7|hit=cap|slot=8|gap=51|depth=11|nodes=538763|legal=46|probs=cap=80,mcap=280,p=0,cls=normal,legal=46,accN=8,bandN=0,gaps=1:0,2:14,3:16,4:28,5:46,6:44,7:49,8:51
GM|1|M7-MG_QT10-C0-R1|8|side=-1|cfg=T_RUKN|kind=builtin|move=g2d2|hit=builtin|slot=-|gap=-|depth=2|nodes=1552|legal=24|probs=rand=45
GM|1|M7-MG_QT10-C0-R1|9|side=1|cfg=T_JIN|kind=undefined|move=b7b1|hit=cap|slot=8|gap=59|depth=12|nodes=528952|legal=53|probs=cap=80,mcap=280,p=0,cls=normal,legal=53,accN=8,bandN=0,gaps=1:0,2:39,3:42,4:42,5:55,6:56,7:58,8:59
GM|1|M7-MG_QT10-C0-R1|10|side=-1|cfg=T_RUKN|kind=builtin|move=d2d3|hit=builtin|slot=-|gap=-|depth=2|nodes=1553|legal=23|probs=rand=45
GM|1|M7-MG_QT10-C0-R1|11|side=1|cfg=T_JIN|kind=undefined|move=f8h7|hit=cap|slot=8|gap=65|depth=11|nodes=529913|legal=56|probs=cap=80,mcap=280,p=0,cls=normal,legal=56,accN=8,bandN=0,gaps=1:0,2:7,3:8,4:18,5:33,6:40,7:51,8:65
GM|1|M7-MG_QT10-C0-R1|12|side=-1|cfg=T_RUKN|kind=builtin|move=c2b0|hit=builtin|slot=-|gap=-|depth=2|nodes=1536|legal=23|probs=rand=45
GM|1|M7-MG_QT10-C0-R1|13|side=1|cfg=T_JIN|kind=undefined|move=h6e6|hit=cap|slot=8|gap=69|depth=12|nodes=563586|legal=52|probs=cap=80,mcap=280,p=0,cls=normal,legal=52,accN=8,bandN=0,gaps=1:0,2:13,3:14,4:6,5:33,6:40,7:47,8:69
GM|1|M7-MG_QT10-C0-R1|14|side=-1|cfg=T_RUKN|kind=builtin|move=d0e1|hit=builtin|slot=-|gap=-|depth=2|nodes=598|legal=6|probs=rand=45
GM|1|M7-MG_QT10-C0-R1|15|side=1|cfg=T_JIN|kind=undefined|move=c5c4|hit=cap|slot=6|gap=74|depth=12|nodes=579141|legal=47|probs=cap=80,mcap=280,p=0,cls=normal,legal=47,accN=6,bandN=2,gaps=1:0,2:11,3:31,4:66,5:73,6:74,7:81,8:82
GM|1|M7-MG_QT10-C0-R1|16|side=-1|cfg=T_RUKN|kind=builtin|move=d3d9|hit=builtin|slot=-|gap=-|depth=2|nodes=1518|legal=18|probs=rand=45
GM|1|M7-MG_QT10-C0-R1|17|side=1|cfg=T_JIN|kind=undefined|move=g9d9|hit=above|slot=1|gap=0|depth=12|nodes=560338|legal=52|probs=cap=80,mcap=280,p=0,cls=normal,legal=52,accN=1,bandN=6,gaps=1:0,2:115,3:197,4:201,5:214,6:218,7:225,8:290
GM|1|M7-MG_QT10-C0-R1|18|side=-1|cfg=T_RUKN|kind=builtin|move=d5e5|hit=builtin|slot=-|gap=-|depth=2|nodes=956|legal=10|probs=rand=45
GM|1|M7-MG_QT10-C0-R1|19|side=1|cfg=T_JIN|kind=undefined|move=e6c6|hit=cap|slot=2|gap=69|depth=12|nodes=578052|legal=49|probs=cap=80,mcap=280,p=0,cls=normal,legal=49,accN=3,bandN=5,gaps=1:0,2:69,3:95,4:99,5:110,6:111,7:111,8:51
GM|1|M7-MG_QT10-C0-R1|20|side=-1|cfg=T_RUKN|kind=builtin|move=g3g4|hit=builtin|slot=-|gap=-|depth=2|nodes=1444|legal=14|probs=rand=45
GM|1|M7-MG_QT10-C0-R1|21|side=1|cfg=T_JIN|kind=undefined|move=c3a2|hit=above|slot=1|gap=0|depth=13|nodes=608687|legal=51|probs=cap=80,mcap=280,p=0,cls=normal,legal=51,accN=1,bandN=0,gaps=1:0,2:348,3:356,4:359,5:378,6:381,7:394,8:480
GM|1|M7-MG_QT10-C0-R1|22|side=-1|cfg=T_RUKN|kind=builtin|move=g4g5|hit=builtin|slot=-|gap=-|depth=2|nodes=1511|legal=15|probs=rand=45
GM|1|M7-MG_QT10-C0-R1|23|side=1|cfg=T_JIN|kind=undefined|move=c4d4|hit=above|slot=1|gap=0|depth=16|nodes=622371|legal=51|probs=cap=80,mcap=280,p=0,cls=normal,legal=51,accN=1,bandN=1,gaps=1:0,2:100,3:700,4:700,5:800,6:1000,7:1800,8:97635
GM|1|M7-MG_QT10-C0-R1|24|side=-1|cfg=T_RUKN|kind=builtin|move=a3a4|hit=builtin|slot=-|gap=-|depth=2|nodes=1535|legal=16|probs=rand=45
GM|1|M7-MG_QT10-C0-R1|25|side=1|cfg=T_JIN|kind=undefined|move=a2c1|hit=above|slot=1|gap=0|depth=204|nodes=2258869|legal=52|probs=cap=80,mcap=280,p=0,cls=normal,legal=52,accN=1,bandN=7,gaps=1:0,2:100,3:200,4:200,5:200,6:200,7:200,8:200
GE|1|M7-MG_QT10-C0-R1|END|winner=hi|reason=%E5%B0%86%E6%AD%BB|plies=25|tierMoves=13|invalid=0|crit=0|hiSide=-1|stats=T_JIN:n=13,rand=0,cap=7,above=6,bmiss=0,gapMean=33,gapMax=74;T_RUKN:n=12,rand=0,cap=0,above=0,bmiss=0,gapMean=0,gapMax=0
PROG|1|M7-MG_QT10-C0-R1
DRV DONE games=8 round=1
