DRV: not isolated, registering SW (try 0)
DRV: isolated ok, task=task_levels_r3.json
DRV: engine ready
L|3|OP00|ANCHOR|score=18|mate=-|depth=20|nodes=2997316|crit=0
L|3|OP00|AM|SEL|move=b2e2|slotScore=27|top1=28|gap=1|depth=13|nodes=280622|slots=1:28,2:28,3:25,4:27|crit=0
L|3|OP00|AM|REF|move=b2e2|score=-21|mate=-|depth=24|nodes=3602270|crit=0
L|3|OP00|AD|SEL|move=b2e2|slotScore=21|top1=30|gap=9|depth=15|nodes=555357|slots=1:30,2:26,3:21|crit=0
L|3|OP00|AD|REF|move=b2e2|score=-18|mate=-|depth=25|nodes=3503924|crit=0
L|3|OP00|EX|SEL|move=h2e2|slotScore=25|top1=26|gap=1|depth=18|nodes=893923|slots=1:26,2:25|crit=0
L|3|OP00|EX|REF|move=h2e2|score=-24|mate=-|depth=25|nodes=3336856|crit=0
L|3|OP00|GM|SEL|move=c3c4|slotScore=24|top1=24|gap=0|depth=26|nodes=10240019|slots=1:24|crit=0
L|3|OP00|GM|REF|move=c3c4|score=-26|mate=-|depth=24|nodes=3514083|crit=0
L|3|OP00|S1T300|SEL|move=c3c4|slotScore=26|top1=26|gap=0|depth=14|nodes=551590|slots=1:26,2:24,3:24,4:23|crit=0
L|3|OP00|S1T300|REF|move=c3c4|score=-22|mate=-|depth=24|nodes=3384398|crit=0
L|3|OP02|ANCHOR|score=11|mate=-|depth=22|nodes=3177610|crit=0
L|3|OP02|AM|SEL|move=h2f2|slotScore=4|top1=11|gap=7|depth=13|nodes=300478|slots=1:11,2:6,3:5,4:4|crit=0
L|3|OP02|AM|REF|move=h2f2|score=4|mate=-|depth=25|nodes=3510787|crit=0
L|3|OP02|AD|SEL|move=h2f2|slotScore=7|top1=21|gap=14|depth=15|nodes=537762|slots=1:21,2:10,3:7|crit=0
L|3|OP02|AD|REF|move=h2f2|score=4|mate=-|depth=24|nodes=3588967|crit=0
L|3|OP02|EX|SEL|move=g3g4|slotScore=15|top1=13|gap=-2|depth=16|nodes=905636|slots=1:13,2:15|crit=0
L|3|OP02|EX|REF|move=g3g4|score=-22|mate=-|depth=23|nodes=3422986|crit=0
L|3|OP02|GM|SEL|move=h0g2|slotScore=12|top1=12|gap=0|depth=27|nodes=10171892|slots=1:12|crit=0
L|3|OP02|GM|REF|move=h0g2|score=-12|mate=-|depth=25|nodes=3352891|crit=0
L|3|OP02|S1T300|SEL|move=g3g4|slotScore=20|top1=20|gap=0|depth=15|nodes=573406|slots=1:20,2:17,3:11,4:7|crit=0
L|3|OP02|S1T300|REF|move=g3g4|score=-8|mate=-|depth=26|nodes=3629053|crit=0
L|3|OP04|ANCHOR|score=14|mate=-|depth=23|nodes=3321849|crit=0
L|3|OP04|AM|SEL|move=c3c4|slotScore=16|top1=18|gap=2|depth=15|nodes=294363|slots=1:18,2:18,3:18,4:16|crit=0
L|3|OP04|AM|REF|move=c3c4|score=-11|mate=-|depth=24|nodes=3568052|crit=0
L|3|OP04|AD|SEL|move=d0e1|slotScore=18|top1=20|gap=2|depth=16|nodes=552242|slots=1:20,2:16,3:18|crit=0
L|3|OP04|AD|REF|move=d0e1|score=-9|mate=-|depth=24|nodes=3680868|crit=0
L|3|OP04|EX|SEL|move=b0c2|slotScore=13|top1=15|gap=2|depth=19|nodes=986512|slots=1:15,2:13|crit=0
L|3|OP04|EX|REF|move=b0c2|score=-12|mate=-|depth=25|nodes=3522959|crit=0
L|3|OP04|GM|SEL|move=i0h0|slotScore=8|top1=8|gap=0|depth=30|nodes=10970845|slots=1:8|crit=0
L|3|OP04|GM|REF|move=i0h0|score=-10|mate=-|depth=24|nodes=3672411|crit=0
L|3|OP04|S1T300|SEL|move=d0e1|slotScore=15|top1=15|gap=0|depth=15|nodes=575188|slots=1:15,2:14,3:14,4:13|crit=0
L|3|OP04|S1T300|REF|move=d0e1|score=-10|mate=-|depth=24|nodes=3640865|crit=0
L|3|OP06|ANCHOR|score=130|mate=-|depth=22|nodes=3581254|crit=0
L|3|OP06|AM|SEL|move=i0h0|slotScore=-87|top1=121|gap=208|depth=13|nodes=303291|slots=1:121,2:104,3:-29,4:-87|crit=0
L|3|OP06|AM|REF|move=i0h0|score=104|mate=-|depth=23|nodes=3672108|crit=0
L|3|OP06|AD|SEL|move=b9d9|slotScore=-25|top1=120|gap=145|depth=13|nodes=580739|slots=1:120,2:73,3:-25|crit=0
L|3|OP06|AD|REF|move=b9d9|score=32|mate=-|depth=22|nodes=3606398|crit=0
L|3|OP06|EX|SEL|move=b9b8|slotScore=107|top1=127|gap=20|depth=15|nodes=875438|slots=1:127,2:107|crit=0
L|3|OP06|EX|REF|move=b9b8|score=-71|mate=-|depth=20|nodes=3709594|crit=0
L|3|OP06|GM|SEL|move=h2b2|slotScore=127|top1=127|gap=0|depth=26|nodes=10939414|slots=1:127|crit=0
L|3|OP06|GM|REF|move=h2b2|score=-132|mate=-|depth=21|nodes=3561908|crit=0
L|3|OP06|S1T300|SEL|move=h2b2|slotScore=130|top1=130|gap=0|depth=15|nodes=588853|slots=1:130,2:100,3:-23,4:-62|crit=0
L|3|OP06|S1T300|REF|move=h2b2|score=-129|mate=-|depth=22|nodes=3651712|crit=0
L|3|OP08|ANCHOR|score=153|mate=-|depth=23|nodes=3668384|crit=0
L|3|OP08|AM|SEL|move=b9d9|slotScore=-51|top1=158|gap=209|depth=13|nodes=315508|slots=1:158,2:63,3:-50,4:-51|crit=0
L|3|OP08|AM|REF|move=b9d9|score=65|mate=-|depth=21|nodes=3632074|crit=0
L|3|OP08|AD|SEL|move=b9d9|slotScore=-58|top1=162|gap=220|depth=15|nodes=649238|slots=1:162,2:15,3:-58|crit=0
L|3|OP08|AD|REF|move=b9d9|score=61|mate=-|depth=21|nodes=3772235|crit=0
L|3|OP08|EX|SEL|move=b9b4|slotScore=19|top1=164|gap=145|depth=15|nodes=916244|slots=1:164,2:19|crit=0
L|3|OP08|EX|REF|move=b9b4|score=-39|mate=-|depth=20|nodes=3425192|crit=0
L|3|OP08|GM|SEL|move=b9b7|slotScore=177|top1=177|gap=0|depth=27|nodes=11030129|slots=1:177|crit=0
L|3|OP08|GM|REF|move=b9b7|score=-189|mate=-|depth=21|nodes=3540916|crit=0
L|3|OP08|S1T300|SEL|move=b9b7|slotScore=161|top1=161|gap=0|depth=16|nodes=652382|slots=1:161,2:43,3:-14,4:-75|crit=0
L|3|OP08|S1T300|REF|move=b9b7|score=-185|mate=-|depth=21|nodes=3598684|crit=0
L|3|MG_QT01|ANCHOR|score=-26|mate=-|depth=25|nodes=3851552|crit=0
L|3|MG_QT01|AM|SEL|move=f9e8|slotScore=-619|top1=-33|gap=586|depth=15|nodes=302049|slots=1:-33,2:-607,3:-567,4:-619|crit=0
L|3|MG_QT01|AM|REF|move=f9e8|score=613|mate=-|depth=26|nodes=3326344|crit=0
L|3|MG_QT01|AD|SEL|move=c6c5|slotScore=-606|top1=-25|gap=581|depth=17|nodes=577460|slots=1:-25,2:-602,3:-606|crit=0
L|3|MG_QT01|AD|REF|move=c6c5|score=612|mate=-|depth=25|nodes=3293150|crit=0
L|3|MG_QT01|EX|SEL|move=c6c5|slotScore=-597|top1=-28|gap=569|depth=19|nodes=908959|slots=1:-28,2:-597|crit=0
L|3|MG_QT01|EX|REF|move=c6c5|score=609|mate=-|depth=26|nodes=3285832|crit=0
L|3|MG_QT01|GM|SEL|move=c7b9|slotScore=-33|top1=-33|gap=0|depth=32|nodes=10989747|slots=1:-33|crit=0
L|3|MG_QT01|GM|REF|move=c7b9|score=34|mate=-|depth=27|nodes=3769267|crit=0
L|3|MG_QT01|S1T300|SEL|move=c7b9|slotScore=-35|top1=-35|gap=0|depth=17|nodes=567519|slots=1:-35,2:-588,3:-595,4:-596|crit=0
L|3|MG_QT01|S1T300|REF|move=c7b9|score=33|mate=-|depth=26|nodes=3698089|crit=0
L|3|MG_QT05|ANCHOR|score=-38|mate=-|depth=21|nodes=3424710|crit=0
L|3|MG_QT05|AM|SEL|move=h7i7|slotScore=-56|top1=-39|gap=17|depth=12|nodes=279548|slots=1:-39,2:-48,3:-52,4:-56|crit=0
L|3|MG_QT05|AM|REF|move=h7i7|score=58|mate=-|depth=21|nodes=3584019|crit=0
L|3|MG_QT05|AD|SEL|move=i9h9|slotScore=-49|top1=-37|gap=12|depth=15|nodes=576415|slots=1:-37,2:-40,3:-49|crit=0
L|3|MG_QT05|AD|REF|move=i9h9|score=54|mate=-|depth=23|nodes=3820327|crit=0
L|3|MG_QT05|EX|SEL|move=i9h9|slotScore=-47|top1=-34|gap=13|depth=17|nodes=895609|slots=1:-34,2:-47|crit=0
L|3|MG_QT05|EX|REF|move=i9h9|score=46|mate=-|depth=22|nodes=3698554|crit=0
L|3|MG_QT05|GM|SEL|move=h7h9|slotScore=-30|top1=-30|gap=0|depth=28|nodes=10503375|slots=1:-30|crit=0
L|3|MG_QT05|GM|REF|move=h7h9|score=32|mate=-|depth=23|nodes=3440737|crit=0
L|3|MG_QT05|S1T300|SEL|move=h7h9|slotScore=-36|top1=-36|gap=0|depth=13|nodes=594085|slots=1:-36,2:-41,3:-61,4:-58|crit=0
L|3|MG_QT05|S1T300|REF|move=h7h9|score=34|mate=-|depth=23|nodes=3535569|crit=0
L|3|MG_QT10|ANCHOR|score=-28|mate=-|depth=26|nodes=3872021|crit=0
L|3|MG_QT10|AM|SEL|move=i9i7|slotScore=-63|top1=-32|gap=31|depth=11|nodes=302893|slots=1:-32,2:-70,3:-73,4:-63|crit=0
L|3|MG_QT10|AM|REF|move=i9i7|score=61|mate=-|depth=21|nodes=3663376|crit=0
L|3|MG_QT10|AD|SEL|move=i9i7|slotScore=-66|top1=-34|gap=32|depth=14|nodes=593272|slots=1:-34,2:-49,3:-66|crit=0
L|3|MG_QT10|AD|REF|move=i9i7|score=69|mate=-|depth=22|nodes=3450346|crit=0
L|3|MG_QT10|EX|SEL|move=f8h7|slotScore=-59|top1=-35|gap=24|depth=17|nodes=925085|slots=1:-35,2:-59|crit=0
L|3|MG_QT10|EX|REF|move=f8h7|score=63|mate=-|depth=21|nodes=3654307|crit=0
L|3|MG_QT10|GM|SEL|move=i9h9|slotScore=-26|top1=-26|gap=0|depth=28|nodes=11254674|slots=1:-26|crit=0
L|3|MG_QT10|GM|REF|move=i9h9|score=30|mate=-|depth=24|nodes=3654170|crit=0
L|3|MG_QT10|S1T300|SEL|move=i9h9|slotScore=-29|top1=-29|gap=0|depth=13|nodes=568711|slots=1:-29,2:-51,3:-57,4:-58|crit=0
L|3|MG_QT10|S1T300|REF|move=i9h9|score=24|mate=-|depth=23|nodes=3645112|crit=0
L|3|MG_QT14|ANCHOR|score=-26|mate=-|depth=27|nodes=3911988|crit=0
L|3|MG_QT14|AM|SEL|move=c3e4|slotScore=-37|top1=-27|gap=10|depth=13|nodes=320940|slots=1:-27,2:-28,3:-45,4:-37|crit=0
L|3|MG_QT14|AM|REF|move=c3e4|score=62|mate=-|depth=23|nodes=3939760|crit=0
L|3|MG_QT14|AD|SEL|move=c3e4|slotScore=-55|top1=-29|gap=26|depth=17|nodes=632208|slots=1:-29,2:-38,3:-55|crit=0
L|3|MG_QT14|AD|REF|move=c3e4|score=75|mate=-|depth=24|nodes=3969455|crit=0
L|3|MG_QT14|EX|SEL|move=a7b7|slotScore=-30|top1=-31|gap=-1|depth=19|nodes=973605|slots=1:-31,2:-30|crit=0
L|3|MG_QT14|EX|REF|move=a7b7|score=24|mate=-|depth=25|nodes=3908495|crit=0
L|3|MG_QT14|GM|SEL|move=f4b4|slotScore=-22|top1=-22|gap=0|depth=30|nodes=12170854|slots=1:-22|crit=0
L|3|MG_QT14|GM|REF|move=f4b4|score=21|mate=-|depth=27|nodes=3942827|crit=0
L|3|MG_QT14|S1T300|SEL|move=f4b4|slotScore=-27|top1=-27|gap=0|depth=16|nodes=623732|slots=1:-27,2:-44,3:-31,4:-45|crit=0
L|3|MG_QT14|S1T300|REF|move=f4b4|score=21|mate=-|depth=26|nodes=4034498|crit=0
L|3|MG_QT19|ANCHOR|score=-16|mate=-|depth=29|nodes=3912704|crit=0
L|3|MG_QT19|AM|SEL|move=c7b7|slotScore=-592|top1=-14|gap=578|depth=14|nodes=283441|slots=1:-14,2:-575,3:-592,4:-592|crit=0
L|3|MG_QT19|AM|REF|move=c7b7|score=595|mate=-|depth=26|nodes=3673395|crit=0
L|3|MG_QT19|AD|SEL|move=c7a7|slotScore=-593|top1=-15|gap=578|depth=18|nodes=611736|slots=1:-15,2:-538,3:-593|crit=0
L|3|MG_QT19|AD|REF|move=c7a7|score=604|mate=-|depth=28|nodes=3568882|crit=0
L|3|MG_QT19|EX|SEL|move=c7b7|slotScore=-587|top1=-18|gap=569|depth=22|nodes=983314|slots=1:-18,2:-587|crit=0
L|3|MG_QT19|EX|REF|move=c7b7|score=599|mate=-|depth=26|nodes=3355183|crit=0
L|3|MG_QT19|GM|SEL|move=c7c3|slotScore=-15|top1=-15|gap=0|depth=36|nodes=12261191|slots=1:-15|crit=0
L|3|MG_QT19|GM|REF|move=c7c3|score=17|mate=-|depth=31|nodes=4136815|crit=0
L|3|MG_QT19|S1T300|SEL|move=c7c3|slotScore=-15|top1=-15|gap=0|depth=18|nodes=581891|slots=1:-15,2:-588,3:-590,4:-600|crit=0
L|3|MG_QT19|S1T300|REF|move=c7c3|score=17|mate=-|depth=31|nodes=4016208|crit=0
L|3|MG_QT24|ANCHOR|score=-14|mate=-|depth=30|nodes=3408263|crit=0
L|3|MG_QT24|AM|SEL|move=f8f9|slotScore=-21|top1=-16|gap=5|depth=16|nodes=283322|slots=1:-16,2:-17,3:-19,4:-21|crit=0
L|3|MG_QT24|AM|REF|move=f8f9|score=16|mate=-|depth=27|nodes=3413074|crit=0
L|3|MG_QT24|AD|SEL|move=f8f9|slotScore=-18|top1=-16|gap=2|depth=18|nodes=550694|slots=1:-16,2:-17,3:-18|crit=0
L|3|MG_QT24|AD|REF|move=f8f9|score=15|mate=-|depth=28|nodes=3663327|crit=0
L|3|MG_QT24|EX|SEL|move=g5e7|slotScore=-18|top1=-15|gap=3|depth=21|nodes=946192|slots=1:-15,2:-18|crit=0
L|3|MG_QT24|EX|REF|move=g5e7|score=15|mate=-|depth=28|nodes=3543515|crit=0
L|3|MG_QT24|GM|SEL|move=g7f5|slotScore=-17|top1=-17|gap=0|depth=34|nodes=10237040|slots=1:-17|crit=0
L|3|MG_QT24|GM|REF|move=g7f5|score=15|mate=-|depth=31|nodes=3620149|crit=0
L|3|MG_QT24|S1T300|SEL|move=g7f5|slotScore=-14|top1=-14|gap=0|depth=16|nodes=565809|slots=1:-14,2:-14,3:-16,4:-20|crit=0
L|3|MG_QT24|S1T300|REF|move=g7f5|score=13|mate=-|depth=29|nodes=3795420|crit=0
L|3|MG_QT29|ANCHOR|score=-20|mate=-|depth=24|nodes=3361866|crit=0
L|3|MG_QT29|AM|SEL|move=h9h6|slotScore=-23|top1=-19|gap=4|depth=13|nodes=284008|slots=1:-19,2:-20,3:-22,4:-23|crit=0
L|3|MG_QT29|AM|REF|move=h9h6|score=18|mate=-|depth=23|nodes=3667952|crit=0
L|3|MG_QT29|AD|SEL|move=a9b9|slotScore=-24|top1=-23|gap=1|depth=15|nodes=563299|slots=1:-23,2:-24,3:-24|crit=0
L|3|MG_QT29|AD|REF|move=a9b9|score=18|mate=-|depth=24|nodes=3436974|crit=0
L|3|MG_QT29|EX|SEL|move=h9h6|slotScore=-21|top1=-21|gap=0|depth=19|nodes=891632|slots=1:-21,2:-21|crit=0
L|3|MG_QT29|EX|REF|move=h9h6|score=28|mate=-|depth=24|nodes=3771308|crit=0
L|3|MG_QT29|GM|SEL|move=b6b5|slotScore=-22|top1=-22|gap=0|depth=27|nodes=9736417|slots=1:-22|crit=0
L|3|MG_QT29|GM|REF|move=b6b5|score=17|mate=-|depth=26|nodes=3328472|crit=0
L|3|MG_QT29|S1T300|SEL|move=h9h6|slotScore=-15|top1=-15|gap=0|depth=14|nodes=501519|slots=1:-15,2:-18,3:-18,4:-18|crit=0
L|3|MG_QT29|S1T300|REF|move=h9h6|score=17|mate=-|depth=24|nodes=3736957|crit=0
L|3|MG_QT34|ANCHOR|score=-6|mate=-|depth=24|nodes=3669343|crit=0
L|3|MG_QT34|AM|SEL|move=c5c4|slotScore=-51|top1=-11|gap=40|depth=14|nodes=304256|slots=1:-11,2:-35,3:-45,4:-51|crit=0
L|3|MG_QT34|AM|REF|move=c5c4|score=15|mate=-|depth=24|nodes=3638567|crit=0
L|3|MG_QT34|AD|SEL|move=h9g7|slotScore=-26|top1=-6|gap=20|depth=16|nodes=548360|slots=1:-6,2:-20,3:-26|crit=0
L|3|MG_QT34|AD|REF|move=h9g7|score=16|mate=-|depth=25|nodes=3788794|crit=0
L|3|MG_QT34|EX|SEL|move=c5c4|slotScore=-13|top1=-4|gap=9|depth=17|nodes=927892|slots=1:-4,2:-13|crit=0
L|3|MG_QT34|EX|REF|move=c5c4|score=19|mate=-|depth=24|nodes=3624263|crit=0
L|3|MG_QT34|GM|SEL|move=d9d3|slotScore=-5|top1=-5|gap=0|depth=32|nodes=10275011|slots=1:-5|crit=0
L|3|MG_QT34|GM|REF|move=d9d3|score=1|mate=-|depth=25|nodes=3329722|crit=0
L|3|MG_QT34|S1T300|SEL|move=d9d3|slotScore=-6|top1=-6|gap=0|depth=14|nodes=593098|slots=1:-6,2:-16,3:-31,4:-51|crit=0
L|3|MG_QT34|S1T300|REF|move=d9d3|score=4|mate=-|depth=25|nodes=3282966|crit=0
L|3|MG_QT39|ANCHOR|score=0|mate=-|depth=31|nodes=3562154|crit=0
L|3|MG_QT39|AM|SEL|move=c7d5|slotScore=-14|top1=0|gap=14|depth=13|nodes=277939|slots=1:0,2:-9,3:-10,4:-14|crit=0
L|3|MG_QT39|AM|REF|move=c7d5|score=12|mate=-|depth=27|nodes=3451948|crit=0
L|3|MG_QT39|AD|SEL|move=f5f7|slotScore=-6|top1=0|gap=6|depth=18|nodes=565190|slots=1:0,2:-5,3:-6|crit=0
L|3|MG_QT39|AD|REF|move=f5f7|score=8|mate=-|depth=28|nodes=3535629|crit=0
L|3|MG_QT39|EX|SEL|move=d9b9|slotScore=-4|top1=0|gap=4|depth=18|nodes=904860|slots=1:0,2:-4|crit=0
L|3|MG_QT39|EX|REF|move=d9b9|score=5|mate=-|depth=25|nodes=3435921|crit=0
L|3|MG_QT39|GM|SEL|move=b5c5|slotScore=-5|top1=-5|gap=0|depth=34|nodes=10157119|slots=1:-5|crit=0
L|3|MG_QT39|GM|REF|move=b5c5|score=5|mate=-|depth=28|nodes=3352624|crit=0
L|3|MG_QT39|S1T300|SEL|move=b5c5|slotScore=-5|top1=-5|gap=0|depth=14|nodes=507515|slots=1:-5,2:-6,3:-6,4:-14|crit=0
L|3|MG_QT39|S1T300|REF|move=b5c5|score=4|mate=-|depth=30|nodes=3605987|crit=0
L|3|MG_QH01|ANCHOR|score=-4|mate=-|depth=23|nodes=3541528|crit=0
L|3|MG_QH01|AM|SEL|move=g2f4|slotScore=-9|top1=3|gap=12|depth=12|nodes=295832|slots=1:3,2:3,3:-1,4:-9|crit=0
L|3|MG_QH01|AM|REF|move=g2f4|score=0|mate=-|depth=24|nodes=3319232|crit=0
L|3|MG_QH01|AD|SEL|move=e3e4|slotScore=-3|top1=5|gap=8|depth=15|nodes=531442|slots=1:5,2:-1,3:-3|crit=0
L|3|MG_QH01|AD|REF|move=e3e4|score=15|mate=-|depth=22|nodes=3529024|crit=0
L|3|MG_QH01|EX|SEL|move=c0a2|slotScore=-2|top1=-1|gap=1|depth=16|nodes=854131|slots=1:-1,2:-2|crit=0
L|3|MG_QH01|EX|REF|move=c0a2|score=13|mate=-|depth=25|nodes=3563876|crit=0
L|3|MG_QH01|GM|SEL|move=g2f4|slotScore=0|top1=0|gap=0|depth=31|nodes=9927530|slots=1:0|crit=0
L|3|MG_QH01|GM|REF|move=g2f4|score=0|mate=-|depth=25|nodes=3442242|crit=0
L|3|MG_QH01|S1T300|SEL|move=d0e1|slotScore=3|top1=3|gap=0|depth=14|nodes=482852|slots=1:3,2:-2,3:-2,4:-5|crit=0
L|3|MG_QH01|S1T300|REF|move=d0e1|score=3|mate=-|depth=25|nodes=3132795|crit=0
L|3|MG_QB3|ANCHOR|score=324|mate=-|depth=18|nodes=2604671|crit=0
L|3|MG_QB3|AM|SEL|move=c4b4|slotScore=253|top1=322|gap=69|depth=10|nodes=255843|slots=1:322,2:312,3:272,4:253|crit=0
L|3|MG_QB3|AM|REF|move=c4b4|score=-195|mate=-|depth=21|nodes=2979046|crit=0
L|3|MG_QB3|AD|SEL|move=c4a4|slotScore=256|top1=340|gap=84|depth=14|nodes=573162|slots=1:340,2:345,3:256|crit=0
L|3|MG_QB3|AD|REF|move=c4a4|score=-255|mate=-|depth=19|nodes=3369216|crit=0
L|3|MG_QB3|EX|SEL|move=a0b0|slotScore=352|top1=357|gap=5|depth=16|nodes=856425|slots=1:357,2:352|crit=0
L|3|MG_QB3|EX|REF|move=a0b0|score=-344|mate=-|depth=18|nodes=3042734|crit=0
L|3|MG_QB3|GM|SEL|move=a0b0|slotScore=355|top1=355|gap=0|depth=22|nodes=9311239|slots=1:355|crit=0
L|3|MG_QB3|GM|REF|move=a0b0|score=-346|mate=-|depth=20|nodes=3077520|crit=0
L|3|MG_QB3|S1T300|SEL|move=a0b0|slotScore=345|top1=345|gap=0|depth=13|nodes=555487|slots=1:345,2:324,3:266,4:238|crit=0
L|3|MG_QB3|S1T300|REF|move=a0b0|score=-341|mate=-|depth=20|nodes=3035921|crit=0
L|3|MG_QB9|ANCHOR|score=591|mate=-|depth=20|nodes=2645591|crit=0
L|3|MG_QB9|AM|SEL|move=i8f8|slotScore=548|top1=588|gap=40|depth=11|nodes=231003|slots=1:588,2:564,3:542,4:548|crit=0
L|3|MG_QB9|AM|REF|move=i8f8|score=-587|mate=-|depth=21|nodes=2677448|crit=0
L|3|MG_QB9|AD|SEL|move=i8f8|slotScore=578|top1=579|gap=1|depth=13|nodes=405405|slots=1:579,2:579,3:578|crit=0
L|3|MG_QB9|AD|REF|move=i8f8|score=-588|mate=-|depth=20|nodes=2860407|crit=0
L|3|MG_QB9|EX|SEL|move=c6c5|slotScore=583|top1=586|gap=3|depth=14|nodes=729524|slots=1:586,2:583|crit=0
L|3|MG_QB9|EX|REF|move=c6c5|score=-600|mate=-|depth=22|nodes=2964501|crit=0
L|3|MG_QB9|GM|SEL|move=c6c5|slotScore=610|top1=610|gap=0|depth=24|nodes=8722858|slots=1:610|crit=0
L|3|MG_QB9|GM|REF|move=c6c5|score=-605|mate=-|depth=22|nodes=2834901|crit=0
L|3|MG_QB9|S1T300|SEL|move=c6c5|slotScore=592|top1=592|gap=0|depth=12|nodes=459230|slots=1:592,2:582,3:578,4:543|crit=0
L|3|MG_QB9|S1T300|REF|move=c6c5|score=-600|mate=-|depth=21|nodes=2832890|crit=0
DRV DONE positions=17 round=3
