DRV: not isolated, registering SW (try 0)
DRV: isolated ok, task=task_levels_r2.json
DRV: engine ready
L|2|OP00|ANCHOR|score=27|mate=-|depth=22|nodes=2737307|crit=0
L|2|OP00|AM|SEL|move=h2e2|slotScore=30|top1=28|gap=-2|depth=13|nodes=239941|slots=1:28,2:31,3:31,4:30|crit=0
L|2|OP00|AM|REF|move=h2e2|score=-27|mate=-|depth=24|nodes=3195474|crit=0
L|2|OP00|AD|SEL|move=c3c4|slotScore=30|top1=28|gap=-2|depth=14|nodes=487730|slots=1:28,2:27,3:30|crit=0
L|2|OP00|AD|REF|move=c3c4|score=-19|mate=-|depth=24|nodes=3435222|crit=0
L|2|OP00|EX|SEL|move=b2e2|slotScore=25|top1=25|gap=0|depth=17|nodes=828928|slots=1:25,2:25|crit=0
L|2|OP00|EX|REF|move=b2e2|score=-23|mate=-|depth=23|nodes=3055013|crit=0
L|2|OP00|GM|SEL|move=h2e2|slotScore=24|top1=24|gap=0|depth=27|nodes=9058066|slots=1:24|crit=0
L|2|OP00|GM|REF|move=h2e2|score=-21|mate=-|depth=23|nodes=2957090|crit=0
L|2|OP00|S1T300|SEL|move=c3c4|slotScore=22|top1=22|gap=0|depth=14|nodes=494966|slots=1:22,2:21,3:20,4:20|crit=0
L|2|OP00|S1T300|REF|move=c3c4|score=-21|mate=-|depth=23|nodes=3428297|crit=0
L|2|OP02|ANCHOR|score=12|mate=-|depth=24|nodes=3373824|crit=0
L|2|OP02|AM|SEL|move=h2e2|slotScore=2|top1=15|gap=13|depth=12|nodes=261878|slots=1:15,2:12,3:11,4:2|crit=0
L|2|OP02|AM|REF|move=h2e2|score=-3|mate=-|depth=24|nodes=3341867|crit=0
L|2|OP02|AD|SEL|move=h2e2|slotScore=8|top1=17|gap=9|depth=17|nodes=507778|slots=1:17,2:16,3:8|crit=0
L|2|OP02|AD|REF|move=h2e2|score=-12|mate=-|depth=23|nodes=3216760|crit=0
L|2|OP02|EX|SEL|move=h0g2|slotScore=7|top1=8|gap=1|depth=19|nodes=837516|slots=1:8,2:7|crit=0
L|2|OP02|EX|REF|move=h0g2|score=-4|mate=-|depth=27|nodes=3348281|crit=0
L|2|OP02|GM|SEL|move=h0g2|slotScore=8|top1=8|gap=0|depth=29|nodes=9902983|slots=1:8|crit=0
L|2|OP02|GM|REF|move=h0g2|score=-8|mate=-|depth=26|nodes=3213094|crit=0
L|2|OP02|S1T300|SEL|move=h0g2|slotScore=13|top1=13|gap=0|depth=15|nodes=546146|slots=1:13,2:11,3:9,4:2|crit=0
L|2|OP02|S1T300|REF|move=h0g2|score=-8|mate=-|depth=26|nodes=2988501|crit=0
L|2|OP04|ANCHOR|score=17|mate=-|depth=24|nodes=3229388|crit=0
L|2|OP04|AM|SEL|move=c3c4|slotScore=22|top1=24|gap=2|depth=14|nodes=272759|slots=1:24,2:23,3:23,4:22|crit=0
L|2|OP04|AM|REF|move=c3c4|score=-10|mate=-|depth=24|nodes=3250866|crit=0
L|2|OP04|AD|SEL|move=i0h0|slotScore=17|top1=19|gap=2|depth=16|nodes=529796|slots=1:19,2:17,3:17|crit=0
L|2|OP04|AD|REF|move=i0h0|score=-14|mate=-|depth=24|nodes=3259091|crit=0
L|2|OP04|EX|SEL|move=i0h0|slotScore=16|top1=16|gap=0|depth=19|nodes=880926|slots=1:16,2:16|crit=0
L|2|OP04|EX|REF|move=i0h0|score=-16|mate=-|depth=22|nodes=3417520|crit=0
L|2|OP04|GM|SEL|move=d0e1|slotScore=11|top1=11|gap=0|depth=28|nodes=10081920|slots=1:11|crit=0
L|2|OP04|GM|REF|move=d0e1|score=-12|mate=-|depth=24|nodes=3537640|crit=0
L|2|OP04|S1T300|SEL|move=b0c2|slotScore=15|top1=15|gap=0|depth=15|nodes=577898|slots=1:15,2:14,3:12,4:11|crit=0
L|2|OP04|S1T300|REF|move=b0c2|score=-9|mate=-|depth=24|nodes=3130608|crit=0
L|2|OP06|ANCHOR|score=121|mate=-|depth=22|nodes=3454644|crit=0
L|2|OP06|AM|SEL|move=i0h0|slotScore=-91|top1=123|gap=214|depth=13|nodes=286618|slots=1:123,2:114,3:-20,4:-91|crit=0
L|2|OP06|AM|REF|move=i0h0|score=98|mate=-|depth=23|nodes=3380805|crit=0
L|2|OP06|AD|SEL|move=b9d9|slotScore=-7|top1=127|gap=134|depth=15|nodes=547285|slots=1:127,2:123,3:-7|crit=0
L|2|OP06|AD|REF|move=b9d9|score=26|mate=-|depth=21|nodes=3559646|crit=0
L|2|OP06|EX|SEL|move=b9b8|slotScore=92|top1=127|gap=35|depth=16|nodes=907481|slots=1:127,2:92|crit=0
L|2|OP06|EX|REF|move=b9b8|score=-73|mate=-|depth=22|nodes=3414748|crit=0
L|2|OP06|GM|SEL|move=h2b2|slotScore=123|top1=123|gap=0|depth=25|nodes=10148563|slots=1:123|crit=0
L|2|OP06|GM|REF|move=h2b2|score=-134|mate=-|depth=21|nodes=3240437|crit=0
L|2|OP06|S1T300|SEL|move=h2b2|slotScore=127|top1=127|gap=0|depth=14|nodes=521689|slots=1:127,2:70,3:-23,4:-74|crit=0
L|2|OP06|S1T300|REF|move=h2b2|score=-131|mate=-|depth=21|nodes=3320908|crit=0
L|2|OP08|ANCHOR|score=159|mate=-|depth=22|nodes=3131985|crit=0
L|2|OP08|AM|SEL|move=b9b5|slotScore=-57|top1=163|gap=220|depth=13|nodes=315510|slots=1:163,2:56,3:-41,4:-57|crit=0
L|2|OP08|AM|REF|move=b9b5|score=87|mate=-|depth=23|nodes=3397649|crit=0
L|2|OP08|AD|SEL|move=b9b5|slotScore=-28|top1=178|gap=206|depth=16|nodes=604815|slots=1:178,2:44,3:-28|crit=0
L|2|OP08|AD|REF|move=b9b5|score=88|mate=-|depth=22|nodes=3425502|crit=0
L|2|OP08|EX|SEL|move=b9b4|slotScore=58|top1=155|gap=97|depth=17|nodes=886246|slots=1:155,2:58|crit=0
L|2|OP08|EX|REF|move=b9b4|score=-35|mate=-|depth=20|nodes=3251867|crit=0
L|2|OP08|GM|SEL|move=b9b7|slotScore=186|top1=186|gap=0|depth=27|nodes=10086992|slots=1:186|crit=0
L|2|OP08|GM|REF|move=b9b7|score=-168|mate=-|depth=20|nodes=3294879|crit=0
L|2|OP08|S1T300|SEL|move=b9b7|slotScore=164|top1=164|gap=0|depth=14|nodes=563196|slots=1:164,2:40,3:-63,4:-76|crit=0
L|2|OP08|S1T300|REF|move=b9b7|score=-145|mate=-|depth=21|nodes=3291277|crit=0
L|2|MG_QT01|ANCHOR|score=-32|mate=-|depth=26|nodes=3503393|crit=0
L|2|MG_QT01|AM|SEL|move=h9g7|slotScore=-611|top1=-31|gap=580|depth=14|nodes=266270|slots=1:-31,2:-612,3:-612,4:-611|crit=0
L|2|MG_QT01|AM|REF|move=h9g7|score=614|mate=-|depth=23|nodes=2891440|crit=0
L|2|MG_QT01|AD|SEL|move=f9e8|slotScore=-602|top1=-38|gap=564|depth=17|nodes=479012|slots=1:-38,2:-595,3:-602|crit=0
L|2|MG_QT01|AD|REF|move=f9e8|score=604|mate=-|depth=25|nodes=3041500|crit=0
L|2|MG_QT01|EX|SEL|move=c6c5|slotScore=-596|top1=-29|gap=567|depth=19|nodes=825822|slots=1:-29,2:-596|crit=0
L|2|MG_QT01|EX|REF|move=c6c5|score=606|mate=-|depth=25|nodes=3089044|crit=0
L|2|MG_QT01|GM|SEL|move=c7b9|slotScore=-36|top1=-36|gap=0|depth=30|nodes=10529344|slots=1:-36|crit=0
L|2|MG_QT01|GM|REF|move=c7b9|score=37|mate=-|depth=27|nodes=3563588|crit=0
L|2|MG_QT01|S1T300|SEL|move=c7b9|slotScore=-38|top1=-38|gap=0|depth=16|nodes=508057|slots=1:-38,2:-594,3:-604,4:-608|crit=0
L|2|MG_QT01|S1T300|REF|move=c7b9|score=39|mate=-|depth=26|nodes=3465336|crit=0
L|2|MG_QT05|ANCHOR|score=-38|mate=-|depth=21|nodes=3315634|crit=0
L|2|MG_QT05|AM|SEL|move=h7i7|slotScore=-54|top1=-41|gap=13|depth=12|nodes=286746|slots=1:-41,2:-47,3:-51,4:-54|crit=0
L|2|MG_QT05|AM|REF|move=h7i7|score=72|mate=-|depth=23|nodes=3529167|crit=0
L|2|MG_QT05|AD|SEL|move=i6i5|slotScore=-50|top1=-41|gap=9|depth=16|nodes=525382|slots=1:-41,2:-46,3:-50|crit=0
L|2|MG_QT05|AD|REF|move=i6i5|score=67|mate=-|depth=22|nodes=3401017|crit=0
L|2|MG_QT05|EX|SEL|move=i9h9|slotScore=-50|top1=-44|gap=6|depth=17|nodes=844930|slots=1:-44,2:-50|crit=0
L|2|MG_QT05|EX|REF|move=i9h9|score=54|mate=-|depth=22|nodes=3472754|crit=0
L|2|MG_QT05|GM|SEL|move=h7h9|slotScore=-37|top1=-37|gap=0|depth=25|nodes=10130901|slots=1:-37|crit=0
L|2|MG_QT05|GM|REF|move=h7h9|score=31|mate=-|depth=22|nodes=3352481|crit=0
L|2|MG_QT05|S1T300|SEL|move=h7h9|slotScore=-32|top1=-32|gap=0|depth=15|nodes=560357|slots=1:-32,2:-38,3:-45,4:-56|crit=0
L|2|MG_QT05|S1T300|REF|move=h7h9|score=42|mate=-|depth=23|nodes=3248128|crit=0
L|2|MG_QT10|ANCHOR|score=-28|mate=-|depth=23|nodes=3667482|crit=0
L|2|MG_QT10|AM|SEL|move=i9i7|slotScore=-68|top1=-31|gap=37|depth=12|nodes=274800|slots=1:-31,2:-64,3:-66,4:-68|crit=0
L|2|MG_QT10|AM|REF|move=i9i7|score=59|mate=-|depth=22|nodes=3414971|crit=0
L|2|MG_QT10|AD|SEL|move=a6a5|slotScore=-64|top1=-36|gap=28|depth=15|nodes=535801|slots=1:-36,2:-53,3:-64|crit=0
L|2|MG_QT10|AD|REF|move=a6a5|score=74|mate=-|depth=21|nodes=3421498|crit=0
L|2|MG_QT10|EX|SEL|move=f8h7|slotScore=-45|top1=-26|gap=19|depth=18|nodes=944924|slots=1:-26,2:-45|crit=0
L|2|MG_QT10|EX|REF|move=f8h7|score=66|mate=-|depth=22|nodes=3492734|crit=0
L|2|MG_QT10|GM|SEL|move=i9h9|slotScore=-28|top1=-28|gap=0|depth=29|nodes=11105282|slots=1:-28|crit=0
L|2|MG_QT10|GM|REF|move=i9h9|score=29|mate=-|depth=23|nodes=3549143|crit=0
L|2|MG_QT10|S1T300|SEL|move=i9h9|slotScore=-27|top1=-27|gap=0|depth=14|nodes=555907|slots=1:-27,2:-50,3:-62,4:-62|crit=0
L|2|MG_QT10|S1T300|REF|move=i9h9|score=30|mate=-|depth=22|nodes=3406298|crit=0
L|2|MG_QT14|ANCHOR|score=-23|mate=-|depth=25|nodes=3651179|crit=0
L|2|MG_QT14|AM|SEL|move=f4f2|slotScore=-48|top1=-28|gap=20|depth=14|nodes=297011|slots=1:-28,2:-37,3:-42,4:-48|crit=0
L|2|MG_QT14|AM|REF|move=f4f2|score=71|mate=-|depth=24|nodes=3950710|crit=0
L|2|MG_QT14|AD|SEL|move=c3e4|slotScore=-54|top1=-23|gap=31|depth=15|nodes=565068|slots=1:-23,2:-37,3:-54|crit=0
L|2|MG_QT14|AD|REF|move=c3e4|score=52|mate=-|depth=23|nodes=3812949|crit=0
L|2|MG_QT14|EX|SEL|move=a7b7|slotScore=-29|top1=-23|gap=6|depth=19|nodes=977347|slots=1:-23,2:-29|crit=0
L|2|MG_QT14|EX|REF|move=a7b7|score=29|mate=-|depth=26|nodes=3648462|crit=0
L|2|MG_QT14|GM|SEL|move=f4b4|slotScore=-26|top1=-26|gap=0|depth=32|nodes=11075204|slots=1:-26|crit=0
L|2|MG_QT14|GM|REF|move=f4b4|score=24|mate=-|depth=26|nodes=3691299|crit=0
L|2|MG_QT14|S1T300|SEL|move=f4b4|slotScore=-25|top1=-25|gap=0|depth=14|nodes=547292|slots=1:-25,2:-27,3:-58,4:-61|crit=0
L|2|MG_QT14|S1T300|REF|move=f4b4|score=20|mate=-|depth=24|nodes=3669162|crit=0
L|2|MG_QT19|ANCHOR|score=-13|mate=-|depth=29|nodes=3541304|crit=0
L|2|MG_QT19|AM|SEL|move=c7b7|slotScore=-590|top1=-14|gap=576|depth=15|nodes=281336|slots=1:-14,2:-547,3:-587,4:-590|crit=0
L|2|MG_QT19|AM|REF|move=c7b7|score=580|mate=-|depth=26|nodes=3298210|crit=0
L|2|MG_QT19|AD|SEL|move=c7b7|slotScore=-589|top1=-17|gap=572|depth=19|nodes=568884|slots=1:-17,2:-588,3:-589|crit=0
L|2|MG_QT19|AD|REF|move=c7b7|score=592|mate=-|depth=27|nodes=3391922|crit=0
L|2|MG_QT19|EX|SEL|move=c7b7|slotScore=-539|top1=-15|gap=524|depth=20|nodes=941808|slots=1:-15,2:-539|crit=0
L|2|MG_QT19|EX|REF|move=c7b7|score=591|mate=-|depth=26|nodes=3220969|crit=0
L|2|MG_QT19|GM|SEL|move=c7c3|slotScore=-14|top1=-14|gap=0|depth=32|nodes=10480497|slots=1:-14|crit=0
L|2|MG_QT19|GM|REF|move=c7c3|score=16|mate=-|depth=32|nodes=3786886|crit=0
L|2|MG_QT19|S1T300|SEL|move=c7c3|slotScore=-18|top1=-18|gap=0|depth=18|nodes=581850|slots=1:-18,2:-589,3:-604,4:-600|crit=0
L|2|MG_QT19|S1T300|REF|move=c7c3|score=14|mate=-|depth=27|nodes=3630104|crit=0
L|2|MG_QT24|ANCHOR|score=-15|mate=-|depth=30|nodes=3609457|crit=0
L|2|MG_QT24|AM|SEL|move=g7e6|slotScore=-23|top1=-16|gap=7|depth=14|nodes=285088|slots=1:-16,2:-20,3:-17,4:-23|crit=0
L|2|MG_QT24|AM|REF|move=g7e6|score=15|mate=-|depth=29|nodes=3518027|crit=0
L|2|MG_QT24|AD|SEL|move=g7e6|slotScore=-16|top1=-14|gap=2|depth=17|nodes=549751|slots=1:-14,2:-15,3:-16|crit=0
L|2|MG_QT24|AD|REF|move=g7e6|score=14|mate=-|depth=29|nodes=3548036|crit=0
L|2|MG_QT24|EX|SEL|move=g5e7|slotScore=-15|top1=-14|gap=1|depth=21|nodes=938608|slots=1:-14,2:-15|crit=0
L|2|MG_QT24|EX|REF|move=g5e7|score=14|mate=-|depth=26|nodes=3426688|crit=0
L|2|MG_QT24|GM|SEL|move=g7f5|slotScore=-13|top1=-13|gap=0|depth=36|nodes=10683484|slots=1:-13|crit=0
L|2|MG_QT24|GM|REF|move=g7f5|score=13|mate=-|depth=28|nodes=3513930|crit=0
L|2|MG_QT24|S1T300|SEL|move=g7f5|slotScore=-16|top1=-16|gap=0|depth=16|nodes=554733|slots=1:-16,2:-21,3:-18,4:-18|crit=0
L|2|MG_QT24|S1T300|REF|move=g7f5|score=14|mate=-|depth=28|nodes=3551518|crit=0
L|2|MG_QT29|ANCHOR|score=-12|mate=-|depth=26|nodes=3333306|crit=0
L|2|MG_QT29|AM|SEL|move=g7f5|slotScore=-28|top1=-14|gap=14|depth=13|nodes=265857|slots=1:-14,2:-17,3:-19,4:-28|crit=0
L|2|MG_QT29|AM|REF|move=g7f5|score=43|mate=-|depth=22|nodes=3269720|crit=0
L|2|MG_QT29|AD|SEL|move=b6b5|slotScore=-18|top1=-11|gap=7|depth=16|nodes=524168|slots=1:-11,2:-17,3:-18|crit=0
L|2|MG_QT29|AD|REF|move=b6b5|score=22|mate=-|depth=23|nodes=3213748|crit=0
L|2|MG_QT29|EX|SEL|move=h9h6|slotScore=-12|top1=-11|gap=1|depth=19|nodes=881189|slots=1:-11,2:-12|crit=0
L|2|MG_QT29|EX|REF|move=h9h6|score=12|mate=-|depth=26|nodes=3451757|crit=0
L|2|MG_QT29|GM|SEL|move=a9b9|slotScore=-12|top1=-12|gap=0|depth=29|nodes=9818148|slots=1:-12|crit=0
L|2|MG_QT29|GM|REF|move=a9b9|score=12|mate=-|depth=26|nodes=3307605|crit=0
L|2|MG_QT29|S1T300|SEL|move=a9b9|slotScore=-9|top1=-9|gap=0|depth=14|nodes=530207|slots=1:-9,2:-12,3:-21,4:-19|crit=0
L|2|MG_QT29|S1T300|REF|move=a9b9|score=21|mate=-|depth=23|nodes=3508398|crit=0
L|2|MG_QT34|ANCHOR|score=-4|mate=-|depth=23|nodes=3578773|crit=0
L|2|MG_QT34|AM|SEL|move=d9b9|slotScore=-62|top1=-12|gap=50|depth=13|nodes=300312|slots=1:-12,2:-36,3:-40,4:-62|crit=0
L|2|MG_QT34|AM|REF|move=d9b9|score=57|mate=-|depth=26|nodes=3707185|crit=0
L|2|MG_QT34|AD|SEL|move=c5c4|slotScore=-43|top1=-6|gap=37|depth=15|nodes=569780|slots=1:-6,2:-33,3:-43|crit=0
L|2|MG_QT34|AD|REF|move=c5c4|score=20|mate=-|depth=25|nodes=3456159|crit=0
L|2|MG_QT34|EX|SEL|move=c5c4|slotScore=-22|top1=-2|gap=20|depth=18|nodes=869724|slots=1:-2,2:-22|crit=0
L|2|MG_QT34|EX|REF|move=c5c4|score=14|mate=-|depth=23|nodes=3331427|crit=0
L|2|MG_QT34|GM|SEL|move=d9d3|slotScore=0|top1=0|gap=0|depth=34|nodes=9876828|slots=1:0|crit=0
L|2|MG_QT34|GM|REF|move=d9d3|score=4|mate=-|depth=24|nodes=3181958|crit=0
L|2|MG_QT34|S1T300|SEL|move=d9d3|slotScore=-5|top1=-5|gap=0|depth=14|nodes=515134|slots=1:-5,2:-32,3:-38,4:-42|crit=0
L|2|MG_QT34|S1T300|REF|move=d9d3|score=2|mate=-|depth=25|nodes=3183258|crit=0
L|2|MG_QT39|ANCHOR|score=-1|mate=-|depth=28|nodes=3429357|crit=0
L|2|MG_QT39|AM|SEL|move=i6i5|slotScore=-13|top1=-6|gap=7|depth=14|nodes=288003|slots=1:-6,2:-10,3:-12,4:-13|crit=0
L|2|MG_QT39|AM|REF|move=i6i5|score=13|mate=-|depth=23|nodes=3262410|crit=0
L|2|MG_QT39|AD|SEL|move=f5f7|slotScore=-8|top1=0|gap=8|depth=15|nodes=536966|slots=1:0,2:-6,3:-8|crit=0
L|2|MG_QT39|AD|REF|move=f5f7|score=6|mate=-|depth=25|nodes=3431338|crit=0
L|2|MG_QT39|EX|SEL|move=f5f7|slotScore=-3|top1=0|gap=3|depth=23|nodes=886442|slots=1:0,2:-3|crit=0
L|2|MG_QT39|EX|REF|move=f5f7|score=5|mate=-|depth=26|nodes=3507162|crit=0
L|2|MG_QT39|GM|SEL|move=b5c5|slotScore=0|top1=0|gap=0|depth=38|nodes=10036291|slots=1:0|crit=0
L|2|MG_QT39|GM|REF|move=b5c5|score=3|mate=-|depth=28|nodes=3397468|crit=0
L|2|MG_QT39|S1T300|SEL|move=b5c5|slotScore=-5|top1=-5|gap=0|depth=14|nodes=488557|slots=1:-5,2:-8,3:-11,4:-14|crit=0
L|2|MG_QT39|S1T300|REF|move=b5c5|score=3|mate=-|depth=30|nodes=3312682|crit=0
L|2|MG_QH01|ANCHOR|score=-8|mate=-|depth=23|nodes=3401670|crit=0
L|2|MG_QH01|AM|SEL|move=e3e4|slotScore=0|top1=4|gap=4|depth=13|nodes=280464|slots=1:4,2:3,3:0,4:0|crit=0
L|2|MG_QH01|AM|REF|move=e3e4|score=11|mate=-|depth=22|nodes=3337571|crit=0
L|2|MG_QH01|AD|SEL|move=g2f4|slotScore=-2|top1=4|gap=6|depth=15|nodes=557403|slots=1:4,2:4,3:-2|crit=0
L|2|MG_QH01|AD|REF|move=g2f4|score=-1|mate=-|depth=24|nodes=3439962|crit=0
L|2|MG_QH01|EX|SEL|move=d0e1|slotScore=3|top1=6|gap=3|depth=18|nodes=874119|slots=1:6,2:3|crit=0
L|2|MG_QH01|EX|REF|move=d0e1|score=-2|mate=-|depth=24|nodes=3338070|crit=0
L|2|MG_QH01|GM|SEL|move=d0e1|slotScore=0|top1=0|gap=0|depth=31|nodes=10280406|slots=1:0|crit=0
L|2|MG_QH01|GM|REF|move=d0e1|score=-5|mate=-|depth=23|nodes=3351031|crit=0
L|2|MG_QH01|S1T300|SEL|move=c0a2|slotScore=5|top1=5|gap=0|depth=13|nodes=471924|slots=1:5,2:3,3:3,4:4|crit=0
L|2|MG_QH01|S1T300|REF|move=c0a2|score=3|mate=-|depth=24|nodes=3386628|crit=0
L|2|MG_QB3|ANCHOR|score=331|mate=-|depth=21|nodes=3045656|crit=0
L|2|MG_QB3|AM|SEL|move=d1f2|slotScore=251|top1=333|gap=82|depth=10|nodes=299134|slots=1:333,2:284,3:272,4:251|crit=0
L|2|MG_QB3|AM|REF|move=d1f2|score=-179|mate=-|depth=21|nodes=3484552|crit=0
L|2|MG_QB3|AD|SEL|move=c4a4|slotScore=260|top1=338|gap=78|depth=14|nodes=542350|slots=1:338,2:333,3:260|crit=0
L|2|MG_QB3|AD|REF|move=c4a4|score=-289|mate=-|depth=19|nodes=3422290|crit=0
L|2|MG_QB3|EX|SEL|move=i1h1|slotScore=358|top1=362|gap=4|depth=15|nodes=911523|slots=1:362,2:358|crit=0
L|2|MG_QB3|EX|REF|move=i1h1|score=-399|mate=-|depth=19|nodes=3554035|crit=0
L|2|MG_QB3|GM|SEL|move=i1h1|slotScore=420|top1=420|gap=0|depth=24|nodes=10130252|slots=1:420|crit=0
L|2|MG_QB3|GM|REF|move=i1h1|score=-402|mate=-|depth=19|nodes=3354584|crit=0
L|2|MG_QB3|S1T300|SEL|move=i1h1|slotScore=357|top1=357|gap=0|depth=13|nodes=550829|slots=1:357,2:339,3:259,4:229|crit=0
L|2|MG_QB3|S1T300|REF|move=i1h1|score=-405|mate=-|depth=20|nodes=3394455|crit=0
L|2|MG_QB9|ANCHOR|score=581|mate=-|depth=21|nodes=2809747|crit=0
L|2|MG_QB9|AM|SEL|move=i8f8|slotScore=533|top1=578|gap=45|depth=11|nodes=215336|slots=1:578,2:539,3:559,4:533|crit=0
L|2|MG_QB9|AM|REF|move=i8f8|score=-577|mate=-|depth=22|nodes=2812559|crit=0
L|2|MG_QB9|AD|SEL|move=a6b6|slotScore=569|top1=582|gap=13|depth=12|nodes=432912|slots=1:582,2:560,3:569|crit=0
L|2|MG_QB9|AD|REF|move=a6b6|score=-587|mate=-|depth=22|nodes=2867449|crit=0
L|2|MG_QB9|EX|SEL|move=i8f8|slotScore=570|top1=587|gap=17|depth=13|nodes=678955|slots=1:587,2:570|crit=0
L|2|MG_QB9|EX|REF|move=i8f8|score=-594|mate=-|depth=19|nodes=2755528|crit=0
L|2|MG_QB9|GM|SEL|move=i8f8|slotScore=590|top1=590|gap=0|depth=23|nodes=8264783|slots=1:590|crit=0
L|2|MG_QB9|GM|REF|move=i8f8|score=-588|mate=-|depth=22|nodes=2788143|crit=0
L|2|MG_QB9|S1T300|SEL|move=c6c5|slotScore=582|top1=582|gap=0|depth=12|nodes=431028|slots=1:582,2:574,3:573,4:565|crit=0
L|2|MG_QB9|S1T300|REF|move=c6c5|score=-589|mate=-|depth=21|nodes=2771193|crit=0
DRV DONE positions=17 round=2
