DRV: not isolated, registering SW (try 0)
DRV: not isolated, registering SW (try 1)
DRV: isolated ok, task=task_levels_r1.json
DRV: engine ready
L|1|OP00|ANCHOR|score=29|mate=-|depth=21|nodes=2828880|crit=0
L|1|OP00|AM|SEL|move=b2e2|slotScore=27|top1=31|gap=4|depth=13|nodes=262412|slots=1:31,2:29,3:27,4:27|crit=0
L|1|OP00|AM|REF|move=b2e2|score=-20|mate=-|depth=23|nodes=3412526|crit=0
L|1|OP00|AD|SEL|move=h2e2|slotScore=24|top1=26|gap=2|depth=15|nodes=522072|slots=1:26,2:27,3:24|crit=0
L|1|OP00|AD|REF|move=h2e2|score=-18|mate=-|depth=23|nodes=3384068|crit=0
L|1|OP00|EX|SEL|move=c3c4|slotScore=24|top1=26|gap=2|depth=17|nodes=840776|slots=1:26,2:24|crit=0
L|1|OP00|EX|REF|move=c3c4|score=-20|mate=-|depth=24|nodes=3492021|crit=0
L|1|OP00|GM|SEL|move=b2e2|slotScore=24|top1=24|gap=0|depth=26|nodes=9598578|slots=1:24|crit=0
L|1|OP00|GM|REF|move=b2e2|score=-24|mate=-|depth=25|nodes=3223965|crit=0
L|1|OP00|S1T300|SEL|move=h2e2|slotScore=26|top1=26|gap=0|depth=13|nodes=565582|slots=1:26,2:24,3:18,4:20|crit=0
L|1|OP00|S1T300|REF|move=h2e2|score=-15|mate=-|depth=23|nodes=3375200|crit=0
L|1|OP02|ANCHOR|score=9|mate=-|depth=21|nodes=3087271|crit=0
L|1|OP02|AM|SEL|move=g3g4|slotScore=11|top1=12|gap=1|depth=13|nodes=252053|slots=1:12,2:10,3:16,4:11|crit=0
L|1|OP02|AM|REF|move=g3g4|score=0|mate=-|depth=24|nodes=3486585|crit=0
L|1|OP02|AD|SEL|move=g3g4|slotScore=9|top1=16|gap=7|depth=15|nodes=505171|slots=1:16,2:13,3:9|crit=0
L|1|OP02|AD|REF|move=g3g4|score=1|mate=-|depth=25|nodes=3442351|crit=0
L|1|OP02|EX|SEL|move=g3g4|slotScore=10|top1=12|gap=2|depth=17|nodes=845420|slots=1:12,2:10|crit=0
L|1|OP02|EX|REF|move=g3g4|score=-1|mate=-|depth=25|nodes=3338857|crit=0
L|1|OP02|GM|SEL|move=h0g2|slotScore=8|top1=8|gap=0|depth=26|nodes=9439589|slots=1:8|crit=0
L|1|OP02|GM|REF|move=h0g2|score=-6|mate=-|depth=25|nodes=3255717|crit=0
L|1|OP02|S1T300|SEL|move=h0g2|slotScore=15|top1=15|gap=0|depth=15|nodes=528637|slots=1:15,2:10,3:7,4:6|crit=0
L|1|OP02|S1T300|REF|move=h0g2|score=-6|mate=-|depth=23|nodes=3140233|crit=0
L|1|OP04|ANCHOR|score=18|mate=-|depth=22|nodes=3514722|crit=0
L|1|OP04|AM|SEL|move=i0h0|slotScore=21|top1=21|gap=0|depth=14|nodes=275138|slots=1:21,2:18,3:15,4:21|crit=0
L|1|OP04|AM|REF|move=i0h0|score=-12|mate=-|depth=24|nodes=3395580|crit=0
L|1|OP04|AD|SEL|move=d0e1|slotScore=14|top1=18|gap=4|depth=16|nodes=560087|slots=1:18,2:18,3:14|crit=0
L|1|OP04|AD|REF|move=d0e1|score=-11|mate=-|depth=24|nodes=3461228|crit=0
L|1|OP04|EX|SEL|move=i0h0|slotScore=15|top1=16|gap=1|depth=19|nodes=857459|slots=1:16,2:15|crit=0
L|1|OP04|EX|REF|move=i0h0|score=-12|mate=-|depth=24|nodes=3356791|crit=0
L|1|OP04|GM|SEL|move=i0h0|slotScore=12|top1=12|gap=0|depth=30|nodes=10545183|slots=1:12|crit=0
L|1|OP04|GM|REF|move=i0h0|score=-11|mate=-|depth=23|nodes=3359709|crit=0
L|1|OP04|S1T300|SEL|move=b0c2|slotScore=14|top1=14|gap=0|depth=15|nodes=548757|slots=1:14,2:14,3:15,4:14|crit=0
L|1|OP04|S1T300|REF|move=b0c2|score=-12|mate=-|depth=24|nodes=3483829|crit=0
L|1|OP06|ANCHOR|score=121|mate=-|depth=22|nodes=3613753|crit=0
L|1|OP06|AM|SEL|move=h2e2|slotScore=-67|top1=124|gap=191|depth=13|nodes=292071|slots=1:124,2:98,3:-27,4:-67|crit=0
L|1|OP06|AM|REF|move=h2e2|score=100|mate=-|depth=21|nodes=3493989|crit=0
L|1|OP06|AD|SEL|move=b9d9|slotScore=-25|top1=112|gap=137|depth=13|nodes=553555|slots=1:112,2:88,3:-25|crit=0
L|1|OP06|AD|REF|move=b9d9|score=24|mate=-|depth=21|nodes=3634526|crit=0
L|1|OP06|EX|SEL|move=b9b8|slotScore=81|top1=121|gap=40|depth=15|nodes=904090|slots=1:121,2:81|crit=0
L|1|OP06|EX|REF|move=b9b8|score=-75|mate=-|depth=20|nodes=3461055|crit=0
L|1|OP06|GM|SEL|move=h2b2|slotScore=118|top1=118|gap=0|depth=25|nodes=10246826|slots=1:118|crit=0
L|1|OP06|GM|REF|move=h2b2|score=-130|mate=-|depth=21|nodes=3551402|crit=0
L|1|OP06|S1T300|SEL|move=h2b2|slotScore=127|top1=127|gap=0|depth=15|nodes=538558|slots=1:127,2:77,3:-30,4:-75|crit=0
L|1|OP06|S1T300|REF|move=h2b2|score=-128|mate=-|depth=21|nodes=3382840|crit=0
L|1|OP08|ANCHOR|score=155|mate=-|depth=22|nodes=3692689|crit=0
L|1|OP08|AM|SEL|move=h2b2|slotScore=-74|top1=147|gap=221|depth=13|nodes=307839|slots=1:147,2:47,3:-39,4:-74|crit=0
L|1|OP08|AM|REF|move=h2b2|score=108|mate=-|depth=22|nodes=3840222|crit=0
L|1|OP08|AD|SEL|move=b9d9|slotScore=-63|top1=160|gap=223|depth=15|nodes=555566|slots=1:160,2:36,3:-63|crit=0
L|1|OP08|AD|REF|move=b9d9|score=78|mate=-|depth=21|nodes=3442394|crit=0
L|1|OP08|EX|SEL|move=b9b4|slotScore=51|top1=159|gap=108|depth=16|nodes=913045|slots=1:159,2:51|crit=0
L|1|OP08|EX|REF|move=b9b4|score=-36|mate=-|depth=20|nodes=3218087|crit=0
L|1|OP08|GM|SEL|move=b9b7|slotScore=184|top1=184|gap=0|depth=26|nodes=10681611|slots=1:184|crit=0
L|1|OP08|GM|REF|move=b9b7|score=-176|mate=-|depth=20|nodes=3598791|crit=0
L|1|OP08|S1T300|SEL|move=b9b7|slotScore=162|top1=162|gap=0|depth=14|nodes=542507|slots=1:162,2:65,3:-31,4:-75|crit=0
L|1|OP08|S1T300|REF|move=b9b7|score=-189|mate=-|depth=20|nodes=3460854|crit=0
L|1|MG_QT01|ANCHOR|score=-29|mate=-|depth=25|nodes=3555648|crit=0
L|1|MG_QT01|AM|SEL|move=h9g7|slotScore=-619|top1=-34|gap=585|depth=15|nodes=274535|slots=1:-34,2:-598,3:-602,4:-619|crit=0
L|1|MG_QT01|AM|REF|move=h9g7|score=614|mate=-|depth=23|nodes=2977988|crit=0
L|1|MG_QT01|AD|SEL|move=c6c5|slotScore=-600|top1=-21|gap=579|depth=17|nodes=565057|slots=1:-21,2:-494,3:-600|crit=0
L|1|MG_QT01|AD|REF|move=c6c5|score=609|mate=-|depth=25|nodes=3096664|crit=0
L|1|MG_QT01|EX|SEL|move=c6c5|slotScore=-609|top1=-35|gap=574|depth=20|nodes=891495|slots=1:-35,2:-609|crit=0
L|1|MG_QT01|EX|REF|move=c6c5|score=612|mate=-|depth=26|nodes=3176926|crit=0
L|1|MG_QT01|GM|SEL|move=c7b9|slotScore=-29|top1=-29|gap=0|depth=30|nodes=10622671|slots=1:-29|crit=0
L|1|MG_QT01|GM|REF|move=c7b9|score=31|mate=-|depth=28|nodes=3595645|crit=0
L|1|MG_QT01|S1T300|SEL|move=c7b9|slotScore=-30|top1=-30|gap=0|depth=16|nodes=539200|slots=1:-30,2:-593,3:-608,4:-617|crit=0
L|1|MG_QT01|S1T300|REF|move=c7b9|score=30|mate=-|depth=27|nodes=3432877|crit=0
L|1|MG_QT05|ANCHOR|score=-35|mate=-|depth=22|nodes=3442769|crit=0
L|1|MG_QT05|AM|SEL|move=i9g9|slotScore=-62|top1=-31|gap=31|depth=12|nodes=268171|slots=1:-31,2:-41,3:-59,4:-62|crit=0
L|1|MG_QT05|AM|REF|move=i9g9|score=74|mate=-|depth=20|nodes=3271256|crit=0
L|1|MG_QT05|AD|SEL|move=i9h9|slotScore=-49|top1=-34|gap=15|depth=14|nodes=522061|slots=1:-34,2:-44,3:-49|crit=0
L|1|MG_QT05|AD|REF|move=i9h9|score=60|mate=-|depth=23|nodes=3597953|crit=0
L|1|MG_QT05|EX|SEL|move=i9h9|slotScore=-54|top1=-36|gap=18|depth=16|nodes=843910|slots=1:-36,2:-54|crit=0
L|1|MG_QT05|EX|REF|move=i9h9|score=47|mate=-|depth=22|nodes=3504391|crit=0
L|1|MG_QT05|GM|SEL|move=h7h9|slotScore=-28|top1=-28|gap=0|depth=27|nodes=10638600|slots=1:-28|crit=0
L|1|MG_QT05|GM|REF|move=h7h9|score=36|mate=-|depth=23|nodes=3588757|crit=0
L|1|MG_QT05|S1T300|SEL|move=h7h9|slotScore=-36|top1=-36|gap=0|depth=13|nodes=563268|slots=1:-36,2:-43,3:-45,4:-66|crit=0
L|1|MG_QT05|S1T300|REF|move=h7h9|score=34|mate=-|depth=24|nodes=3517113|crit=0
L|1|MG_QT10|ANCHOR|score=-27|mate=-|depth=25|nodes=3738285|crit=0
L|1|MG_QT10|AM|SEL|move=i9i7|slotScore=-72|top1=-33|gap=39|depth=13|nodes=309907|slots=1:-33,2:-60,3:-63,4:-72|crit=0
L|1|MG_QT10|AM|REF|move=i9i7|score=67|mate=-|depth=21|nodes=3371507|crit=0
L|1|MG_QT10|AD|SEL|move=a6a5|slotScore=-57|top1=-30|gap=27|depth=14|nodes=556468|slots=1:-30,2:-55,3:-57|crit=0
L|1|MG_QT10|AD|REF|move=a6a5|score=57|mate=-|depth=21|nodes=3640285|crit=0
L|1|MG_QT10|EX|SEL|move=a6a5|slotScore=-69|top1=-31|gap=38|depth=16|nodes=879138|slots=1:-31,2:-69|crit=0
L|1|MG_QT10|EX|REF|move=a6a5|score=58|mate=-|depth=23|nodes=3738193|crit=0
L|1|MG_QT10|GM|SEL|move=i9h9|slotScore=-28|top1=-28|gap=0|depth=30|nodes=11409191|slots=1:-28|crit=0
L|1|MG_QT10|GM|REF|move=i9h9|score=26|mate=-|depth=24|nodes=3649184|crit=0
L|1|MG_QT10|S1T300|SEL|move=i9h9|slotScore=-31|top1=-31|gap=0|depth=14|nodes=560562|slots=1:-31,2:-59,3:-63,4:-66|crit=0
L|1|MG_QT10|S1T300|REF|move=i9h9|score=28|mate=-|depth=24|nodes=3514289|crit=0
L|1|MG_QT14|ANCHOR|score=-29|mate=-|depth=25|nodes=3713926|crit=0
L|1|MG_QT14|AM|SEL|move=c3e4|slotScore=-48|top1=-33|gap=15|depth=14|nodes=310120|slots=1:-33,2:-44,3:-46,4:-48|crit=0
L|1|MG_QT14|AM|REF|move=c3e4|score=54|mate=-|depth=21|nodes=3667063|crit=0
L|1|MG_QT14|AD|SEL|move=f4f2|slotScore=-47|top1=-28|gap=19|depth=17|nodes=597647|slots=1:-28,2:-43,3:-47|crit=0
L|1|MG_QT14|AD|REF|move=f4f2|score=73|mate=-|depth=26|nodes=4177297|crit=0
L|1|MG_QT14|EX|SEL|move=f4b4|slotScore=-36|top1=-30|gap=6|depth=19|nodes=946449|slots=1:-30,2:-36|crit=0
L|1|MG_QT14|EX|REF|move=f4b4|score=21|mate=-|depth=25|nodes=3820932|crit=0
L|1|MG_QT14|GM|SEL|move=f4b4|slotScore=-20|top1=-20|gap=0|depth=31|nodes=11445798|slots=1:-20|crit=0
L|1|MG_QT14|GM|REF|move=f4b4|score=20|mate=-|depth=25|nodes=3749954|crit=0
L|1|MG_QT14|S1T300|SEL|move=f4b4|slotScore=-27|top1=-27|gap=0|depth=14|nodes=593325|slots=1:-27,2:-45,3:-42,4:-52|crit=0
L|1|MG_QT14|S1T300|REF|move=f4b4|score=19|mate=-|depth=24|nodes=3817630|crit=0
L|1|MG_QT19|ANCHOR|score=-15|mate=-|depth=29|nodes=3633382|crit=0
L|1|MG_QT19|AM|SEL|move=c7b7|slotScore=-589|top1=-14|gap=575|depth=14|nodes=296108|slots=1:-14,2:-580,3:-595,4:-589|crit=0
L|1|MG_QT19|AM|REF|move=c7b7|score=577|mate=-|depth=28|nodes=3510789|crit=0
L|1|MG_QT19|AD|SEL|move=c7b7|slotScore=-590|top1=-20|gap=570|depth=19|nodes=582631|slots=1:-20,2:-585,3:-590|crit=0
L|1|MG_QT19|AD|REF|move=c7b7|score=605|mate=-|depth=26|nodes=3435999|crit=0
L|1|MG_QT19|EX|SEL|move=c7d7|slotScore=-596|top1=-16|gap=580|depth=20|nodes=856076|slots=1:-16,2:-596|crit=0
L|1|MG_QT19|EX|REF|move=c7d7|score=590|mate=-|depth=28|nodes=3336227|crit=0
L|1|MG_QT19|GM|SEL|move=c7c3|slotScore=-14|top1=-14|gap=0|depth=34|nodes=10756039|slots=1:-14|crit=0
L|1|MG_QT19|GM|REF|move=c7c3|score=14|mate=-|depth=30|nodes=3685578|crit=0
L|1|MG_QT19|S1T300|SEL|move=c7c3|slotScore=-16|top1=-16|gap=0|depth=18|nodes=571925|slots=1:-16,2:-581,3:-583,4:-584|crit=0
L|1|MG_QT19|S1T300|REF|move=c7c3|score=14|mate=-|depth=30|nodes=3712370|crit=0
L|1|MG_QT24|ANCHOR|score=-14|mate=-|depth=28|nodes=3575654|crit=0
L|1|MG_QT24|AM|SEL|move=g7e6|slotScore=-24|top1=-14|gap=10|depth=14|nodes=289515|slots=1:-14,2:-17,3:-20,4:-24|crit=0
L|1|MG_QT24|AM|REF|move=g7e6|score=16|mate=-|depth=31|nodes=3746694|crit=0
L|1|MG_QT24|AD|SEL|move=g7e6|slotScore=-17|top1=-14|gap=3|depth=17|nodes=562154|slots=1:-14,2:-15,3:-17|crit=0
L|1|MG_QT24|AD|REF|move=g7e6|score=15|mate=-|depth=28|nodes=3637811|crit=0
L|1|MG_QT24|EX|SEL|move=g5e7|slotScore=-16|top1=-13|gap=3|depth=20|nodes=931724|slots=1:-13,2:-16|crit=0
L|1|MG_QT24|EX|REF|move=g5e7|score=14|mate=-|depth=26|nodes=3518657|crit=0
L|1|MG_QT24|GM|SEL|move=g7f5|slotScore=-14|top1=-14|gap=0|depth=34|nodes=10709874|slots=1:-14|crit=0
L|1|MG_QT24|GM|REF|move=g7f5|score=13|mate=-|depth=29|nodes=3686935|crit=0
L|1|MG_QT24|S1T300|SEL|move=g7f5|slotScore=-15|top1=-15|gap=0|depth=16|nodes=554535|slots=1:-15,2:-16,3:-17,4:-20|crit=0
L|1|MG_QT24|S1T300|REF|move=g7f5|score=14|mate=-|depth=31|nodes=3498730|crit=0
L|1|MG_QT29|ANCHOR|score=-13|mate=-|depth=25|nodes=3311883|crit=0
L|1|MG_QT29|AM|SEL|move=d9e8|slotScore=-20|top1=-17|gap=3|depth=13|nodes=239955|slots=1:-17,2:-17,3:-20,4:-20|crit=0
L|1|MG_QT29|AM|REF|move=d9e8|score=26|mate=-|depth=23|nodes=3209094|crit=0
L|1|MG_QT29|AD|SEL|move=b6b5|slotScore=-18|top1=-11|gap=7|depth=16|nodes=547443|slots=1:-11,2:-12,3:-18|crit=0
L|1|MG_QT29|AD|REF|move=b6b5|score=18|mate=-|depth=23|nodes=3229825|crit=0
L|1|MG_QT29|EX|SEL|move=h9h6|slotScore=-13|top1=-12|gap=1|depth=20|nodes=878862|slots=1:-12,2:-13|crit=0
L|1|MG_QT29|EX|REF|move=h9h6|score=11|mate=-|depth=29|nodes=3535113|crit=0
L|1|MG_QT29|GM|SEL|move=a9b9|slotScore=-23|top1=-23|gap=0|depth=26|nodes=9646276|slots=1:-23|crit=0
L|1|MG_QT29|GM|REF|move=a9b9|score=14|mate=-|depth=23|nodes=3551320|crit=0
L|1|MG_QT29|S1T300|SEL|move=a9b9|slotScore=-17|top1=-17|gap=0|depth=14|nodes=548612|slots=1:-17,2:-15,3:-20,4:-23|crit=0
L|1|MG_QT29|S1T300|REF|move=a9b9|score=20|mate=-|depth=24|nodes=3468420|crit=0
L|1|MG_QT34|ANCHOR|score=-3|mate=-|depth=24|nodes=3679782|crit=0
L|1|MG_QT34|AM|SEL|move=c5c4|slotScore=-56|top1=-7|gap=49|depth=11|nodes=273081|slots=1:-7,2:-31,3:-50,4:-56|crit=0
L|1|MG_QT34|AM|REF|move=c5c4|score=14|mate=-|depth=22|nodes=3580622|crit=0
L|1|MG_QT34|AD|SEL|move=h9g7|slotScore=-32|top1=-4|gap=28|depth=16|nodes=546886|slots=1:-4,2:-15,3:-32|crit=0
L|1|MG_QT34|AD|REF|move=h9g7|score=11|mate=-|depth=25|nodes=3600823|crit=0
L|1|MG_QT34|EX|SEL|move=c5c4|slotScore=-11|top1=-1|gap=10|depth=18|nodes=831376|slots=1:-1,2:-11|crit=0
L|1|MG_QT34|EX|REF|move=c5c4|score=17|mate=-|depth=25|nodes=3444165|crit=0
L|1|MG_QT34|GM|SEL|move=d9d3|slotScore=0|top1=0|gap=0|depth=33|nodes=9657260|slots=1:0|crit=0
L|1|MG_QT34|GM|REF|move=d9d3|score=4|mate=-|depth=24|nodes=3342459|crit=0
L|1|MG_QT34|S1T300|SEL|move=d9d3|slotScore=-10|top1=-10|gap=0|depth=15|nodes=554851|slots=1:-10,2:-20,3:-31,4:-51|crit=0
L|1|MG_QT34|S1T300|REF|move=d9d3|score=5|mate=-|depth=25|nodes=3319142|crit=0
L|1|MG_QT39|ANCHOR|score=-2|mate=-|depth=30|nodes=3486168|crit=0
L|1|MG_QT39|AM|SEL|move=i6i5|slotScore=-13|top1=-1|gap=12|depth=14|nodes=288779|slots=1:-1,2:-6,3:-10,4:-13|crit=0
L|1|MG_QT39|AM|REF|move=i6i5|score=16|mate=-|depth=21|nodes=3443980|crit=0
L|1|MG_QT39|AD|SEL|move=d9b9|slotScore=-10|top1=-2|gap=8|depth=15|nodes=551594|slots=1:-2,2:-3,3:-10|crit=0
L|1|MG_QT39|AD|REF|move=d9b9|score=7|mate=-|depth=27|nodes=3377563|crit=0
L|1|MG_QT39|EX|SEL|move=f5f7|slotScore=-8|top1=-2|gap=6|depth=21|nodes=942333|slots=1:-2,2:-8|crit=0
L|1|MG_QT39|EX|REF|move=f5f7|score=7|mate=-|depth=27|nodes=3658690|crit=0
L|1|MG_QT39|GM|SEL|move=b5c5|slotScore=0|top1=0|gap=0|depth=39|nodes=10185069|slots=1:0|crit=0
L|1|MG_QT39|GM|REF|move=b5c5|score=0|mate=-|depth=31|nodes=3590765|crit=0
L|1|MG_QT39|S1T300|SEL|move=b5c5|slotScore=-2|top1=-2|gap=0|depth=15|nodes=557928|slots=1:-2,2:-7,3:-9,4:-12|crit=0
L|1|MG_QT39|S1T300|REF|move=b5c5|score=0|mate=-|depth=36|nodes=3465737|crit=0
L|1|MG_QH01|ANCHOR|score=0|mate=-|depth=24|nodes=3401070|crit=0
L|1|MG_QH01|AM|SEL|move=g2f4|slotScore=-6|top1=5|gap=11|depth=13|nodes=296224|slots=1:5,2:2,3:-1,4:-6|crit=0
L|1|MG_QH01|AM|REF|move=g2f4|score=2|mate=-|depth=28|nodes=3503519|crit=0
L|1|MG_QH01|AD|SEL|move=g2f4|slotScore=-2|top1=1|gap=3|depth=16|nodes=551228|slots=1:1,2:0,3:-2|crit=0
L|1|MG_QH01|AD|REF|move=g2f4|score=0|mate=-|depth=27|nodes=3484182|crit=0
L|1|MG_QH01|EX|SEL|move=c0a2|slotScore=1|top1=4|gap=3|depth=18|nodes=872313|slots=1:4,2:1|crit=0
L|1|MG_QH01|EX|REF|move=c0a2|score=0|mate=-|depth=30|nodes=3514261|crit=0
L|1|MG_QH01|GM|SEL|move=d0e1|slotScore=0|top1=0|gap=0|depth=34|nodes=10348740|slots=1:0|crit=0
L|1|MG_QH01|GM|REF|move=d0e1|score=-2|mate=-|depth=25|nodes=3443491|crit=0
L|1|MG_QH01|S1T300|SEL|move=e3e4|slotScore=6|top1=6|gap=0|depth=14|nodes=553083|slots=1:6,2:-1,3:-2,4:4|crit=0
L|1|MG_QH01|S1T300|REF|move=e3e4|score=10|mate=-|depth=23|nodes=3164381|crit=0
L|1|MG_QB3|ANCHOR|score=374|mate=-|depth=20|nodes=3443047|crit=0
L|1|MG_QB3|AM|SEL|move=d1f2|slotScore=236|top1=330|gap=94|depth=10|nodes=297161|slots=1:330,2:330,3:281,4:236|crit=0
L|1|MG_QB3|AM|REF|move=d1f2|score=-178|mate=-|depth=19|nodes=3651174|crit=0
L|1|MG_QB3|AD|SEL|move=c4a4|slotScore=272|top1=372|gap=100|depth=14|nodes=566842|slots=1:372,2:369,3:272|crit=0
L|1|MG_QB3|AD|REF|move=c4a4|score=-264|mate=-|depth=20|nodes=3504121|crit=0
L|1|MG_QB3|EX|SEL|move=a0b0|slotScore=361|top1=371|gap=10|depth=17|nodes=925913|slots=1:371,2:361|crit=0
L|1|MG_QB3|EX|REF|move=a0b0|score=-387|mate=-|depth=19|nodes=3556326|crit=0
L|1|MG_QB3|GM|SEL|move=i1h1|slotScore=409|top1=409|gap=0|depth=24|nodes=10609020|slots=1:409|crit=0
L|1|MG_QB3|GM|REF|move=i1h1|score=-409|mate=-|depth=20|nodes=3344541|crit=0
L|1|MG_QB3|S1T300|SEL|move=i1h1|slotScore=349|top1=349|gap=0|depth=13|nodes=591370|slots=1:349,2:349,3:307,4:210|crit=0
L|1|MG_QB3|S1T300|REF|move=i1h1|score=-411|mate=-|depth=20|nodes=3455330|crit=0
L|1|MG_QB9|ANCHOR|score=597|mate=-|depth=20|nodes=2753379|crit=0
L|1|MG_QB9|AM|SEL|move=i8f8|slotScore=538|top1=570|gap=32|depth=11|nodes=216082|slots=1:570,2:566,3:566,4:538|crit=0
L|1|MG_QB9|AM|REF|move=i8f8|score=-582|mate=-|depth=21|nodes=2855382|crit=0
L|1|MG_QB9|AD|SEL|move=i8d8|slotScore=557|top1=577|gap=20|depth=12|nodes=442342|slots=1:577,2:573,3:557|crit=0
L|1|MG_QB9|AD|REF|move=i8d8|score=-598|mate=-|depth=19|nodes=2598538|crit=0
L|1|MG_QB9|EX|SEL|move=i8d8|slotScore=563|top1=585|gap=22|depth=13|nodes=726837|slots=1:585,2:563|crit=0
L|1|MG_QB9|EX|REF|move=i8d8|score=-599|mate=-|depth=20|nodes=2750212|crit=0
L|1|MG_QB9|GM|SEL|move=i8d8|slotScore=593|top1=593|gap=0|depth=23|nodes=8676668|slots=1:593|crit=0
L|1|MG_QB9|GM|REF|move=i8d8|score=-581|mate=-|depth=17|nodes=2755040|crit=0
L|1|MG_QB9|S1T300|SEL|move=c6c5|slotScore=583|top1=583|gap=0|depth=12|nodes=436087|slots=1:583,2:578,3:563,4:554|crit=0
L|1|MG_QB9|S1T300|REF|move=c6c5|score=-607|mate=-|depth=20|nodes=2783854|crit=0
DRV DONE positions=17 round=1
