DRV: not isolated, registering SW (try 0)
DRV: isolated ok, task=task_rule12.json
DRV: engine ready
S|R60S_118|CMD|position fen 2b1k4/9/9/9/9/R8/9/9/9/5K3 w - - 0 1 moves a4i4 c9a7 i4a4 a7c5 a4i4 c5e7 i4a4 e7g9 a4i4 g9i7 i4a4 i7g5 a4i4 e9e8 i4a4 g5e7 a4i4 e7c9 i4a4 c9a7 a4i4 a7c5 i4a4 e8e7 a4i4 c5a7 i4a4 a7c9 a4i4 e7d7 i4a4 c9a7 a4i4 a7c5 i4a4 c5e7 a4i4 e7g9 i4a4 g9i7 a4i4 i7g5 i4a4 d7d8 a4i4 g5e7 i4a4 e7g9 a4i4 g9i7 i4a4 d8d9 a4i4 i7g9 i4a4 g9e7 a4i4 e7c9 i4a4 c9a7 a4i4 a7c5 i4a4 d9d8 a4i4 c5a7 i4a4 a7c9 a4i4 c9a7 i4b4 a7c9 b4h4 c9a7 h4h9 a7c9 h9h0 c9a7 h0h7 a7c9 h7a7 d8d9 a7i7 c9a7 i7i0 a7c9 i0i8 c9a7 i8a8 a7c9 a8a0 c9a7 a0a6 a7c9 a6i6 c9a7 i6b6 a7c9 b6b0 c9a7 b0b8 a7c5 b8b0 c5e7 b0b8 e7c9 b8b1 c9a7 b1i1 a7c9 i1a1 c9a7 a1h1 a7c9 h1h8 c9a7 h8h0 a7c9
S|R60S_118|CMD|go depth 12
S|R60S_118|OUT|info string Available processors: 0-15
S|R60S_118|OUT|info string Using 4 threads
S|R60S_118|OUT|info string NNUE evaluation using pikafish.nnue (64MiB, (62083, 1024, 32, 32, 1))
S|R60S_118|OUT|info string Network replica 1: Local memory. Shared memory not supported by the OS. Local allocation fallback.
S|R60S_118|OUT|info depth 1 seldepth 2 multipv 1 score cp 442 nodes 115 nps 23000 hashfull 0 tbhits 0 time 5 pv h0h5
S|R60S_118|OUT|info depth 2 seldepth 3 multipv 1 score cp 0 nodes 1762 nps 251714 hashfull 0 tbhits 0 time 7 pv h0h1
S|R60S_118|OUT|info depth 3 seldepth 3 multipv 1 score cp 0 nodes 2550 nps 364285 hashfull 0 tbhits 0 time 7 pv h0h1 c9a7
S|R60S_118|OUT|info depth 4 seldepth 3 multipv 1 score cp 0 nodes 3193 nps 399125 hashfull 0 tbhits 0 time 8 pv h0h5
S|R60S_118|OUT|info depth 5 seldepth 3 multipv 1 score cp 0 nodes 3764 nps 470500 hashfull 0 tbhits 0 time 8 pv h0h5 d9d8
S|R60S_118|OUT|info depth 6 seldepth 3 multipv 1 score cp 0 nodes 4760 nps 595000 hashfull 0 tbhits 0 time 8 pv h0h5 c9e7
S|R60S_118|OUT|info depth 7 seldepth 3 multipv 1 score cp 0 nodes 5405 nps 600555 hashfull 0 tbhits 0 time 9 pv h0h5 d9d8
S|R60S_118|OUT|info depth 8 seldepth 3 multipv 1 score cp 0 nodes 6940 nps 694000 hashfull 0 tbhits 0 time 10 pv h0h5 d9d8
S|R60S_118|OUT|info depth 9 seldepth 3 multipv 1 score cp 0 nodes 9715 nps 883181 hashfull 0 tbhits 0 time 11 pv h0h5 d9e9
S|R60S_118|OUT|info depth 10 seldepth 3 multipv 1 score cp 0 nodes 10419 nps 947181 hashfull 0 tbhits 0 time 11 pv h0h5 d9e9
S|R60S_118|OUT|info depth 11 seldepth 3 multipv 1 score cp 0 nodes 11061 nps 921750 hashfull 0 tbhits 0 time 12 pv h0h5 d9d8
S|R60S_118|OUT|info depth 12 seldepth 3 multipv 1 score cp 0 nodes 11527 nps 960583 hashfull 0 tbhits 0 time 12 pv h0h5 d9d8
S|R60S_118|OUT|bestmove h0h5 ponder d9d8
S|R60S_118|TIMEOUT
S|R60S_118|END|lines=17
S|R60S_119|CMD|position fen 2b1k4/9/9/9/9/R8/9/9/9/5K3 w - - 0 1 moves a4i4 c9a7 i4a4 a7c5 a4i4 c5e7 i4a4 e7g9 a4i4 g9i7 i4a4 i7g5 a4i4 e9e8 i4a4 g5e7 a4i4 e7c9 i4a4 c9a7 a4i4 a7c5 i4a4 e8e7 a4i4 c5a7 i4a4 a7c9 a4i4 e7d7 i4a4 c9a7 a4i4 a7c5 i4a4 c5e7 a4i4 e7g9 i4a4 g9i7 a4i4 i7g5 i4a4 d7d8 a4i4 g5e7 i4a4 e7g9 a4i4 g9i7 i4a4 d8d9 a4i4 i7g9 i4a4 g9e7 a4i4 e7c9 i4a4 c9a7 a4i4 a7c5 i4a4 d9d8 a4i4 c5a7 i4a4 a7c9 a4i4 c9a7 i4b4 a7c9 b4h4 c9a7 h4h9 a7c9 h9h0 c9a7 h0h7 a7c9 h7a7 d8d9 a7i7 c9a7 i7i0 a7c9 i0i8 c9a7 i8a8 a7c9 a8a0 c9a7 a0a6 a7c9 a6i6 c9a7 i6b6 a7c9 b6b0 c9a7 b0b8 a7c5 b8b0 c5e7 b0b8 e7c9 b8b1 c9a7 b1i1 a7c9 i1a1 c9a7 a1h1 a7c9 h1h8 c9a7 h8h0 a7c9 h0h7
S|R60S_119|CMD|go depth 12
S|R60S_119|OUT|info string Available processors: 0-15
S|R60S_119|OUT|info string Using 4 threads
S|R60S_119|OUT|info string NNUE evaluation using pikafish.nnue (64MiB, (62083, 1024, 32, 32, 1))
S|R60S_119|OUT|info string Network replica 1: Local memory. Shared memory not supported by the OS. Local allocation fallback.
S|R60S_119|OUT|info depth 1 seldepth 2 multipv 1 score cp 0 nodes 4 nps 4000 hashfull 0 tbhits 0 time 1 pv c9a7
S|R60S_119|OUT|info depth 2 seldepth 2 multipv 1 score cp 0 nodes 103 nps 103000 hashfull 0 tbhits 0 time 1 pv c9a7
S|R60S_119|OUT|info depth 3 seldepth 2 multipv 1 score cp 0 nodes 307 nps 307000 hashfull 0 tbhits 0 time 1 pv c9a7
S|R60S_119|OUT|info depth 4 seldepth 2 multipv 1 score cp 0 nodes 521 nps 521000 hashfull 0 tbhits 0 time 1 pv c9a7
S|R60S_119|OUT|info depth 5 seldepth 2 multipv 1 score cp 0 nodes 746 nps 746000 hashfull 0 tbhits 0 time 1 pv c9a7
S|R60S_119|OUT|info depth 6 seldepth 2 multipv 1 score cp 0 nodes 930 nps 930000 hashfull 0 tbhits 0 time 1 pv c9a7
S|R60S_119|OUT|info depth 7 seldepth 2 multipv 1 score cp 0 nodes 1175 nps 1175000 hashfull 0 tbhits 0 time 1 pv c9a7
S|R60S_119|OUT|info depth 8 seldepth 2 multipv 1 score cp 0 nodes 1315 nps 657500 hashfull 0 tbhits 0 time 2 pv c9a7
S|R60S_119|OUT|info depth 9 seldepth 2 multipv 1 score cp 0 nodes 1498 nps 749000 hashfull 0 tbhits 0 time 2 pv c9a7
S|R60S_119|OUT|info depth 10 seldepth 2 multipv 1 score cp 0 nodes 1737 nps 868500 hashfull 0 tbhits 0 time 2 pv c9a7
S|R60S_119|OUT|info depth 11 seldepth 2 multipv 1 score cp 0 nodes 1939 nps 969500 hashfull 0 tbhits 0 time 2 pv c9a7
S|R60S_119|OUT|info depth 12 seldepth 2 multipv 1 score cp 0 nodes 2156 nps 1078000 hashfull 0 tbhits 0 time 2 pv c9a7
S|R60S_119|OUT|bestmove c9a7
S|R60S_119|TIMEOUT
S|R60S_119|END|lines=17
S|R60S_120|CMD|position fen 2b1k4/9/9/9/9/R8/9/9/9/5K3 w - - 0 1 moves a4i4 c9a7 i4a4 a7c5 a4i4 c5e7 i4a4 e7g9 a4i4 g9i7 i4a4 i7g5 a4i4 e9e8 i4a4 g5e7 a4i4 e7c9 i4a4 c9a7 a4i4 a7c5 i4a4 e8e7 a4i4 c5a7 i4a4 a7c9 a4i4 e7d7 i4a4 c9a7 a4i4 a7c5 i4a4 c5e7 a4i4 e7g9 i4a4 g9i7 a4i4 i7g5 i4a4 d7d8 a4i4 g5e7 i4a4 e7g9 a4i4 g9i7 i4a4 d8d9 a4i4 i7g9 i4a4 g9e7 a4i4 e7c9 i4a4 c9a7 a4i4 a7c5 i4a4 d9d8 a4i4 c5a7 i4a4 a7c9 a4i4 c9a7 i4b4 a7c9 b4h4 c9a7 h4h9 a7c9 h9h0 c9a7 h0h7 a7c9 h7a7 d8d9 a7i7 c9a7 i7i0 a7c9 i0i8 c9a7 i8a8 a7c9 a8a0 c9a7 a0a6 a7c9 a6i6 c9a7 i6b6 a7c9 b6b0 c9a7 b0b8 a7c5 b8b0 c5e7 b0b8 e7c9 b8b1 c9a7 b1i1 a7c9 i1a1 c9a7 a1h1 a7c9 h1h8 c9a7 h8h0 a7c9 h0h7 c9a7
S|R60S_120|CMD|go depth 12
S|R60S_120|OUT|info string Available processors: 0-15
S|R60S_120|OUT|info string Using 4 threads
S|R60S_120|OUT|info string NNUE evaluation using pikafish.nnue (64MiB, (62083, 1024, 32, 32, 1))
S|R60S_120|OUT|info string Network replica 1: Local memory. Shared memory not supported by the OS. Local allocation fallback.
S|R60S_120|OUT|info depth 1 seldepth 2 multipv 1 score cp 915 nodes 76 nps 76000 hashfull 0 tbhits 0 time 1 pv h7a7
S|R60S_120|OUT|info depth 2 seldepth 2 multipv 1 score cp 942 nodes 271 nps 271000 hashfull 0 tbhits 0 time 1 pv h7a7
S|R60S_120|OUT|info depth 3 seldepth 5 multipv 1 score cp 949 nodes 514 nps 514000 hashfull 0 tbhits 0 time 1 pv h7a7 d9e9 a7e7 e9d9
S|R60S_120|OUT|info depth 4 seldepth 7 multipv 1 score cp 972 nodes 640 nps 640000 hashfull 0 tbhits 0 time 1 pv h7a7 d9e9 a7a9 e9e8 a9a8 e8e7
S|R60S_120|OUT|info depth 5 seldepth 7 multipv 1 score cp 972 nodes 952 nps 476000 hashfull 0 tbhits 0 time 2 pv h7a7 d9e9 a7a1 e9d9 a1e1 d9d8
S|R60S_120|OUT|info depth 6 seldepth 7 multipv 1 score cp 972 nodes 1167 nps 583500 hashfull 0 tbhits 0 time 2 pv h7a7 d9e9 a7a1 e9d9 a1e1 d9d8
S|R60S_120|OUT|info depth 7 seldepth 10 multipv 1 score cp 962 nodes 1707 nps 853500 hashfull 0 tbhits 0 time 2 pv h7a7 d9e9 a7a9 e9e8 a9a6 e8d8 a6d6 d8e8 d6f6
S|R60S_120|OUT|info depth 8 seldepth 11 multipv 1 score cp 950 nodes 2792 nps 930666 hashfull 0 tbhits 0 time 3 pv h7a7 d9d8 a7a4 d8e8 a4e4 e8d8
S|R60S_120|OUT|info depth 9 seldepth 15 multipv 1 score cp 970 nodes 4056 nps 1352000 hashfull 0 tbhits 0 time 3 pv h7a7 d9d8 a7a1 d8d9 a1e1 d9d8 e1e9 d8d7 e9d9 d7e7 d9e9
S|R60S_120|OUT|info depth 10 seldepth 10 multipv 1 score mate 5 nodes 5004 nps 1251000 hashfull 0 tbhits 0 time 4 pv h7a7 d9d8 a7a1 d8e8 a1e1 e8d8 f0e0 d8d9 e1d1
S|R60S_120|OUT|info depth 11 seldepth 10 multipv 1 score mate 5 nodes 5879 nps 1469750 hashfull 0 tbhits 0 time 4 pv h7a7 d9d8 a7a1 d8e8 a1e1 e8d8 f0e0 d8d9 e1d1
S|R60S_120|OUT|info depth 12 seldepth 10 multipv 1 score mate 5 nodes 6571 nps 1642750 hashfull 0 tbhits 0 time 4 pv h7a7 d9d8 a7a1 d8e8 a1e1 e8d8 f0e0 d8d9 e1d1
S|R60S_120|OUT|bestmove h7a7 ponder d9d8
S|R60S_120|TIMEOUT
S|R60S_120|END|lines=17
S|R60S_121|CMD|position fen 2b1k4/9/9/9/9/R8/9/9/9/5K3 w - - 0 1 moves a4i4 c9a7 i4a4 a7c5 a4i4 c5e7 i4a4 e7g9 a4i4 g9i7 i4a4 i7g5 a4i4 e9e8 i4a4 g5e7 a4i4 e7c9 i4a4 c9a7 a4i4 a7c5 i4a4 e8e7 a4i4 c5a7 i4a4 a7c9 a4i4 e7d7 i4a4 c9a7 a4i4 a7c5 i4a4 c5e7 a4i4 e7g9 i4a4 g9i7 a4i4 i7g5 i4a4 d7d8 a4i4 g5e7 i4a4 e7g9 a4i4 g9i7 i4a4 d8d9 a4i4 i7g9 i4a4 g9e7 a4i4 e7c9 i4a4 c9a7 a4i4 a7c5 i4a4 d9d8 a4i4 c5a7 i4a4 a7c9 a4i4 c9a7 i4b4 a7c9 b4h4 c9a7 h4h9 a7c9 h9h0 c9a7 h0h7 a7c9 h7a7 d8d9 a7i7 c9a7 i7i0 a7c9 i0i8 c9a7 i8a8 a7c9 a8a0 c9a7 a0a6 a7c9 a6i6 c9a7 i6b6 a7c9 b6b0 c9a7 b0b8 a7c5 b8b0 c5e7 b0b8 e7c9 b8b1 c9a7 b1i1 a7c9 i1a1 c9a7 a1h1 a7c9 h1h8 c9a7 h8h0 a7c9 h0h7 c9a7 h7b7
S|R60S_121|CMD|go depth 12
S|R60S_121|OUT|info string Available processors: 0-15
S|R60S_121|OUT|info string Using 4 threads
S|R60S_121|OUT|info string NNUE evaluation using pikafish.nnue (64MiB, (62083, 1024, 32, 32, 1))
S|R60S_121|OUT|info string Network replica 1: Local memory. Shared memory not supported by the OS. Local allocation fallback.
S|R60S_121|OUT|info depth 1 seldepth 2 multipv 1 score cp 0 nodes 174 nps 174000 hashfull 0 tbhits 0 time 1 pv a7c5
S|R60S_121|OUT|info depth 2 seldepth 2 multipv 1 score cp 0 nodes 498 nps 498000 hashfull 0 tbhits 0 time 1 pv a7c5
S|R60S_121|OUT|info depth 3 seldepth 2 multipv 1 score cp 0 nodes 761 nps 761000 hashfull 0 tbhits 0 time 1 pv a7c5
S|R60S_121|OUT|info depth 4 seldepth 2 multipv 1 score cp 0 nodes 1010 nps 1010000 hashfull 0 tbhits 0 time 1 pv a7c5
S|R60S_121|OUT|info depth 5 seldepth 2 multipv 1 score cp 0 nodes 1225 nps 1225000 hashfull 0 tbhits 0 time 1 pv a7c5
S|R60S_121|OUT|info depth 6 seldepth 2 multipv 1 score cp 0 nodes 1493 nps 1493000 hashfull 0 tbhits 0 time 1 pv a7c5
S|R60S_121|OUT|info depth 7 seldepth 2 multipv 1 score cp 0 nodes 1734 nps 1734000 hashfull 0 tbhits 0 time 1 pv a7c5
S|R60S_121|OUT|info depth 8 seldepth 2 multipv 1 score cp 0 nodes 2013 nps 2013000 hashfull 0 tbhits 0 time 1 pv a7c5
S|R60S_121|OUT|info depth 9 seldepth 2 multipv 1 score cp 0 nodes 2252 nps 2252000 hashfull 0 tbhits 0 time 1 pv a7c5
S|R60S_121|OUT|info depth 10 seldepth 2 multipv 1 score cp 0 nodes 2475 nps 2475000 hashfull 0 tbhits 0 time 1 pv a7c5
S|R60S_121|OUT|info depth 11 seldepth 2 multipv 1 score cp 0 nodes 2620 nps 2620000 hashfull 0 tbhits 0 time 1 pv a7c5
S|R60S_121|OUT|info depth 12 seldepth 2 multipv 1 score cp 0 nodes 2752 nps 2752000 hashfull 0 tbhits 0 time 1 pv a7c5
S|R60S_121|OUT|bestmove a7c5
S|R60S_121|TIMEOUT
S|R60S_121|END|lines=17
S|R60S_125|CMD|position fen 2b1k4/9/9/9/9/R8/9/9/9/5K3 w - - 0 1 moves a4i4 c9a7 i4a4 a7c5 a4i4 c5e7 i4a4 e7g9 a4i4 g9i7 i4a4 i7g5 a4i4 e9e8 i4a4 g5e7 a4i4 e7c9 i4a4 c9a7 a4i4 a7c5 i4a4 e8e7 a4i4 c5a7 i4a4 a7c9 a4i4 e7d7 i4a4 c9a7 a4i4 a7c5 i4a4 c5e7 a4i4 e7g9 i4a4 g9i7 a4i4 i7g5 i4a4 d7d8 a4i4 g5e7 i4a4 e7g9 a4i4 g9i7 i4a4 d8d9 a4i4 i7g9 i4a4 g9e7 a4i4 e7c9 i4a4 c9a7 a4i4 a7c5 i4a4 d9d8 a4i4 c5a7 i4a4 a7c9 a4i4 c9a7 i4b4 a7c9 b4h4 c9a7 h4h9 a7c9 h9h0 c9a7 h0h7 a7c9 h7a7 d8d9 a7i7 c9a7 i7i0 a7c9 i0i8 c9a7 i8a8 a7c9 a8a0 c9a7 a0a6 a7c9 a6i6 c9a7 i6b6 a7c9 b6b0 c9a7 b0b8 a7c5 b8b0 c5e7 b0b8 e7c9 b8b1 c9a7 b1i1 a7c9 i1a1 c9a7 a1h1 a7c9 h1h8 c9a7 h8h0 a7c9 h0h7 c9a7 h7b7 a7c9 b7b2 c9a7 b2i2
S|R60S_125|CMD|go depth 12
S|R60S_125|OUT|info string Available processors: 0-15
S|R60S_125|OUT|info string Using 4 threads
S|R60S_125|OUT|info string NNUE evaluation using pikafish.nnue (64MiB, (62083, 1024, 32, 32, 1))
S|R60S_125|OUT|info string Network replica 1: Local memory. Shared memory not supported by the OS. Local allocation fallback.
S|R60S_125|OUT|info depth 1 seldepth 2 multipv 1 score cp 0 nodes 29 nps 29000 hashfull 0 tbhits 0 time 1 pv a7c5
S|R60S_125|OUT|info depth 2 seldepth 2 multipv 1 score cp 0 nodes 370 nps 370000 hashfull 0 tbhits 0 time 1 pv a7c5
S|R60S_125|OUT|info depth 3 seldepth 2 multipv 1 score cp 0 nodes 628 nps 628000 hashfull 0 tbhits 0 time 1 pv a7c5
S|R60S_125|OUT|info depth 4 seldepth 2 multipv 1 score cp 0 nodes 890 nps 890000 hashfull 0 tbhits 0 time 1 pv a7c5
S|R60S_125|OUT|info depth 5 seldepth 2 multipv 1 score cp 0 nodes 1168 nps 1168000 hashfull 0 tbhits 0 time 1 pv a7c5
S|R60S_125|OUT|info depth 6 seldepth 2 multipv 1 score cp 0 nodes 1378 nps 1378000 hashfull 0 tbhits 0 time 1 pv a7c5
S|R60S_125|OUT|info depth 7 seldepth 2 multipv 1 score cp 0 nodes 1591 nps 1591000 hashfull 0 tbhits 0 time 1 pv a7c5
S|R60S_125|OUT|info depth 8 seldepth 2 multipv 1 score cp 0 nodes 1812 nps 1812000 hashfull 0 tbhits 0 time 1 pv a7c5
S|R60S_125|OUT|info depth 9 seldepth 2 multipv 1 score cp 0 nodes 2045 nps 2045000 hashfull 0 tbhits 0 time 1 pv a7c5
S|R60S_125|OUT|info depth 10 seldepth 2 multipv 1 score cp 0 nodes 2307 nps 2307000 hashfull 0 tbhits 0 time 1 pv a7c5
S|R60S_125|OUT|info depth 11 seldepth 2 multipv 1 score cp 0 nodes 2529 nps 2529000 hashfull 0 tbhits 0 time 1 pv a7c5
S|R60S_125|OUT|info depth 12 seldepth 2 multipv 1 score cp 0 nodes 2683 nps 2683000 hashfull 0 tbhits 0 time 1 pv a7c5
S|R60S_125|OUT|bestmove a7c5
S|R60S_125|TIMEOUT
S|R60S_125|END|lines=17
S|R60S_130|CMD|position fen 2b1k4/9/9/9/9/R8/9/9/9/5K3 w - - 0 1 moves a4i4 c9a7 i4a4 a7c5 a4i4 c5e7 i4a4 e7g9 a4i4 g9i7 i4a4 i7g5 a4i4 e9e8 i4a4 g5e7 a4i4 e7c9 i4a4 c9a7 a4i4 a7c5 i4a4 e8e7 a4i4 c5a7 i4a4 a7c9 a4i4 e7d7 i4a4 c9a7 a4i4 a7c5 i4a4 c5e7 a4i4 e7g9 i4a4 g9i7 a4i4 i7g5 i4a4 d7d8 a4i4 g5e7 i4a4 e7g9 a4i4 g9i7 i4a4 d8d9 a4i4 i7g9 i4a4 g9e7 a4i4 e7c9 i4a4 c9a7 a4i4 a7c5 i4a4 d9d8 a4i4 c5a7 i4a4 a7c9 a4i4 c9a7 i4b4 a7c9 b4h4 c9a7 h4h9 a7c9 h9h0 c9a7 h0h7 a7c9 h7a7 d8d9 a7i7 c9a7 i7i0 a7c9 i0i8 c9a7 i8a8 a7c9 a8a0 c9a7 a0a6 a7c9 a6i6 c9a7 i6b6 a7c9 b6b0 c9a7 b0b8 a7c5 b8b0 c5e7 b0b8 e7c9 b8b1 c9a7 b1i1 a7c9 i1a1 c9a7 a1h1 a7c9 h1h8 c9a7 h8h0 a7c9 h0h7 c9a7 h7b7 a7c9 b7b2 c9a7 b2i2 a7c9 i2a2 c9a7 a2h2 a7c9
S|R60S_130|CMD|go depth 12
S|R60S_130|OUT|info string Available processors: 0-15
S|R60S_130|OUT|info string Using 4 threads
S|R60S_130|OUT|info string NNUE evaluation using pikafish.nnue (64MiB, (62083, 1024, 32, 32, 1))
S|R60S_130|OUT|info string Network replica 1: Local memory. Shared memory not supported by the OS. Local allocation fallback.
S|R60S_130|OUT|info depth 1 seldepth 2 multipv 1 score cp 0 nodes 67 nps 67000 hashfull 0 tbhits 0 time 1 pv h2h0
S|R60S_130|OUT|info depth 2 seldepth 2 multipv 1 score cp 0 nodes 674 nps 674000 hashfull 0 tbhits 0 time 1 pv h2h0
S|R60S_130|OUT|info depth 3 seldepth 2 multipv 1 score cp 0 nodes 1187 nps 1187000 hashfull 0 tbhits 0 time 1 pv h2h0
S|R60S_130|OUT|info depth 4 seldepth 2 multipv 1 score cp 0 nodes 1712 nps 1712000 hashfull 0 tbhits 0 time 1 pv h2h1
S|R60S_130|OUT|info depth 5 seldepth 2 multipv 1 score cp 0 nodes 2388 nps 2388000 hashfull 0 tbhits 0 time 1 pv h2a2
S|R60S_130|OUT|info depth 6 seldepth 2 multipv 1 score cp 0 nodes 3052 nps 3052000 hashfull 0 tbhits 0 time 1 pv h2a2
S|R60S_130|OUT|info depth 7 seldepth 2 multipv 1 score cp 0 nodes 3618 nps 3618000 hashfull 0 tbhits 0 time 1 pv h2a2
S|R60S_130|OUT|info depth 8 seldepth 2 multipv 1 score cp 0 nodes 4099 nps 4099000 hashfull 0 tbhits 0 time 1 pv h2h0
S|R60S_130|OUT|info depth 9 seldepth 2 multipv 1 score cp 0 nodes 4583 nps 4583000 hashfull 0 tbhits 0 time 1 pv h2h1
S|R60S_130|OUT|info depth 10 seldepth 2 multipv 1 score cp 0 nodes 5080 nps 5080000 hashfull 0 tbhits 0 time 1 pv h2h1
S|R60S_130|OUT|info depth 11 seldepth 2 multipv 1 score cp 0 nodes 5533 nps 5533000 hashfull 0 tbhits 0 time 1 pv h2h1
S|R60S_130|OUT|info depth 12 seldepth 2 multipv 1 score cp 0 nodes 5930 nps 5930000 hashfull 0 tbhits 0 time 1 pv h2a2
S|R60S_130|OUT|bestmove h2a2
S|R60S_130|TIMEOUT
S|R60S_130|END|lines=17
S|R60S_140|CMD|position fen 2b1k4/9/9/9/9/R8/9/9/9/5K3 w - - 0 1 moves a4i4 c9a7 i4a4 a7c5 a4i4 c5e7 i4a4 e7g9 a4i4 g9i7 i4a4 i7g5 a4i4 e9e8 i4a4 g5e7 a4i4 e7c9 i4a4 c9a7 a4i4 a7c5 i4a4 e8e7 a4i4 c5a7 i4a4 a7c9 a4i4 e7d7 i4a4 c9a7 a4i4 a7c5 i4a4 c5e7 a4i4 e7g9 i4a4 g9i7 a4i4 i7g5 i4a4 d7d8 a4i4 g5e7 i4a4 e7g9 a4i4 g9i7 i4a4 d8d9 a4i4 i7g9 i4a4 g9e7 a4i4 e7c9 i4a4 c9a7 a4i4 a7c5 i4a4 d9d8 a4i4 c5a7 i4a4 a7c9 a4i4 c9a7 i4b4 a7c9 b4h4 c9a7 h4h9 a7c9 h9h0 c9a7 h0h7 a7c9 h7a7 d8d9 a7i7 c9a7 i7i0 a7c9 i0i8 c9a7 i8a8 a7c9 a8a0 c9a7 a0a6 a7c9 a6i6 c9a7 i6b6 a7c9 b6b0 c9a7 b0b8 a7c5 b8b0 c5e7 b0b8 e7c9 b8b1 c9a7 b1i1 a7c9 i1a1 c9a7 a1h1 a7c9 h1h8 c9a7 h8h0 a7c9 h0h7 c9a7 h7b7 a7c9 b7b2 c9a7 b2i2 a7c9 i2a2 c9a7 a2h2 a7c9 h2c2 c9a7 c2c8 a7c9 c8c0 c9a7 c0c7 a7c9 c7c1 c9a7
S|R60S_140|CMD|go depth 12
S|R60S_140|OUT|info string Available processors: 0-15
S|R60S_140|OUT|info string Using 4 threads
S|R60S_140|OUT|info string NNUE evaluation using pikafish.nnue (64MiB, (62083, 1024, 32, 32, 1))
S|R60S_140|OUT|info string Network replica 1: Local memory. Shared memory not supported by the OS. Local allocation fallback.
S|R60S_140|OUT|info depth 1 seldepth 2 multipv 1 score cp 0 nodes 60 nps 60000 hashfull 0 tbhits 0 time 1 pv c1c0
S|R60S_140|OUT|info depth 2 seldepth 2 multipv 1 score cp 0 nodes 566 nps 566000 hashfull 0 tbhits 0 time 1 pv c1c0
S|R60S_140|OUT|info depth 3 seldepth 2 multipv 1 score cp 0 nodes 1064 nps 1064000 hashfull 0 tbhits 0 time 1 pv c1c0
S|R60S_140|OUT|info depth 4 seldepth 2 multipv 1 score cp 0 nodes 1497 nps 1497000 hashfull 0 tbhits 0 time 1 pv c1a1
S|R60S_140|OUT|info depth 5 seldepth 2 multipv 1 score cp 0 nodes 1939 nps 1939000 hashfull 0 tbhits 0 time 1 pv c1b1
S|R60S_140|OUT|info depth 6 seldepth 2 multipv 1 score cp 0 nodes 2318 nps 2318000 hashfull 0 tbhits 0 time 1 pv c1b1
S|R60S_140|OUT|info depth 7 seldepth 2 multipv 1 score cp 0 nodes 2674 nps 2674000 hashfull 0 tbhits 0 time 1 pv c1b1
S|R60S_140|OUT|info depth 8 seldepth 2 multipv 1 score cp 0 nodes 3001 nps 3001000 hashfull 0 tbhits 0 time 1 pv c1c0
S|R60S_140|OUT|info depth 9 seldepth 2 multipv 1 score cp 0 nodes 3381 nps 3381000 hashfull 0 tbhits 0 time 1 pv c1a1
S|R60S_140|OUT|info depth 10 seldepth 2 multipv 1 score cp 0 nodes 3759 nps 3759000 hashfull 0 tbhits 0 time 1 pv c1a1
S|R60S_140|OUT|info depth 11 seldepth 2 multipv 1 score cp 0 nodes 4105 nps 4105000 hashfull 0 tbhits 0 time 1 pv c1a1
S|R60S_140|OUT|info depth 12 seldepth 2 multipv 1 score cp 0 nodes 4512 nps 4512000 hashfull 0 tbhits 0 time 1 pv c1c0
S|R60S_140|OUT|bestmove c1c0
S|R60S_140|TIMEOUT
S|R60S_140|END|lines=17
S|R60S_149|CMD|position fen 2b1k4/9/9/9/9/R8/9/9/9/5K3 w - - 0 1 moves a4i4 c9a7 i4a4 a7c5 a4i4 c5e7 i4a4 e7g9 a4i4 g9i7 i4a4 i7g5 a4i4 e9e8 i4a4 g5e7 a4i4 e7c9 i4a4 c9a7 a4i4 a7c5 i4a4 e8e7 a4i4 c5a7 i4a4 a7c9 a4i4 e7d7 i4a4 c9a7 a4i4 a7c5 i4a4 c5e7 a4i4 e7g9 i4a4 g9i7 a4i4 i7g5 i4a4 d7d8 a4i4 g5e7 i4a4 e7g9 a4i4 g9i7 i4a4 d8d9 a4i4 i7g9 i4a4 g9e7 a4i4 e7c9 i4a4 c9a7 a4i4 a7c5 i4a4 d9d8 a4i4 c5a7 i4a4 a7c9 a4i4 c9a7 i4b4 a7c9 b4h4 c9a7 h4h9 a7c9 h9h0 c9a7 h0h7 a7c9 h7a7 d8d9 a7i7 c9a7 i7i0 a7c9 i0i8 c9a7 i8a8 a7c9 a8a0 c9a7 a0a6 a7c9 a6i6 c9a7 i6b6 a7c9 b6b0 c9a7 b0b8 a7c5 b8b0 c5e7 b0b8 e7c9 b8b1 c9a7 b1i1 a7c9 i1a1 c9a7 a1h1 a7c9 h1h8 c9a7 h8h0 a7c9 h0h7 c9a7 h7b7 a7c9 b7b2 c9a7 b2i2 a7c9 i2a2 c9a7 a2h2 a7c9 h2c2 c9a7 c2c8 a7c9 c8c0 c9a7 c0c7 a7c9 c7c1 c9a7 c1c6 a7c9 c6h6 c9a7 h6h3 a7c9 h3a3 c9a7 a3i3
S|R60S_149|CMD|go depth 12
S|R60S_149|OUT|info string Available processors: 0-15
S|R60S_149|OUT|info string NNUE evaluation using pikafish.nnue (64MiB, (62083, 1024, 32, 32, 1))
S|R60S_149|OUT|info string Using 4 threads
S|R60S_149|OUT|info string Network replica 1: Local memory. Shared memory not supported by the OS. Local allocation fallback.
S|R60S_149|OUT|info depth 2 seldepth 2 multipv 1 score cp 0 nodes 483 nps 483000 hashfull 0 tbhits 0 time 1 pv a7c9
S|R60S_149|OUT|info depth 1 seldepth 2 multipv 1 score cp 0 nodes 13 nps 13000 hashfull 0 tbhits 0 time 1 pv a7c5
S|R60S_149|OUT|info depth 3 seldepth 2 multipv 1 score cp 0 nodes 880 nps 880000 hashfull 0 tbhits 0 time 1 pv d9d8
S|R60S_149|OUT|info depth 4 seldepth 2 multipv 1 score cp 0 nodes 1206 nps 1206000 hashfull 0 tbhits 0 time 1 pv a7c5
S|R60S_149|OUT|info depth 5 seldepth 2 multipv 1 score cp 0 nodes 1585 nps 1585000 hashfull 0 tbhits 0 time 1 pv d9d8
S|R60S_149|OUT|info depth 6 seldepth 2 multipv 1 score cp 0 nodes 1879 nps 1879000 hashfull 0 tbhits 0 time 1 pv a7c9
S|R60S_149|OUT|info depth 7 seldepth 2 multipv 1 score cp 0 nodes 2207 nps 2207000 hashfull 0 tbhits 0 time 1 pv d9d8
S|R60S_149|OUT|info depth 8 seldepth 2 multipv 1 score cp 0 nodes 2620 nps 2620000 hashfull 0 tbhits 0 time 1 pv a7c9
S|R60S_149|OUT|info depth 9 seldepth 2 multipv 1 score cp 0 nodes 2830 nps 2830000 hashfull 0 tbhits 0 time 1 pv d9d8
S|R60S_149|OUT|info depth 10 seldepth 2 multipv 1 score cp 0 nodes 2937 nps 2937000 hashfull 0 tbhits 0 time 1 pv a7c9
S|R60S_149|OUT|info depth 11 seldepth 2 multipv 1 score cp 0 nodes 2986 nps 2986000 hashfull 0 tbhits 0 time 1 pv a7c5
S|R60S_149|OUT|info depth 12 seldepth 2 multipv 1 score cp 0 nodes 2990 nps 2990000 hashfull 0 tbhits 0 time 1 pv d9d8
S|R60S_149|OUT|bestmove d9d8
S|R60S_149|TIMEOUT
S|R60S_149|END|lines=17
S|R60S_150|CMD|position fen 2b1k4/9/9/9/9/R8/9/9/9/5K3 w - - 0 1 moves a4i4 c9a7 i4a4 a7c5 a4i4 c5e7 i4a4 e7g9 a4i4 g9i7 i4a4 i7g5 a4i4 e9e8 i4a4 g5e7 a4i4 e7c9 i4a4 c9a7 a4i4 a7c5 i4a4 e8e7 a4i4 c5a7 i4a4 a7c9 a4i4 e7d7 i4a4 c9a7 a4i4 a7c5 i4a4 c5e7 a4i4 e7g9 i4a4 g9i7 a4i4 i7g5 i4a4 d7d8 a4i4 g5e7 i4a4 e7g9 a4i4 g9i7 i4a4 d8d9 a4i4 i7g9 i4a4 g9e7 a4i4 e7c9 i4a4 c9a7 a4i4 a7c5 i4a4 d9d8 a4i4 c5a7 i4a4 a7c9 a4i4 c9a7 i4b4 a7c9 b4h4 c9a7 h4h9 a7c9 h9h0 c9a7 h0h7 a7c9 h7a7 d8d9 a7i7 c9a7 i7i0 a7c9 i0i8 c9a7 i8a8 a7c9 a8a0 c9a7 a0a6 a7c9 a6i6 c9a7 i6b6 a7c9 b6b0 c9a7 b0b8 a7c5 b8b0 c5e7 b0b8 e7c9 b8b1 c9a7 b1i1 a7c9 i1a1 c9a7 a1h1 a7c9 h1h8 c9a7 h8h0 a7c9 h0h7 c9a7 h7b7 a7c9 b7b2 c9a7 b2i2 a7c9 i2a2 c9a7 a2h2 a7c9 h2c2 c9a7 c2c8 a7c9 c8c0 c9a7 c0c7 a7c9 c7c1 c9a7 c1c6 a7c9 c6h6 c9a7 h6h3 a7c9 h3a3 c9a7 a3i3 a7c9
S|R60S_150|CMD|go depth 12
S|R60S_150|OUT|info string Available processors: 0-15
S|R60S_150|OUT|info string Using 4 threads
S|R60S_150|OUT|info string NNUE evaluation using pikafish.nnue (64MiB, (62083, 1024, 32, 32, 1))
S|R60S_150|OUT|info string Network replica 1: Local memory. Shared memory not supported by the OS. Local allocation fallback.
S|R60S_150|OUT|info depth 1 seldepth 2 multipv 1 score cp 0 nodes 44 nps 44000 hashfull 0 tbhits 0 time 1 pv i3i0
S|R60S_150|OUT|info depth 2 seldepth 2 multipv 1 score cp 0 nodes 608 nps 608000 hashfull 0 tbhits 0 time 1 pv i3i0
S|R60S_150|OUT|info depth 3 seldepth 2 multipv 1 score cp 0 nodes 1108 nps 1108000 hashfull 0 tbhits 0 time 1 pv i3i0
S|R60S_150|OUT|info depth 4 seldepth 2 multipv 1 score cp 0 nodes 1550 nps 1550000 hashfull 0 tbhits 0 time 1 pv i3i9
S|R60S_150|OUT|info depth 5 seldepth 2 multipv 1 score cp 0 nodes 2053 nps 2053000 hashfull 0 tbhits 0 time 1 pv i3i2
S|R60S_150|OUT|info depth 6 seldepth 2 multipv 1 score cp 0 nodes 2516 nps 2516000 hashfull 0 tbhits 0 time 1 pv i3i2
S|R60S_150|OUT|info depth 7 seldepth 2 multipv 1 score cp 0 nodes 3033 nps 3033000 hashfull 0 tbhits 0 time 1 pv i3i2
S|R60S_150|OUT|info depth 9 seldepth 2 multipv 1 score cp 0 nodes 4032 nps 4032000 hashfull 0 tbhits 0 time 1 pv i3i0
S|R60S_150|OUT|info depth 8 seldepth 2 multipv 1 score cp 0 nodes 3562 nps 3562000 hashfull 0 tbhits 0 time 1 pv i3i1
S|R60S_150|OUT|info depth 10 seldepth 2 multipv 1 score cp 0 nodes 4505 nps 4505000 hashfull 0 tbhits 0 time 1 pv i3i0
S|R60S_150|OUT|info depth 11 seldepth 2 multipv 1 score cp 0 nodes 4926 nps 4926000 hashfull 0 tbhits 0 time 1 pv i3i0
S|R60S_150|OUT|info depth 12 seldepth 2 multipv 1 score cp 0 nodes 5410 nps 5410000 hashfull 0 tbhits 0 time 1 pv i3i9
S|R60S_150|OUT|bestmove i3i9
S|R60S_150|TIMEOUT
S|R60S_150|END|lines=17
DRV DONE steps=9
