DRV: not isolated, registering SW (try 0)
DRV: isolated ok, task=task_rule8.json
DRV: engine ready
S|R60T_W_0|CMD|position fen 4k4/3R5/9/9/9/9/9/9/9/3K5 w - - 0 1
S|R60T_W_0|CMD|go depth 14
S|R60T_W_0|OUT|info string Available processors: 0-15
S|R60T_W_0|OUT|info string Using 4 threads
S|R60T_W_0|OUT|info string NNUE evaluation using pikafish.nnue (64MiB, (62083, 1024, 32, 32, 1))
S|R60T_W_0|OUT|info string Network replica 1: Local memory. Shared memory not supported by the OS. Local allocation fallback.
S|R60T_W_0|OUT|info depth 1 seldepth 3 multipv 1 score cp 920 nodes 157 nps 31400 hashfull 0 tbhits 0 time 5 pv d8d3
S|R60T_W_0|OUT|info depth 2 seldepth 4 multipv 1 score cp 998 nodes 900 nps 150000 hashfull 0 tbhits 0 time 6 pv d8d3
S|R60T_W_0|OUT|info depth 3 seldepth 5 multipv 1 score mate 2 nodes 1196 nps 199333 hashfull 0 tbhits 0 time 6 pv d8i8 e9f9 d0e0
S|R60T_W_0|OUT|info depth 4 seldepth 4 multipv 1 score mate 1 nodes 1477 nps 211000 hashfull 0 tbhits 0 time 7 pv d8f8
S|R60T_W_0|OUT|info depth 5 seldepth 2 multipv 1 score mate 1 nodes 1832 nps 261714 hashfull 0 tbhits 0 time 7 pv d8f8
S|R60T_W_0|OUT|info depth 6 seldepth 2 multipv 1 score mate 1 nodes 2135 nps 305000 hashfull 0 tbhits 0 time 7 pv d8f8
S|R60T_W_0|OUT|info depth 7 seldepth 2 multipv 1 score mate 1 nodes 2496 nps 356571 hashfull 0 tbhits 0 time 7 pv d8f8
S|R60T_W_0|OUT|info depth 8 seldepth 2 multipv 1 score mate 1 nodes 3398 nps 424750 hashfull 0 tbhits 0 time 8 pv d8f8
S|R60T_W_0|OUT|info depth 9 seldepth 2 multipv 1 score mate 1 nodes 4499 nps 562375 hashfull 0 tbhits 0 time 8 pv d8f8
S|R60T_W_0|OUT|info depth 11 seldepth 2 multipv 1 score mate 1 nodes 5080 nps 564444 hashfull 0 tbhits 0 time 9 pv d8f8
S|R60T_W_0|OUT|info depth 10 seldepth 2 multipv 1 score mate 1 nodes 4775 nps 530555 hashfull 0 tbhits 0 time 9 pv d8f8
S|R60T_W_0|OUT|info depth 12 seldepth 2 multipv 1 score mate 1 nodes 5386 nps 598444 hashfull 0 tbhits 0 time 9 pv d8f8
S|R60T_W_0|OUT|info depth 13 seldepth 2 multipv 1 score mate 1 nodes 5774 nps 641555 hashfull 0 tbhits 0 time 9 pv d8f8
S|R60T_W_0|OUT|info depth 14 seldepth 2 multipv 1 score mate 1 nodes 6256 nps 695111 hashfull 0 tbhits 0 time 9 pv d8f8
S|R60T_W_0|OUT|bestmove d8f8
S|R60T_W_0|TIMEOUT
S|R60T_W_0|END|lines=19
S|R60T_W_116|CMD|position fen 4k4/3R5/9/9/9/9/9/9/9/3K5 w - - 116 1
S|R60T_W_116|CMD|go depth 14
S|R60T_W_116|OUT|info string Available processors: 0-15
S|R60T_W_116|OUT|info string NNUE evaluation using pikafish.nnue (64MiB, (62083, 1024, 32, 32, 1))
S|R60T_W_116|OUT|info string Using 4 threads
S|R60T_W_116|OUT|info string Network replica 1: Local memory. Shared memory not supported by the OS. Local allocation fallback.
S|R60T_W_116|OUT|info depth 1 seldepth 2 multipv 1 score mate 1 nodes 65 nps 65000 hashfull 0 tbhits 0 time 1 pv d8f8
S|R60T_W_116|OUT|info depth 2 seldepth 2 multipv 1 score mate 1 nodes 706 nps 706000 hashfull 0 tbhits 0 time 1 pv d8f8
S|R60T_W_116|OUT|info depth 3 seldepth 2 multipv 1 score mate 1 nodes 1190 nps 1190000 hashfull 0 tbhits 0 time 1 pv d8f8
S|R60T_W_116|OUT|info depth 4 seldepth 2 multipv 1 score mate 1 nodes 1711 nps 1711000 hashfull 0 tbhits 0 time 1 pv d8f8
S|R60T_W_116|OUT|info depth 5 seldepth 2 multipv 1 score mate 1 nodes 2147 nps 2147000 hashfull 0 tbhits 0 time 1 pv d8f8
S|R60T_W_116|OUT|info depth 6 seldepth 2 multipv 1 score mate 1 nodes 2547 nps 2547000 hashfull 0 tbhits 0 time 1 pv d8f8
S|R60T_W_116|OUT|info depth 7 seldepth 2 multipv 1 score mate 1 nodes 2951 nps 2951000 hashfull 0 tbhits 0 time 1 pv d8f8
S|R60T_W_116|OUT|info depth 8 seldepth 2 multipv 1 score mate 1 nodes 3471 nps 3471000 hashfull 0 tbhits 0 time 1 pv d8f8
S|R60T_W_116|OUT|info depth 9 seldepth 2 multipv 1 score mate 1 nodes 4021 nps 2010500 hashfull 0 tbhits 0 time 2 pv d8f8
S|R60T_W_116|OUT|info depth 10 seldepth 2 multipv 1 score mate 1 nodes 4403 nps 2201500 hashfull 0 tbhits 0 time 2 pv d8f8
S|R60T_W_116|OUT|info depth 11 seldepth 2 multipv 1 score mate 1 nodes 4882 nps 2441000 hashfull 0 tbhits 0 time 2 pv d8f8
S|R60T_W_116|OUT|info depth 12 seldepth 2 multipv 1 score mate 1 nodes 5336 nps 2668000 hashfull 0 tbhits 0 time 2 pv d8f8
S|R60T_W_116|OUT|info depth 13 seldepth 2 multipv 1 score mate 1 nodes 5824 nps 2912000 hashfull 0 tbhits 0 time 2 pv d8f8
S|R60T_W_116|OUT|info depth 14 seldepth 2 multipv 1 score mate 1 nodes 6257 nps 3128500 hashfull 0 tbhits 0 time 2 pv d8f8
S|R60T_W_116|OUT|bestmove d8f8
S|R60T_W_116|TIMEOUT
S|R60T_W_116|END|lines=19
S|R60T_W_117|CMD|position fen 4k4/3R5/9/9/9/9/9/9/9/3K5 w - - 117 1
S|R60T_W_117|CMD|go depth 14
S|R60T_W_117|OUT|info string Available processors: 0-15
S|R60T_W_117|OUT|info string Using 4 threads
S|R60T_W_117|OUT|info string NNUE evaluation using pikafish.nnue (64MiB, (62083, 1024, 32, 32, 1))
S|R60T_W_117|OUT|info string Network replica 1: Local memory. Shared memory not supported by the OS. Local allocation fallback.
S|R60T_W_117|OUT|info depth 1 seldepth 3 multipv 1 score mate 1 nodes 89 nps 89000 hashfull 0 tbhits 0 time 1 pv d8f8
S|R60T_W_117|OUT|info depth 2 seldepth 2 multipv 1 score mate 1 nodes 707 nps 707000 hashfull 0 tbhits 0 time 1 pv d8f8
S|R60T_W_117|OUT|info depth 3 seldepth 2 multipv 1 score mate 1 nodes 1168 nps 1168000 hashfull 0 tbhits 0 time 1 pv d8f8
S|R60T_W_117|OUT|info depth 4 seldepth 2 multipv 1 score mate 1 nodes 2515 nps 2515000 hashfull 0 tbhits 0 time 1 pv d8f8
S|R60T_W_117|OUT|info depth 5 seldepth 2 multipv 1 score mate 1 nodes 3133 nps 3133000 hashfull 0 tbhits 0 time 1 pv d8f8
S|R60T_W_117|OUT|info depth 6 seldepth 2 multipv 1 score mate 1 nodes 3659 nps 3659000 hashfull 0 tbhits 0 time 1 pv d8f8
S|R60T_W_117|OUT|info depth 8 seldepth 2 multipv 1 score mate 1 nodes 4745 nps 2372500 hashfull 0 tbhits 0 time 2 pv d8f8
S|R60T_W_117|OUT|info depth 9 seldepth 2 multipv 1 score mate 1 nodes 5238 nps 2619000 hashfull 0 tbhits 0 time 2 pv d8f8
S|R60T_W_117|OUT|info depth 10 seldepth 2 multipv 1 score mate 1 nodes 5775 nps 2887500 hashfull 0 tbhits 0 time 2 pv d8f8
S|R60T_W_117|OUT|info depth 7 seldepth 2 multipv 1 score mate 1 nodes 4185 nps 2092500 hashfull 0 tbhits 0 time 2 pv d8f8
S|R60T_W_117|OUT|info depth 11 seldepth 2 multipv 1 score mate 1 nodes 6252 nps 3126000 hashfull 0 tbhits 0 time 2 pv d8f8
S|R60T_W_117|OUT|info depth 12 seldepth 2 multipv 1 score mate 1 nodes 6663 nps 3331500 hashfull 0 tbhits 0 time 2 pv d8f8
S|R60T_W_117|OUT|info depth 13 seldepth 2 multipv 1 score mate 1 nodes 7182 nps 3591000 hashfull 0 tbhits 0 time 2 pv d8f8
S|R60T_W_117|OUT|info depth 14 seldepth 2 multipv 1 score mate 1 nodes 7661 nps 3830500 hashfull 0 tbhits 0 time 2 pv d8f8
S|R60T_W_117|OUT|bestmove d8f8
S|R60T_W_117|TIMEOUT
S|R60T_W_117|END|lines=19
S|R60T_W_118|CMD|position fen 4k4/3R5/9/9/9/9/9/9/9/3K5 w - - 118 1
S|R60T_W_118|CMD|go depth 14
S|R60T_W_118|OUT|info string Available processors: 0-15
S|R60T_W_118|OUT|info string Using 4 threads
S|R60T_W_118|OUT|info string NNUE evaluation using pikafish.nnue (64MiB, (62083, 1024, 32, 32, 1))
S|R60T_W_118|OUT|info string Network replica 1: Local memory. Shared memory not supported by the OS. Local allocation fallback.
S|R60T_W_118|OUT|info depth 1 seldepth 2 multipv 1 score mate 1 nodes 20 nps 20000 hashfull 0 tbhits 0 time 1 pv d8f8
S|R60T_W_118|OUT|info depth 2 seldepth 2 multipv 1 score mate 1 nodes 569 nps 569000 hashfull 0 tbhits 0 time 1 pv d8f8
S|R60T_W_118|OUT|info depth 3 seldepth 2 multipv 1 score mate 1 nodes 1146 nps 1146000 hashfull 0 tbhits 0 time 1 pv d8f8
S|R60T_W_118|OUT|info depth 4 seldepth 2 multipv 1 score mate 1 nodes 1601 nps 1601000 hashfull 0 tbhits 0 time 1 pv d8f8
S|R60T_W_118|OUT|info depth 5 seldepth 2 multipv 1 score mate 1 nodes 2151 nps 2151000 hashfull 0 tbhits 0 time 1 pv d8f8
S|R60T_W_118|OUT|info depth 6 seldepth 2 multipv 1 score mate 1 nodes 2721 nps 2721000 hashfull 0 tbhits 0 time 1 pv d8f8
S|R60T_W_118|OUT|info depth 7 seldepth 2 multipv 1 score mate 1 nodes 3320 nps 1660000 hashfull 0 tbhits 0 time 2 pv d8f8
S|R60T_W_118|OUT|info depth 8 seldepth 2 multipv 1 score mate 1 nodes 4558 nps 2279000 hashfull 0 tbhits 0 time 2 pv d8f8
S|R60T_W_118|OUT|info depth 9 seldepth 2 multipv 1 score mate 1 nodes 4957 nps 2478500 hashfull 0 tbhits 0 time 2 pv d8f8
S|R60T_W_118|OUT|info depth 10 seldepth 2 multipv 1 score mate 1 nodes 5696 nps 2848000 hashfull 0 tbhits 0 time 2 pv d8f8
S|R60T_W_118|OUT|info depth 11 seldepth 2 multipv 1 score mate 1 nodes 6266 nps 3133000 hashfull 0 tbhits 0 time 2 pv d8f8
S|R60T_W_118|OUT|info depth 12 seldepth 2 multipv 1 score mate 1 nodes 7039 nps 3519500 hashfull 0 tbhits 0 time 2 pv d8f8
S|R60T_W_118|OUT|info depth 13 seldepth 2 multipv 1 score mate 1 nodes 7499 nps 2499666 hashfull 0 tbhits 0 time 3 pv d8f8
S|R60T_W_118|OUT|info depth 14 seldepth 2 multipv 1 score mate 1 nodes 8014 nps 2671333 hashfull 0 tbhits 0 time 3 pv d8f8
S|R60T_W_118|OUT|bestmove d8f8
S|R60T_W_118|TIMEOUT
S|R60T_W_118|END|lines=19
S|R60T_W_119|CMD|position fen 4k4/3R5/9/9/9/9/9/9/9/3K5 w - - 119 1
S|R60T_W_119|CMD|go depth 14
S|R60T_W_119|OUT|info string Available processors: 0-15
S|R60T_W_119|OUT|info string Using 4 threads
S|R60T_W_119|OUT|info string NNUE evaluation using pikafish.nnue (64MiB, (62083, 1024, 32, 32, 1))
S|R60T_W_119|OUT|info string Network replica 1: Local memory. Shared memory not supported by the OS. Local allocation fallback.
S|R60T_W_119|OUT|info depth 1 seldepth 2 multipv 1 score mate 1 nodes 189 nps 189000 hashfull 0 tbhits 0 time 1 pv d8f8
S|R60T_W_119|OUT|info depth 2 seldepth 2 multipv 1 score mate 1 nodes 702 nps 702000 hashfull 0 tbhits 0 time 1 pv d8f8
S|R60T_W_119|OUT|info depth 3 seldepth 2 multipv 1 score mate 1 nodes 1034 nps 1034000 hashfull 0 tbhits 0 time 1 pv d8f8
S|R60T_W_119|OUT|info depth 4 seldepth 2 multipv 1 score mate 1 nodes 1385 nps 1385000 hashfull 0 tbhits 0 time 1 pv d8f8
S|R60T_W_119|OUT|info depth 5 seldepth 2 multipv 1 score mate 1 nodes 1735 nps 1735000 hashfull 0 tbhits 0 time 1 pv d8f8
S|R60T_W_119|OUT|info depth 6 seldepth 2 multipv 1 score mate 1 nodes 2147 nps 2147000 hashfull 0 tbhits 0 time 1 pv d8f8
S|R60T_W_119|OUT|info depth 7 seldepth 2 multipv 1 score mate 1 nodes 2493 nps 2493000 hashfull 0 tbhits 0 time 1 pv d8f8
S|R60T_W_119|OUT|info depth 8 seldepth 2 multipv 1 score mate 1 nodes 2857 nps 1428500 hashfull 0 tbhits 0 time 2 pv d8f8
S|R60T_W_119|OUT|info depth 9 seldepth 2 multipv 1 score mate 1 nodes 3185 nps 1592500 hashfull 0 tbhits 0 time 2 pv d8f8
S|R60T_W_119|OUT|info depth 10 seldepth 2 multipv 1 score mate 1 nodes 3566 nps 1783000 hashfull 0 tbhits 0 time 2 pv d8f8
S|R60T_W_119|OUT|info depth 11 seldepth 2 multipv 1 score mate 1 nodes 3868 nps 1934000 hashfull 0 tbhits 0 time 2 pv d8f8
S|R60T_W_119|OUT|info depth 12 seldepth 2 multipv 1 score mate 1 nodes 4283 nps 2141500 hashfull 0 tbhits 0 time 2 pv d8f8
S|R60T_W_119|OUT|info depth 13 seldepth 2 multipv 1 score mate 1 nodes 4695 nps 2347500 hashfull 0 tbhits 0 time 2 pv d8f8
S|R60T_W_119|OUT|info depth 14 seldepth 2 multipv 1 score mate 1 nodes 5041 nps 2520500 hashfull 0 tbhits 0 time 2 pv d8f8
S|R60T_W_119|OUT|bestmove d8f8
S|R60T_W_119|TIMEOUT
S|R60T_W_119|END|lines=19
S|R60T_W_120|CMD|position fen 4k4/3R5/9/9/9/9/9/9/9/3K5 w - - 120 1
S|R60T_W_120|OUT|info string CRITICAL ERROR: Command `position fen 4k4/3R5/9/9/9/9/9/9/9/3K5 w - - 120 1` failed. Reason: Unsupported position. Rule60 counter out of range.
S|R60T_W_120|OUT|
DRV error unhandled: [object Object]
S|R60T_W_120|CMD|go depth 14
S|R60T_W_120|OUT|info string Available processors: 0-15
S|R60T_W_120|OUT|info string Using 4 threads
S|R60T_W_120|OUT|info string NNUE evaluation using pikafish.nnue (64MiB, (62083, 1024, 32, 32, 1))
S|R60T_W_120|OUT|info string Network replica 1: Local memory. Shared memory not supported by the OS. Local allocation fallback.
S|R60T_W_120|OUT|info depth 1 seldepth 2 multipv 1 score mate 1 nodes 85 nps 85000 hashfull 0 tbhits 0 time 1 pv d8f8
S|R60T_W_120|OUT|info depth 2 seldepth 2 multipv 1 score mate 1 nodes 696 nps 696000 hashfull 0 tbhits 0 time 1 pv d8f8
S|R60T_W_120|OUT|info depth 3 seldepth 2 multipv 1 score mate 1 nodes 1146 nps 1146000 hashfull 0 tbhits 0 time 1 pv d8f8
S|R60T_W_120|OUT|info depth 4 seldepth 2 multipv 1 score mate 1 nodes 1542 nps 1542000 hashfull 0 tbhits 0 time 1 pv d8f8
S|R60T_W_120|OUT|info depth 6 seldepth 2 multipv 1 score mate 1 nodes 3144 nps 3144000 hashfull 0 tbhits 0 time 1 pv d8f8
S|R60T_W_120|OUT|info depth 5 seldepth 2 multipv 1 score mate 1 nodes 2031 nps 2031000 hashfull 0 tbhits 0 time 1 pv d8f8
S|R60T_W_120|OUT|info depth 7 seldepth 2 multipv 1 score mate 1 nodes 3630 nps 3630000 hashfull 0 tbhits 0 time 1 pv d8f8
S|R60T_W_120|OUT|info depth 8 seldepth 2 multipv 1 score mate 1 nodes 4043 nps 4043000 hashfull 0 tbhits 0 time 1 pv d8f8
S|R60T_W_120|OUT|info depth 9 seldepth 2 multipv 1 score mate 1 nodes 4465 nps 4465000 hashfull 0 tbhits 0 time 1 pv d8f8
S|R60T_W_120|OUT|info depth 10 seldepth 2 multipv 1 score mate 1 nodes 4808 nps 4808000 hashfull 0 tbhits 0 time 1 pv d8f8
S|R60T_W_120|OUT|info depth 11 seldepth 2 multipv 1 score mate 1 nodes 5206 nps 2603000 hashfull 0 tbhits 0 time 2 pv d8f8
S|R60T_W_120|OUT|info depth 12 seldepth 2 multipv 1 score mate 1 nodes 5666 nps 2833000 hashfull 0 tbhits 0 time 2 pv d8f8
S|R60T_W_120|OUT|info depth 13 seldepth 2 multipv 1 score mate 1 nodes 6169 nps 3084500 hashfull 0 tbhits 0 time 2 pv d8f8
S|R60T_W_120|OUT|info depth 14 seldepth 2 multipv 1 score mate 1 nodes 6659 nps 3329500 hashfull 0 tbhits 0 time 2 pv d8f8
S|R60T_W_120|OUT|bestmove d8f8
S|R60T_W_120|TIMEOUT
S|R60T_W_120|END|lines=21
S|R60T_W_121|CMD|position fen 4k4/3R5/9/9/9/9/9/9/9/3K5 w - - 121 1
S|R60T_W_121|OUT|info string CRITICAL ERROR: Command `position fen 4k4/3R5/9/9/9/9/9/9/9/3K5 w - - 121 1` failed. Reason: Unsupported position. Rule60 counter out of range.
S|R60T_W_121|OUT|
DRV error unhandled: [object Object]
S|R60T_W_121|CMD|go depth 14
S|R60T_W_121|OUT|info string Available processors: 0-15
S|R60T_W_121|OUT|info string Using 4 threads
S|R60T_W_121|OUT|info string NNUE evaluation using pikafish.nnue (64MiB, (62083, 1024, 32, 32, 1))
S|R60T_W_121|OUT|info string Network replica 1: Local memory. Shared memory not supported by the OS. Local allocation fallback.
S|R60T_W_121|OUT|info depth 1 seldepth 2 multipv 1 score mate 1 nodes 104 nps 104000 hashfull 0 tbhits 0 time 1 pv d8f8
S|R60T_W_121|OUT|info depth 2 seldepth 2 multipv 1 score mate 1 nodes 586 nps 586000 hashfull 0 tbhits 0 time 1 pv d8f8
S|R60T_W_121|OUT|info depth 3 seldepth 2 multipv 1 score mate 1 nodes 1031 nps 1031000 hashfull 0 tbhits 0 time 1 pv d8f8
S|R60T_W_121|OUT|info depth 4 seldepth 2 multipv 1 score mate 1 nodes 1539 nps 1539000 hashfull 0 tbhits 0 time 1 pv d8f8
S|R60T_W_121|OUT|info depth 5 seldepth 2 multipv 1 score mate 1 nodes 1955 nps 1955000 hashfull 0 tbhits 0 time 1 pv d8f8
S|R60T_W_121|OUT|info depth 6 seldepth 2 multipv 1 score mate 1 nodes 2397 nps 2397000 hashfull 0 tbhits 0 time 1 pv d8f8
S|R60T_W_121|OUT|info depth 7 seldepth 2 multipv 1 score mate 1 nodes 2942 nps 2942000 hashfull 0 tbhits 0 time 1 pv d8f8
S|R60T_W_121|OUT|info depth 8 seldepth 2 multipv 1 score mate 1 nodes 3409 nps 1704500 hashfull 0 tbhits 0 time 2 pv d8f8
S|R60T_W_121|OUT|info depth 9 seldepth 2 multipv 1 score mate 1 nodes 3911 nps 1955500 hashfull 0 tbhits 0 time 2 pv d8f8
S|R60T_W_121|OUT|info depth 10 seldepth 2 multipv 1 score mate 1 nodes 4353 nps 2176500 hashfull 0 tbhits 0 time 2 pv d8f8
S|R60T_W_121|OUT|info depth 11 seldepth 2 multipv 1 score mate 1 nodes 4823 nps 2411500 hashfull 0 tbhits 0 time 2 pv d8f8
S|R60T_W_121|OUT|info depth 12 seldepth 2 multipv 1 score mate 1 nodes 5309 nps 2654500 hashfull 0 tbhits 0 time 2 pv d8f8
S|R60T_W_121|OUT|info depth 13 seldepth 2 multipv 1 score mate 1 nodes 5837 nps 2918500 hashfull 0 tbhits 0 time 2 pv d8f8
S|R60T_W_121|OUT|info depth 14 seldepth 2 multipv 1 score mate 1 nodes 6251 nps 3125500 hashfull 0 tbhits 0 time 2 pv d8f8
S|R60T_W_121|OUT|bestmove d8f8
S|R60T_W_121|TIMEOUT
S|R60T_W_121|END|lines=21
S|R60T_W_122|CMD|position fen 4k4/3R5/9/9/9/9/9/9/9/3K5 w - - 122 1
S|R60T_W_122|OUT|info string CRITICAL ERROR: Command `position fen 4k4/3R5/9/9/9/9/9/9/9/3K5 w - - 122 1` failed. Reason: Unsupported position. Rule60 counter out of range.
S|R60T_W_122|OUT|
DRV error unhandled: [object Object]
S|R60T_W_122|CMD|go depth 14
S|R60T_W_122|OUT|info string Available processors: 0-15
S|R60T_W_122|OUT|info string Using 4 threads
S|R60T_W_122|OUT|info string NNUE evaluation using pikafish.nnue (64MiB, (62083, 1024, 32, 32, 1))
S|R60T_W_122|OUT|info string Network replica 1: Local memory. Shared memory not supported by the OS. Local allocation fallback.
S|R60T_W_122|OUT|info depth 2 seldepth 2 multipv 1 score mate 1 nodes 697 nps 697000 hashfull 0 tbhits 0 time 1 pv d8f8
S|R60T_W_122|OUT|info depth 3 seldepth 2 multipv 1 score mate 1 nodes 1094 nps 1094000 hashfull 0 tbhits 0 time 1 pv d8f8
S|R60T_W_122|OUT|info depth 1 seldepth 2 multipv 1 score mate 1 nodes 35 nps 35000 hashfull 0 tbhits 0 time 1 pv d8f8
S|R60T_W_122|OUT|info depth 4 seldepth 2 multipv 1 score mate 1 nodes 1442 nps 1442000 hashfull 0 tbhits 0 time 1 pv d8f8
S|R60T_W_122|OUT|info depth 5 seldepth 2 multipv 1 score mate 1 nodes 1837 nps 1837000 hashfull 0 tbhits 0 time 1 pv d8f8
S|R60T_W_122|OUT|info depth 6 seldepth 2 multipv 1 score mate 1 nodes 2221 nps 2221000 hashfull 0 tbhits 0 time 1 pv d8f8
S|R60T_W_122|OUT|info depth 7 seldepth 2 multipv 1 score mate 1 nodes 2611 nps 2611000 hashfull 0 tbhits 0 time 1 pv d8f8
S|R60T_W_122|OUT|info depth 8 seldepth 2 multipv 1 score mate 1 nodes 2975 nps 2975000 hashfull 0 tbhits 0 time 1 pv d8f8
S|R60T_W_122|OUT|info depth 9 seldepth 2 multipv 1 score mate 1 nodes 3339 nps 3339000 hashfull 0 tbhits 0 time 1 pv d8f8
S|R60T_W_122|OUT|info depth 10 seldepth 2 multipv 1 score mate 1 nodes 3781 nps 3781000 hashfull 0 tbhits 0 time 1 pv d8f8
S|R60T_W_122|OUT|info depth 11 seldepth 2 multipv 1 score mate 1 nodes 4223 nps 4223000 hashfull 0 tbhits 0 time 1 pv d8f8
S|R60T_W_122|OUT|info depth 12 seldepth 2 multipv 1 score mate 1 nodes 4804 nps 4804000 hashfull 0 tbhits 0 time 1 pv d8f8
S|R60T_W_122|OUT|info depth 13 seldepth 2 multipv 1 score mate 1 nodes 5425 nps 2712500 hashfull 0 tbhits 0 time 2 pv d8f8
S|R60T_W_122|OUT|info depth 14 seldepth 2 multipv 1 score mate 1 nodes 5908 nps 2954000 hashfull 0 tbhits 0 time 2 pv d8f8
S|R60T_W_122|OUT|bestmove d8f8
S|R60T_W_122|TIMEOUT
S|R60T_W_122|END|lines=21
S|R60T_W_125|CMD|position fen 4k4/3R5/9/9/9/9/9/9/9/3K5 w - - 125 1
S|R60T_W_125|OUT|info string CRITICAL ERROR: Command `position fen 4k4/3R5/9/9/9/9/9/9/9/3K5 w - - 125 1` failed. Reason: Unsupported position. Rule60 counter out of range.
S|R60T_W_125|OUT|
DRV error unhandled: [object Object]
S|R60T_W_125|CMD|go depth 14
S|R60T_W_125|OUT|info string Available processors: 0-15
S|R60T_W_125|OUT|info string Using 4 threads
S|R60T_W_125|OUT|info string NNUE evaluation using pikafish.nnue (64MiB, (62083, 1024, 32, 32, 1))
S|R60T_W_125|OUT|info string Network replica 1: Local memory. Shared memory not supported by the OS. Local allocation fallback.
S|R60T_W_125|OUT|info depth 2 seldepth 2 multipv 1 score mate 1 nodes 474 nps 474000 hashfull 0 tbhits 0 time 1 pv d8f8
S|R60T_W_125|OUT|info depth 3 seldepth 2 multipv 1 score mate 1 nodes 817 nps 817000 hashfull 0 tbhits 0 time 1 pv d8f8
S|R60T_W_125|OUT|info depth 1 seldepth 2 multipv 1 score mate 1 nodes 18 nps 18000 hashfull 0 tbhits 0 time 1 pv d8f8
S|R60T_W_125|OUT|info depth 4 seldepth 2 multipv 1 score mate 1 nodes 1298 nps 1298000 hashfull 0 tbhits 0 time 1 pv d8f8
S|R60T_W_125|OUT|info depth 5 seldepth 2 multipv 1 score mate 1 nodes 1716 nps 1716000 hashfull 0 tbhits 0 time 1 pv d8f8
S|R60T_W_125|OUT|info depth 6 seldepth 2 multipv 1 score mate 1 nodes 2125 nps 2125000 hashfull 0 tbhits 0 time 1 pv d8f8
S|R60T_W_125|OUT|info depth 7 seldepth 2 multipv 1 score mate 1 nodes 2576 nps 2576000 hashfull 0 tbhits 0 time 1 pv d8f8
S|R60T_W_125|OUT|info depth 8 seldepth 2 multipv 1 score mate 1 nodes 2936 nps 2936000 hashfull 0 tbhits 0 time 1 pv d8f8
S|R60T_W_125|OUT|info depth 9 seldepth 2 multipv 1 score mate 1 nodes 3476 nps 3476000 hashfull 0 tbhits 0 time 1 pv d8f8
S|R60T_W_125|OUT|info depth 10 seldepth 2 multipv 1 score mate 1 nodes 3910 nps 3910000 hashfull 0 tbhits 0 time 1 pv d8f8
S|R60T_W_125|OUT|info depth 11 seldepth 2 multipv 1 score mate 1 nodes 4366 nps 4366000 hashfull 0 tbhits 0 time 1 pv d8f8
S|R60T_W_125|OUT|info depth 12 seldepth 2 multipv 1 score mate 1 nodes 4863 nps 2431500 hashfull 0 tbhits 0 time 2 pv d8f8
S|R60T_W_125|OUT|info depth 13 seldepth 2 multipv 1 score mate 1 nodes 5248 nps 2624000 hashfull 0 tbhits 0 time 2 pv d8f8
S|R60T_W_125|OUT|info depth 14 seldepth 2 multipv 1 score mate 1 nodes 5641 nps 2820500 hashfull 0 tbhits 0 time 2 pv d8f8
S|R60T_W_125|OUT|bestmove d8f8
S|R60T_W_125|TIMEOUT
S|R60T_W_125|END|lines=21
S|R60T_B_0|CMD|position fen 5k3/3R5/9/9/9/9/9/9/9/3K5 b - - 0 1
S|R60T_B_0|CMD|go depth 14
S|R60T_B_0|OUT|info string Available processors: 0-15
S|R60T_B_0|OUT|info string Using 4 threads
S|R60T_B_0|OUT|info string NNUE evaluation using pikafish.nnue (64MiB, (62083, 1024, 32, 32, 1))
S|R60T_B_0|OUT|info string Network replica 1: Local memory. Shared memory not supported by the OS. Local allocation fallback.
S|R60T_B_0|OUT|info depth 1 seldepth 2 multipv 1 score cp -924 nodes 2 nps 2000 hashfull 0 tbhits 0 time 1 pv f9e9
S|R60T_B_0|OUT|info depth 2 seldepth 3 multipv 1 score mate -1 nodes 128 nps 128000 hashfull 0 tbhits 0 time 1 pv f9e9 d8f8
S|R60T_B_0|OUT|info depth 3 seldepth 3 multipv 1 score mate -1 nodes 318 nps 318000 hashfull 0 tbhits 0 time 1 pv f9e9 d8f8
S|R60T_B_0|OUT|info depth 4 seldepth 3 multipv 1 score mate -1 nodes 494 nps 494000 hashfull 0 tbhits 0 time 1 pv f9e9 d8f8
S|R60T_B_0|OUT|info depth 5 seldepth 3 multipv 1 score mate -1 nodes 646 nps 646000 hashfull 0 tbhits 0 time 1 pv f9e9 d8f8
S|R60T_B_0|OUT|info depth 6 seldepth 3 multipv 1 score mate -1 nodes 851 nps 851000 hashfull 0 tbhits 0 time 1 pv f9e9 d8f8
S|R60T_B_0|OUT|info depth 7 seldepth 3 multipv 1 score mate -1 nodes 1084 nps 1084000 hashfull 0 tbhits 0 time 1 pv f9e9 d8f8
S|R60T_B_0|OUT|info depth 8 seldepth 3 multipv 1 score mate -1 nodes 1242 nps 1242000 hashfull 0 tbhits 0 time 1 pv f9e9 d8f8
S|R60T_B_0|OUT|info depth 9 seldepth 3 multipv 1 score mate -1 nodes 1350 nps 1350000 hashfull 0 tbhits 0 time 1 pv f9e9 d8f8
S|R60T_B_0|OUT|info depth 10 seldepth 3 multipv 1 score mate -1 nodes 1452 nps 1452000 hashfull 0 tbhits 0 time 1 pv f9e9 d8f8
S|R60T_B_0|OUT|info depth 11 seldepth 3 multipv 1 score mate -1 nodes 1494 nps 1494000 hashfull 0 tbhits 0 time 1 pv f9e9 d8f8
S|R60T_B_0|OUT|info depth 12 seldepth 3 multipv 1 score mate -1 nodes 1496 nps 1496000 hashfull 0 tbhits 0 time 1 pv f9e9 d8f8
S|R60T_B_0|OUT|info depth 13 seldepth 3 multipv 1 score mate -1 nodes 1498 nps 1498000 hashfull 0 tbhits 0 time 1 pv f9e9 d8f8
S|R60T_B_0|OUT|info depth 14 seldepth 3 multipv 1 score mate -1 nodes 1500 nps 1500000 hashfull 0 tbhits 0 time 1 pv f9e9 d8f8
S|R60T_B_0|OUT|bestmove f9e9 ponder d8f8
S|R60T_B_0|TIMEOUT
S|R60T_B_0|END|lines=19
S|R60T_B_118|CMD|position fen 5k3/3R5/9/9/9/9/9/9/9/3K5 b - - 118 1
S|R60T_B_118|CMD|go depth 14
S|R60T_B_118|OUT|info string Available processors: 0-15
S|R60T_B_118|OUT|info string Using 4 threads
S|R60T_B_118|OUT|info string NNUE evaluation using pikafish.nnue (64MiB, (62083, 1024, 32, 32, 1))
S|R60T_B_118|OUT|info string Network replica 1: Local memory. Shared memory not supported by the OS. Local allocation fallback.
S|R60T_B_118|OUT|info depth 2 seldepth 3 multipv 1 score mate -1 nodes 339 nps 339000 hashfull 0 tbhits 0 time 1 pv f9e9 d8f8
S|R60T_B_118|OUT|info depth 3 seldepth 3 multipv 1 score mate -1 nodes 593 nps 593000 hashfull 0 tbhits 0 time 1 pv f9e9 d8f8
S|R60T_B_118|OUT|info depth 1 seldepth 2 multipv 1 score cp -573 nodes 6 nps 6000 hashfull 0 tbhits 0 time 1 pv f9e9
S|R60T_B_118|OUT|info depth 5 seldepth 3 multipv 1 score mate -1 nodes 1022 nps 1022000 hashfull 0 tbhits 0 time 1 pv f9e9 d8f8
S|R60T_B_118|OUT|info depth 6 seldepth 3 multipv 1 score mate -1 nodes 1257 nps 1257000 hashfull 0 tbhits 0 time 1 pv f9e9 d8f8
S|R60T_B_118|OUT|info depth 7 seldepth 3 multipv 1 score mate -1 nodes 1443 nps 1443000 hashfull 0 tbhits 0 time 1 pv f9e9 d8f8
S|R60T_B_118|OUT|info depth 8 seldepth 3 multipv 1 score mate -1 nodes 1492 nps 1492000 hashfull 0 tbhits 0 time 1 pv f9e9 d8f8
S|R60T_B_118|OUT|info depth 4 seldepth 3 multipv 1 score mate -1 nodes 829 nps 829000 hashfull 0 tbhits 0 time 1 pv f9e9 d8f8
S|R60T_B_118|OUT|info depth 9 seldepth 3 multipv 1 score mate -1 nodes 1494 nps 1494000 hashfull 0 tbhits 0 time 1 pv f9e9 d8f8
S|R60T_B_118|OUT|info depth 10 seldepth 3 multipv 1 score mate -1 nodes 1496 nps 1496000 hashfull 0 tbhits 0 time 1 pv f9e9 d8f8
S|R60T_B_118|OUT|info depth 11 seldepth 3 multipv 1 score mate -1 nodes 1498 nps 749000 hashfull 0 tbhits 0 time 2 pv f9e9 d8f8
S|R60T_B_118|OUT|info depth 12 seldepth 3 multipv 1 score mate -1 nodes 1500 nps 750000 hashfull 0 tbhits 0 time 2 pv f9e9 d8f8
S|R60T_B_118|OUT|info depth 13 seldepth 3 multipv 1 score mate -1 nodes 1502 nps 751000 hashfull 0 tbhits 0 time 2 pv f9e9 d8f8
S|R60T_B_118|OUT|info depth 14 seldepth 3 multipv 1 score mate -1 nodes 1504 nps 752000 hashfull 0 tbhits 0 time 2 pv f9e9 d8f8
S|R60T_B_118|OUT|bestmove f9e9 ponder d8f8
S|R60T_B_118|TIMEOUT
S|R60T_B_118|END|lines=19
S|R60T_B_119|CMD|position fen 5k3/3R5/9/9/9/9/9/9/9/3K5 b - - 119 1
S|R60T_B_119|CMD|go depth 14
S|R60T_B_119|OUT|info string Available processors: 0-15
S|R60T_B_119|OUT|info string Using 4 threads
S|R60T_B_119|OUT|info string NNUE evaluation using pikafish.nnue (64MiB, (62083, 1024, 32, 32, 1))
S|R60T_B_119|OUT|info string Network replica 1: Local memory. Shared memory not supported by the OS. Local allocation fallback.
S|R60T_B_119|OUT|info depth 1 seldepth 2 multipv 1 score cp 0 nodes 2 nps 2000 hashfull 0 tbhits 0 time 1 pv f9e9
S|R60T_B_119|OUT|info depth 2 seldepth 2 multipv 1 score cp 0 nodes 139 nps 139000 hashfull 0 tbhits 0 time 1 pv f9e9
S|R60T_B_119|OUT|info depth 3 seldepth 2 multipv 1 score cp 0 nodes 273 nps 273000 hashfull 0 tbhits 0 time 1 pv f9e9
S|R60T_B_119|OUT|info depth 4 seldepth 2 multipv 1 score cp 0 nodes 397 nps 397000 hashfull 0 tbhits 0 time 1 pv f9e9
S|R60T_B_119|OUT|info depth 5 seldepth 2 multipv 1 score cp 0 nodes 516 nps 516000 hashfull 0 tbhits 0 time 1 pv f9e9
S|R60T_B_119|OUT|info depth 6 seldepth 2 multipv 1 score cp 0 nodes 650 nps 650000 hashfull 0 tbhits 0 time 1 pv f9e9
S|R60T_B_119|OUT|info depth 7 seldepth 2 multipv 1 score cp 0 nodes 743 nps 743000 hashfull 0 tbhits 0 time 1 pv f9e9
S|R60T_B_119|OUT|info depth 8 seldepth 2 multipv 1 score cp 0 nodes 744 nps 744000 hashfull 0 tbhits 0 time 1 pv f9e9
S|R60T_B_119|OUT|info depth 9 seldepth 2 multipv 1 score cp 0 nodes 745 nps 745000 hashfull 0 tbhits 0 time 1 pv f9e9
S|R60T_B_119|OUT|info depth 10 seldepth 2 multipv 1 score cp 0 nodes 746 nps 373000 hashfull 0 tbhits 0 time 2 pv f9e9
S|R60T_B_119|OUT|info depth 11 seldepth 2 multipv 1 score cp 0 nodes 747 nps 373500 hashfull 0 tbhits 0 time 2 pv f9e9
S|R60T_B_119|OUT|info depth 12 seldepth 2 multipv 1 score cp 0 nodes 748 nps 374000 hashfull 0 tbhits 0 time 2 pv f9e9
S|R60T_B_119|OUT|info depth 13 seldepth 2 multipv 1 score cp 0 nodes 749 nps 374500 hashfull 0 tbhits 0 time 2 pv f9e9
S|R60T_B_119|OUT|info depth 14 seldepth 2 multipv 1 score cp 0 nodes 750 nps 375000 hashfull 0 tbhits 0 time 2 pv f9e9
S|R60T_B_119|OUT|bestmove f9e9
S|R60T_B_119|TIMEOUT
S|R60T_B_119|END|lines=19
S|R60T_B_120|CMD|position fen 5k3/3R5/9/9/9/9/9/9/9/3K5 b - - 120 1
S|R60T_B_120|OUT|info string CRITICAL ERROR: Command `position fen 5k3/3R5/9/9/9/9/9/9/9/3K5 b - - 120 1` failed. Reason: Unsupported position. Rule60 counter out of range.
S|R60T_B_120|OUT|
DRV error unhandled: [object Object]
S|R60T_B_120|CMD|go depth 14
S|R60T_B_120|OUT|info string Available processors: 0-15
S|R60T_B_120|OUT|info string Using 4 threads
S|R60T_B_120|OUT|info string NNUE evaluation using pikafish.nnue (64MiB, (62083, 1024, 32, 32, 1))
S|R60T_B_120|OUT|info string Network replica 1: Local memory. Shared memory not supported by the OS. Local allocation fallback.
S|R60T_B_120|OUT|info depth 1 seldepth 2 multipv 1 score cp 0 nodes 4 nps 4000 hashfull 0 tbhits 0 time 1 pv f9e9
S|R60T_B_120|OUT|info depth 2 seldepth 2 multipv 1 score cp 0 nodes 165 nps 165000 hashfull 0 tbhits 0 time 1 pv f9e9
S|R60T_B_120|OUT|info depth 3 seldepth 2 multipv 1 score cp 0 nodes 284 nps 284000 hashfull 0 tbhits 0 time 1 pv f9e9
S|R60T_B_120|OUT|info depth 4 seldepth 2 multipv 1 score cp 0 nodes 469 nps 469000 hashfull 0 tbhits 0 time 1 pv f9e9
S|R60T_B_120|OUT|info depth 5 seldepth 2 multipv 1 score cp 0 nodes 621 nps 621000 hashfull 0 tbhits 0 time 1 pv f9e9
S|R60T_B_120|OUT|info depth 6 seldepth 2 multipv 1 score cp 0 nodes 708 nps 708000 hashfull 0 tbhits 0 time 1 pv f9e9
S|R60T_B_120|OUT|info depth 7 seldepth 2 multipv 1 score cp 0 nodes 742 nps 742000 hashfull 0 tbhits 0 time 1 pv f9e9
S|R60T_B_120|OUT|info depth 8 seldepth 2 multipv 1 score cp 0 nodes 743 nps 743000 hashfull 0 tbhits 0 time 1 pv f9e9
S|R60T_B_120|OUT|info depth 9 seldepth 2 multipv 1 score cp 0 nodes 744 nps 744000 hashfull 0 tbhits 0 time 1 pv f9e9
S|R60T_B_120|OUT|info depth 10 seldepth 2 multipv 1 score cp 0 nodes 745 nps 745000 hashfull 0 tbhits 0 time 1 pv f9e9
S|R60T_B_120|OUT|info depth 11 seldepth 2 multipv 1 score cp 0 nodes 746 nps 746000 hashfull 0 tbhits 0 time 1 pv f9e9
S|R60T_B_120|OUT|info depth 12 seldepth 2 multipv 1 score cp 0 nodes 747 nps 747000 hashfull 0 tbhits 0 time 1 pv f9e9
S|R60T_B_120|OUT|info depth 13 seldepth 2 multipv 1 score cp 0 nodes 748 nps 748000 hashfull 0 tbhits 0 time 1 pv f9e9
S|R60T_B_120|OUT|info depth 14 seldepth 2 multipv 1 score cp 0 nodes 749 nps 749000 hashfull 0 tbhits 0 time 1 pv f9e9
S|R60T_B_120|OUT|bestmove f9e9
S|R60T_B_120|TIMEOUT
S|R60T_B_120|END|lines=21
S|R60T_B_121|CMD|position fen 5k3/3R5/9/9/9/9/9/9/9/3K5 b - - 121 1
S|R60T_B_121|OUT|info string CRITICAL ERROR: Command `position fen 5k3/3R5/9/9/9/9/9/9/9/3K5 b - - 121 1` failed. Reason: Unsupported position. Rule60 counter out of range.
S|R60T_B_121|OUT|
DRV error unhandled: [object Object]
S|R60T_B_121|CMD|go depth 14
S|R60T_B_121|OUT|info string Available processors: 0-15
S|R60T_B_121|OUT|info string Using 4 threads
S|R60T_B_121|OUT|info string NNUE evaluation using pikafish.nnue (64MiB, (62083, 1024, 32, 32, 1))
S|R60T_B_121|OUT|info string Network replica 1: Local memory. Shared memory not supported by the OS. Local allocation fallback.
S|R60T_B_121|OUT|info depth 1 seldepth 2 multipv 1 score cp 0 nodes 32 nps 32000 hashfull 0 tbhits 0 time 1 pv f9e9
S|R60T_B_121|OUT|info depth 3 seldepth 2 multipv 1 score cp 0 nodes 345 nps 345000 hashfull 0 tbhits 0 time 1 pv f9e9
S|R60T_B_121|OUT|info depth 2 seldepth 2 multipv 1 score cp 0 nodes 209 nps 209000 hashfull 0 tbhits 0 time 1 pv f9e9
S|R60T_B_121|OUT|info depth 4 seldepth 2 multipv 1 score cp 0 nodes 593 nps 593000 hashfull 0 tbhits 0 time 1 pv f9e9
S|R60T_B_121|OUT|info depth 5 seldepth 2 multipv 1 score cp 0 nodes 658 nps 658000 hashfull 0 tbhits 0 time 1 pv f9e9
S|R60T_B_121|OUT|info depth 6 seldepth 2 multipv 1 score cp 0 nodes 708 nps 708000 hashfull 0 tbhits 0 time 1 pv f9e9
S|R60T_B_121|OUT|info depth 7 seldepth 2 multipv 1 score cp 0 nodes 742 nps 742000 hashfull 0 tbhits 0 time 1 pv f9e9
S|R60T_B_121|OUT|info depth 8 seldepth 2 multipv 1 score cp 0 nodes 743 nps 743000 hashfull 0 tbhits 0 time 1 pv f9e9
S|R60T_B_121|OUT|info depth 9 seldepth 2 multipv 1 score cp 0 nodes 744 nps 744000 hashfull 0 tbhits 0 time 1 pv f9e9
S|R60T_B_121|OUT|info depth 10 seldepth 2 multipv 1 score cp 0 nodes 745 nps 372500 hashfull 0 tbhits 0 time 2 pv f9e9
S|R60T_B_121|OUT|info depth 11 seldepth 2 multipv 1 score cp 0 nodes 746 nps 373000 hashfull 0 tbhits 0 time 2 pv f9e9
S|R60T_B_121|OUT|info depth 12 seldepth 2 multipv 1 score cp 0 nodes 747 nps 373500 hashfull 0 tbhits 0 time 2 pv f9e9
S|R60T_B_121|OUT|info depth 13 seldepth 2 multipv 1 score cp 0 nodes 748 nps 374000 hashfull 0 tbhits 0 time 2 pv f9e9
S|R60T_B_121|OUT|info depth 14 seldepth 2 multipv 1 score cp 0 nodes 749 nps 374500 hashfull 0 tbhits 0 time 2 pv f9e9
S|R60T_B_121|OUT|bestmove f9e9
S|R60T_B_121|TIMEOUT
S|R60T_B_121|END|lines=21
DRV DONE steps=14
