DRV: not isolated, registering SW (try 0)
DRV: isolated ok, task=task_mpv.json
DRV: engine ready
S|MPV1_MT1500|CMD|setoption name MultiPV value 1
S|MPV1_MT1500|CMD|position fen rnbakabnr/9/1c5c1/p1p1p1p1p/9/9/P1P1P1P1P/1C5C1/9/RNBAKABNR w - - 0 1
S|MPV1_MT1500|CMD|go movetime 1500
S|MPV1_MT1500|OUT|info string Available processors: 0-15
S|MPV1_MT1500|OUT|info string Using 4 threads
S|MPV1_MT1500|OUT|info string NNUE evaluation using pikafish.nnue (64MiB, (62083, 1024, 32, 32, 1))
S|MPV1_MT1500|OUT|info string Network replica 1: Local memory. Shared memory not supported by the OS. Local allocation fallback.
S|MPV1_MT1500|OUT|info depth 1 seldepth 3 multipv 1 score cp 22 nodes 345 nps 57500 hashfull 0 tbhits 0 time 6 pv b2e2
S|MPV1_MT1500|OUT|info depth 2 seldepth 4 multipv 1 score cp 32 nodes 1230 nps 175714 hashfull 0 tbhits 0 time 7 pv h2e2
S|MPV1_MT1500|OUT|info depth 3 seldepth 7 multipv 1 score cp 43 nodes 1724 nps 215500 hashfull 0 tbhits 0 time 8 pv b2e2
S|MPV1_MT1500|OUT|info depth 4 seldepth 6 multipv 1 score cp 61 nodes 2210 nps 276250 hashfull 0 tbhits 0 time 8 pv h0g2
S|MPV1_MT1500|OUT|info depth 5 seldepth 5 multipv 1 score cp 60 nodes 2572 nps 285777 hashfull 0 tbhits 0 time 9 pv h2e2
S|MPV1_MT1500|OUT|info depth 6 seldepth 9 multipv 1 score cp 41 nodes 6108 nps 436285 hashfull 0 tbhits 0 time 14 pv h2e2 c9e7
S|MPV1_MT1500|OUT|info depth 7 seldepth 10 multipv 1 score cp 24 nodes 17490 nps 728750 hashfull 0 tbhits 0 time 24 pv b2e2 b9c7 b0c2 a9b9 a0b0 c6c5 h0g2
S|MPV1_MT1500|OUT|info depth 8 seldepth 10 multipv 1 score cp 25 nodes 20448 nps 757333 hashfull 1 tbhits 0 time 27 pv b2e2 b9c7 b0c2 c6c5 a0b0 a9b9 h2f2
S|MPV1_MT1500|OUT|info depth 9 seldepth 13 multipv 1 score cp 25 nodes 27202 nps 850062 hashfull 1 tbhits 0 time 32 pv b2e2 b9c7 b0c2 c6c5 h2f2 h9g7
S|MPV1_MT1500|OUT|info depth 10 seldepth 16 multipv 1 score cp 30 nodes 34777 nps 869425 hashfull 1 tbhits 0 time 40 pv h2e2 h9g7 h0g2 i9h9 i0h0 c6c5 h0h6
S|MPV1_MT1500|OUT|info depth 11 seldepth 15 multipv 1 score cp 29 nodes 35874 nps 874975 hashfull 1 tbhits 0 time 41 pv h2e2 h9g7 h0g2 i9h9 i0h0 b9c7 g3g4 c6c5 b0a2 c9e7 b2c2
S|MPV1_MT1500|OUT|info depth 12 seldepth 18 multipv 1 score cp 30 nodes 52280 nps 950545 hashfull 3 tbhits 0 time 55 pv h2e2 h9g7 h0g2 g6g5 i0h0 i9h9 h0h6 c6c5 e3e4
S|MPV1_MT1500|OUT|info depth 13 seldepth 23 multipv 1 score cp 25 nodes 136724 nps 1102612 hashfull 8 tbhits 0 time 124 pv h2e2 h9g7 h0g2 i9h9 i0h0 g6g5 c3c4 c9e7 b2d2 h7h3 b0c2 b9d8 a0b0 a9b9 b0b4
S|MPV1_MT1500|OUT|info depth 14 seldepth 21 multipv 1 score cp 27 nodes 138440 nps 1098730 hashfull 8 tbhits 0 time 126 pv h2e2 h9g7 h0g2 i9h9 i0h0 c6c5 h0h4
S|MPV1_MT1500|OUT|info depth 15 seldepth 23 multipv 1 score cp 26 nodes 177487 nps 1160045 hashfull 13 tbhits 0 time 153 pv h2e2 h9g7 h0g2 i9h9 i0h0 c6c5 h0h4 b9c7 b0a2 g6g5 b2d2 h7i7 h4h9 g7h9 a0b0 a9b9
S|MPV1_MT1500|OUT|info depth 16 seldepth 28 multipv 1 score cp 25 nodes 531933 nps 1257524 hashfull 37 tbhits 0 time 423 pv c3c4 g6g5 h2g2 h7e7 b0c2 h9g7 g0e2 b9a7 h0f1 i9h9 i0h0 h9h0 f1h0
S|MPV1_MT1500|OUT|info depth 17 seldepth 25 multipv 1 score cp 28 nodes 651574 nps 1285155 hashfull 49 tbhits 0 time 507 pv c3c4 h7e7 h0g2 h9g7 i0h0 i9h9 h2h6 g6g5 b0c2 b9a7 a0a1 b7c7
S|MPV1_MT1500|OUT|info depth 18 seldepth 23 multipv 1 score cp 25 nodes 744800 nps 1327629 hashfull 57 tbhits 0 time 561 pv c3c4 g6g5 h2g2 h7e7 b2e2 h9g7 b0c2 b9a7 h0i2 i9h9 a0b0 a9b9 i0h0 h9h0 i2h0 g9i7
S|MPV1_MT1500|OUT|info depth 19 seldepth 28 multipv 1 score cp 26 nodes 1362400 nps 1414745 hashfull 104 tbhits 0 time 963 pv h2e2 h9g7 h0g2 g6g5 i0h0 i9h9 b0c2 h7h3 c3c4 c9e7 g2i1 h3h4 b2b4 h4b4 h0h9 g7h9 c2b4 b9d8 a0a1 a9a8 a1d1 h9g7 d1d7
S|MPV1_MT1500|OUT|info depth 20 seldepth 31 multipv 1 score cp 26 nodes 1985562 nps 1385598 hashfull 155 tbhits 0 time 1433 pv h2e2 h9g7 h0g2 g6g5 i0h0 i9h9 h0h6 c6c5 b0c2 b9c7 e3e4 b7b6 h6h4 c9e7 g2e3 d9e8 c3c4 h7h5 g3g4 b6b5 b2a2
S|MPV1_MT1500|OUT|info depth 22 seldepth 38 multipv 1 score cp 25 nodes 2065597 nps 1377064 hashfull 165 tbhits 0 time 1500 pv h2e2 h9g7 h0g2 g6g5 b0c2 i9h9 b2a2 b9c7 a0b0 a9b9 b0b4 b7a7 b4b9 c7b9 c3c4 h7i7 i0i1 h9h4 e3e4 a7e7 i1d1 f9e8
S|MPV1_MT1500|OUT|bestmove h2e2 ponder h9g7
S|MPV1_MT1500|END|lines=26
S|MPV2_MT1500|CMD|setoption name MultiPV value 2
S|MPV2_MT1500|CMD|position fen rnbakabnr/9/1c5c1/p1p1p1p1p/9/9/P1P1P1P1P/1C5C1/9/RNBAKABNR w - - 0 1
S|MPV2_MT1500|CMD|go movetime 1500
S|MPV2_MT1500|OUT|info string Available processors: 0-15
S|MPV2_MT1500|OUT|info string Using 4 threads
S|MPV2_MT1500|OUT|info string NNUE evaluation using pikafish.nnue (64MiB, (62083, 1024, 32, 32, 1))
S|MPV2_MT1500|OUT|info string Network replica 1: Local memory. Shared memory not supported by the OS. Local allocation fallback.
S|MPV2_MT1500|OUT|info depth 1 seldepth 5 multipv 1 score cp 25 nodes 325 nps 325000 hashfull 0 tbhits 0 time 1 pv h2e2
S|MPV2_MT1500|OUT|info depth 1 seldepth 3 multipv 2 score cp 24 nodes 325 nps 325000 hashfull 0 tbhits 0 time 1 pv c3c4
S|MPV2_MT1500|OUT|info depth 2 seldepth 5 multipv 1 score cp 27 nodes 1142 nps 1142000 hashfull 0 tbhits 0 time 1 pv b2e2
S|MPV2_MT1500|OUT|info depth 2 seldepth 3 multipv 2 score cp 25 nodes 1142 nps 1142000 hashfull 0 tbhits 0 time 1 pv h2e2
S|MPV2_MT1500|OUT|info depth 3 seldepth 5 multipv 1 score cp 26 nodes 2267 nps 2267000 hashfull 0 tbhits 0 time 1 pv b2e2 b9c7 b0c2
S|MPV2_MT1500|OUT|info depth 3 seldepth 7 multipv 2 score cp 26 nodes 2267 nps 2267000 hashfull 0 tbhits 0 time 1 pv h2e2 h9g7 h0g2 g6g5 i0h0
S|MPV2_MT1500|OUT|info depth 4 seldepth 6 multipv 1 score cp 26 nodes 3681 nps 3681000 hashfull 0 tbhits 0 time 1 pv h2e2
S|MPV2_MT1500|OUT|info depth 4 seldepth 5 multipv 2 score cp 23 nodes 3681 nps 3681000 hashfull 0 tbhits 0 time 1 pv b2e2 b9c7 b0c2 c6c5
S|MPV2_MT1500|OUT|info depth 5 seldepth 7 multipv 1 score cp 28 nodes 4576 nps 2288000 hashfull 0 tbhits 0 time 2 pv h2e2 h9g7 g3g4 i9h9 h0g2
S|MPV2_MT1500|OUT|info depth 5 seldepth 7 multipv 2 score cp 23 nodes 4576 nps 2288000 hashfull 0 tbhits 0 time 2 pv h0g2
S|MPV2_MT1500|OUT|info depth 6 seldepth 15 multipv 1 score cp 30 nodes 6038 nps 3019000 hashfull 0 tbhits 0 time 2 pv b2e2 b9c7 b0c2 a9b9
S|MPV2_MT1500|OUT|info depth 6 seldepth 10 multipv 2 score cp 29 nodes 6038 nps 3019000 hashfull 0 tbhits 0 time 2 pv h2e2 h9g7 g3g4 h7i7
S|MPV2_MT1500|OUT|info depth 7 seldepth 15 multipv 1 score cp 29 nodes 9983 nps 2495750 hashfull 0 tbhits 0 time 4 pv h2e2 h9g7 g3g4 i9h9 h0g2 h7i7
S|MPV2_MT1500|OUT|info depth 7 seldepth 8 multipv 2 score cp 24 nodes 9983 nps 2495750 hashfull 0 tbhits 0 time 4 pv c3c4
S|MPV2_MT1500|OUT|info depth 8 seldepth 10 multipv 1 score cp 28 nodes 14683 nps 2447166 hashfull 0 tbhits 0 time 6 pv h2e2 h9g7 g3g4
S|MPV2_MT1500|OUT|info depth 8 seldepth 18 multipv 2 score cp 24 nodes 14683 nps 2447166 hashfull 0 tbhits 0 time 6 pv b2e2 b9c7 c3c4 h7e7 b0c2 h9g7
S|MPV2_MT1500|OUT|info depth 9 seldepth 15 multipv 1 score cp 29 nodes 26378 nps 2637800 hashfull 0 tbhits 0 time 10 pv h2e2 h9g7 g3g4 h7i7 h0g2 i9h9 c3c4 c6c5 c4c5 h9h5 c5c6 h5c5 c0a2 b9a7
S|MPV2_MT1500|OUT|info depth 9 seldepth 16 multipv 2 score cp 24 nodes 26378 nps 2398000 hashfull 0 tbhits 0 time 11 pv h0g2 g6g5 b2e2 h9g7
S|MPV2_MT1500|OUT|info depth 10 seldepth 28 multipv 1 score cp 27 nodes 66374 nps 2458296 hashfull 2 tbhits 0 time 27 pv h2e2 h9g7 h0g2 i9h9 i0h0 g6g5 h0h6 c6c5 b0c2 b9c7 a0a1
S|MPV2_MT1500|OUT|info depth 10 seldepth 20 multipv 2 score cp 22 nodes 66374 nps 2458296 hashfull 2 tbhits 0 time 27 pv b2e2 b9c7 c3c4 b7a7 b0c2 a9b9 g3g4 g6g5 g4g5 b9b5 g5g6 b5g5 e2d2 h9i7 g0e2
S|MPV2_MT1500|OUT|info depth 11 seldepth 30 multipv 1 score cp 30 nodes 95136 nps 2265142 hashfull 3 tbhits 0 time 42 pv h2e2 h9g7 h0g2 i9h9 i0h0 g6g5 h0h6 c6c5 b0c2 b9c7 a0a1 b7b6
S|MPV2_MT1500|OUT|info depth 11 seldepth 13 multipv 2 score cp 22 nodes 95136 nps 2212465 hashfull 3 tbhits 0 time 43 pv b2e2 b9c7 c3c4 b7a7 b0c2 a9b9 g3g4 g6g5 g4g5 b9b5 g5g6
S|MPV2_MT1500|OUT|info depth 12 seldepth 31 multipv 1 score cp 29 nodes 104132 nps 2215574 hashfull 4 tbhits 0 time 47 pv h2e2 h9g7 h0g2 i9h9 i0h0 g6g5 h0h6 c6c5 b0c2 b9c7 a0a1 d9e8 a1d1
S|MPV2_MT1500|OUT|info depth 12 seldepth 24 multipv 2 score cp 23 nodes 104132 nps 2215574 hashfull 4 tbhits 0 time 47 pv b0c2 c6c5 h2e2 b9c7 h0g2 h9i7 i0h0
S|MPV2_MT1500|OUT|info depth 13 seldepth 24 multipv 1 score cp 24 nodes 186617 nps 2006634 hashfull 14 tbhits 0 time 93 pv h2e2 h9g7 h0g2 i9h9 i0h0 g6g5 h0h6 b9c7 c3c4 h7i7 h6g6 i7i8 b0c2 d9e8 b2a2 a9b9
S|MPV2_MT1500|OUT|info depth 13 seldepth 23 multipv 2 score cp 23 nodes 186617 nps 2006634 hashfull 14 tbhits 0 time 93 pv g3g4 h7g7 b2e2 b9c7 b0c2 g6g5 a0b0 g5g4 g0i2 a9b9 h0f1 h9i7
S|MPV2_MT1500|OUT|info depth 14 seldepth 32 multipv 1 score cp 28 nodes 268235 nps 1875769 hashfull 20 tbhits 0 time 143 pv h2e2 h9g7 h0g2 i9h9 i0h0 c6c5 b0c2 b9c7 g3g4 h7h3 b2b6 h3c3 h0h9
S|MPV2_MT1500|OUT|info depth 14 seldepth 15 multipv 2 score cp 27 nodes 268235 nps 1875769 hashfull 20 tbhits 0 time 143 pv g3g4 h7g7 b2e2 b7e7 h0g2 g6g5 g2f4 g5g4 f4e6 b9c7 b0c2 c7e6 e2e6 d9e8
S|MPV2_MT1500|OUT|info depth 15 seldepth 37 multipv 1 score cp 31 nodes 608798 nps 1817307 hashfull 43 tbhits 0 time 335 pv h2e2 h9g7 h0g2 g6g5 i0h0 i9h9 h0h6 b9c7 b0c2 c6c5 a0a1 d9e8 a1d1 c9e7
S|MPV2_MT1500|OUT|info depth 15 seldepth 28 multipv 2 score cp 25 nodes 608798 nps 1817307 hashfull 43 tbhits 0 time 335 pv g3g4 c6c5 b2c2 b7e7 h2e2 b9c7 h0g2 h9i7 i0h0
S|MPV2_MT1500|OUT|info depth 16 seldepth 38 multipv 1 score cp 29 nodes 765996 nps 1819467 hashfull 55 tbhits 0 time 421 pv h2e2 h9g7 h0g2 g6g5 i0h0 i9h9 h0h6 c6c5 b0c2 b9c7 a0a1 d9e8 a1d1 c9e7 h6g6
S|MPV2_MT1500|OUT|info depth 16 seldepth 16 multipv 2 score cp 27 nodes 765996 nps 1819467 hashfull 55 tbhits 0 time 421 pv g3g4 b7e7 b0c2 b9c7 a0b0 a9b9 c3c4 b9b5 h0g2 h9i7 g0e2 h7f7 b2a2 b5b0 c2b0
S|MPV2_MT1500|OUT|info depth 17 seldepth 28 multipv 1 score cp 29 nodes 1054870 nps 1834556 hashfull 72 tbhits 0 time 575 pv g3g4 b7e7 b0c2 b9c7 a0b0 a9b9 h0g2 h9i7 c3c4 b9b5 g0e2 h7f7 b2a2 b5b0 c2b0 i9h9 i0h0 h9h5 h2i2
S|MPV2_MT1500|OUT|info depth 17 seldepth 35 multipv 2 score cp 24 nodes 1054870 nps 1834556 hashfull 72 tbhits 0 time 575 pv h2e2 h9g7 h0g2 g6g5 b0c2 b9c7 i0h0 i9h9 h0h6 c6c5 e3e4 b7b6 h6h4 c9e7 g2e3 h7h5 b2a2 d9e8 a0b0 b6b5 c3c4 a9d9 d0e1 h5i5 h4h9 g7h9 b0b3
S|MPV2_MT1500|OUT|info depth 18 seldepth 34 multipv 1 score cp 24 nodes 1758696 nps 1811221 hashfull 126 tbhits 0 time 971 pv g3g4 c6c5 b2c2 g9e7 b0a2 b9c7 a0b0 a9b9 h2e2 h9f8 i0i1 i9g9 i1f1 f8d7 e2e6 d9e8 f1h1 g6g5
S|MPV2_MT1500|OUT|info depth 18 seldepth 31 multipv 2 score cp 20 nodes 1758696 nps 1809358 hashfull 126 tbhits 0 time 972 pv b2e2 b9c7 b0c2 a9b9 g3g4 b7a7 h0g2 c6c5 a0a1 h9g7 a1f1
S|MPV2_MT1500|OUT|info depth 19 seldepth 33 multipv 1 score cp 24 nodes 2438533 nps 1783857 hashfull 182 tbhits 0 time 1367 pv b2e2 b9c7 b0c2 c6c5 a0b0 a9b9 g3g4 h7h3 b0b4 h3c3 c0a2 h9g7 h0g2 b7a7 b4b9 c7b9 g2h4 b9c7 i0i1 f9e8 i1d1
S|MPV2_MT1500|OUT|info depth 19 seldepth 32 multipv 2 score cp 24 nodes 2438533 nps 1783857 hashfull 182 tbhits 0 time 1367 pv h2e2 h9g7 h0g2 i9h9 i0h0 g6g5 h0h6 c6c5 b0c2 b9c7 a0a1 d9e8 a1d1 g7f5 e3e4 g5g4 h6f6 f5g3 g2e3 g3e2 b2e2 h7g7 f6g6
S|MPV2_MT1500|OUT|info depth 21 seldepth 23 multipv 1 score cp 24 nodes 2664412 nps 1776274 hashfull 200 tbhits 0 time 1500 pv b2e2 b9c7 b0c2 c6c5 h0g2 a9b9 a0b0 b7b3 g3g4 g9e7 c2a1 b3b5 b0b4 g6g5 c3c4 c5c4 b4c4 g5g4 c4g4
S|MPV2_MT1500|OUT|info depth 21 seldepth 33 multipv 2 score cp 23 upperbound nodes 2664412 nps 1776274 hashfull 200 tbhits 0 time 1500 pv g3g4 h7g7
S|MPV2_MT1500|OUT|bestmove b2e2 ponder b9c7
S|MPV2_MT1500|END|lines=45
S|MPV3_MT1500|CMD|setoption name MultiPV value 3
S|MPV3_MT1500|CMD|position fen rnbakabnr/9/1c5c1/p1p1p1p1p/9/9/P1P1P1P1P/1C5C1/9/RNBAKABNR w - - 0 1
S|MPV3_MT1500|CMD|go movetime 1500
S|MPV3_MT1500|OUT|info string Available processors: 0-15
S|MPV3_MT1500|OUT|info string Using 4 threads
S|MPV3_MT1500|OUT|info string NNUE evaluation using pikafish.nnue (64MiB, (62083, 1024, 32, 32, 1))
S|MPV3_MT1500|OUT|info string Network replica 1: Local memory. Shared memory not supported by the OS. Local allocation fallback.
S|MPV3_MT1500|OUT|info depth 1 seldepth 5 multipv 1 score cp 39 nodes 562 nps 562000 hashfull 0 tbhits 0 time 1 pv b2e2
S|MPV3_MT1500|OUT|info depth 1 seldepth 3 multipv 2 score cp 35 nodes 562 nps 562000 hashfull 0 tbhits 0 time 1 pv h2e2
S|MPV3_MT1500|OUT|info depth 1 seldepth 3 multipv 3 score cp 18 nodes 562 nps 562000 hashfull 0 tbhits 0 time 1 pv c3c4
S|MPV3_MT1500|OUT|info depth 2 seldepth 4 multipv 1 score cp 33 nodes 2383 nps 2383000 hashfull 0 tbhits 0 time 1 pv h2e2
S|MPV3_MT1500|OUT|info depth 2 seldepth 3 multipv 2 score cp 30 nodes 2383 nps 2383000 hashfull 0 tbhits 0 time 1 pv b2e2
S|MPV3_MT1500|OUT|info depth 2 seldepth 3 multipv 3 score cp 16 nodes 2383 nps 2383000 hashfull 0 tbhits 0 time 1 pv g3g4
S|MPV3_MT1500|OUT|info depth 3 seldepth 7 multipv 1 score cp 31 nodes 4021 nps 2010500 hashfull 0 tbhits 0 time 2 pv b2e2 h9g7
S|MPV3_MT1500|OUT|info depth 3 seldepth 5 multipv 2 score cp 30 nodes 4021 nps 2010500 hashfull 0 tbhits 0 time 2 pv h2e2 h9g7 h0g2
S|MPV3_MT1500|OUT|info depth 3 seldepth 5 multipv 3 score cp 29 nodes 4021 nps 2010500 hashfull 0 tbhits 0 time 2 pv g3g4 b7e7 b0c2
S|MPV3_MT1500|OUT|info depth 4 seldepth 7 multipv 1 score cp 33 nodes 6208 nps 3104000 hashfull 0 tbhits 0 time 2 pv b2e2 b9c7 b0c2 a9b9 a0b0 c6c5
S|MPV3_MT1500|OUT|info depth 4 seldepth 10 multipv 2 score cp 23 nodes 6208 nps 3104000 hashfull 0 tbhits 0 time 2 pv g3g4 h7g7 b2e2 g9e7 h0i2
S|MPV3_MT1500|OUT|info depth 4 seldepth 9 multipv 3 score cp 22 nodes 6208 nps 2069333 hashfull 0 tbhits 0 time 3 pv h2e2 h9g7 h0g2 g6g5 i0h0 i9h9 h0h6
S|MPV3_MT1500|OUT|info depth 5 seldepth 7 multipv 1 score cp 32 nodes 7684 nps 2561333 hashfull 0 tbhits 0 time 3 pv b2e2 b9c7 b0c2 c6c5
S|MPV3_MT1500|OUT|info depth 5 seldepth 7 multipv 2 score cp 22 nodes 7684 nps 2561333 hashfull 0 tbhits 0 time 3 pv g3g4 h7g7 b2e2 g9e7 h0i2
S|MPV3_MT1500|OUT|info depth 5 seldepth 7 multipv 3 score cp 22 nodes 7684 nps 2561333 hashfull 0 tbhits 0 time 3 pv h2e2 h9g7 h0g2 g6g5 i0h0 i9h9
S|MPV3_MT1500|OUT|info depth 6 seldepth 11 multipv 1 score cp 29 nodes 9652 nps 2413000 hashfull 0 tbhits 0 time 4 pv b2e2 b9c7 b0c2 a9b9 a0b0 c6c5
S|MPV3_MT1500|OUT|info depth 6 seldepth 7 multipv 2 score cp 28 nodes 9652 nps 2413000 hashfull 0 tbhits 0 time 4 pv h2e2 h9g7
S|MPV3_MT1500|OUT|info depth 6 seldepth 5 multipv 3 score cp 27 nodes 9652 nps 2413000 hashfull 0 tbhits 0 time 4 pv g3g4 h7g7 b2e2
S|MPV3_MT1500|OUT|info depth 7 seldepth 21 multipv 1 score cp 28 nodes 11725 nps 2931250 hashfull 0 tbhits 0 time 4 pv b2e2 b9c7 b0c2 a9b9 a0b0 c6c5 b0b6 g6g5 h0g2 h7h6
S|MPV3_MT1500|OUT|info depth 7 seldepth 13 multipv 2 score cp 23 nodes 11725 nps 2931250 hashfull 0 tbhits 0 time 4 pv g3g4 h7g7 b2e2 g9e7 b0c2
S|MPV3_MT1500|OUT|info depth 7 seldepth 7 multipv 3 score cp 21 nodes 11725 nps 2931250 hashfull 0 tbhits 0 time 4 pv h2e2 h9g7 h0g2 g6g5 i0h0 i9h9
S|MPV3_MT1500|OUT|info depth 8 seldepth 11 multipv 1 score cp 28 nodes 21408 nps 2676000 hashfull 0 tbhits 0 time 8 pv b2e2 b9c7 b0c2 a9b9 a0b0 c6c5 b0b6 g6g5 h0g2 h7h6
S|MPV3_MT1500|OUT|info depth 8 seldepth 17 multipv 2 score cp 25 nodes 21408 nps 2676000 hashfull 0 tbhits 0 time 8 pv h2e2 h9g7 h0g2 i9h9 i0h0 g6g5 h0h6 b9c7 c3c4 h7i7 h6g6
S|MPV3_MT1500|OUT|info depth 8 seldepth 16 multipv 3 score cp 21 nodes 21408 nps 2378666 hashfull 0 tbhits 0 time 9 pv g3g4 h7g7 b2e2 g9e7 h0i2 a9a8 i0h0 a8f8 b0c2 f9e8 c3c4
S|MPV3_MT1500|OUT|info depth 9 seldepth 31 multipv 1 score cp 26 nodes 41289 nps 2580562 hashfull 1 tbhits 0 time 16 pv h2e2 h9g7 h0g2 i9h9 i0h0 g6g5 h0h6 b9c7 c3c4 h7i7 h6h9 g7h9 b0c2 c9e7
S|MPV3_MT1500|OUT|info depth 9 seldepth 15 multipv 2 score cp 23 nodes 41289 nps 2580562 hashfull 1 tbhits 0 time 16 pv b2e2 b9c7 b0c2 c6c5 g3g4 a9b9 a0b0 g9e7
S|MPV3_MT1500|OUT|info depth 9 seldepth 15 multipv 3 score cp 23 nodes 41289 nps 2580562 hashfull 1 tbhits 0 time 16 pv g3g4 h7g7 b2e2 g9e7 f0e1 b9c7
S|MPV3_MT1500|OUT|info depth 10 seldepth 15 multipv 1 score cp 26 nodes 68402 nps 2533407 hashfull 2 tbhits 0 time 27 pv h2e2 h9g7 h0g2 i9h9 i0h0 g6g5 h0h6 b9c7 c3c4 h7i7 h6h9 g7h9 b0c2 c9e7
S|MPV3_MT1500|OUT|info depth 10 seldepth 29 multipv 2 score cp 25 nodes 68402 nps 2442928 hashfull 2 tbhits 0 time 28 pv b2e2 b9c7 b0c2 c6c5 a0b0 a9b9 b0b6 g6g5 h0g2 h9g7 i0i1 g9e7 i1f1
S|MPV3_MT1500|OUT|info depth 10 seldepth 26 multipv 3 score cp 24 nodes 68402 nps 2442928 hashfull 2 tbhits 0 time 28 pv g3g4 h7g7 b2e2 g9e7 f0e1 b9c7 h2f2 c6c5 h0g2 a9b9 b0c2 b7a7 i0h0
S|MPV3_MT1500|OUT|info depth 11 seldepth 22 multipv 1 score cp 26 nodes 117862 nps 2562217 hashfull 3 tbhits 0 time 46 pv b2e2 b9c7 b0c2 c6c5 a0b0 a9b9 b0b6 g6g5 h0g2 h9g7 i0i1 g7f5 e3e4 h7h6 b6b4 b7b5 i1f1
S|MPV3_MT1500|OUT|info depth 11 seldepth 14 multipv 2 score cp 26 nodes 117862 nps 2562217 hashfull 3 tbhits 0 time 46 pv h2e2 h9g7 g3g4 h7i7 h0g2 i9h9 b0c2 c6c5 b2b6 b9c7 b6c6 a9b9 a0b0
S|MPV3_MT1500|OUT|info depth 11 seldepth 17 multipv 3 score cp 21 nodes 117862 nps 2562217 hashfull 3 tbhits 0 time 46 pv g3g4 h7g7 b2e2 g9e7 f0e1 c6c5 h2f2 b9c7 b0c2 a9b9 a0b0
S|MPV3_MT1500|OUT|info depth 12 seldepth 35 multipv 1 score cp 24 nodes 250897 nps 2366952 hashfull 8 tbhits 0 time 106 pv b2e2 b9c7 b0c2 a9b9 a0b0 c6c5 h0g2 h9g7 g3g4 h7h3 c3c4 c5c4 b0b6 c4c3 b6c6 c3c2 c6c7 c9e7 g2f4 b7b0 f4e6 g7e6
S|MPV3_MT1500|OUT|info depth 12 seldepth 21 multipv 2 score cp 22 nodes 250897 nps 2366952 hashfull 8 tbhits 0 time 106 pv h2e2 h9g7 h0g2 g6g5 i0h0 i9h9 h0h6 b9c7 b0c2 c6c5 a0a1 d9e8 a1d1 g7f5 e3e4 g5g4 h6f6 f5g3 g2e3
S|MPV3_MT1500|OUT|info depth 12 seldepth 31 multipv 3 score cp 21 nodes 250897 nps 2344831 hashfull 8 tbhits 0 time 107 pv g3g4 h7g7 b2e2 g9e7 f0e1 b9c7 b0c2 c6c5 a0b0 a9b9 h0g2 g6g5 b0b4 h9i7
S|MPV3_MT1500|OUT|info depth 13 seldepth 36 multipv 1 score cp 22 nodes 372357 nps 2243114 hashfull 14 tbhits 0 time 166 pv h2e2 h9g7 h0g2 g6g5 i0h0 i9h9 h0h6 b9c7 b0c2 c6c5 a0a1 d9e8 a1d1
S|MPV3_MT1500|OUT|info depth 13 seldepth 26 multipv 2 score cp 22 nodes 372357 nps 2229682 hashfull 14 tbhits 0 time 167 pv b2e2 b9c7 b0c2 a9b9 a0b0 c6c5 h0g2 h9g7 g3g4 h7h3 c3c4 c5c4 b0b6 c4c3 b6c6 c3c2 c6c7 c9e7 g2e1
S|MPV3_MT1500|OUT|info depth 13 seldepth 32 multipv 3 score cp 22 nodes 372357 nps 2229682 hashfull 14 tbhits 0 time 167 pv g3g4 h7g7 b2e2 g9e7 f0e1 c6c5 b0c2 b9c7 a0b0 a9b9 h2f2 i9i8
S|MPV3_MT1500|OUT|info depth 14 seldepth 37 multipv 1 score cp 29 nodes 533477 nps 2116972 hashfull 23 tbhits 0 time 252 pv b2e2 b9c7 b0c2 a9b9 a0b0 c6c5 b0b6 g6g5 h0g2 h9g7 i0i1 f9e8 i1f1 c7d5 e3e4 c5c4 b6d6 d5c3 c2e3 c3e2 h2e2
S|MPV3_MT1500|OUT|info depth 14 seldepth 30 multipv 2 score cp 23 nodes 533477 nps 2116972 hashfull 23 tbhits 0 time 252 pv h2e2 h9g7 h0g2 g6g5 i0h0 i9h9 h0h6 b9c7 c3c4 h7i7 h6h9 g7h9 b0c2 h9g7 c2d4
S|MPV3_MT1500|OUT|info depth 14 seldepth 36 multipv 3 score cp 20 nodes 533477 nps 2116972 hashfull 23 tbhits 0 time 252 pv c3c4 b7c7 h0g2 c6c5 c0e2 c5c4 g3g4 b9a7 g2f4 a9b9 h2f2 h9g7 i0h0 i9i8
S|MPV3_MT1500|OUT|info depth 15 seldepth 34 multipv 1 score cp 24 nodes 996295 nps 2156482 hashfull 51 tbhits 0 time 462 pv b2e2 b9c7 b0c2 c6c5 a0b0 a9b9 h0g2 b7b3 g3g4 g9e7 c2a1 b3b4 h2h4 b4h4 b0b9 c7b9 g2h4 h7g7 i0h0 h9f8 h4g2 i9h9 h0h9 f8h9 e2e6 f9e8
S|MPV3_MT1500|OUT|info depth 15 seldepth 19 multipv 2 score cp 22 nodes 996295 nps 2156482 hashfull 51 tbhits 0 time 462 pv h2e2 h9g7 h0g2 g6g5 b0c2 i9h9 b2a2 b9c7 a0b0 a9b9 b0b4 g9e7 i0h0
S|MPV3_MT1500|OUT|info depth 15 seldepth 24 multipv 3 score cp 18 nodes 996295 nps 2156482 hashfull 51 tbhits 0 time 462 pv b0c2 c6c5 h2e2 h9g7 h0g2 i9h9 b2a2 b9c7 a0b0 a9b9 b0b6 g6g5 i0h0 h7h6 b6b4
S|MPV3_MT1500|OUT|info depth 16 seldepth 32 multipv 1 score cp 28 nodes 1481733 nps 2081085 hashfull 78 tbhits 0 time 712 pv b2e2 b9c7 b0c2 c6c5 a0b0 a9b9 b0b6 g6g5 h0i2 h9g7 h2f2 h7h6 b6b4 b7a7 b4b9 c7b9 i0h0 i9h9 h0h4 b9c7
S|MPV3_MT1500|OUT|info depth 16 seldepth 41 multipv 2 score cp 24 nodes 1481733 nps 2081085 hashfull 78 tbhits 0 time 712 pv h2e2 h9g7 g3g4 i9h9 h0g2 h7i7 c3c4 c6c5 c4c5 h9h5 c5c6 h5c5 c0a2 c5c6 b0d1 b9c7 e3e4 c9e7 d1e3 c6c3 a0c0
S|MPV3_MT1500|OUT|info depth 16 seldepth 26 multipv 3 score cp 19 nodes 1481733 nps 2081085 hashfull 78 tbhits 0 time 712 pv c3c4 b7c7 h2e2 c9e7 b0a2 i9i8 a0b0 i8d8 h0g2 h9i7 e2e6 d9e8 e6i6 b9a7 b2e2 d8d5 i0h0 a6a5
S|MPV3_MT1500|OUT|info depth 17 seldepth 41 multipv 1 score cp 22 nodes 1967297 nps 1993208 hashfull 120 tbhits 0 time 987 pv b2e2 b9c7 b0c2 a9b9 a0b0 c6c5 b0b6 g6g5 h0g2 h9g7 i0i1 f9e8 i1f1 g9e7 e3e4 i9f9 f1f9 e9f9 e4e5 b7a7 b6c6 e6e5 g3g4 g5g4 c6g6 g4g3 g6g7 g3g2 g7h7 g2h2 h7h9 f9f8
S|MPV3_MT1500|OUT|info depth 17 seldepth 46 multipv 2 score cp 21 nodes 1967297 nps 1993208 hashfull 120 tbhits 0 time 987 pv h2e2 h9g7 h0g2 g6g5 i0h0 i9h9 h0h6 c6c5 b0c2 b9c7 a0a1 d9e8 a1d1 g7f5 e3e4 g5g4 h6f6 f5g3 g2e3 g3e2 b2e2 h7g7 g0i2 g4f4 f6f4 a9b9 c3c4 b7b2 e2b2 b9b2 c4c5 c7d9 c5c6 g7e7 i2g4 e6e5 g4e2 h9h3
S|MPV3_MT1500|OUT|info depth 17 seldepth 22 multipv 3 score cp 19 nodes 1967297 nps 1993208 hashfull 120 tbhits 0 time 987 pv b0c2 c6c5 h2e2 h9g7 h0g2 i9h9 i0h0 h7h3 g3g4 b9c7 b2b6 h3c3 h0h9 g7h9 c0a2
S|MPV3_MT1500|OUT|info depth 18 seldepth 29 multipv 1 score cp 22 nodes 2049912 nps 1992139 hashfull 126 tbhits 0 time 1029 pv b2e2 b9c7 b0c2 a9b9 a0b0 c6c5 b0b6 g6g5 h0g2 h9g7 i0i1 f9e8 i1f1 g9e7 e3e4 i9f9 f1f9 e9f9 e4e5 b7a7 b6c6 e6e5 g3g4 g5g4 c6g6 g4g3 g6g7
S|MPV3_MT1500|OUT|info depth 18 seldepth 30 multipv 2 score cp 21 nodes 2049912 nps 1992139 hashfull 126 tbhits 0 time 1029 pv h2e2 h9g7 h0g2 g6g5 i0h0 i9h9 h0h6 b9c7 c3c4 h7i7 h6g6 i7i8 b0c2 d9e8 b2a2 a9b9 a0b0 i8g8 g6f6 g7h5 f6f8 b7b8 f8f5 c9e7
S|MPV3_MT1500|OUT|info depth 18 seldepth 22 multipv 3 score cp 20 nodes 2049912 nps 1992139 hashfull 126 tbhits 0 time 1029 pv b0c2 c6c5 h2e2 h9g7 h0g2 i9h9 i0h0 b9c7 h0h4 h7i7 h4h9 g7h9 g3g4 c9e7 b2b6 d9e8 b6g6 a9b9 g2f4 i7i3
S|MPV3_MT1500|OUT|info depth 20 seldepth 43 multipv 1 score cp 24 nodes 2980326 nps 1986884 hashfull 192 tbhits 0 time 1500 pv b2e2 b9c7 b0c2 a9b9 a0b0 c6c5 h0g2 h9g7 b0b6 g6g5 i0i1 f9e8 i1f1 g9e7 e3e4 i9f9 f1f9 e9f9 e4e5 b7a7 b6c6 e6e5 c6g6 c7d5 g2e3 d5e3 c2e3 b9b4 e3f5 b4f4 f5g7 a7g7 g6g7 f4f0 e0e1 h7h3 g7h7 h3c3 h7h9 f9f8
S|MPV3_MT1500|OUT|info depth 20 seldepth 35 multipv 2 score cp 19 upperbound nodes 2980326 nps 1986884 hashfull 192 tbhits 0 time 1500 pv h2e2 h9g7
S|MPV3_MT1500|OUT|info depth 19 seldepth 35 multipv 3 score cp 22 nodes 2980326 nps 1986884 hashfull 192 tbhits 0 time 1500 pv b0c2 c6c5 h2e2 h9g7 h0g2 i9h9 i0h0 h7h3 g3g4 b9c7 b2b6 h3c3 h0h9 g7h9 g2f4 g9e7 f4e6 c5c4
S|MPV3_MT1500|OUT|bestmove b2e2 ponder b9c7
S|MPV3_MT1500|END|lines=62
S|MPV4_MT1500|CMD|setoption name MultiPV value 4
S|MPV4_MT1500|CMD|position fen rnbakabnr/9/1c5c1/p1p1p1p1p/9/9/P1P1P1P1P/1C5C1/9/RNBAKABNR w - - 0 1
S|MPV4_MT1500|CMD|go movetime 1500
S|MPV4_MT1500|OUT|info string Available processors: 0-15
S|MPV4_MT1500|OUT|info string Using 4 threads
S|MPV4_MT1500|OUT|info string NNUE evaluation using pikafish.nnue (64MiB, (62083, 1024, 32, 32, 1))
S|MPV4_MT1500|OUT|info string Network replica 1: Local memory. Shared memory not supported by the OS. Local allocation fallback.
S|MPV4_MT1500|OUT|info depth 1 seldepth 7 multipv 1 score cp 24 nodes 930 nps 930000 hashfull 0 tbhits 0 time 1 pv b2e2
S|MPV4_MT1500|OUT|info depth 1 seldepth 3 multipv 2 score cp 21 nodes 930 nps 930000 hashfull 0 tbhits 0 time 1 pv h2e2
S|MPV4_MT1500|OUT|info depth 1 seldepth 3 multipv 3 score cp 21 nodes 930 nps 930000 hashfull 0 tbhits 0 time 1 pv g3g4
S|MPV4_MT1500|OUT|info depth 1 seldepth 3 multipv 4 score cp 15 nodes 930 nps 930000 hashfull 0 tbhits 0 time 1 pv c3c4
S|MPV4_MT1500|OUT|info depth 2 seldepth 5 multipv 1 score cp 27 nodes 2840 nps 1420000 hashfull 0 tbhits 0 time 2 pv h2e2
S|MPV4_MT1500|OUT|info depth 2 seldepth 3 multipv 2 score cp 26 nodes 2840 nps 1420000 hashfull 0 tbhits 0 time 2 pv c3c4
S|MPV4_MT1500|OUT|info depth 2 seldepth 3 multipv 3 score cp 24 nodes 2840 nps 1420000 hashfull 0 tbhits 0 time 2 pv b2e2
S|MPV4_MT1500|OUT|info depth 2 seldepth 3 multipv 4 score cp 20 nodes 2840 nps 1420000 hashfull 0 tbhits 0 time 2 pv g3g4
S|MPV4_MT1500|OUT|info depth 3 seldepth 4 multipv 1 score cp 25 nodes 5049 nps 2524500 hashfull 0 tbhits 0 time 2 pv g3g4
S|MPV4_MT1500|OUT|info depth 3 seldepth 4 multipv 2 score cp 24 nodes 5049 nps 1683000 hashfull 0 tbhits 0 time 3 pv b2e2 b9c7
S|MPV4_MT1500|OUT|info depth 3 seldepth 4 multipv 3 score cp 24 nodes 5049 nps 1683000 hashfull 0 tbhits 0 time 3 pv h2e2
S|MPV4_MT1500|OUT|info depth 3 seldepth 11 multipv 4 score cp 23 nodes 5049 nps 1683000 hashfull 0 tbhits 0 time 3 pv c3c4
S|MPV4_MT1500|OUT|info depth 4 seldepth 7 multipv 1 score cp 25 nodes 7962 nps 1990500 hashfull 0 tbhits 0 time 4 pv g3g4 h7g7 b2e2 g9e7 e2e6
S|MPV4_MT1500|OUT|info depth 4 seldepth 7 multipv 2 score cp 25 nodes 7962 nps 1990500 hashfull 0 tbhits 0 time 4 pv b2e2 b9c7 b0c2 a9b9
S|MPV4_MT1500|OUT|info depth 4 seldepth 24 multipv 3 score cp 21 nodes 7962 nps 1990500 hashfull 0 tbhits 0 time 4 pv h2e2 h9g7 h0g2 i9h9
S|MPV4_MT1500|OUT|info depth 4 seldepth 10 multipv 4 score cp 17 nodes 7962 nps 1990500 hashfull 0 tbhits 0 time 4 pv c3c4 b7c7 h2e2 c9e7
S|MPV4_MT1500|OUT|info depth 5 seldepth 7 multipv 1 score cp 23 nodes 11478 nps 2295600 hashfull 0 tbhits 0 time 5 pv b2e2
S|MPV4_MT1500|OUT|info depth 5 seldepth 11 multipv 2 score cp 21 nodes 11478 nps 2295600 hashfull 0 tbhits 0 time 5 pv h2e2 h9g7 h0g2 i9h9 i0h0 g6g5
S|MPV4_MT1500|OUT|info depth 5 seldepth 7 multipv 3 score cp 20 nodes 11478 nps 2295600 hashfull 0 tbhits 0 time 5 pv g3g4 h7g7 b2e2 g9e7 b0c2
S|MPV4_MT1500|OUT|info depth 5 seldepth 10 multipv 4 score cp 18 nodes 11478 nps 2295600 hashfull 0 tbhits 0 time 5 pv c3c4 b7c7 h2e2 c9e7 b0c2
S|MPV4_MT1500|OUT|info depth 6 seldepth 13 multipv 1 score cp 24 nodes 14522 nps 2420333 hashfull 0 tbhits 0 time 6 pv b2e2 b9c7 c3c4 a9b9 b0c2 b7a7 g3g4 h9i7
S|MPV4_MT1500|OUT|info depth 6 seldepth 9 multipv 2 score cp 23 nodes 14522 nps 2420333 hashfull 0 tbhits 0 time 6 pv h2e2 h9g7 h0g2 i9h9 i0h0 g6g5 h0h6
S|MPV4_MT1500|OUT|info depth 6 seldepth 13 multipv 3 score cp 19 nodes 14522 nps 2420333 hashfull 0 tbhits 0 time 6 pv c3c4 b7c7 h2e2 c9e7 h0g2 c6c5 b0a2 c5c4 i0h0 i9i8
S|MPV4_MT1500|OUT|info depth 6 seldepth 12 multipv 4 score cp 17 nodes 14522 nps 2420333 hashfull 0 tbhits 0 time 6 pv g3g4 h7g7 h2e2
S|MPV4_MT1500|OUT|info depth 7 seldepth 11 multipv 1 score cp 26 nodes 43303 nps 2405722 hashfull 0 tbhits 0 time 18 pv b2e2 b9c7 c3c4 a9b9 b0c2 b7a7 g3g4 g6g5 g4g5
S|MPV4_MT1500|OUT|info depth 7 seldepth 20 multipv 2 score cp 20 nodes 43303 nps 2405722 hashfull 0 tbhits 0 time 18 pv g3g4 h7g7 b0c2 g6g5 g0e2 g5g4 c3c4 h9i7 c2d4 i9h9 h0f1 c9e7 e2g4 b9d8
S|MPV4_MT1500|OUT|info depth 7 seldepth 12 multipv 3 score cp 20 nodes 43303 nps 2405722 hashfull 0 tbhits 0 time 18 pv h2e2 h9g7 h0g2 i9h9 i0h0 g6g5 c3c4
S|MPV4_MT1500|OUT|info depth 7 seldepth 17 multipv 4 score cp 16 nodes 43303 nps 2405722 hashfull 0 tbhits 0 time 18 pv g0e2 b7d7
S|MPV4_MT1500|OUT|info depth 8 seldepth 14 multipv 1 score cp 25 nodes 52686 nps 2508857 hashfull 0 tbhits 0 time 21 pv h2e2 h9g7 h0g2 i9h9
S|MPV4_MT1500|OUT|info depth 8 seldepth 30 multipv 2 score cp 24 nodes 52686 nps 2394818 hashfull 0 tbhits 0 time 22 pv b2e2 b9c7 b0c2 a9b9
S|MPV4_MT1500|OUT|info depth 8 seldepth 13 multipv 3 score cp 17 nodes 52686 nps 2394818 hashfull 0 tbhits 0 time 22 pv g3g4 h7g7 b2e2 g9e7 h0g2
S|MPV4_MT1500|OUT|info depth 8 seldepth 14 multipv 4 score cp 15 nodes 52686 nps 2394818 hashfull 0 tbhits 0 time 22 pv g0e2 b7d7 c3c4 h7e7
S|MPV4_MT1500|OUT|info depth 9 seldepth 9 multipv 1 score cp 22 nodes 60540 nps 2421600 hashfull 1 tbhits 0 time 25 pv b2e2 b9c7 b0c2 a9b9 a0b0 c6c5 b0b6
S|MPV4_MT1500|OUT|info depth 9 seldepth 18 multipv 2 score cp 21 nodes 60540 nps 2421600 hashfull 1 tbhits 0 time 25 pv h2e2 h9g7 h0g2 i9h9 i0h0 g6g5
S|MPV4_MT1500|OUT|info depth 9 seldepth 8 multipv 3 score cp 17 nodes 60540 nps 2421600 hashfull 1 tbhits 0 time 25 pv g0e2 b7d7
S|MPV4_MT1500|OUT|info depth 9 seldepth 12 multipv 4 score cp 16 nodes 60540 nps 2421600 hashfull 1 tbhits 0 time 25 pv g3g4 h7g7 h0g2
S|MPV4_MT1500|OUT|info depth 10 seldepth 14 multipv 1 score cp 20 nodes 84719 nps 2567242 hashfull 1 tbhits 0 time 33 pv b2e2 b9c7 b0c2 c6c5 a0b0 a9b9 b0b6 g6g5 h0i2
S|MPV4_MT1500|OUT|info depth 10 seldepth 18 multipv 2 score cp 19 nodes 84719 nps 2567242 hashfull 1 tbhits 0 time 33 pv h2e2 h9g7 h0g2 i9h9 g3g4 h7i7 b0c2 c6c5 b2b6 b9c7 b6c6 a9b9 a0b0 b7b5 b0b4 g6g5
S|MPV4_MT1500|OUT|info depth 10 seldepth 16 multipv 3 score cp 19 nodes 84719 nps 2567242 hashfull 1 tbhits 0 time 33 pv g3g4 h7g7 b2e2 g9e7 b0c2 g6g5 h0i2 g5g4 a0b0 a9a8 b0b4 a8h8 e2e6 f9e8
S|MPV4_MT1500|OUT|info depth 10 seldepth 17 multipv 4 score cp 18 nodes 84719 nps 2567242 hashfull 1 tbhits 0 time 33 pv h0g2 g6g5 b2e2 h9g7
S|MPV4_MT1500|OUT|info depth 11 seldepth 37 multipv 1 score cp 23 nodes 105114 nps 2627850 hashfull 2 tbhits 0 time 40 pv b2e2 b9c7 b0c2 c6c5 a0b0 a9b9 b0b6 g6g5 h0g2 h9g7 i0i1 f9e8
S|MPV4_MT1500|OUT|info depth 11 seldepth 21 multipv 2 score cp 23 nodes 105114 nps 2563756 hashfull 2 tbhits 0 time 41 pv h2e2 h9g7 g3g4 i9h9 h0g2 h7i7 b0c2 c6c5 i0i1 b9c7
S|MPV4_MT1500|OUT|info depth 11 seldepth 20 multipv 3 score cp 20 nodes 105114 nps 2563756 hashfull 2 tbhits 0 time 41 pv h0g2 g6g5 b2e2 b9c7 b0c2 a9b9 a0b0
S|MPV4_MT1500|OUT|info depth 11 seldepth 16 multipv 4 score cp 15 nodes 105114 nps 2563756 hashfull 2 tbhits 0 time 41 pv g3g4 h7g7 b2e2 g9e7 b0c2 g6g5 g0i2 g5g4 i2g4 a9a8 e2e6 f9e8 a0b0 a8d8
S|MPV4_MT1500|OUT|info depth 12 seldepth 27 multipv 1 score cp 24 nodes 164147 nps 2782152 hashfull 4 tbhits 0 time 59 pv b2e2 b9c7 b0c2 c6c5 a0b0 a9b9 b0b6 g6g5 h0g2 h9g7 i0i1 f9e8
S|MPV4_MT1500|OUT|info depth 12 seldepth 29 multipv 2 score cp 21 nodes 164147 nps 2782152 hashfull 4 tbhits 0 time 59 pv b0c2 c6c5 h2e2 h9g7 h0g2 i9h9 i0h0 h7h3 g3g4 b9c7 b2b6 c7d5 b6g6 g9e7 a0b0 b7c7
S|MPV4_MT1500|OUT|info depth 12 seldepth 20 multipv 3 score cp 20 nodes 164147 nps 2782152 hashfull 4 tbhits 0 time 59 pv h2e2 h9g7 g3g4 i9h9 h0g2 h7i7 b0c2 c6c5 b2b6 b9c7 b6g6 g9e7 a0b0 a9b9 b0b6 b7a7 b6c6
S|MPV4_MT1500|OUT|info depth 12 seldepth 17 multipv 4 score cp 18 nodes 164147 nps 2782152 hashfull 4 tbhits 0 time 59 pv g3g4 h7g7 b2e2 g9e7 b0c2 g6g5 h2g2 g5g4 a0b0 a9a8
S|MPV4_MT1500|OUT|info depth 13 seldepth 53 multipv 1 score cp 25 nodes 349270 nps 2587185 hashfull 11 tbhits 0 time 135 pv b2e2 b9c7 b0c2 c6c5 a0b0 a9b9 b0b6 g6g5 h0g2 h9g7 i0i1 f9e8 i1f1 c7d5 e3e4 c5c4 b6d6 d5c3 c2e3 c3e2 h2e2 b7c7 c0a2 c4d4 d6d4 i9h9
S|MPV4_MT1500|OUT|info depth 13 seldepth 20 multipv 2 score cp 23 nodes 349270 nps 2587185 hashfull 11 tbhits 0 time 135 pv h2e2 h9g7 g3g4 i9h9 h0g2 h7i7 b0c2 c6c5 i0i1 b9c7 a0a1 c9e7 g2f4 d9e8 e2g2
S|MPV4_MT1500|OUT|info depth 13 seldepth 22 multipv 3 score cp 17 nodes 349270 nps 2587185 hashfull 11 tbhits 0 time 135 pv b0c2 c6c5 h2e2 h9g7 h0g2 i9h9 i0h0 h7h3 g3g4 b9c7 b2b6 h3c3 h0h9 g7h9 c0a2 a9a8 b6g6 h9i7 a0b0 i7g6 b0b7
S|MPV4_MT1500|OUT|info depth 13 seldepth 28 multipv 4 score cp 17 nodes 349270 nps 2587185 hashfull 11 tbhits 0 time 135 pv c3c4 b7c7 h2e2 c9e7 h0g2 c6c5 i0h0 c5c4 b2c2 i9i8 h0h4 i8b8 c2c7 h7c7 b0a2
S|MPV4_MT1500|OUT|info depth 14 seldepth 36 multipv 1 score cp 21 nodes 621341 nps 2353564 hashfull 25 tbhits 0 time 264 pv b2e2 b9c7 b0c2 c6c5 a0b0 a9b9 b0b6 g6g5 h0g2 h9g7 i0i1 f9e8 i1f1 c7d5 e3e4 c5c4 b6d6 d5c3 c2e3 c3e2 h2e2 b7c7 c0a2 c4d4 d6d4 i9h9 g3g4 h7h2 e2h2 h9h2 g4g5 c7e7 g5g6
S|MPV4_MT1500|OUT|info depth 14 seldepth 24 multipv 2 score cp 21 nodes 621341 nps 2353564 hashfull 25 tbhits 0 time 264 pv h2e2 h9g7 h0g2 i9h9 i0h0 g6g5 h0h6 c6c5 b0c2 b9c7 a0a1 d9e8 a1d1 g7f5 e3e4 g5g4
S|MPV4_MT1500|OUT|info depth 14 seldepth 18 multipv 3 score cp 19 nodes 621341 nps 2353564 hashfull 25 tbhits 0 time 264 pv c3c4 b7c7 h2e2 c9e7 h0g2 c6c5 i0h0 c5c4 b2c2 i9i8 h0h4 i8d8 c2c7 h7c7
S|MPV4_MT1500|OUT|info depth 14 seldepth 17 multipv 4 score cp 16 nodes 621341 nps 2353564 hashfull 25 tbhits 0 time 264 pv h0g2 g6g5 b2e2 b9c7 b0c2 a9b9 a0b0 b7b3 h2i2 h9g7 i0h0 i9h9 h0h6 h7i7 h6g6 h9h7
S|MPV4_MT1500|OUT|info depth 15 seldepth 32 multipv 1 score cp 21 nodes 1017591 nps 2165087 hashfull 48 tbhits 0 time 470 pv h2e2 h9g7 h0g2 i9h9 i0h0 g6g5 b0c2 b9c7 h0h6 c6c5 a0a1 d9e8 a1d1 g7f5 e3e4 g5g4 h6f6 f5g3 g2e3
S|MPV4_MT1500|OUT|info depth 15 seldepth 23 multipv 2 score cp 20 nodes 1017591 nps 2160490 hashfull 48 tbhits 0 time 471 pv b2e2 b9c7 b0c2 c6c5 a0b0 a9b9 b0b6 g6g5 h0g2 h9g7 i0i1 f9e8 i1f1 c7d5 e3e4 c5c4 b6d6 d5c3 e4e5 e6e5 c2e3
S|MPV4_MT1500|OUT|info depth 15 seldepth 27 multipv 3 score cp 18 nodes 1017591 nps 2160490 hashfull 48 tbhits 0 time 471 pv c3c4 b7c7 h2e2 g9e7 b0a2 b9a7 a0b0 a9b9 b2b6 h9f8 i0i2 f9e8 i2f2 c7c8 f2f5 h7h9 b6e6 h9f9
S|MPV4_MT1500|OUT|info depth 15 seldepth 27 multipv 4 score cp 17 nodes 1017591 nps 2160490 hashfull 48 tbhits 0 time 471 pv h0g2 g6g5 b2e2 b9c7 b0c2 h9g7 a0b0 a9b9 b0b4 b7a7 b4b9 c7b9 c3c4 i9i8 h2i2 i8h8 i0h0 h7h3 c2d4
S|MPV4_MT1500|OUT|info depth 16 seldepth 40 multipv 1 score cp 26 nodes 1661879 nps 2158284 hashfull 80 tbhits 0 time 770 pv b2e2 b9c7 b0c2 c6c5 a0b0 a9b9 b0b6 g6g5 h0g2 h9g7 i0i1 g7f5 e3e4 h7e7
S|MPV4_MT1500|OUT|info depth 16 seldepth 31 multipv 2 score cp 21 nodes 1661879 nps 2158284 hashfull 80 tbhits 0 time 770 pv h2e2 h9g7 h0g2 i9h9 i0h0 g6g5 h0h6 c6c5 b0c2 b9c7 a0a1 d9e8 a1d1 g7f5 e3e4 g5g4 h6f6 f5g3 g2e3 g3e2 b2e2 h7g7 g0i2 g4f4 f6f4 a9b9 c3c4 h9h5
S|MPV4_MT1500|OUT|info depth 16 seldepth 29 multipv 3 score cp 17 nodes 1661879 nps 2155485 hashfull 80 tbhits 0 time 771 pv c3c4 b7c7 h2e2 c9e7 h0g2 c6c5 b2c2 c5c4 i0h0 b9d8 h0h4 c4c3 c2c7 h7c7 b0a2 c3c2 h4d4 d8b7 e2e6 f9e8
S|MPV4_MT1500|OUT|info depth 16 seldepth 32 multipv 4 score cp 14 nodes 1661879 nps 2155485 hashfull 80 tbhits 0 time 771 pv b0c2 c6c5 h2e2 h9g7 h0g2 i9h9 i0h0 h7h3 g3g4 b9c7 g2f4 g9e7 b2b6 h3c3 h0h9 g7h9 f4e6
S|MPV4_MT1500|OUT|info depth 17 seldepth 43 multipv 1 score cp 24 nodes 3033294 nps 2022196 hashfull 166 tbhits 0 time 1500 pv b2e2 b9c7 b0c2 c6c5 a0b0 a9b9 b0b6 h9g7 g3g4 c7d5 h0g2 i9i8 i0i1 i8f8 e3e4 c5c4 b6d6 d5c3 e4e5 f9e8 c2e3
S|MPV4_MT1500|OUT|info depth 17 seldepth 42 multipv 2 score cp 21 nodes 3033294 nps 2022196 hashfull 166 tbhits 0 time 1500 pv h2e2 h9g7 h0g2 i9h9 i0h0 g6g5 h0h6 c6c5 b0c2 b9c7 a0a1 d9e8 a1d1 g7f5 e3e4 g5g4 h6f6 f5g3 g2e3 g3e2 b2e2 h7g7 g0i2 g4f4 f6f4 a9b9 c3c4 b7b2 e2b2 b9b2 c4c5
S|MPV4_MT1500|OUT|info depth 17 seldepth 32 multipv 3 score cp 19 lowerbound nodes 3033294 nps 2022196 hashfull 166 tbhits 0 time 1500 pv g3g4
S|MPV4_MT1500|OUT|info depth 17 seldepth 32 multipv 4 score cp 14 nodes 3033294 nps 2022196 hashfull 166 tbhits 0 time 1500 pv c3c4 b7c7 h2e2 c9e7 c0a2 g6g5 h0g2 h9g7 b2d2 d9e8 b0c2 i9h9 a0b0 h7i7
S|MPV4_MT1500|OUT|bestmove b2e2 ponder b9c7
S|MPV4_MT1500|END|lines=73
S|MPV4_MT50|CMD|setoption name MultiPV value 4
S|MPV4_MT50|CMD|position fen rnbakabnr/9/1c5c1/p1p1p1p1p/9/9/P1P1P1P1P/1C5C1/9/RNBAKABNR w - - 0 1
S|MPV4_MT50|CMD|go movetime 50
S|MPV4_MT50|OUT|info string Available processors: 0-15
S|MPV4_MT50|OUT|info string Using 4 threads
S|MPV4_MT50|OUT|info string NNUE evaluation using pikafish.nnue (64MiB, (62083, 1024, 32, 32, 1))
S|MPV4_MT50|OUT|info string Network replica 1: Local memory. Shared memory not supported by the OS. Local allocation fallback.
S|MPV4_MT50|OUT|info depth 1 seldepth 7 multipv 1 score cp 30 nodes 1081 nps 1081000 hashfull 0 tbhits 0 time 1 pv g3g4
S|MPV4_MT50|OUT|info depth 1 seldepth 3 multipv 2 score cp 29 nodes 1081 nps 1081000 hashfull 0 tbhits 0 time 1 pv b2e2
S|MPV4_MT50|OUT|info depth 1 seldepth 3 multipv 3 score cp 28 nodes 1081 nps 1081000 hashfull 0 tbhits 0 time 1 pv h2e2
S|MPV4_MT50|OUT|info depth 1 seldepth 3 multipv 4 score cp 22 nodes 1081 nps 1081000 hashfull 0 tbhits 0 time 1 pv c3c4
S|MPV4_MT50|OUT|info depth 2 seldepth 4 multipv 1 score cp 29 nodes 2556 nps 2556000 hashfull 0 tbhits 0 time 1 pv g3g4
S|MPV4_MT50|OUT|info depth 2 seldepth 3 multipv 2 score cp 22 nodes 2556 nps 2556000 hashfull 0 tbhits 0 time 1 pv b2e2
S|MPV4_MT50|OUT|info depth 2 seldepth 3 multipv 3 score cp 21 nodes 2556 nps 2556000 hashfull 0 tbhits 0 time 1 pv h2e2
S|MPV4_MT50|OUT|info depth 2 seldepth 3 multipv 4 score cp 19 nodes 2556 nps 2556000 hashfull 0 tbhits 0 time 1 pv c3c4
S|MPV4_MT50|OUT|info depth 3 seldepth 4 multipv 1 score cp 24 nodes 4873 nps 2436500 hashfull 0 tbhits 0 time 2 pv c3c4 g6g5
S|MPV4_MT50|OUT|info depth 3 seldepth 7 multipv 2 score cp 23 nodes 4873 nps 2436500 hashfull 0 tbhits 0 time 2 pv h2e2
S|MPV4_MT50|OUT|info depth 3 seldepth 4 multipv 3 score cp 22 nodes 4873 nps 2436500 hashfull 0 tbhits 0 time 2 pv g3g4 h7g7
S|MPV4_MT50|OUT|info depth 3 seldepth 4 multipv 4 score cp 22 nodes 4873 nps 2436500 hashfull 0 tbhits 0 time 2 pv b2e2
S|MPV4_MT50|OUT|info depth 4 seldepth 6 multipv 1 score cp 23 nodes 6992 nps 2330666 hashfull 0 tbhits 0 time 3 pv h2e2
S|MPV4_MT50|OUT|info depth 4 seldepth 7 multipv 2 score cp 22 nodes 6992 nps 2330666 hashfull 0 tbhits 0 time 3 pv b2e2 b9c7 b0c2 a9b9
S|MPV4_MT50|OUT|info depth 4 seldepth 6 multipv 3 score cp 21 nodes 6992 nps 2330666 hashfull 0 tbhits 0 time 3 pv g3g4
S|MPV4_MT50|OUT|info depth 4 seldepth 7 multipv 4 score cp 19 nodes 6992 nps 2330666 hashfull 0 tbhits 0 time 3 pv c3c4 b7c7 h2e2 h7e7
S|MPV4_MT50|OUT|info depth 5 seldepth 7 multipv 1 score cp 23 nodes 9211 nps 3070333 hashfull 0 tbhits 0 time 3 pv h2e2 h9g7 h0g2 i9h9 i0h0 g6g5
S|MPV4_MT50|OUT|info depth 5 seldepth 7 multipv 2 score cp 21 nodes 9211 nps 3070333 hashfull 0 tbhits 0 time 3 pv b2e2 b9c7 b0c2 a9b9 a0b0
S|MPV4_MT50|OUT|info depth 5 seldepth 9 multipv 3 score cp 19 nodes 9211 nps 2302750 hashfull 0 tbhits 0 time 4 pv c3c4
S|MPV4_MT50|OUT|info depth 5 seldepth 6 multipv 4 score cp 19 nodes 9211 nps 2302750 hashfull 0 tbhits 0 time 4 pv g3g4 h7g7 b2e2 b7e7 b0c2
S|MPV4_MT50|OUT|info depth 6 seldepth 10 multipv 1 score cp 27 nodes 10819 nps 2704750 hashfull 0 tbhits 0 time 4 pv h2e2 h9g7 h0g2 g6g5 i0h0 i9h9 b0c2 h7h3 g2i1
S|MPV4_MT50|OUT|info depth 6 seldepth 5 multipv 2 score cp 21 nodes 10819 nps 2704750 hashfull 0 tbhits 0 time 4 pv b2e2 b9c7 b0c2 a9b9
S|MPV4_MT50|OUT|info depth 6 seldepth 6 multipv 3 score cp 21 nodes 10819 nps 2704750 hashfull 0 tbhits 0 time 4 pv c3c4 h7e7 h0g2 h9g7
S|MPV4_MT50|OUT|info depth 6 seldepth 7 multipv 4 score cp 20 nodes 10819 nps 2704750 hashfull 0 tbhits 0 time 4 pv g3g4 h7g7 b2e2 b7e7
S|MPV4_MT50|OUT|info depth 7 seldepth 7 multipv 1 score cp 25 nodes 12706 nps 2541200 hashfull 0 tbhits 0 time 5 pv h2e2 h9g7 h0g2 g6g5 b0c2 i9h9
S|MPV4_MT50|OUT|info depth 7 seldepth 11 multipv 2 score cp 24 nodes 12706 nps 2541200 hashfull 0 tbhits 0 time 5 pv g3g4 h7g7 b2e2 b7e7 b0c2 h9i7 h0g2 i9h9
S|MPV4_MT50|OUT|info depth 7 seldepth 8 multipv 3 score cp 21 nodes 12706 nps 2541200 hashfull 0 tbhits 0 time 5 pv c3c4 h7e7
S|MPV4_MT50|OUT|info depth 7 seldepth 7 multipv 4 score cp 20 nodes 12706 nps 2541200 hashfull 0 tbhits 0 time 5 pv b2e2 b9c7 b0c2 c6c5 a0b0 a9b9
S|MPV4_MT50|OUT|info depth 8 seldepth 20 multipv 1 score cp 21 nodes 28571 nps 2597363 hashfull 1 tbhits 0 time 11 pv b2e2 b9c7 b0c2 a9b9
S|MPV4_MT50|OUT|info depth 8 seldepth 22 multipv 2 score cp 21 nodes 28571 nps 2597363 hashfull 1 tbhits 0 time 11 pv h2e2 h9g7 h0g2 i9h9 i0h0 g6g5 h0h6 c6c5 b0c2 b9c7 a0a1 d9e8 a1d1 g7f5 e3e4 g5g4 h6f6 f5g3 g2e3
S|MPV4_MT50|OUT|info depth 8 seldepth 20 multipv 3 score cp 20 nodes 28571 nps 2597363 hashfull 1 tbhits 0 time 11 pv c3c4 b7c7 h2e2 c9e7
S|MPV4_MT50|OUT|info depth 8 seldepth 10 multipv 4 score cp 20 nodes 28571 nps 2380916 hashfull 1 tbhits 0 time 12 pv g3g4 h7g7 b2e2 g9e7 g0i2 b9c7 b0c2 c6c5 h0g2
S|MPV4_MT50|OUT|info depth 9 seldepth 14 multipv 1 score cp 21 nodes 51286 nps 2564300 hashfull 1 tbhits 0 time 20 pv b2e2 b9c7 b0c2 a9b9 a0b0 c6c5 h0g2 g6g5 h2i2 h9g7 i0h0 i9h9 h0h4
S|MPV4_MT50|OUT|info depth 9 seldepth 22 multipv 2 score cp 21 nodes 51286 nps 2442190 hashfull 1 tbhits 0 time 21 pv h2e2 h9g7 h0g2 i9h9 i0h0 g6g5 b0c2 b9c7 h0h6 c6c5 a0a1 d9e8 a1d1 g7f5 e3e4 g5g4 h6f6 f5g3
S|MPV4_MT50|OUT|info depth 9 seldepth 19 multipv 3 score cp 19 nodes 51286 nps 2442190 hashfull 1 tbhits 0 time 21 pv g3g4 h7g7 b2e2 g9e7 g0i2 a9a8 b0c2 a8f8 h0g2 c6c5
S|MPV4_MT50|OUT|info depth 9 seldepth 20 multipv 4 score cp 15 nodes 51286 nps 2442190 hashfull 1 tbhits 0 time 21 pv c3c4 b7c7 h2e2 c9e7 c0a2 g6g5 h0g2 h9g7 b0c2
S|MPV4_MT50|OUT|info depth 10 seldepth 21 multipv 1 score cp 22 nodes 65135 nps 2605400 hashfull 1 tbhits 0 time 25 pv b2e2 b9c7 b0c2 a9b9 a0b0 c6c5 b0b6 g6g5 h0g2 h9g7 i0i1
S|MPV4_MT50|OUT|info depth 10 seldepth 18 multipv 2 score cp 20 nodes 65135 nps 2605400 hashfull 1 tbhits 0 time 25 pv g3g4 h7g7 b2e2 g9e7 g0i2 c6c5 b0c2 b9c7 h0g2 a9b9 g2f4
S|MPV4_MT50|OUT|info depth 10 seldepth 22 multipv 3 score cp 19 nodes 65135 nps 2605400 hashfull 1 tbhits 0 time 25 pv h2e2 h9g7 b2d2 i9h9 b0c2 h7i7 h0g2 b9c7
S|MPV4_MT50|OUT|info depth 10 seldepth 16 multipv 4 score cp 17 nodes 65135 nps 2605400 hashfull 1 tbhits 0 time 25 pv c3c4 b7c7 h2e2 c9e7 c0a2 g6g5 h0g2 h9g7 b0c2 i9h9 i0h0
S|MPV4_MT50|OUT|info depth 11 seldepth 25 multipv 1 score cp 22 nodes 99188 nps 2680756 hashfull 2 tbhits 0 time 37 pv h2e2 h9g7 h0g2 i9h9 b2d2 h7i7
S|MPV4_MT50|OUT|info depth 11 seldepth 27 multipv 2 score cp 20 nodes 99188 nps 2680756 hashfull 2 tbhits 0 time 37 pv c3c4 b7c7 h2e2 c9e7 c0a2 h9g7 h0g2
S|MPV4_MT50|OUT|info depth 11 seldepth 22 multipv 3 score cp 20 nodes 99188 nps 2680756 hashfull 2 tbhits 0 time 37 pv b2e2 b9c7 b0c2 a9b9 a0b0 c6c5 b0b6 g6g5 h0i2
S|MPV4_MT50|OUT|info depth 11 seldepth 21 multipv 4 score cp 19 nodes 99188 nps 2610210 hashfull 2 tbhits 0 time 38 pv g3g4 h7g7 b2e2 g9e7 g0i2 a9a8 b0c2 a8f8 h0g2 f9e8 a0b0 h9i7 c3c4 i9h9 c2d4 b9a7 d4e6 b7d7 e6g7 d7g7
S|MPV4_MT50|OUT|info depth 11 seldepth 24 multipv 1 score cp 22 nodes 128055 nps 2510882 hashfull 3 tbhits 0 time 51 pv h2e2 h9g7 h0g2 g6g5 b2d2 b9c7 b0c2 a9b9 a0b0 i9h9 b0b4 b7a7 b4b9 c7b9 c3c4 b9c7 i0i1 h7h1 c2d4 d9e8
S|MPV4_MT50|OUT|info depth 11 seldepth 26 multipv 2 score cp 21 nodes 128055 nps 2510882 hashfull 3 tbhits 0 time 51 pv g3g4 h7g7 b2e2 g9e7 g0i2 b9c7 b0c2 c6c5 h0g2 a9b9 g2f4 b7a7
S|MPV4_MT50|OUT|info depth 11 seldepth 14 multipv 3 score cp 20 nodes 128055 nps 2510882 hashfull 3 tbhits 0 time 51 pv c3c4 b7c7 h2e2 c9e7 c0a2 h9g7 h0g2 g6g5 b0c2 i9h9 i0h0 b9d8 h0h4
S|MPV4_MT50|OUT|info depth 11 seldepth 18 multipv 4 score cp 19 nodes 128055 nps 2510882 hashfull 3 tbhits 0 time 51 pv b2e2 b9c7 b0c2 a9b9 a0b0 c6c5 b0b6 g6g5 h0g2 h9g7 i0i1 f9e8 i1f1 c7d5 e3e4
S|MPV4_MT50|OUT|bestmove h2e2 ponder h9g7
S|MPV4_MT50|TIMEOUT
S|MPV4_MT50|END|lines=53
S|MPV4_MT150|CMD|setoption name MultiPV value 4
S|MPV4_MT150|CMD|position fen rnbakabnr/9/1c5c1/p1p1p1p1p/9/9/P1P1P1P1P/1C5C1/9/RNBAKABNR w - - 0 1
S|MPV4_MT150|CMD|go movetime 150
S|MPV4_MT150|OUT|info string Available processors: 0-15
S|MPV4_MT150|OUT|info string Using 4 threads
S|MPV4_MT150|OUT|info string NNUE evaluation using pikafish.nnue (64MiB, (62083, 1024, 32, 32, 1))
S|MPV4_MT150|OUT|info string Network replica 1: Local memory. Shared memory not supported by the OS. Local allocation fallback.
S|MPV4_MT150|OUT|info depth 1 seldepth 3 multipv 2 score cp 22 nodes 871 nps 871000 hashfull 0 tbhits 0 time 1 pv b2e2
S|MPV4_MT150|OUT|info depth 1 seldepth 5 multipv 1 score cp 23 nodes 871 nps 871000 hashfull 0 tbhits 0 time 1 pv g3g4
S|MPV4_MT150|OUT|info depth 1 seldepth 3 multipv 3 score cp 22 nodes 871 nps 871000 hashfull 0 tbhits 0 time 1 pv h2e2
S|MPV4_MT150|OUT|info depth 1 seldepth 3 multipv 4 score cp 20 nodes 871 nps 871000 hashfull 0 tbhits 0 time 1 pv c3c4
S|MPV4_MT150|OUT|info depth 2 seldepth 5 multipv 1 score cp 26 nodes 2486 nps 2486000 hashfull 0 tbhits 0 time 1 pv b2e2
S|MPV4_MT150|OUT|info depth 2 seldepth 3 multipv 2 score cp 22 nodes 2486 nps 2486000 hashfull 0 tbhits 0 time 1 pv h2e2
S|MPV4_MT150|OUT|info depth 2 seldepth 3 multipv 3 score cp 22 nodes 2486 nps 2486000 hashfull 0 tbhits 0 time 1 pv g3g4
S|MPV4_MT150|OUT|info depth 2 seldepth 3 multipv 4 score cp 18 nodes 2486 nps 2486000 hashfull 0 tbhits 0 time 1 pv h0g2
S|MPV4_MT150|OUT|info depth 3 seldepth 6 multipv 1 score cp 22 nodes 4475 nps 2237500 hashfull 0 tbhits 0 time 2 pv g3g4
S|MPV4_MT150|OUT|info depth 3 seldepth 6 multipv 2 score cp 21 nodes 4475 nps 2237500 hashfull 0 tbhits 0 time 2 pv b2e2 b9c7 b0c2
S|MPV4_MT150|OUT|info depth 3 seldepth 3 multipv 3 score cp 21 nodes 4475 nps 2237500 hashfull 0 tbhits 0 time 2 pv h2e2
S|MPV4_MT150|OUT|info depth 3 seldepth 4 multipv 4 score cp 19 nodes 4475 nps 2237500 hashfull 0 tbhits 0 time 2 pv c3c4
S|MPV4_MT150|OUT|info depth 4 seldepth 5 multipv 1 score cp 24 nodes 6663 nps 3331500 hashfull 0 tbhits 0 time 2 pv g3g4 b7e7
S|MPV4_MT150|OUT|info depth 4 seldepth 6 multipv 2 score cp 22 nodes 6663 nps 3331500 hashfull 0 tbhits 0 time 2 pv h2e2 h9g7 b2d2 i9h9 h0g2
S|MPV4_MT150|OUT|info depth 4 seldepth 7 multipv 3 score cp 21 nodes 6663 nps 3331500 hashfull 0 tbhits 0 time 2 pv b2e2 b9c7 b0c2 c6c5 h0g2 a9b9
S|MPV4_MT150|OUT|info depth 4 seldepth 7 multipv 4 score cp 16 nodes 6663 nps 2221000 hashfull 0 tbhits 0 time 3 pv c3c4 b7c7
S|MPV4_MT150|OUT|info depth 5 seldepth 10 multipv 1 score cp 22 nodes 8797 nps 2932333 hashfull 0 tbhits 0 time 3 pv b2e2 b9c7 b0c2 c6c5 h0g2
S|MPV4_MT150|OUT|info depth 5 seldepth 10 multipv 2 score cp 21 nodes 8797 nps 2932333 hashfull 0 tbhits 0 time 3 pv h2e2 h9g7 h0g2 g6g5 b2d2 b9c7
S|MPV4_MT150|OUT|info depth 5 seldepth 7 multipv 3 score cp 20 nodes 8797 nps 2932333 hashfull 0 tbhits 0 time 3 pv g3g4 h7g7 b2e2 g9e7
S|MPV4_MT150|OUT|info depth 5 seldepth 11 multipv 4 score cp 15 nodes 8797 nps 2932333 hashfull 0 tbhits 0 time 3 pv h0g2
S|MPV4_MT150|OUT|info depth 6 seldepth 9 multipv 1 score cp 22 nodes 11283 nps 2820750 hashfull 0 tbhits 0 time 4 pv b2e2 b9c7 b0c2 c6c5 h0g2
S|MPV4_MT150|OUT|info depth 6 seldepth 14 multipv 2 score cp 22 nodes 11283 nps 2820750 hashfull 0 tbhits 0 time 4 pv h2e2 h9g7 h0g2 g6g5 b2d2
S|MPV4_MT150|OUT|info depth 6 seldepth 17 multipv 3 score cp 21 nodes 11283 nps 2820750 hashfull 0 tbhits 0 time 4 pv c3c4 b7c7 h2e2 c9e7 c0a2
S|MPV4_MT150|OUT|info depth 6 seldepth 10 multipv 4 score cp 19 nodes 11283 nps 2820750 hashfull 0 tbhits 0 time 4 pv g3g4 h7g7 b0c2 g6g5 g0e2 g5g4 c3c4
S|MPV4_MT150|OUT|info depth 7 seldepth 12 multipv 1 score cp 24 nodes 14725 nps 2945000 hashfull 0 tbhits 0 time 5 pv g3g4 h7g7 b2e2 g9e7 b0c2
S|MPV4_MT150|OUT|info depth 7 seldepth 7 multipv 2 score cp 23 nodes 14725 nps 2945000 hashfull 0 tbhits 0 time 5 pv b2e2 b9c7 b0c2 a9b9 a0b0 c6c5
S|MPV4_MT150|OUT|info depth 7 seldepth 5 multipv 3 score cp 22 nodes 14725 nps 2945000 hashfull 0 tbhits 0 time 5 pv h2e2 h9g7 h0g2 g6g5
S|MPV4_MT150|OUT|info depth 7 seldepth 10 multipv 4 score cp 16 nodes 14725 nps 2945000 hashfull 0 tbhits 0 time 5 pv c3c4 b7c7 h2e2 c9e7 c0a2 b9a7 b2d2 i9i8 b0c2
S|MPV4_MT150|OUT|info depth 8 seldepth 11 multipv 1 score cp 24 nodes 16015 nps 3203000 hashfull 0 tbhits 0 time 5 pv g3g4 h7g7 b2e2 g9e7 h0i2
S|MPV4_MT150|OUT|info depth 8 seldepth 7 multipv 2 score cp 22 nodes 16015 nps 2669166 hashfull 0 tbhits 0 time 6 pv h2e2
S|MPV4_MT150|OUT|info depth 8 seldepth 7 multipv 3 score cp 21 nodes 16015 nps 2669166 hashfull 0 tbhits 0 time 6 pv b2e2 b9c7 b0c2 a9b9 a0b0
S|MPV4_MT150|OUT|info depth 8 seldepth 10 multipv 4 score cp 17 nodes 16015 nps 2669166 hashfull 0 tbhits 0 time 6 pv c3c4 b7c7 h2e2 c9e7 c0a2 b9a7
S|MPV4_MT150|OUT|info depth 9 seldepth 9 multipv 1 score cp 23 nodes 35918 nps 2993166 hashfull 0 tbhits 0 time 12 pv b2e2 b9c7 b0c2 a9b9 a0b0 c6c5 b0b6
S|MPV4_MT150|OUT|info depth 9 seldepth 18 multipv 2 score cp 22 nodes 35918 nps 2993166 hashfull 0 tbhits 0 time 12 pv h2e2
S|MPV4_MT150|OUT|info depth 9 seldepth 23 multipv 3 score cp 20 nodes 35918 nps 2993166 hashfull 0 tbhits 0 time 12 pv c3c4 b7c7 h2e2 c9e7 c0a2 h9g7 h0g2
S|MPV4_MT150|OUT|info depth 9 seldepth 23 multipv 4 score cp 16 nodes 35918 nps 2993166 hashfull 0 tbhits 0 time 12 pv g3g4 h7g7 b2e2 g9e7 b0c2 g6g5 g0i2 g5g4 h0f1
S|MPV4_MT150|OUT|info depth 10 seldepth 11 multipv 1 score cp 24 nodes 62326 nps 2709826 hashfull 2 tbhits 0 time 23 pv b2e2 b9c7 b0c2 a9b9 a0b0 c6c5 b0b6 g6g5 h0g2 h9g7
S|MPV4_MT150|OUT|info depth 10 seldepth 15 multipv 2 score cp 21 nodes 62326 nps 2709826 hashfull 2 tbhits 0 time 23 pv g3g4 h7g7 b2e2 g9e7 g0i2 a9a8 b0c2 a8h8
S|MPV4_MT150|OUT|info depth 10 seldepth 13 multipv 3 score cp 20 nodes 62326 nps 2709826 hashfull 2 tbhits 0 time 23 pv h2e2 h9g7 h0g2 i9h9 b2d2 b9c7 b0c2 a9b9 a0b0 h7i7 c3c4 g6g5
S|MPV4_MT150|OUT|info depth 10 seldepth 26 multipv 4 score cp 14 nodes 62326 nps 2709826 hashfull 2 tbhits 0 time 23 pv c3c4 b7c7 h2e2 c9e7 c0a2 h9g7 g3g4 i9h9 b2d2 h7h2
S|MPV4_MT150|OUT|info depth 11 seldepth 26 multipv 1 score cp 22 nodes 173528 nps 2711375 hashfull 7 tbhits 0 time 64 pv h2e2 h9g7 h0g2 g6g5 b2d2 b9c7 b0c2 a9b9 a0b0 i9h9 b0b6 b7a7 b6b9
S|MPV4_MT150|OUT|info depth 11 seldepth 30 multipv 2 score cp 21 nodes 173528 nps 2711375 hashfull 7 tbhits 0 time 64 pv g3g4 h7g7 b2e2 g9e7 g0i2 a9a8 b0c2 a8h8 h2f2 c6c5 h0g2 b9c7 a0b0 c7d5 b0b4 f9e8
S|MPV4_MT150|OUT|info depth 11 seldepth 26 multipv 3 score cp 19 nodes 173528 nps 2711375 hashfull 7 tbhits 0 time 64 pv b2e2 b9c7 c3c4 a9b9 b0c2 b7a7 h0g2 g6g5 h2i2 h9g7 i0h0 g7f5 h0h5 f5g3 h5g5 g3i2 g0i2 g9e7 g5h5 h7f7 g2f4 i9g9
S|MPV4_MT150|OUT|info depth 11 seldepth 29 multipv 4 score cp 14 nodes 173528 nps 2711375 hashfull 7 tbhits 0 time 64 pv c3c4 b7c7 h2e2 c9e7 h0g2 c6c5 c0a2 c5c4 i0h0 i9i8 a2c4
S|MPV4_MT150|OUT|info depth 12 seldepth 15 multipv 1 score cp 22 nodes 248531 nps 2701423 hashfull 10 tbhits 0 time 92 pv h2e2 h9g7 h0g2 g6g5 b2d2 b9c7 b0c2 a9b9 a0b0 i9h9 b0b6 b7a7
S|MPV4_MT150|OUT|info depth 12 seldepth 31 multipv 2 score cp 22 nodes 248531 nps 2701423 hashfull 10 tbhits 0 time 92 pv b2e2 b9c7 c3c4 a9b9 b0c2 g6g5 a0b0 h9g7 h2g2 g7h5
S|MPV4_MT150|OUT|info depth 12 seldepth 17 multipv 3 score cp 20 nodes 248531 nps 2701423 hashfull 10 tbhits 0 time 92 pv g3g4 h7g7 b2e2 g9e7 g0i2 a9a8 b0c2 a8h8 h2f2 c6c5 h0g2 b9c7 a0b0 c7d5 b0b4
S|MPV4_MT150|OUT|info depth 12 seldepth 18 multipv 4 score cp 13 nodes 248531 nps 2701423 hashfull 10 tbhits 0 time 92 pv h0g2 g6g5 b2e2 b9c7 b0c2 a9b9 a0b0 b7b3 c3c4 h9g7 h2h6 b3g3
S|MPV4_MT150|OUT|info depth 13 seldepth 36 multipv 1 score cp 22 nodes 379887 nps 2532580 hashfull 19 tbhits 0 time 150 pv b2e2 b9c7 c3c4 a9b9 b0c2 g6g5 a0b0 h9g7 h2g2 f9e8 h0i2 g7h5 i0i1 g9e7 i1f1 i9f9 f1f9 e9f9 b0b4 b7a7 b4b9 c7b9 e2e6 b9c7 e6f6
S|MPV4_MT150|OUT|info depth 13 seldepth 36 multipv 2 score cp 20 nodes 379887 nps 2532580 hashfull 19 tbhits 0 time 150 pv g3g4 h7g7 b2e2 g9e7 g0i2 a9a8 b0c2 a8h8 h2f2 c6c5 h0g2 b9c7 a0b0 c7d5 b0b4 h9f8 b4d4 h8h5 i0h0 i9h9 h0h5 h9h5 g2f4 d5f4 d4f4 f8h7 e2e6 f9e8
S|MPV4_MT150|OUT|info depth 13 seldepth 16 multipv 3 score cp 18 upperbound nodes 379887 nps 2532580 hashfull 19 tbhits 0 time 150 pv h2e2 h9g7
S|MPV4_MT150|OUT|info depth 12 seldepth 23 multipv 4 score cp 20 nodes 379887 nps 2532580 hashfull 19 tbhits 0 time 150 pv c3c4 b7c7 h2e2 c9e7 d0e1 h9g7 h0g2 g6g5 b2d2
S|MPV4_MT150|OUT|bestmove b2e2 ponder b9c7
S|MPV4_MT150|TIMEOUT
S|MPV4_MT150|END|lines=57
S|MPV4_MT500|CMD|setoption name MultiPV value 4
S|MPV4_MT500|CMD|position fen rnbakabnr/9/1c5c1/p1p1p1p1p/9/9/P1P1P1P1P/1C5C1/9/RNBAKABNR w - - 0 1
S|MPV4_MT500|CMD|go movetime 500
S|MPV4_MT500|OUT|info string Available processors: 0-15
S|MPV4_MT500|OUT|info string Using 4 threads
S|MPV4_MT500|OUT|info string NNUE evaluation using pikafish.nnue (64MiB, (62083, 1024, 32, 32, 1))
S|MPV4_MT500|OUT|info string Network replica 1: Local memory. Shared memory not supported by the OS. Local allocation fallback.
S|MPV4_MT500|OUT|info depth 1 seldepth 8 multipv 1 score cp 23 nodes 763 nps 763000 hashfull 0 tbhits 0 time 1 pv b2e2
S|MPV4_MT500|OUT|info depth 1 seldepth 3 multipv 2 score cp 21 nodes 763 nps 763000 hashfull 0 tbhits 0 time 1 pv h2e2
S|MPV4_MT500|OUT|info depth 1 seldepth 3 multipv 3 score cp 16 nodes 763 nps 763000 hashfull 0 tbhits 0 time 1 pv c3c4
S|MPV4_MT500|OUT|info depth 1 seldepth 3 multipv 4 score cp 15 nodes 763 nps 763000 hashfull 0 tbhits 0 time 1 pv g3g4
S|MPV4_MT500|OUT|info depth 2 seldepth 5 multipv 1 score cp 24 nodes 2212 nps 2212000 hashfull 0 tbhits 0 time 1 pv h2e2
S|MPV4_MT500|OUT|info depth 2 seldepth 3 multipv 2 score cp 23 nodes 2212 nps 2212000 hashfull 0 tbhits 0 time 1 pv b2e2
S|MPV4_MT500|OUT|info depth 2 seldepth 3 multipv 3 score cp 18 nodes 2212 nps 2212000 hashfull 0 tbhits 0 time 1 pv g3g4
S|MPV4_MT500|OUT|info depth 2 seldepth 3 multipv 4 score cp 18 nodes 2212 nps 2212000 hashfull 0 tbhits 0 time 1 pv c3c4
S|MPV4_MT500|OUT|info depth 3 seldepth 5 multipv 1 score cp 28 nodes 3874 nps 3874000 hashfull 0 tbhits 0 time 1 pv h2e2 h9g7
S|MPV4_MT500|OUT|info depth 3 seldepth 3 multipv 2 score cp 23 nodes 3874 nps 3874000 hashfull 0 tbhits 0 time 1 pv b2e2
S|MPV4_MT500|OUT|info depth 3 seldepth 5 multipv 3 score cp 22 nodes 3874 nps 3874000 hashfull 0 tbhits 0 time 1 pv g3g4 h7g7
S|MPV4_MT500|OUT|info depth 3 seldepth 5 multipv 4 score cp 21 nodes 3874 nps 1937000 hashfull 0 tbhits 0 time 2 pv c3c4 b7c7 b2e2
S|MPV4_MT500|OUT|info depth 4 seldepth 7 multipv 1 score cp 23 nodes 6050 nps 3025000 hashfull 0 tbhits 0 time 2 pv b2e2 b9c7 c3c4 a9b9 b0c2
S|MPV4_MT500|OUT|info depth 4 seldepth 7 multipv 2 score cp 22 nodes 6050 nps 3025000 hashfull 0 tbhits 0 time 2 pv h2e2 h9g7 h0g2 g6g5 i0h0
S|MPV4_MT500|OUT|info depth 4 seldepth 7 multipv 3 score cp 20 nodes 6050 nps 3025000 hashfull 0 tbhits 0 time 2 pv g3g4 h7g7 b2e2 g9e7
S|MPV4_MT500|OUT|info depth 4 seldepth 6 multipv 4 score cp 20 nodes 6050 nps 3025000 hashfull 0 tbhits 0 time 2 pv c3c4 b7c7 b2e2 h7e7 b0c2
S|MPV4_MT500|OUT|info depth 5 seldepth 8 multipv 1 score cp 24 nodes 8525 nps 2841666 hashfull 0 tbhits 0 time 3 pv b2e2 b9c7 c3c4 g6g5
S|MPV4_MT500|OUT|info depth 5 seldepth 7 multipv 2 score cp 23 nodes 8525 nps 2841666 hashfull 0 tbhits 0 time 3 pv g3g4
S|MPV4_MT500|OUT|info depth 5 seldepth 10 multipv 3 score cp 20 nodes 8525 nps 2841666 hashfull 0 tbhits 0 time 3 pv c3c4 b7c7 h2e2 c9e7
S|MPV4_MT500|OUT|info depth 5 seldepth 6 multipv 4 score cp 19 nodes 8525 nps 2841666 hashfull 0 tbhits 0 time 3 pv h2e2 h9g7 g3g4 i9h9
S|MPV4_MT500|OUT|info depth 6 seldepth 16 multipv 1 score cp 24 nodes 12277 nps 3069250 hashfull 0 tbhits 0 time 4 pv g3g4 h7g7 b2e2 b7e7 b0c2
S|MPV4_MT500|OUT|info depth 6 seldepth 9 multipv 2 score cp 21 nodes 12277 nps 3069250 hashfull 0 tbhits 0 time 4 pv b2e2 b9c7 c3c4 a9b9 b0c2 b7a7
S|MPV4_MT500|OUT|info depth 6 seldepth 11 multipv 3 score cp 20 nodes 12277 nps 3069250 hashfull 0 tbhits 0 time 4 pv c3c4 b7c7 h2e2 c9e7 h0g2
S|MPV4_MT500|OUT|info depth 6 seldepth 16 multipv 4 score cp 19 nodes 12277 nps 3069250 hashfull 0 tbhits 0 time 4 pv h2e2 h9g7 h0g2
S|MPV4_MT500|OUT|info depth 7 seldepth 9 multipv 1 score cp 21 nodes 16966 nps 2827666 hashfull 0 tbhits 0 time 6 pv b2e2 b9c7 c3c4 a9b9 b0c2 b7a7
S|MPV4_MT500|OUT|info depth 7 seldepth 12 multipv 2 score cp 18 nodes 16966 nps 2827666 hashfull 0 tbhits 0 time 6 pv g3g4 h7g7 b2e2 g9e7 g0i2
S|MPV4_MT500|OUT|info depth 7 seldepth 11 multipv 3 score cp 17 nodes 16966 nps 2827666 hashfull 0 tbhits 0 time 6 pv h2e2 h9g7 h0g2 i9h9 i0h0 g6g5 b0c2 b9c7 e3e4
S|MPV4_MT500|OUT|info depth 7 seldepth 14 multipv 4 score cp 13 nodes 16966 nps 2827666 hashfull 0 tbhits 0 time 6 pv b0c2 c6c5 h2e2 h9g7 h0g2 i9h9
S|MPV4_MT500|OUT|info depth 8 seldepth 11 multipv 1 score cp 23 nodes 22580 nps 3225714 hashfull 0 tbhits 0 time 7 pv b2e2 b9c7 c3c4 a9b9 b0c2 b7a7 h0g2 g6g5 h2i2 h9g7
S|MPV4_MT500|OUT|info depth 8 seldepth 9 multipv 2 score cp 18 nodes 22580 nps 3225714 hashfull 0 tbhits 0 time 7 pv g3g4 h7g7 b2e2 g9e7 b0c2
S|MPV4_MT500|OUT|info depth 8 seldepth 19 multipv 3 score cp 18 nodes 22580 nps 3225714 hashfull 0 tbhits 0 time 7 pv h2e2 h9g7 g3g4 i9h9 h0g2 h7i7 c3c4 c6c5 c4c5 h9h5 c5c6 h5c5 e2f2 b7e7
S|MPV4_MT500|OUT|info depth 8 seldepth 20 multipv 4 score cp 15 nodes 22580 nps 2822500 hashfull 0 tbhits 0 time 8 pv g0e2 h7f7 g3g4 h9i7 h0g2 i9h9 i0h0 b7e7 c3c4 b9c7 b2d2 a9b9 b0c2 h9h5 a0b0
S|MPV4_MT500|OUT|info depth 9 seldepth 28 multipv 1 score cp 21 nodes 33418 nps 3038000 hashfull 0 tbhits 0 time 11 pv b2e2 b9c7 c3c4 a9b9 b0c2 b7a7 h0g2 g6g5 h2i2 h9g7 i0h0 g7f5 h0h5 f5g3 h5g5 g3i2 g0i2 g9e7 g5h5 h7f7 g2f4 b9b3 a0b0
S|MPV4_MT500|OUT|info depth 9 seldepth 18 multipv 2 score cp 18 nodes 33418 nps 3038000 hashfull 0 tbhits 0 time 11 pv h2e2 h9g7 g3g4 i9h9 h0g2 h7i7 c3c4 c6c5
S|MPV4_MT500|OUT|info depth 9 seldepth 18 multipv 3 score cp 17 nodes 33418 nps 3038000 hashfull 0 tbhits 0 time 11 pv g3g4 h7g7 b2e2 g9e7 g0i2 a9a8 b0c2 a8f8 d0e1 f8f5 a0b0
S|MPV4_MT500|OUT|info depth 9 seldepth 11 multipv 4 score cp 15 nodes 33418 nps 3038000 hashfull 0 tbhits 0 time 11 pv g0e2 h7f7 g3g4 h9i7 h0g2 i9h9 i0h0 b7e7 c3c4 b9c7
S|MPV4_MT500|OUT|info depth 10 seldepth 26 multipv 1 score cp 19 nodes 120464 nps 2801488 hashfull 4 tbhits 0 time 43 pv b2e2 b9c7 b0c2 c6c5 h0g2 h9g7 g3g4 a9b9 g2f4 f9e8 a0b0 b7b3
S|MPV4_MT500|OUT|info depth 10 seldepth 15 multipv 2 score cp 17 nodes 120464 nps 2801488 hashfull 4 tbhits 0 time 43 pv h2e2 h9g7 g3g4 i9h9 h0g2 h7i7 b0c2 c6c5 b2b6 b9c7 b6g6 g9e7 a0b0 a9b9
S|MPV4_MT500|OUT|info depth 10 seldepth 20 multipv 3 score cp 16 nodes 120464 nps 2801488 hashfull 4 tbhits 0 time 43 pv g3g4 h7g7 b2e2 g9e7 g0i2 b9c7
S|MPV4_MT500|OUT|info depth 10 seldepth 26 multipv 4 score cp 13 nodes 120464 nps 2801488 hashfull 4 tbhits 0 time 43 pv c3c4 b7c7 b2e2 h7e7 b0c2
S|MPV4_MT500|OUT|info depth 11 seldepth 20 multipv 1 score cp 21 nodes 153095 nps 2685877 hashfull 5 tbhits 0 time 57 pv h2e2 h9g7 g3g4 i9h9 h0g2 h7i7 b0a2 a6a5 a0a1 b9a7 i0i1 h9h5 i1h1 h5f5 a1d1
S|MPV4_MT500|OUT|info depth 11 seldepth 22 multipv 2 score cp 19 nodes 153095 nps 2685877 hashfull 5 tbhits 0 time 57 pv b2e2 b9c7 b0c2 a9b9 a0b0 c6c5 h0g2 h9g7 b0b6 g6g5 i0i1 f9e8 i1f1 c7d5 e3e4 c5c4 b6d6 d5c3
S|MPV4_MT500|OUT|info depth 11 seldepth 16 multipv 3 score cp 17 nodes 153095 nps 2685877 hashfull 5 tbhits 0 time 57 pv g3g4 h7g7 b2e2 g9e7 g0i2 b9c7 b0c2 c6c5 h0g2 a9b9 g2f4
S|MPV4_MT500|OUT|info depth 11 seldepth 24 multipv 4 score cp 14 nodes 153095 nps 2685877 hashfull 5 tbhits 0 time 57 pv g0e2 h7f7 g3g4 h9i7 h0g2 i9h9 i0h0 c6c5
S|MPV4_MT500|OUT|info depth 12 seldepth 24 multipv 1 score cp 21 nodes 304589 nps 2603324 hashfull 12 tbhits 0 time 117 pv h2e2 h9g7 b2d2 g6g5 b0c2 b9c7 a0b0 a9b9 h0g2 i9h9 i0h0 h7h3 b0b6 c9e7 c3c4 d9e8 f0e1 b7a7 b6c6 b9c9 c4c5
S|MPV4_MT500|OUT|info depth 12 seldepth 26 multipv 2 score cp 19 nodes 304589 nps 2603324 hashfull 12 tbhits 0 time 117 pv b2e2 b9c7 b0c2 a9b9 a0b0 c6c5 h0g2 h9g7 b0b6 g6g5 i0i1 f9e8 i1f1 c7d5 e3e4 c5c4 b6d6 d5c3 c2e3 c3e2 h2e2 b7c7 c0a2 c4d4
S|MPV4_MT500|OUT|info depth 12 seldepth 20 multipv 3 score cp 17 nodes 304589 nps 2603324 hashfull 12 tbhits 0 time 117 pv g3g4 h7g7 b2e2 g9e7 g0i2 b9c7 b0c2 c6c5 h0g2 a9b9 i0h0 f9e8
S|MPV4_MT500|OUT|info depth 12 seldepth 19 multipv 4 score cp 17 nodes 304589 nps 2603324 hashfull 13 tbhits 0 time 117 pv b2d2 h7e7 h0g2 h9g7 b0c2 b9a7 i0h0 a9b9
S|MPV4_MT500|OUT|info depth 13 seldepth 32 multipv 1 score cp 23 nodes 347779 nps 2595365 hashfull 16 tbhits 0 time 134 pv b2e2 b9c7 b0c2 a9b9 a0b0 c6c5 h0g2 h9g7 b0b6 g6g5 i0i1 f9e8 i1f1 g9e7
S|MPV4_MT500|OUT|info depth 13 seldepth 29 multipv 2 score cp 21 nodes 347779 nps 2595365 hashfull 16 tbhits 0 time 134 pv h2e2 h9g7 h0g2 g6g5 i0h0 i9h9 h0h6 c6c5 b0c2 b9c7 a0a1 d9e8
S|MPV4_MT500|OUT|info depth 13 seldepth 23 multipv 3 score cp 20 nodes 347779 nps 2595365 hashfull 16 tbhits 0 time 134 pv g3g4 h7g7 b2e2 g9e7 b0c2 g6g5 g0i2 g5g4 a0b0 a9a8 e2e6 f9e8 i2g4 b9c7
S|MPV4_MT500|OUT|info depth 13 seldepth 19 multipv 4 score cp 19 nodes 347779 nps 2595365 hashfull 16 tbhits 0 time 134 pv g0e2 h7f7 c3c4 h9g7 b0c2 i9h9 c2d4 b9c7 a0a1 a9a8 b2d2 g6g5 a1f1
S|MPV4_MT500|OUT|info depth 14 seldepth 26 multipv 1 score cp 23 nodes 524166 nps 2437981 hashfull 26 tbhits 0 time 215 pv b2e2 b9c7 b0c2 a9b9 a0b0 c6c5 h0g2 h9g7 b0b6 g6g5 i0i1 f9e8 i1f1 c7d5 e3e4 c5c4 b6d6 d5c3 c2e3 c3e2 h2e2 b7c7 c0a2 c4d4
S|MPV4_MT500|OUT|info depth 14 seldepth 20 multipv 2 score cp 19 nodes 524166 nps 2437981 hashfull 26 tbhits 0 time 215 pv g0e2 b7d7 b0c2 c6c5 g3g4 g9e7 h0g2 b9c7 a0b0 a9b9 g2f4 b9b6 h2f2 h9i7 i0h0 i9h9 b2a2
S|MPV4_MT500|OUT|info depth 14 seldepth 21 multipv 3 score cp 18 nodes 524166 nps 2437981 hashfull 26 tbhits 0 time 215 pv h2e2 h9g7 h0g2 i9h9 i0h0 g6g5 h0h6 c6c5 b0c2 b9c7 a0a1 d9e8 a1d1 g7f5 e3e4 g5g4 h6f6 f5g3 g2e3
S|MPV4_MT500|OUT|info depth 14 seldepth 33 multipv 4 score cp 16 nodes 524166 nps 2437981 hashfull 26 tbhits 0 time 215 pv g3g4 h7g7 b2e2 g9e7 b0c2 g6g5 a0b0 g5g4 g0i2 a9a8 e2e6 f9e8 i2g4 b9c7 e6e4 c7e6 i0i1 h9f8
S|MPV4_MT500|OUT|info depth 15 seldepth 19 multipv 1 score cp 23 nodes 1054952 nps 2303388 hashfull 63 tbhits 0 time 458 pv b2e2 b9c7 b0c2 a9b9 a0b0 c6c5 h0g2 h9g7 b0b6 g6g5 i0i1 f9e8 i1f1 c7d5 e3e4 c5c4 b6d6
S|MPV4_MT500|OUT|info depth 15 seldepth 42 multipv 2 score cp 20 nodes 1054952 nps 2303388 hashfull 63 tbhits 0 time 458 pv h2e2 h9g7 b2d2 i9h9 b0c2 b9c7 a0b0 a9b9 h0g2 h7i7 c3c4 g6g5 b0b4 h9h1 c2d4 d9e8
S|MPV4_MT500|OUT|info depth 15 seldepth 25 multipv 3 score cp 20 nodes 1054952 nps 2303388 hashfull 63 tbhits 0 time 458 pv g0e2 h7e7 g3g4 h9i7 h0g2 i9h9 i0h0 h9h5 b2d2 b9a7 b0c2 a9b9 a0b0
S|MPV4_MT500|OUT|info depth 15 seldepth 29 multipv 4 score cp 19 nodes 1054952 nps 2303388 hashfull 63 tbhits 0 time 458 pv g3g4 h7g7 b2e2 g9e7 g0i2 b9c7 c3c4 h9f8 b0c2 i9h9 h0f1 b7a7
S|MPV4_MT500|OUT|info depth 16 seldepth 30 multipv 1 score cp 23 nodes 1138336 nps 2272127 hashfull 70 tbhits 0 time 501 pv b2e2 b9c7 b0c2 a9b9 a0b0 c6c5 b0b6 g6g5 h0g2 h9g7 i0i1 f9e8 i1f1 c7d5 e3e4 c5c4 b6d6 d5c3 c2e3 c3e2 h2e2 b7c7 c0a2 c4d4 d6d4 i9h9 g3g4 h7h2
S|MPV4_MT500|OUT|info depth 16 seldepth 45 multipv 2 score cp 22 nodes 1138336 nps 2272127 hashfull 70 tbhits 0 time 501 pv g3g4 h7g7 b2e2 g9e7 g0i2 c6c5 h2f2 b9c7 b0c2 a9b9 h0g2 g7f7 i0h0 h9g7 a0a1 b7b3 h0h6
S|MPV4_MT500|OUT|info depth 16 seldepth 27 multipv 3 score cp 20 nodes 1138336 nps 2272127 hashfull 70 tbhits 0 time 501 pv h2e2 h9g7 b2d2 b7d7 h0g2 b9c7 c3c4 i9h9 i0h0 g6g5 h0h4
S|MPV4_MT500|OUT|info depth 16 seldepth 25 multipv 4 score cp 17 upperbound nodes 1138336 nps 2272127 hashfull 70 tbhits 0 time 501 pv g0e2 h7e7
S|MPV4_MT500|OUT|bestmove b2e2 ponder b9c7
S|MPV4_MT500|END|lines=69
S|MPV4_NODES200|CMD|setoption name MultiPV value 4
S|MPV4_NODES200|CMD|position fen rnbakabnr/9/1c5c1/p1p1p1p1p/9/9/P1P1P1P1P/1C5C1/9/RNBAKABNR w - - 0 1
S|MPV4_NODES200|CMD|go nodes 200
S|MPV4_NODES200|OUT|info string Available processors: 0-15
S|MPV4_NODES200|OUT|info string Using 4 threads
S|MPV4_NODES200|OUT|info string NNUE evaluation using pikafish.nnue (64MiB, (62083, 1024, 32, 32, 1))
S|MPV4_NODES200|OUT|info string Network replica 1: Local memory. Shared memory not supported by the OS. Local allocation fallback.
S|MPV4_NODES200|OUT|info depth 1 seldepth 10 multipv 1 score cp 29 nodes 772 nps 772000 hashfull 0 tbhits 0 time 1 pv b2e2
S|MPV4_NODES200|OUT|info depth 1 seldepth 3 multipv 2 score cp 26 nodes 772 nps 772000 hashfull 0 tbhits 0 time 1 pv h2e2
S|MPV4_NODES200|OUT|info depth 1 seldepth 3 multipv 3 score cp 22 nodes 772 nps 772000 hashfull 0 tbhits 0 time 1 pv g3g4
S|MPV4_NODES200|OUT|info depth 1 seldepth 4 multipv 4 score cp 15 nodes 772 nps 772000 hashfull 0 tbhits 0 time 1 pv b0c2
S|MPV4_NODES200|OUT|info depth 2 seldepth 3 multipv 1 score cp 33 nodes 2611 nps 2611000 hashfull 0 tbhits 0 time 1 pv b2e2
S|MPV4_NODES200|OUT|info depth 2 seldepth 3 multipv 2 score cp 26 nodes 2611 nps 2611000 hashfull 0 tbhits 0 time 1 pv h2e2
S|MPV4_NODES200|OUT|info depth 2 seldepth 3 multipv 3 score cp 18 nodes 2611 nps 2611000 hashfull 0 tbhits 0 time 1 pv g3g4
S|MPV4_NODES200|OUT|info depth 2 seldepth 3 multipv 4 score cp 15 nodes 2611 nps 2611000 hashfull 0 tbhits 0 time 1 pv b0c2
S|MPV4_NODES200|OUT|info depth 3 seldepth 6 multipv 1 score cp 23 nodes 4720 nps 2360000 hashfull 0 tbhits 0 time 2 pv b2e2 b9c7
S|MPV4_NODES200|OUT|info depth 3 seldepth 5 multipv 2 score cp 23 nodes 4720 nps 2360000 hashfull 0 tbhits 0 time 2 pv h2e2 h9g7 g3g4
S|MPV4_NODES200|OUT|info depth 3 seldepth 7 multipv 3 score cp 20 nodes 4720 nps 2360000 hashfull 0 tbhits 0 time 2 pv g0e2
S|MPV4_NODES200|OUT|info depth 3 seldepth 4 multipv 4 score cp 19 nodes 4720 nps 2360000 hashfull 0 tbhits 0 time 2 pv c3c4
S|MPV4_NODES200|OUT|info depth 6 seldepth 9 multipv 1 score cp 26 nodes 7476 nps 2492000 hashfull 0 tbhits 0 time 3 pv b2e2 b9c7 b0c2 c6c5 a0b0 a9b9 b0b6
S|MPV4_NODES200|OUT|info depth 6 seldepth 6 multipv 2 score cp 21 nodes 7476 nps 2492000 hashfull 0 tbhits 0 time 3 pv g3g4 h7g7 b2e2 g9e7 g0i2
S|MPV4_NODES200|OUT|info depth 6 seldepth 11 multipv 3 score cp 20 nodes 7476 nps 2492000 hashfull 0 tbhits 0 time 3 pv h2e2 h9g7 h0g2 i9h9 c3c4
S|MPV4_NODES200|OUT|info depth 5 seldepth 7 multipv 4 score cp 21 nodes 7476 nps 2492000 hashfull 0 tbhits 0 time 3 pv c3c4 b7c7 h2e2 h7e7
S|MPV4_NODES200|OUT|bestmove b2e2 ponder b9c7
S|MPV4_NODES200|TIMEOUT
S|MPV4_NODES200|END|lines=21
S|MPV4_NODES2000|CMD|setoption name MultiPV value 4
S|MPV4_NODES2000|CMD|position fen rnbakabnr/9/1c5c1/p1p1p1p1p/9/9/P1P1P1P1P/1C5C1/9/RNBAKABNR w - - 0 1
S|MPV4_NODES2000|CMD|go nodes 2000
S|MPV4_NODES2000|OUT|info string Available processors: 0-15
S|MPV4_NODES2000|OUT|info string Using 4 threads
S|MPV4_NODES2000|OUT|info string NNUE evaluation using pikafish.nnue (64MiB, (62083, 1024, 32, 32, 1))
S|MPV4_NODES2000|OUT|info string Network replica 1: Local memory. Shared memory not supported by the OS. Local allocation fallback.
S|MPV4_NODES2000|OUT|info depth 1 seldepth 7 multipv 1 score cp 26 nodes 834 nps 834000 hashfull 0 tbhits 0 time 1 pv b2e2
S|MPV4_NODES2000|OUT|info depth 1 seldepth 3 multipv 2 score cp 22 nodes 834 nps 834000 hashfull 0 tbhits 0 time 1 pv h2e2
S|MPV4_NODES2000|OUT|info depth 1 seldepth 3 multipv 3 score cp 21 nodes 834 nps 834000 hashfull 0 tbhits 0 time 1 pv g3g4
S|MPV4_NODES2000|OUT|info depth 1 seldepth 3 multipv 4 score cp 17 nodes 834 nps 834000 hashfull 0 tbhits 0 time 1 pv c3c4
S|MPV4_NODES2000|OUT|info depth 3 seldepth 11 multipv 1 score cp 24 nodes 2055 nps 2055000 hashfull 0 tbhits 0 time 1 pv b2e2 b9c7 b0c2 a9b9
S|MPV4_NODES2000|OUT|info depth 3 seldepth 7 multipv 2 score cp 21 nodes 2055 nps 2055000 hashfull 0 tbhits 0 time 1 pv c3c4 b7c7 h2e2 h7e7 b0c2
S|MPV4_NODES2000|OUT|info depth 3 seldepth 5 multipv 3 score cp 21 nodes 2055 nps 2055000 hashfull 0 tbhits 0 time 1 pv g3g4 h7g7 b2e2
S|MPV4_NODES2000|OUT|bestmove b2e2 ponder b9c7
S|MPV4_NODES2000|OUT|info depth 3 seldepth 6 multipv 4 score cp 20 nodes 2055 nps 2055000 hashfull 0 tbhits 0 time 1 pv h2e2 h9g7 h0g2 g6g5 b2d2
S|MPV4_NODES2000|TIMEOUT
S|MPV4_NODES2000|END|lines=13
S|MPV4_MIDGAME_MT150|CMD|setoption name MultiPV value 4
S|MPV4_MIDGAME_MT150|CMD|position fen 1Rbaka1nr/9/c1n1b2c1/p1p1p3p/6p2/9/P1P1P1P1P/2N1C2CN/9/2BAKAB1R b - - 0 1
S|MPV4_MIDGAME_MT150|CMD|go movetime 150
S|MPV4_MIDGAME_MT150|OUT|info string Available processors: 0-15
S|MPV4_MIDGAME_MT150|OUT|info string Using 4 threads
S|MPV4_MIDGAME_MT150|OUT|info string NNUE evaluation using pikafish.nnue (64MiB, (62083, 1024, 32, 32, 1))
S|MPV4_MIDGAME_MT150|OUT|info string Network replica 1: Local memory. Shared memory not supported by the OS. Local allocation fallback.
S|MPV4_MIDGAME_MT150|OUT|info depth 1 seldepth 7 multipv 1 score cp -35 nodes 1491 nps 1491000 hashfull 0 tbhits 0 time 1 pv c7b9
S|MPV4_MIDGAME_MT150|OUT|info depth 1 seldepth 5 multipv 2 score cp -583 nodes 1491 nps 1491000 hashfull 0 tbhits 0 time 1 pv d9e8
S|MPV4_MIDGAME_MT150|OUT|info depth 1 seldepth 4 multipv 3 score cp -589 nodes 1491 nps 1491000 hashfull 0 tbhits 0 time 1 pv c6c5 h2h9 i9h9
S|MPV4_MIDGAME_MT150|OUT|info depth 1 seldepth 5 multipv 4 score cp -593 nodes 1491 nps 1491000 hashfull 0 tbhits 0 time 1 pv f9e8
S|MPV4_MIDGAME_MT150|OUT|info depth 2 seldepth 7 multipv 1 score cp -35 nodes 3819 nps 3819000 hashfull 0 tbhits 0 time 1 pv c7b9
S|MPV4_MIDGAME_MT150|OUT|info depth 2 seldepth 4 multipv 2 score cp -584 nodes 3819 nps 3819000 hashfull 0 tbhits 0 time 1 pv d9e8
S|MPV4_MIDGAME_MT150|OUT|info depth 2 seldepth 4 multipv 3 score cp -587 nodes 3819 nps 3819000 hashfull 0 tbhits 0 time 1 pv c6c5 h2h9 i9h9
S|MPV4_MIDGAME_MT150|OUT|info depth 2 seldepth 4 multipv 4 score cp -593 nodes 3819 nps 1909500 hashfull 0 tbhits 0 time 2 pv f9e8
S|MPV4_MIDGAME_MT150|OUT|info depth 3 seldepth 4 multipv 1 score cp -47 nodes 5276 nps 2638000 hashfull 0 tbhits 0 time 2 pv c7b9 h2g2
S|MPV4_MIDGAME_MT150|OUT|info depth 3 seldepth 4 multipv 2 score cp -587 nodes 5276 nps 2638000 hashfull 0 tbhits 0 time 2 pv c6c5
S|MPV4_MIDGAME_MT150|OUT|info depth 3 seldepth 4 multipv 3 score cp -588 nodes 5276 nps 2638000 hashfull 0 tbhits 0 time 2 pv d9e8
S|MPV4_MIDGAME_MT150|OUT|info depth 3 seldepth 5 multipv 4 score cp -600 nodes 5276 nps 2638000 hashfull 0 tbhits 0 time 2 pv i6i5
S|MPV4_MIDGAME_MT150|OUT|info depth 4 seldepth 7 multipv 1 score cp -58 nodes 10527 nps 2631750 hashfull 0 tbhits 0 time 4 pv c7b9 h2g2 h9f8 c3c4
S|MPV4_MIDGAME_MT150|OUT|info depth 4 seldepth 5 multipv 2 score cp -594 nodes 10527 nps 2631750 hashfull 0 tbhits 0 time 4 pv c6c5 b9b4 h9g7 i0i1
S|MPV4_MIDGAME_MT150|OUT|info depth 4 seldepth 6 multipv 3 score cp -617 nodes 10527 nps 2631750 hashfull 0 tbhits 0 time 4 pv h7i7 b9b4 c6c5 i0h0
S|MPV4_MIDGAME_MT150|OUT|info depth 4 seldepth 7 multipv 4 score cp -620 nodes 10527 nps 2631750 hashfull 0 tbhits 0 time 4 pv h9g7 b9b4 c6c5 c3c4
S|MPV4_MIDGAME_MT150|OUT|info depth 5 seldepth 7 multipv 1 score cp -46 nodes 12184 nps 2436800 hashfull 0 tbhits 0 time 5 pv c7b9 h2g2 c6c5 i0h0
S|MPV4_MIDGAME_MT150|OUT|info depth 5 seldepth 4 multipv 2 score cp -604 nodes 12184 nps 2436800 hashfull 0 tbhits 0 time 5 pv c6c5
S|MPV4_MIDGAME_MT150|OUT|info depth 5 seldepth 4 multipv 3 score cp -617 nodes 12184 nps 2436800 hashfull 0 tbhits 0 time 5 pv h9g7
S|MPV4_MIDGAME_MT150|OUT|info depth 5 seldepth 4 multipv 4 score cp -620 nodes 12184 nps 2436800 hashfull 0 tbhits 0 time 5 pv i6i5
S|MPV4_MIDGAME_MT150|OUT|info depth 6 seldepth 6 multipv 1 score cp -45 nodes 13784 nps 2756800 hashfull 0 tbhits 0 time 5 pv c7b9 h2g2 c6c5 i0h0 h9f8
S|MPV4_MIDGAME_MT150|OUT|info depth 6 seldepth 5 multipv 2 score cp -606 nodes 13784 nps 2756800 hashfull 0 tbhits 0 time 5 pv c6c5
S|MPV4_MIDGAME_MT150|OUT|info depth 6 seldepth 4 multipv 3 score cp -614 nodes 13784 nps 2756800 hashfull 0 tbhits 0 time 5 pv d9e8
S|MPV4_MIDGAME_MT150|OUT|info depth 6 seldepth 4 multipv 4 score cp -621 nodes 13784 nps 2756800 hashfull 0 tbhits 0 time 5 pv h7i7
S|MPV4_MIDGAME_MT150|OUT|info depth 7 seldepth 13 multipv 1 score cp -48 nodes 19538 nps 2442250 hashfull 0 tbhits 0 time 8 pv c7b9 h2g2 h9g7 i0h0 i9h9 c3c4
S|MPV4_MIDGAME_MT150|OUT|info depth 7 seldepth 7 multipv 2 score cp -619 nodes 19538 nps 2442250 hashfull 0 tbhits 0 time 8 pv h7i7 b9b4 c6c5
S|MPV4_MIDGAME_MT150|OUT|info depth 7 seldepth 8 multipv 3 score cp -625 nodes 19538 nps 2442250 hashfull 0 tbhits 0 time 8 pv h9g7 b9b4 c6c5
S|MPV4_MIDGAME_MT150|OUT|info depth 7 seldepth 6 multipv 4 score cp -631 nodes 19538 nps 2442250 hashfull 0 tbhits 0 time 8 pv h7f7 b9b4 h9g7 c3c4
S|MPV4_MIDGAME_MT150|OUT|info depth 8 seldepth 13 multipv 1 score cp -44 nodes 26090 nps 2371818 hashfull 0 tbhits 0 time 11 pv c7b9 h2g2 c6c5
S|MPV4_MIDGAME_MT150|OUT|info depth 8 seldepth 10 multipv 2 score cp -616 nodes 26090 nps 2371818 hashfull 0 tbhits 0 time 11 pv h7i7 b9b4 c6c5 i0h0 h9f8 c3c4 c5c4 b4c4
S|MPV4_MIDGAME_MT150|OUT|info depth 8 seldepth 11 multipv 3 score cp -619 nodes 26090 nps 2371818 hashfull 0 tbhits 0 time 11 pv c6c5 b9b4 h9g7 c3c4 c5c4 b4c4
S|MPV4_MIDGAME_MT150|OUT|info depth 8 seldepth 8 multipv 4 score cp -622 nodes 26090 nps 2371818 hashfull 0 tbhits 0 time 11 pv h9g7 b9b4 c6c5 c3c4 c5c4 b4c4
S|MPV4_MIDGAME_MT150|OUT|info depth 9 seldepth 17 multipv 1 score cp -31 nodes 32451 nps 2317928 hashfull 0 tbhits 0 time 14 pv c7b9 e2e6 f9e8
S|MPV4_MIDGAME_MT150|OUT|info depth 9 seldepth 6 multipv 2 score cp -603 nodes 32451 nps 2317928 hashfull 0 tbhits 0 time 14 pv h9g7
S|MPV4_MIDGAME_MT150|OUT|info depth 9 seldepth 10 multipv 3 score cp -610 nodes 32451 nps 2317928 hashfull 0 tbhits 0 time 14 pv c6c5
S|MPV4_MIDGAME_MT150|OUT|info depth 9 seldepth 6 multipv 4 score cp -615 nodes 32451 nps 2317928 hashfull 0 tbhits 0 time 14 pv d9e8
S|MPV4_MIDGAME_MT150|OUT|info depth 10 seldepth 18 multipv 1 score cp -36 nodes 45528 nps 2168000 hashfull 0 tbhits 0 time 21 pv c7b9 h2g2 h9g7 i0h0 i9h9 g3g4 g5g4 g2g7 a7g7 e2e6 f9e8
S|MPV4_MIDGAME_MT150|OUT|info depth 10 seldepth 10 multipv 2 score cp -614 nodes 45528 nps 2168000 hashfull 0 tbhits 0 time 21 pv c6c5 b9b4 h9g7 h2f2 i9h9
S|MPV4_MIDGAME_MT150|OUT|info depth 10 seldepth 10 multipv 3 score cp -616 nodes 45528 nps 2168000 hashfull 0 tbhits 0 time 21 pv h9g7
S|MPV4_MIDGAME_MT150|OUT|info depth 10 seldepth 12 multipv 4 score cp -623 nodes 45528 nps 2168000 hashfull 0 tbhits 0 time 21 pv h9f8
S|MPV4_MIDGAME_MT150|OUT|info depth 11 seldepth 24 multipv 1 score cp -37 nodes 56141 nps 2245640 hashfull 0 tbhits 0 time 25 pv c7b9 h2g2 h9g7 i0h0 i9h9 g3g4 g5g4 g2g7 a7g7 e2e6 d9e8 h0h6 g7g0 f0e1 b9c7 e6e5 h9g9 h6h7 g9g5 h7h0 g0d0 c2d0 g5e5
S|MPV4_MIDGAME_MT150|OUT|info depth 11 seldepth 13 multipv 2 score cp -611 nodes 56141 nps 2245640 hashfull 0 tbhits 0 time 25 pv c6c5 b9b4 h9f8 i0i1
S|MPV4_MIDGAME_MT150|OUT|info depth 11 seldepth 10 multipv 3 score cp -611 nodes 56141 nps 2245640 hashfull 0 tbhits 0 time 25 pv h9g7 b9b4 c6c5 c3c4 c5c4 b4c4 c7d5
S|MPV4_MIDGAME_MT150|OUT|info depth 11 seldepth 11 multipv 4 score cp -614 nodes 56141 nps 2245640 hashfull 0 tbhits 0 time 25 pv h7i7 b9b4 c6c5 i0h0 h9f8 c3c4 c5c4 b4c4
S|MPV4_MIDGAME_MT150|OUT|info depth 12 seldepth 20 multipv 1 score cp -37 nodes 81169 nps 2193756 hashfull 1 tbhits 0 time 37 pv c7b9 h2g2 h9g7 i0h0 i9h9 g3g4 g5g4 g2g7 a7g7 e2e6 d9e8 h0h6 g7g0 f0e1 b9c7 e6e5 h9g9 h6h7 g9g5
S|MPV4_MIDGAME_MT150|OUT|info depth 12 seldepth 15 multipv 2 score cp -613 nodes 81169 nps 2193756 hashfull 1 tbhits 0 time 37 pv h9g7 b9b7 c7e8 b7b2 c6c5 h2f2 h7i7
S|MPV4_MIDGAME_MT150|OUT|info depth 12 seldepth 16 multipv 3 score cp -625 nodes 81169 nps 2136026 hashfull 1 tbhits 0 time 38 pv c6c5 h2h9 i9h9 b9b4 h7h2 i0h0 d9e8 c3c4 c7d5 c4c5 d5c3
S|MPV4_MIDGAME_MT150|OUT|info depth 12 seldepth 16 multipv 4 score cp -625 nodes 81169 nps 2136026 hashfull 1 tbhits 0 time 38 pv d9e8 h2h9 i9h9 b9b4 c6c5 i0h0 h7h2 c3c4 c7d5
S|MPV4_MIDGAME_MT150|OUT|info depth 13 seldepth 29 multipv 1 score cp -40 nodes 134699 nps 2072292 hashfull 4 tbhits 0 time 65 pv c7b9 h2g2 c6c5 e2e6 f9e8 i0h0 h9g7 e6e5 h7i7 g2g5 b9c7 g5c5 c7e6 c5c6 i9f9 c3c4
S|MPV4_MIDGAME_MT150|OUT|info depth 13 seldepth 15 multipv 2 score cp -603 nodes 134699 nps 2072292 hashfull 4 tbhits 0 time 65 pv f9e8 b9b8 h9g7 c3c4 i9f9
S|MPV4_MIDGAME_MT150|OUT|info depth 13 seldepth 16 multipv 3 score cp -607 nodes 134699 nps 2072292 hashfull 4 tbhits 0 time 65 pv c6c5 b9b4 h9g7 c3c4 c5c4 b4c4 c7d5 h2f2
S|MPV4_MIDGAME_MT150|OUT|info depth 13 seldepth 12 multipv 4 score cp -611 nodes 134699 nps 2040893 hashfull 4 tbhits 0 time 66 pv h9g7 b9b7 c7e8 b7b4 c6c5 c3c4 c5c4
S|MPV4_MIDGAME_MT150|OUT|info depth 14 seldepth 20 multipv 1 score cp -35 nodes 161731 nps 2021637 hashfull 6 tbhits 0 time 80 pv c7b9 h2g2 c6c5 e2e6 f9e8 i0h0 h9f8 e6e4 i9g9 h0h6
S|MPV4_MIDGAME_MT150|OUT|info depth 14 seldepth 12 multipv 2 score cp -610 nodes 161731 nps 2021637 hashfull 6 tbhits 0 time 80 pv c6c5 b9b4 h9g7 c3c4 c5c4 b4c4 c7d5 h2f2 h7i7
S|MPV4_MIDGAME_MT150|OUT|info depth 14 seldepth 13 multipv 3 score cp -611 nodes 161731 nps 2021637 hashfull 6 tbhits 0 time 80 pv f9e8 b9b4 h9g7 c3c4 i9f9 d0e1 f9f1 i3i4 f1h1
S|MPV4_MIDGAME_MT150|OUT|info depth 14 seldepth 12 multipv 4 score cp -612 nodes 161731 nps 2021637 hashfull 6 tbhits 0 time 80 pv h9g7 b9b7 c7e8 b7b4 c6c5 c3c4 c5c4 b4c4
S|MPV4_MIDGAME_MT150|OUT|info depth 15 seldepth 17 multipv 1 score cp -29 nodes 209448 nps 1994742 hashfull 10 tbhits 0 time 105 pv c7b9 h2g2 c6c5 e2e6 f9e8 i0h0 h9f8 e6e5 i9g9 f0e1 b9c7 e3e4 g9g6 g0e2 g6f6 g2g5
S|MPV4_MIDGAME_MT150|OUT|info depth 15 seldepth 21 multipv 2 score cp -608 nodes 209448 nps 1994742 hashfull 10 tbhits 0 time 105 pv h9g7 b9b7 g7f5 c3c4 f5g3 h2h6 g3e2 g0e2
S|MPV4_MIDGAME_MT150|OUT|info depth 15 seldepth 19 multipv 3 score cp -610 nodes 209448 nps 1994742 hashfull 10 tbhits 0 time 105 pv c6c5 b9b4 h9g7 g3g4 g5g4 b4g4 c7d5 h2f2 d9e8 i0h0
S|MPV4_MIDGAME_MT150|OUT|info depth 15 seldepth 19 multipv 4 score cp -611 nodes 209448 nps 1975924 hashfull 10 tbhits 0 time 106 pv f9e8 b9b1 c6c5 h2h9 i9h9 i0h0 c7d5 e2e6
S|MPV4_MIDGAME_MT150|OUT|info depth 16 seldepth 22 multipv 1 score cp -33 nodes 296225 nps 1974833 hashfull 16 tbhits 0 time 150 pv c7b9 h2g2 c6c5 e2e6 f9e8 i0h0 h9f8 e6b6 f8e6 h0h6 e6d4 c0e2 i9f9 d0e1 f9f4
S|MPV4_MIDGAME_MT150|OUT|info depth 16 seldepth 17 multipv 2 score cp -599 nodes 296225 nps 1974833 hashfull 16 tbhits 0 time 150 pv f9e8 b9b4 c6c5 c3c4 c5c4 b4c4 a7a8 h2g2
S|MPV4_MIDGAME_MT150|OUT|info depth 16 seldepth 19 multipv 3 score cp -611 nodes 296225 nps 1974833 hashfull 16 tbhits 0 time 150 pv c6c5 b9b4 h9f8 i3i4 a7a8 h2f2 a8c8 i0h0
S|MPV4_MIDGAME_MT150|OUT|info depth 16 seldepth 19 multipv 4 score cp -620 nodes 296225 nps 1974833 hashfull 16 tbhits 0 time 150 pv d9e8 b9b4 c6c5 c3c4 c5c4 b4c4 h9f8
S|MPV4_MIDGAME_MT150|OUT|bestmove c7b9 ponder h2g2
S|MPV4_MIDGAME_MT150|TIMEOUT
S|MPV4_MIDGAME_MT150|END|lines=69
S|MPV4_MIDGAME_MT500|CMD|setoption name MultiPV value 4
S|MPV4_MIDGAME_MT500|CMD|position fen 1Rbaka1nr/9/c1n1b2c1/p1p1p3p/6p2/9/P1P1P1P1P/2N1C2CN/9/2BAKAB1R b - - 0 1
S|MPV4_MIDGAME_MT500|CMD|go movetime 500
S|MPV4_MIDGAME_MT500|OUT|info string Available processors: 0-15
S|MPV4_MIDGAME_MT500|OUT|info string Using 4 threads
S|MPV4_MIDGAME_MT500|OUT|info string NNUE evaluation using pikafish.nnue (64MiB, (62083, 1024, 32, 32, 1))
S|MPV4_MIDGAME_MT500|OUT|info string Network replica 1: Local memory. Shared memory not supported by the OS. Local allocation fallback.
S|MPV4_MIDGAME_MT500|OUT|info depth 1 seldepth 7 multipv 1 score cp -29 nodes 1110 nps 1110000 hashfull 0 tbhits 0 time 1 pv c7b9
S|MPV4_MIDGAME_MT500|OUT|info depth 1 seldepth 4 multipv 2 score cp -607 nodes 1110 nps 1110000 hashfull 0 tbhits 0 time 1 pv c6c5
S|MPV4_MIDGAME_MT500|OUT|info depth 1 seldepth 2 multipv 3 score cp -607 nodes 1110 nps 1110000 hashfull 0 tbhits 0 time 1 pv h9g7
S|MPV4_MIDGAME_MT500|OUT|info depth 1 seldepth 4 multipv 4 score cp -611 nodes 1110 nps 1110000 hashfull 0 tbhits 0 time 1 pv f9e8
S|MPV4_MIDGAME_MT500|OUT|info depth 2 seldepth 7 multipv 1 score cp -23 nodes 3780 nps 3780000 hashfull 0 tbhits 0 time 1 pv c7b9
S|MPV4_MIDGAME_MT500|OUT|info depth 2 seldepth 4 multipv 2 score cp -602 nodes 3780 nps 3780000 hashfull 0 tbhits 0 time 1 pv c6c5
S|MPV4_MIDGAME_MT500|OUT|info depth 2 seldepth 4 multipv 3 score cp -609 nodes 3780 nps 3780000 hashfull 0 tbhits 0 time 1 pv h9g7
S|MPV4_MIDGAME_MT500|OUT|info depth 2 seldepth 3 multipv 4 score cp -611 nodes 3780 nps 1890000 hashfull 0 tbhits 0 time 2 pv f9e8
S|MPV4_MIDGAME_MT500|OUT|info depth 3 seldepth 3 multipv 1 score cp -27 nodes 6088 nps 3044000 hashfull 0 tbhits 0 time 2 pv c7b9 h2g2
S|MPV4_MIDGAME_MT500|OUT|info depth 3 seldepth 4 multipv 2 score cp -602 nodes 6088 nps 3044000 hashfull 0 tbhits 0 time 2 pv c6c5 h2h9 i9h9
S|MPV4_MIDGAME_MT500|OUT|info depth 3 seldepth 3 multipv 3 score cp -613 nodes 6088 nps 3044000 hashfull 0 tbhits 0 time 2 pv f9e8
S|MPV4_MIDGAME_MT500|OUT|info depth 3 seldepth 4 multipv 4 score cp -614 nodes 6088 nps 3044000 hashfull 0 tbhits 0 time 2 pv d9e8
S|MPV4_MIDGAME_MT500|OUT|info depth 4 seldepth 5 multipv 1 score cp -33 nodes 9229 nps 3076333 hashfull 0 tbhits 0 time 3 pv c7b9 h2g2 c6c5 i0h0
S|MPV4_MIDGAME_MT500|OUT|info depth 4 seldepth 4 multipv 2 score cp -608 nodes 9229 nps 3076333 hashfull 0 tbhits 0 time 3 pv c6c5 b9b4 h9f8
S|MPV4_MIDGAME_MT500|OUT|info depth 4 seldepth 6 multipv 3 score cp -609 nodes 9229 nps 3076333 hashfull 0 tbhits 0 time 3 pv f9e8 b9b4 c6c5 h2h9
S|MPV4_MIDGAME_MT500|OUT|info depth 4 seldepth 7 multipv 4 score cp -623 nodes 9229 nps 3076333 hashfull 0 tbhits 0 time 3 pv d9e8 b9b4 c6c5 c3c4 c5c4 b4c4
S|MPV4_MIDGAME_MT500|OUT|info depth 5 seldepth 6 multipv 1 score cp -30 nodes 12023 nps 3005750 hashfull 0 tbhits 0 time 4 pv c7b9 c3c4 h9g7 h2g2 i9h9
S|MPV4_MIDGAME_MT500|OUT|info depth 5 seldepth 10 multipv 2 score cp -607 nodes 12023 nps 3005750 hashfull 0 tbhits 0 time 4 pv c6c5 h2h9 i9h9 b9b4 h7h2 i0h0 h9h6 c3c4
S|MPV4_MIDGAME_MT500|OUT|info depth 5 seldepth 7 multipv 3 score cp -612 nodes 12023 nps 3005750 hashfull 0 tbhits 0 time 4 pv f9e8 b9b4 c6c5 c3c4 c5c4 b4c4
S|MPV4_MIDGAME_MT500|OUT|info depth 5 seldepth 7 multipv 4 score cp -614 nodes 12023 nps 2404600 hashfull 0 tbhits 0 time 5 pv h9g7
S|MPV4_MIDGAME_MT500|OUT|info depth 6 seldepth 22 multipv 1 score cp -38 nodes 19995 nps 2499375 hashfull 0 tbhits 0 time 8 pv c7b9 h2g2 c6c5 e2e6 f9e8 i0h0 h9f8 e6b6 f8e6 h0h6 e6d4 c0e2 i9f9 d0e1 f9f4
S|MPV4_MIDGAME_MT500|OUT|info depth 6 seldepth 10 multipv 2 score cp -606 nodes 19995 nps 2499375 hashfull 0 tbhits 0 time 8 pv c6c5 b9b4 h9f8 c3c4 c5c4 b4c4
S|MPV4_MIDGAME_MT500|OUT|info depth 6 seldepth 7 multipv 3 score cp -609 nodes 19995 nps 2499375 hashfull 0 tbhits 0 time 8 pv h9g7 b9b4
S|MPV4_MIDGAME_MT500|OUT|info depth 6 seldepth 10 multipv 4 score cp -614 nodes 19995 nps 2499375 hashfull 0 tbhits 0 time 8 pv h7i7
S|MPV4_MIDGAME_MT500|OUT|info depth 7 seldepth 9 multipv 1 score cp -28 nodes 22238 nps 2470888 hashfull 0 tbhits 0 time 9 pv c7b9 h2g2 c6c5 e2e6 f9e8 i0h0 h9f8
S|MPV4_MIDGAME_MT500|OUT|info depth 7 seldepth 8 multipv 2 score cp -605 nodes 22238 nps 2470888 hashfull 0 tbhits 0 time 9 pv c6c5 b9b4 h9f8 c3c4 c5c4 b4c4 a7a8
S|MPV4_MIDGAME_MT500|OUT|info depth 7 seldepth 7 multipv 3 score cp -613 nodes 22238 nps 2470888 hashfull 0 tbhits 0 time 9 pv h7i7 b9b4 c6c5 i0h0
S|MPV4_MIDGAME_MT500|OUT|info depth 7 seldepth 7 multipv 4 score cp -613 nodes 22238 nps 2470888 hashfull 0 tbhits 0 time 9 pv f9e8 b9b4 c6c5 c3c4 c5c4 b4c4
S|MPV4_MIDGAME_MT500|OUT|info depth 8 seldepth 9 multipv 1 score cp -31 nodes 26208 nps 2620800 hashfull 0 tbhits 0 time 10 pv c7b9 h2g2 c6c5 e2e6 f9e8 i0h0 h9f8
S|MPV4_MIDGAME_MT500|OUT|info depth 8 seldepth 8 multipv 2 score cp -611 nodes 26208 nps 2620800 hashfull 0 tbhits 0 time 10 pv f9e8 b9b4 c6c5 c3c4 c5c4
S|MPV4_MIDGAME_MT500|OUT|info depth 8 seldepth 10 multipv 3 score cp -615 nodes 26208 nps 2620800 hashfull 0 tbhits 0 time 10 pv h9f8 b9b8
S|MPV4_MIDGAME_MT500|OUT|info depth 8 seldepth 7 multipv 4 score cp -617 nodes 26208 nps 2620800 hashfull 0 tbhits 0 time 10 pv c6c5 b9b4 h9g7 c3c4 c5c4 b4c4
S|MPV4_MIDGAME_MT500|OUT|info depth 9 seldepth 22 multipv 1 score cp -31 nodes 40792 nps 2399529 hashfull 0 tbhits 0 time 17 pv c7b9 h2g2 c6c5 e2e6 f9e8 i0h0 h7i7 h0h8 a7a8 h8h6 h9g7 e6e5
S|MPV4_MIDGAME_MT500|OUT|info depth 9 seldepth 11 multipv 2 score cp -607 nodes 40792 nps 2399529 hashfull 0 tbhits 0 time 17 pv h9g7 b9b4
S|MPV4_MIDGAME_MT500|OUT|info depth 9 seldepth 14 multipv 3 score cp -608 nodes 40792 nps 2399529 hashfull 0 tbhits 0 time 17 pv f9e8 b9b4 c6c5 h2h9 i9h9 i0h0 c7d5 b4d4
S|MPV4_MIDGAME_MT500|OUT|info depth 9 seldepth 14 multipv 4 score cp -616 nodes 40792 nps 2399529 hashfull 0 tbhits 0 time 17 pv c6c5 b9b4 h9f8 c3c4 c5c4 b4c4
S|MPV4_MIDGAME_MT500|OUT|info depth 10 seldepth 22 multipv 1 score cp -29 nodes 45968 nps 2419368 hashfull 0 tbhits 0 time 19 pv c7b9 h2g2 c6c5 e2e6 f9e8 i0h0 h9f8 e6b6 f8e6 c0e2 i9f9 h0h6 e6f4
S|MPV4_MIDGAME_MT500|OUT|info depth 10 seldepth 8 multipv 2 score cp -607 nodes 45968 nps 2419368 hashfull 0 tbhits 0 time 19 pv h9g7 b9b7 g7f5 h2f2 c6c5 i0h0 h7i7
S|MPV4_MIDGAME_MT500|OUT|info depth 10 seldepth 7 multipv 3 score cp -612 nodes 45968 nps 2419368 hashfull 0 tbhits 0 time 19 pv c6c5 b9b4 h9g7 c3c4 c5c4 b4c4
S|MPV4_MIDGAME_MT500|OUT|info depth 10 seldepth 8 multipv 4 score cp -617 nodes 45968 nps 2419368 hashfull 0 tbhits 0 time 19 pv f9e8 b9b4 h9g7 g3g4 i9f9 g4g5 e7g5
S|MPV4_MIDGAME_MT500|OUT|info depth 11 seldepth 22 multipv 1 score cp -34 nodes 53855 nps 2447954 hashfull 0 tbhits 0 time 22 pv c7b9 h2g2 c6c5 e2e6 f9e8 i0h0 h9f8 e6b6 f8e6 h0h6 e6d4 c0e2 h7g7 d0e1 b9c7 e3e4 c7b5 c3c4 c5c4 c2d4 c4d4
S|MPV4_MIDGAME_MT500|OUT|info depth 11 seldepth 12 multipv 2 score cp -603 nodes 53855 nps 2447954 hashfull 0 tbhits 0 time 22 pv f9e8 b9b4 c6c5 h2h9 i9h9 i0h0 c7d5 b4d4 d5f6 i3i4 a7c7
S|MPV4_MIDGAME_MT500|OUT|info depth 11 seldepth 12 multipv 3 score cp -606 nodes 53855 nps 2447954 hashfull 1 tbhits 0 time 22 pv h9g7 b9b7 c6c5 b7c7 f9e8
S|MPV4_MIDGAME_MT500|OUT|info depth 11 seldepth 14 multipv 4 score cp -606 nodes 53855 nps 2447954 hashfull 1 tbhits 0 time 22 pv c6c5 h2h9 i9h9 b9b4 f9e8 i0h0 c7d5 b4d4 d5f6 e2e6 h7h5 d4b4
S|MPV4_MIDGAME_MT500|OUT|info depth 12 seldepth 25 multipv 1 score cp -34 nodes 99150 nps 2155434 hashfull 7 tbhits 0 time 46 pv c7b9 h2g2 c6c5 e2e6 f9e8 i0h0 h9f8 e6b6 f8e6 h0h6 e6d4 c0e2 h7g7 d0e1 b9c7 e3e4 c7b5 c3c4 c5c4 c2d4 c4d4 e4e5 i9f9
S|MPV4_MIDGAME_MT500|OUT|info depth 12 seldepth 15 multipv 2 score cp -607 nodes 99150 nps 2155434 hashfull 7 tbhits 0 time 46 pv h9g7 b9b7 f9e8 b7c7 i9f9 c3c4
S|MPV4_MIDGAME_MT500|OUT|info depth 12 seldepth 18 multipv 3 score cp -608 nodes 99150 nps 2155434 hashfull 7 tbhits 0 time 46 pv c6c5 h2h9 i9h9 b9b4 f9e8 i0h0 c7d5 b4d4 d5f6 c3c4
S|MPV4_MIDGAME_MT500|OUT|info depth 12 seldepth 17 multipv 4 score cp -610 nodes 99150 nps 2155434 hashfull 7 tbhits 0 time 46 pv f9e8 b9b4 c6c5 g3g4 g5g4 b4g4 c7d5
S|MPV4_MIDGAME_MT500|OUT|info depth 13 seldepth 21 multipv 1 score cp -34 nodes 166054 nps 1976833 hashfull 10 tbhits 0 time 84 pv c7b9 h2g2 c6c5 e2e6 f9e8 i0h0 h9f8 e6b6 f8e6 h0h6 e6d4 c0e2 h7g7 d0e1 b9c7
S|MPV4_MIDGAME_MT500|OUT|info depth 13 seldepth 18 multipv 2 score cp -603 nodes 166054 nps 1976833 hashfull 10 tbhits 0 time 84 pv c6c5 h2h9 i9h9 b9b6 f9e8 b6b4 h7h2 i0h0 h9h6 c3c4 c7d5
S|MPV4_MIDGAME_MT500|OUT|info depth 13 seldepth 18 multipv 3 score cp -609 nodes 166054 nps 1976833 hashfull 10 tbhits 0 time 84 pv h9g7 b9b7 g7f5 h2f2 c6c5 i0h0 h7i7 b7b4 a7a8 i3i4 a8c8
S|MPV4_MIDGAME_MT500|OUT|info depth 13 seldepth 18 multipv 4 score cp -615 nodes 166054 nps 1976833 hashfull 10 tbhits 0 time 84 pv f9e8 b9b4 c6c5 h2h9 i9h9 i0h0 h7h2 c3c4 c5c4 b4c4 c7d5 c4d4 d5c7 c2b4
S|MPV4_MIDGAME_MT500|OUT|info depth 14 seldepth 23 multipv 1 score cp -29 nodes 188146 nps 1980484 hashfull 13 tbhits 0 time 95 pv c7b9 h2g2 c6c5 e2e6 f9e8 i0h0 h9f8 e6b6 f8e6 c0e2 e6f4
S|MPV4_MIDGAME_MT500|OUT|info depth 14 seldepth 12 multipv 2 score cp -602 nodes 188146 nps 1980484 hashfull 13 tbhits 0 time 95 pv c6c5 h2h9 i9h9 b9b4 h9g9 i0h0 h7i7 c3c4 c5c4 b4c4 a7a8
S|MPV4_MIDGAME_MT500|OUT|info depth 14 seldepth 12 multipv 3 score cp -605 nodes 188146 nps 1980484 hashfull 13 tbhits 0 time 95 pv h9g7 b9b7 g7f5 c3c4 d9e8 b7b4
S|MPV4_MIDGAME_MT500|OUT|info depth 14 seldepth 11 multipv 4 score cp -617 nodes 188146 nps 1980484 hashfull 13 tbhits 0 time 95 pv h7i7 b9b4 c6c5 c3c4 c5c4
S|MPV4_MIDGAME_MT500|OUT|info depth 15 seldepth 27 multipv 1 score cp -28 nodes 256180 nps 2017165 hashfull 15 tbhits 0 time 127 pv c7b9 h2g2 c6c5 e2e6 f9e8 i0h0 h9f8 e6b6 f8e6 c0e2 e6d4 h0h6 i9f9 d0e1 d4b3 c2b0 b3c1 b0d1 f9f4 b6i6 a7d7 g2g1
S|MPV4_MIDGAME_MT500|OUT|info depth 15 seldepth 12 multipv 2 score cp -611 nodes 256180 nps 2017165 hashfull 15 tbhits 0 time 127 pv c6c5 b9b4 h9g7 b4h4 h7i7 c3c4 c5c4 h4c4 i9h9 c4c7 h9h2
S|MPV4_MIDGAME_MT500|OUT|info depth 15 seldepth 17 multipv 3 score cp -612 nodes 256180 nps 2017165 hashfull 15 tbhits 0 time 127 pv h9g7 b9b7 g7f5 h2f2 c6c5
S|MPV4_MIDGAME_MT500|OUT|info depth 15 seldepth 21 multipv 4 score cp -616 nodes 256180 nps 2017165 hashfull 15 tbhits 0 time 127 pv f9e8 b9b4 h9g7 b4h4 h7h2 h4h2 c6c5 e3e4 i9f9
S|MPV4_MIDGAME_MT500|OUT|info depth 16 seldepth 27 multipv 1 score cp -37 nodes 419779 nps 2018168 hashfull 26 tbhits 0 time 208 pv c7b9 h2g2 h9g7 i0h0 h7i7 c3c4 f9e8 h0h6 i6i5
S|MPV4_MIDGAME_MT500|OUT|info depth 16 seldepth 14 multipv 2 score cp -607 nodes 419779 nps 2018168 hashfull 26 tbhits 0 time 208 pv c6c5 h2h9 i9h9 b9b4 h7f7 i0h0 h9g9 i3i4 c7d5 b4d4 d5c7
S|MPV4_MIDGAME_MT500|OUT|info depth 16 seldepth 20 multipv 3 score cp -608 nodes 419779 nps 2018168 hashfull 26 tbhits 0 time 208 pv h9g7 b9b7 g7f5 h2f2 c6c5 i0h0 h7i7 b7b4 f9e8
S|MPV4_MIDGAME_MT500|OUT|info depth 16 seldepth 17 multipv 4 score cp -617 nodes 419779 nps 2018168 hashfull 26 tbhits 0 time 208 pv f9e8 b9b4 c6c5 h2h9 i9h9 i0h0 c7d5 b4d4 d5f6 i3i4
S|MPV4_MIDGAME_MT500|OUT|info depth 17 seldepth 38 multipv 1 score cp -37 nodes 690211 nps 1972031 hashfull 46 tbhits 0 time 350 pv c7b9 h2g2 c6c5 e2e6 f9e8 i0h0 h9g7 e6e5 h7i7 g2g5 b9c7 g5c5 c7e6 c5c4 i9f9 g3g4 i7i3
S|MPV4_MIDGAME_MT500|OUT|info depth 17 seldepth 17 multipv 2 score cp -600 nodes 690211 nps 1972031 hashfull 46 tbhits 0 time 350 pv c6c5 h2h9 i9h9 b9b4 h7f7 i0h0 h9g9 i3i4 a7a8 i4i5 i6i5
S|MPV4_MIDGAME_MT500|OUT|info depth 17 seldepth 20 multipv 3 score cp -611 nodes 690211 nps 1972031 hashfull 46 tbhits 0 time 350 pv f9e8 b9b4 c6c5 h2h9 i9h9 i0h0 c7d5 b4d4 d5f6 c3c4 a7c7 e2e6 c5c4 d4c4
S|MPV4_MIDGAME_MT500|OUT|info depth 17 seldepth 17 multipv 4 score cp -622 nodes 690211 nps 1972031 hashfull 46 tbhits 0 time 350 pv h9g7 b9b7 c7e8 c3c4 a7a8 b7b4
S|MPV4_MIDGAME_MT500|OUT|info depth 19 seldepth 29 multipv 1 score cp -31 nodes 965373 nps 1930746 hashfull 67 tbhits 0 time 500 pv c7b9 h2g2 h9g7 i0h0 h7i7 c3c4 f9e8 c2d4 i9f9 d0e1 i6i5 e3e4 i7i3 d4e6 g7e6 e2e6 b9c7 e6e5 c7e6 h0h6 e6g7 c4c5 f9f4 c5d5 f4e4
S|MPV4_MIDGAME_MT500|OUT|info depth 19 seldepth 18 multipv 2 score cp -608 nodes 965373 nps 1930746 hashfull 67 tbhits 0 time 500 pv c6c5 b9b4 h9g7 h2f2 g7h5 c3c4 c5c4 b4c4 f9e8 i3i4
S|MPV4_MIDGAME_MT500|OUT|info depth 19 seldepth 16 multipv 3 score cp -613 nodes 965373 nps 1930746 hashfull 67 tbhits 0 time 500 pv f9e8 b9b4 h9g7 g3g4 c6c5 g4g5
S|MPV4_MIDGAME_MT500|OUT|info depth 19 seldepth 17 multipv 4 score cp -619 nodes 965373 nps 1930746 hashfull 67 tbhits 0 time 500 pv d9e8 b9b4 c6c5 h2f2 a7a8 i0h0 i9i7 h0h4
S|MPV4_MIDGAME_MT500|OUT|bestmove c7b9 ponder h2g2
S|MPV4_MIDGAME_MT500|END|lines=77
S|MPV1_T1_MT150|CMD|setoption name MultiPV value 4
S|MPV1_T1_MT150|CMD|setoption name Threads value 1
S|MPV1_T1_MT150|OUT|info string Using 1 thread
S|MPV1_T1_MT150|CMD|position fen rnbakabnr/9/1c5c1/p1p1p1p1p/9/9/P1P1P1P1P/1C5C1/9/RNBAKABNR w - - 0 1
S|MPV1_T1_MT150|CMD|go movetime 150
S|MPV1_T1_MT150|OUT|info string Available processors: 0-15
S|MPV1_T1_MT150|OUT|info string Using 1 thread
S|MPV1_T1_MT150|OUT|info string NNUE evaluation using pikafish.nnue (64MiB, (62083, 1024, 32, 32, 1))
S|MPV1_T1_MT150|OUT|info string Network replica 1: Local memory. Shared memory not supported by the OS. Local allocation fallback.
S|MPV1_T1_MT150|OUT|info depth 1 seldepth 3 multipv 1 score cp 22 nodes 255 nps 255000 hashfull 0 tbhits 0 time 1 pv b2e2
S|MPV1_T1_MT150|OUT|info depth 1 seldepth 3 multipv 2 score cp 22 nodes 255 nps 255000 hashfull 0 tbhits 0 time 1 pv h2e2
S|MPV1_T1_MT150|OUT|info depth 1 seldepth 3 multipv 3 score cp 12 nodes 255 nps 255000 hashfull 0 tbhits 0 time 1 pv c3c4
S|MPV1_T1_MT150|OUT|info depth 1 seldepth 3 multipv 4 score cp 12 nodes 255 nps 255000 hashfull 0 tbhits 0 time 1 pv g3g4
S|MPV1_T1_MT150|OUT|info depth 2 seldepth 3 multipv 1 score cp 22 nodes 473 nps 473000 hashfull 0 tbhits 0 time 1 pv b2e2
S|MPV1_T1_MT150|OUT|info depth 2 seldepth 3 multipv 2 score cp 22 nodes 473 nps 473000 hashfull 0 tbhits 0 time 1 pv h2e2
S|MPV1_T1_MT150|OUT|info depth 2 seldepth 3 multipv 3 score cp 12 nodes 473 nps 473000 hashfull 0 tbhits 0 time 1 pv c3c4
S|MPV1_T1_MT150|OUT|info depth 2 seldepth 3 multipv 4 score cp 12 nodes 473 nps 473000 hashfull 0 tbhits 0 time 1 pv g3g4
S|MPV1_T1_MT150|OUT|info depth 3 seldepth 4 multipv 1 score cp 119 nodes 875 nps 875000 hashfull 0 tbhits 0 time 1 pv b2e2
S|MPV1_T1_MT150|OUT|info depth 3 seldepth 3 multipv 2 score cp 35 nodes 875 nps 437500 hashfull 0 tbhits 0 time 2 pv h2e2
S|MPV1_T1_MT150|OUT|info depth 3 seldepth 3 multipv 3 score cp 14 nodes 875 nps 437500 hashfull 0 tbhits 0 time 2 pv c3c4
S|MPV1_T1_MT150|OUT|info depth 3 seldepth 3 multipv 4 score cp 14 nodes 875 nps 437500 hashfull 0 tbhits 0 time 2 pv g3g4
S|MPV1_T1_MT150|OUT|info depth 4 seldepth 3 multipv 1 score cp 137 nodes 1316 nps 658000 hashfull 0 tbhits 0 time 2 pv b2e2
S|MPV1_T1_MT150|OUT|info depth 4 seldepth 3 multipv 2 score cp 43 nodes 1316 nps 658000 hashfull 0 tbhits 0 time 2 pv h2e2
S|MPV1_T1_MT150|OUT|info depth 4 seldepth 3 multipv 3 score cp 15 nodes 1316 nps 658000 hashfull 0 tbhits 0 time 2 pv c3c4
S|MPV1_T1_MT150|OUT|info depth 4 seldepth 3 multipv 4 score cp 15 nodes 1316 nps 658000 hashfull 0 tbhits 0 time 2 pv g3g4
S|MPV1_T1_MT150|OUT|info depth 5 seldepth 5 multipv 1 score cp 69 nodes 2733 nps 546600 hashfull 0 tbhits 0 time 5 pv b2e2 c9e7 h0g2
S|MPV1_T1_MT150|OUT|info depth 5 seldepth 5 multipv 2 score cp 55 nodes 2733 nps 546600 hashfull 0 tbhits 0 time 5 pv h2e2 h9g7
S|MPV1_T1_MT150|OUT|info depth 5 seldepth 4 multipv 3 score cp 45 nodes 2733 nps 546600 hashfull 0 tbhits 0 time 5 pv b0c2
S|MPV1_T1_MT150|OUT|info depth 5 seldepth 4 multipv 4 score cp 42 nodes 2733 nps 546600 hashfull 0 tbhits 0 time 5 pv h0g2
S|MPV1_T1_MT150|OUT|info depth 6 seldepth 6 multipv 1 score cp 58 nodes 4197 nps 524625 hashfull 0 tbhits 0 time 8 pv b2e2 h9g7 b0c2 h7i7 h0g2
S|MPV1_T1_MT150|OUT|info depth 6 seldepth 5 multipv 2 score cp 45 nodes 4197 nps 524625 hashfull 0 tbhits 0 time 8 pv h2e2 h9g7 h0g2
S|MPV1_T1_MT150|OUT|info depth 6 seldepth 5 multipv 3 score cp 42 nodes 4197 nps 524625 hashfull 0 tbhits 0 time 8 pv g3g4 h7g7 b2e2
S|MPV1_T1_MT150|OUT|info depth 6 seldepth 4 multipv 4 score cp 42 nodes 4197 nps 524625 hashfull 0 tbhits 0 time 8 pv b0c2 h9g7 h2e2
S|MPV1_T1_MT150|OUT|info depth 7 seldepth 9 multipv 1 score cp 54 nodes 6627 nps 473357 hashfull 0 tbhits 0 time 14 pv b2e2 h9g7 b0c2 h7i7 a0b0
S|MPV1_T1_MT150|OUT|info depth 7 seldepth 8 multipv 2 score cp 43 nodes 6627 nps 473357 hashfull 0 tbhits 0 time 14 pv h2e2 h9g7 h0g2 i9h9 i0h0 g6g5
S|MPV1_T1_MT150|OUT|info depth 7 seldepth 8 multipv 3 score cp 31 nodes 6627 nps 473357 hashfull 0 tbhits 0 time 14 pv b0c2 h9g7 h2e2 g6g5
S|MPV1_T1_MT150|OUT|info depth 7 seldepth 9 multipv 4 score cp 30 nodes 6627 nps 473357 hashfull 0 tbhits 0 time 14 pv h0g2 h9g7 b2e2 g6g5 b0c2 b9c7 e3e4 a9b9
S|MPV1_T1_MT150|OUT|info depth 8 seldepth 11 multipv 1 score cp 38 nodes 14364 nps 463354 hashfull 0 tbhits 0 time 31 pv b2e2 b9c7 b0c2 a9b9 a0b0 g6g5 b0b4
S|MPV1_T1_MT150|OUT|info depth 8 seldepth 15 multipv 2 score cp 28 nodes 14364 nps 463354 hashfull 0 tbhits 0 time 31 pv b0c2 c6c5 h2e2 h9g7 h0g2 i9h9 i0h0
S|MPV1_T1_MT150|OUT|info depth 8 seldepth 14 multipv 3 score cp 28 nodes 14364 nps 463354 hashfull 0 tbhits 0 time 31 pv h2e2 h9g7 g3g4
S|MPV1_T1_MT150|OUT|info depth 8 seldepth 11 multipv 4 score cp 27 nodes 14364 nps 463354 hashfull 0 tbhits 0 time 31 pv h0g2 g6g5 b2e2 b9c7 b0c2 a9b9 a0b0 b7b3
S|MPV1_T1_MT150|OUT|info depth 9 seldepth 14 multipv 1 score cp 31 nodes 26408 nps 447593 hashfull 1 tbhits 0 time 59 pv b2e2 b9c7 b0c2 c6c5 a0b0 a9b9 b0b4 h9g7 g3g4 b7a7 b4b9 c7b9 h0g2
S|MPV1_T1_MT150|OUT|info depth 9 seldepth 17 multipv 2 score cp 27 nodes 26408 nps 447593 hashfull 1 tbhits 0 time 59 pv h2e2 h9g7 h0g2 g6g5 i0h0 i9h9 b0c2
S|MPV1_T1_MT150|OUT|info depth 9 seldepth 14 multipv 3 score cp 26 nodes 26408 nps 440133 hashfull 1 tbhits 0 time 60 pv g3g4 h7e7 h0g2 h9g7 c3c4 i9h9 i0h0 h9h5 b0c2 c6c5 c4c5 h5c5
S|MPV1_T1_MT150|OUT|info depth 9 seldepth 14 multipv 4 score cp 21 nodes 26408 nps 440133 hashfull 1 tbhits 0 time 60 pv c3c4 h7e7 h0g2 h9g7 g3g4 i9h9 i0h0 h9h5 c0e2
S|MPV1_T1_MT150|OUT|info depth 10 seldepth 15 multipv 1 score cp 37 nodes 35538 nps 438740 hashfull 2 tbhits 0 time 81 pv b2e2 b9c7 b0c2 c6c5 a0b0 a9b9 b0b4 h9g7 c3c4 c5c4 b4c4 h7i7 h0g2
S|MPV1_T1_MT150|OUT|info depth 10 seldepth 18 multipv 2 score cp 29 nodes 35538 nps 438740 hashfull 2 tbhits 0 time 81 pv h2e2 h9g7 h0g2 g6g5 i0h0 i9h9 b2d2 h7h3 b0c2 b9c7 a0b0 a9b9 b0b4 c6c5
S|MPV1_T1_MT150|OUT|info depth 10 seldepth 15 multipv 3 score cp 27 nodes 35538 nps 438740 hashfull 2 tbhits 0 time 81 pv c3c4 h7e7 b0c2 h9g7 h0g2 g6g5
S|MPV1_T1_MT150|OUT|info depth 10 seldepth 15 multipv 4 score cp 24 nodes 35538 nps 438740 hashfull 2 tbhits 0 time 81 pv g3g4 h7e7 h0g2 h9g7 i0h0 i9h9 b0c2 h9h5 c3c4 c6c5 c4c5 h5c5
S|MPV1_T1_MT150|OUT|info depth 11 seldepth 11 multipv 1 score cp 27 nodes 54474 nps 442878 hashfull 3 tbhits 0 time 123 pv c3c4 b7c7 b0c2 c6c5 c2d4 c5c4 d4e6
S|MPV1_T1_MT150|OUT|info depth 11 seldepth 22 multipv 2 score cp 25 nodes 54474 nps 442878 hashfull 3 tbhits 0 time 123 pv h2e2 h9g7 h0g2 i9h9 c3c4
S|MPV1_T1_MT150|OUT|info depth 11 seldepth 16 multipv 3 score cp 24 nodes 54474 nps 442878 hashfull 3 tbhits 0 time 123 pv g3g4 c6c5 h0g2 b9c7 b0a2 h7e7 i0h0
S|MPV1_T1_MT150|OUT|info depth 11 seldepth 17 multipv 4 score cp 24 nodes 54474 nps 442878 hashfull 3 tbhits 0 time 123 pv b2e2 b9c7 b0c2 c6c5 a0b0 a9b9 b0b4 h9g7 h0g2 g6g5
S|MPV1_T1_MT150|OUT|info depth 12 seldepth 17 multipv 1 score cp 29 nodes 66808 nps 445386 hashfull 4 tbhits 0 time 150 pv g3g4 b7e7 b0c2 b9c7 a0b0 h7g7 c3c4
S|MPV1_T1_MT150|OUT|info depth 12 seldepth 21 multipv 2 score cp 27 nodes 66808 nps 445386 hashfull 4 tbhits 0 time 150 pv h2e2 h9g7 h0g2 i9h9 i0h0 g6g5 h0h6 b9c7 e3e4 h7h8 b0c2 h8e8 h6g6 c6c5 c2e3 h9h7 c3c4 c7d5 c4c5
S|MPV1_T1_MT150|OUT|info depth 12 seldepth 16 multipv 3 score cp 25 nodes 66808 nps 445386 hashfull 4 tbhits 0 time 150 pv c3c4 b7c7 h2e2 h7e7 h0g2 b9a7 b0a2 a9b9 a0b0 h9g7 i0h0 b9b5 b2c2 b5f5 h0h4
S|MPV1_T1_MT150|OUT|info depth 11 seldepth 17 multipv 4 score cp 24 nodes 66808 nps 442437 hashfull 4 tbhits 0 time 151 pv b2e2 b9c7 b0c2 c6c5 a0b0 a9b9 b0b4 h9g7 h0g2 g6g5
S|MPV1_T1_MT150|OUT|bestmove g3g4 ponder b7e7
S|MPV1_T1_MT150|END|lines=54
S|RESTORE_T4|CMD|setoption name Threads value 4
S|RESTORE_T4|OUT|info string Using 4 threads
S|RESTORE_T4|CMD|setoption name MultiPV value 1
S|RESTORE_T4|END|lines=1
DRV DONE steps=13
