PAGES-PROBE mode=ui url=https://crest10086.github.io/xiangqi/index.html start=2026-10-05T00:26:35.169Z (warm: profile kept as-is)

boot: {"coi":true,"sab":true,"coiTries":null,"sw":true,"href":"https://crest10086.github.io/xiangqi/index.html"}

[probe start#1 @6.1s] env="{\"coi\":true,\"sab\":true,\"coiTries\":null,\"sw\":true,\"href\":\"https://crest10086.github.io/xiangqi/index.html\"}"
...
=== STATE === DONE (83.9s)
=== NAVIGATIONS (1) ===
NAV 0.1s https://crest10086.github.io/xiangqi/index.html
=== COOP/COEP RESPONSES (0) ===
=== COOP/COEP VIA SW FETCH === {"status":200,"type":"basic","swControlled":true,"headers":{"cross-origin-embedder-policy":"require-corp","cross-origin-opener-policy":"same-origin","cross-origin-resource-policy":"cross-origin"}}
=== PAGE ENV === null
=== PAGE LOG (0 lines) ===

=== PROBE RESULT ===
{
 "coi": true,
 "engineReadyBefore": false,
 "firstLoadMs": 2313,
 "firstLoadOk": true,
 "env": {
  "type": "ENV",
  "coi": true,
  "sab": true,
  "threads": 4
 },
 "jsHeapMB": 3,
 "rows": [
  {
   "level": 1,
   "name": "业余",
   "human": [
    "帅五进一",
    "兵七进一",
    "炮八平三",
    "车九进一"
   ],
   "ai": [
    "马2进3",
    "砲8平4",
    "车9进1",
    "车9平6"
   ],
   "src": [
    "engine",
    "engine",
    "engine",
    "engine"
   ],
   "waitedMs": 1600,
   "plies": 8,
   "over": false,
   "engineReady": true,
   "engineEnv": {
    "type": "ENV",
    "coi": true,
    "sab": true,
    "threads": 4
   },
   "engineLastError": null,
   "engineInfo": {
    "depth": 9,
    "score": "65cp",
    "nodes": 644491
   },
   "tierParams": {
    "cap": 80,
    "p": 0.5,
    "band": 200,
    "mpv": 8,
    "ms": 300,
    "hash": 64
   }
  },
  {
   "level": 2,
   "name": "进阶",
   "human": [
    "炮八进一",
    "马八进九",
    "炮二平三",
    "炮三平四"
   ],
   "ai": [
    "砲8平5",
    "卒3进1",
    "马8进9",
    "砲5平7"
   ],
   "src": [
    "engine",
    "engine",
    "engine",
    "engine"
   ],
   "waitedMs": 1600,
   "plies": 8,
   "over": false,
   "engineReady": true,
   "engineEnv": {
    "type": "ENV",
    "coi": true,
    "sab": true,
    "threads": 4
   },
   "engineLastError": null,
   "engineInfo": {
    "depth": 11,
    "score": "54cp",
    "nodes": 582715
   },
   "tierParams": {
    "cap": 80,
    "p": 0,
    "band": 200,
    "mpv": 8,
    "ms": 300,
    "hash": 64
   }
  },
  {
   "level": 3,
   "name": "高手",
   "human": [
    "炮八平九",
    "炮九平七",
    "炮二平三",
    "炮七进四"
   ],
   "ai": [
    "象7进5",
    "马8进6",
    "砲2进4",
    "马2进1"
   ],
   "src": [
    "engine",
    "engine",
    "engine",
    "engine"
   ],
   "waitedMs": 1600,
   "plies": 8,
   "over": false,
   "engineReady": true,
   "engineEnv": {
    "type": "ENV",
    "coi": true,
    "sab": true,
    "threads": 4
   },
   "engineLastError": null,
   "engineInfo": {
    "depth": 14,
    "score": "88cp",
    "nodes": 618411
   },
   "tierParams": {
    "cap": 25,
    "p": 0.1,
    "band": 200,
    "mpv": 8,
    "ms": 300,
    "hash": 64
   }
  },
  {
   "level": 4,
   "name": "大师",
   "human": [
    "马八进九",
    "兵九进一",
    "炮八平四",
    "马二进一"
   ],
   "ai": [
    "砲8平5",
    "砲5进4",
    "砲2进2",
    "砲2平5"
   ],
   "src": [
    "engine",
    "engine",
    "engine",
    "engine"
   ],
   "waitedMs": 6800,
   "plies": 8,
   "over": true,
   "engineReady": true,
   "engineEnv": {
    "type": "ENV",
    "coi": true,
    "sab": true,
    "threads": 4
   },
   "engineLastError": null,
   "engineInfo": {
    "depth": 245,
    "score": "#1",
    "nodes": 42165
   },
   "tierParams": {
    "mpv": 1,
    "ms": 2000,
    "hash": 256
   }
  }
 ],
 "status": "黑方绝杀，你赢了！🎉",
 "logTail": [
  "1.马八进九砲8平52.兵九进一砲5进43.炮八平四砲2进24.马二进一砲2平5"
 ]
}

=== RESOURCE TIMING === [{"url":"/xiangqi/engine.js","initiator":"script","transfer":0,"encoded":21149,"decoded":21149,"duration":0,"start":9},{"url":"/xiangqi/js/book.js","initiator":"script","transfer":0,"encoded":305699,"decoded":305699,"duration":0,"start":9},{"url":"/xiangqi/js/xqbook.js","initiator":"script","transfer":0,"encoded":4874,"decoded":4874,"duration":0,"start":9},{"url":"/xiangqi/js/tier_rules.js","initiator":"script","transfer":0,"encoded":8475,"decoded":8475,"duration":0,"start":9},{"url":"/xiangqi/js/tier_config.js","initiator":"script","transfer":0,"encoded":1542,"decoded":1542,"duration":0,"start":9},{"url":"/xiangqi/js/pikafish_bridge.js","initiator":"script","transfer":0,"encoded":18640,"decoded":18640,"duration":0,"start":9},{"url":"/xiangqi/js/engines/pikafish/pikafish.worker.js","initiator":"other","transfer":0,"encoded":0,"decoded":0,"duration":-2,"start":6087}]
=== NAVIGATION TIMING === [{"url":"https://crest10086.github.io/xiangqi/index.html","duration":16,"domContentLoaded":15,"loadEvent":16,"transfer":0,"encoded":18810}]
=== JS HEAP === {"jsHeapMB":4,"jsHeapLimitMB":4192}
=== UA MEMORY === null
=== LOG ENTRIES (1) ===
[error] Failed to load resource: the server responded with a status of 404 ()
PAGES-PROBE DONE
