CPU-THROTTLE x4 (emulation, not a real device)
PAGES-PROBE mode=smoke url=https://crest10086.github.io/xiangqi/online_smoke.html start=2026-10-05T00:20:06.969Z (warm: profile kept as-is)
.............................................
=== STATE === DONE (15.9s)
=== NAVIGATIONS (1) ===
NAV 0.1s https://crest10086.github.io/xiangqi/online_smoke.html
=== COOP/COEP RESPONSES (0) ===
=== COOP/COEP VIA SW FETCH === {"status":200,"type":"basic","swControlled":true,"headers":{"cross-origin-embedder-policy":"require-corp","cross-origin-opener-policy":"same-origin","cross-origin-resource-policy":"cross-origin"}}
=== PAGE ENV === "{\"coi\":true,\"sab\":true,\"coiTries\":null,\"sw\":true,\"href\":\"https://crest10086.github.io/xiangqi/online_smoke.html\"}"
=== PAGE LOG (26 lines) ===
…
SMOKE start coi=true sab=true
READY=true ms=1647 env={"type":"ENV","coi":true,"sab":true,"threads":4} net={"netBytes":50706378}
SEL|OP00|业余|move=h0g2|hit=bmiss|gap=13|legal=1|wall=305|depth=13|nodes=596656|mpv=8|ms=300|hash=64|cap=80|p=0.5|band=200
SEL|OP00|进阶|move=c0e2|hit=cap|gap=12|legal=1|wall=304|depth=14|nodes=558027|mpv=8|ms=300|hash=64|cap=80|p=0|band=200
SEL|OP00|高手|move=h2i2|hit=cap|gap=13|legal=1|wall=303|depth=12|nodes=494079|mpv=8|ms=300|hash=64|cap=25|p=0.1|band=200
SEL|OP00|大师|move=b2e2|hit=best|gap=0|legal=1|wall=2011|depth=23|nodes=3223412|mpv=1|ms=2000|hash=256
SEL|OP04|业余|move=b2e2|hit=cap|gap=15|legal=1|wall=304|depth=13|nodes=615102|mpv=8|ms=300|hash=64|cap=80|p=0.5|band=200
SEL|OP04|进阶|move=h2g2|hit=cap|gap=23|legal=1|wall=304|depth=13|nodes=637256|mpv=8|ms=300|hash=64|cap=80|p=0|band=200
SEL|OP04|高手|move=g3g4|hit=cap|gap=20|legal=1|wall=303|depth=12|nodes=639282|mpv=8|ms=300|hash=64|cap=25|p=0.1|band=200
SEL|OP04|大师|move=i0h0|hit=best|gap=0|legal=1|wall=2010|depth=24|nodes=3627673|mpv=1|ms=2000|hash=256
SEL|MG_QT01|业余|move=c7b9|hit=above|gap=0|legal=1|wall=302|depth=15|nodes=565251|mpv=8|ms=300|hash=64|cap=80|p=0.5|band=200
SEL|MG_QT01|进阶|move=c7b9|hit=above|gap=0|legal=1|wall=303|depth=15|nodes=578761|mpv=8|ms=300|hash=64|cap=80|p=0|band=200
SEL|MG_QT01|高手|move=c7b9|hit=above|gap=0|legal=1|wall=303|depth=15|nodes=577968|mpv=8|ms=300|hash=64|cap=25|p=0.1|band=200
SEL|MG_QT01|大师|move=c7b9|hit=best|gap=0|legal=1|wall=2010|depth=25|nodes=3601748|mpv=1|ms=2000|hash=256
SEL|MG_QT10|业余|move=a7d7|hit=cap|gap=58|legal=1|wall=304|depth=11|nodes=630755|mpv=8|ms=300|hash=64|cap=80|p=0.5|band=200
SEL|MG_QT10|进阶|move=a7d7|hit=cap|gap=54|legal=1|wall=303|depth=10|nodes=623088|mpv=8|ms=300|hash=64|cap=80|p=0|band=200
SEL|MG_QT10|高手|move=f8h9|hit=cap|gap=24|legal=1|wall=304|depth=12|nodes=623212|mpv=8|ms=300|hash=64|cap=25|p=0.1|band=200
SEL|MG_QT10|大师|move=i9h9|hit=best|gap=0|legal=1|wall=2011|depth=25|nodes=3931584|mpv=1|ms=2000|hash=256
CHECK|BADFEN|业余|rejected=1|err=critical:引擎报告 CRITICAL ERROR（着法会沿用上一条局面）|critical=1
CHECK|BADFEN|进阶|rejected=1|err=critical:引擎报告 CRITICAL ERROR（着法会沿用上一条局面）|critical=1
CHECK|BADFEN|高手|rejected=1|err=critical:引擎报告 CRITICAL ERROR（着法会沿用上一条局面）|critical=1
CHECK|BADFEN|大师|rejected=1|err=critical:引擎报告 CRITICAL ERROR（着法会沿用上一条局面）|critical=1
RECOVER|OP00|ok=1|move=h0g2|wall=304|lastRawLine=info depth 13 seldepth 16 multipv 8 score cp 14 nodes 589570 nps 1958704 hashfull 36 tbhits 0 time 301 pv h0g2 g6g5 b2e2 b9c7 b0c2 h9g7 c3c4 a9b9 a0b0 b7b3 h2h6
RECOVER|OP04|ok=1|move=g3g4|wall=303|lastRawLine=info depth 12 seldepth 17 multipv 8 score cp 2 nodes 593532 nps 1978440 hashfull 31 tbhits 0 time 300 pv b2e2 h9g7 b0c2 b9a7 a0b0 a9b9 c3c4 b7b5 h2g2 g9e7 i0h0
SMOKE DONE

=== RESOURCE TIMING === [{"url":"/xiangqi/engine.js","initiator":"script","transfer":0,"encoded":21149,"decoded":21149,"duration":0,"start":14},{"url":"/xiangqi/js/tier_rules.js","initiator":"script","transfer":0,"encoded":8475,"decoded":8475,"duration":0,"start":14},{"url":"/xiangqi/js/tier_config.js","initiator":"script","transfer":0,"encoded":1542,"decoded":1542,"duration":0,"start":15},{"url":"/xiangqi/js/pikafish_bridge.js","initiator":"script","transfer":0,"encoded":18640,"decoded":18640,"duration":0,"start":15},{"url":"/xiangqi/js/engines/pikafish/pikafish.worker.js","initiator":"other","transfer":0,"encoded":0,"decoded":0,"duration":-7,"start":38}]
=== NAVIGATION TIMING === [{"url":"https://crest10086.github.io/xiangqi/online_smoke.html","duration":31,"domContentLoaded":30,"loadEvent":31,"transfer":0,"encoded":4937}]
=== JS HEAP === {"jsHeapMB":1,"jsHeapLimitMB":4192}
=== LOG ENTRIES (51) ===
[error] Failed to load resource: the server responded with a status of 405 ()
[error] Failed to load resource: the server responded with a status of 404 ()
[error] Failed to load resource: the server responded with a status of 405 ()
[error] Failed to load resource: the server responded with a status of 405 ()
[error] Failed to load resource: the server responded with a status of 405 ()
[error] Failed to load resource: the server responded with a status of 405 ()
[error] Failed to load resource: the server responded with a status of 405 ()
[error] Failed to load resource: the server responded with a status of 405 ()
[error] Failed to load resource: the server responded with a status of 405 ()
[error] Failed to load resource: the server responded with a status of 405 ()
[error] Failed to load resource: the server responded with a status of 405 ()
[error] Failed to load resource: the server responded with a status of 405 ()
[error] Failed to load resource: the server responded with a status of 405 ()
[error] Failed to load resource: the server responded with a status of 405 ()
[error] Failed to load resource: the server responded with a status of 405 ()
[error] Failed to load resource: the server responded with a status of 405 ()
[error] Failed to load resource: the server responded with a status of 405 ()
[error] Failed to load resource: the server responded with a status of 405 ()
[error] Failed to load resource: the server responded with a status of 405 ()
[error] Failed to load resource: the server responded with a status of 405 ()
[error] Failed to load resource: the server responded with a status of 405 ()
[error] Failed to load resource: the server responded with a status of 405 ()
[error] Failed to load resource: the server responded with a status of 405 ()
[error] Failed to load resource: the server responded with a status of 405 ()
[error] Failed to load resource: the server responded with a status of 405 ()
[error] Failed to load resource: the server responded with a status of 405 ()
[error] Failed to load resource: the server responded with a status of 405 ()
[error] Failed to load resource: the server responded with a status of 405 ()
[error] Failed to load resource: the server responded with a status of 405 ()
[error] Failed to load resource: the server responded with a status of 405 ()
[error] Failed to load resource: the server responded with a status of 405 ()
[error] Failed to load resource: the server responded with a status of 405 ()
[error] Failed to load resource: the server responded with a status of 405 ()
[error] Failed to load resource: the server responded with a status of 405 ()
[error] Failed to load resource: the server responded with a status of 405 ()
[error] Failed to load resource: the server responded with a status of 405 ()
[error] Failed to load resource: the server responded with a status of 405 ()
[error] Failed to load resource: the server responded with a status of 405 ()
[error] Failed to load resource: the server responded with a status of 405 ()
[error] Failed to load resource: the server responded with a status of 405 ()
PAGES-PROBE DONE
