PAGES-PROBE mode=smoke url=https://crest10086.github.io/xiangqi/online_smoke.html start=2026-10-05T00:21:44.622Z (warm: profile kept as-is)
..............................................
=== STATE === DONE (16.2s)
=== NAVIGATIONS (1) ===
NAV 0.1s https://crest10086.github.io/xiangqi/online_smoke.html
=== COOP/COEP RESPONSES (0) ===
=== COOP/COEP VIA SW FETCH === {"status":200,"type":"basic","swControlled":true,"headers":{"cross-origin-embedder-policy":"require-corp","cross-origin-opener-policy":"same-origin","cross-origin-resource-policy":"cross-origin"}}
=== PAGE ENV === "{\"coi\":true,\"sab\":true,\"coiTries\":null,\"sw\":true,\"href\":\"https://crest10086.github.io/xiangqi/online_smoke.html\"}"
=== PAGE LOG (26 lines) ===
…
SMOKE start coi=true sab=true
READY=true ms=2030 env={"type":"ENV","coi":true,"sab":true,"threads":4} net={"netBytes":50706378}
SEL|OP00|业余|move=c0e2|hit=cap|gap=12|legal=1|wall=304|depth=11|nodes=587585|mpv=8|ms=300|hash=64|cap=80|p=0.5|band=200
SEL|OP00|进阶|move=b2a2|hit=cap|gap=16|legal=1|wall=304|depth=12|nodes=539903|mpv=8|ms=300|hash=64|cap=80|p=0|band=200
SEL|OP00|高手|move=h2d2|hit=cap|gap=17|legal=1|wall=304|depth=12|nodes=549103|mpv=8|ms=300|hash=64|cap=25|p=0.1|band=200
SEL|OP00|大师|move=c3c4|hit=best|gap=0|legal=1|wall=2010|depth=23|nodes=3338650|mpv=1|ms=2000|hash=256
SEL|OP04|业余|move=g3g4|hit=bmiss|gap=14|legal=1|wall=303|depth=12|nodes=606813|mpv=8|ms=300|hash=64|cap=80|p=0.5|band=200
SEL|OP04|进阶|move=i3i4|hit=cap|gap=14|legal=1|wall=303|depth=13|nodes=635691|mpv=8|ms=300|hash=64|cap=80|p=0|band=200
SEL|OP04|高手|move=g3g4|hit=cap|gap=18|legal=1|wall=305|depth=14|nodes=593216|mpv=8|ms=300|hash=64|cap=25|p=0.1|band=200
SEL|OP04|大师|move=b0c2|hit=best|gap=0|legal=1|wall=2010|depth=22|nodes=3522663|mpv=1|ms=2000|hash=256
SEL|MG_QT01|业余|move=g5g4|hit=rand|gap=593|legal=1|wall=303|depth=16|nodes=560176|mpv=8|ms=300|hash=64|cap=80|p=0.5|band=200
SEL|MG_QT01|进阶|move=c7b9|hit=above|gap=0|legal=1|wall=304|depth=15|nodes=616848|mpv=8|ms=300|hash=64|cap=80|p=0|band=200
SEL|MG_QT01|高手|move=c7b9|hit=above|gap=0|legal=1|wall=303|depth=14|nodes=560746|mpv=8|ms=300|hash=64|cap=25|p=0.1|band=200
SEL|MG_QT01|大师|move=c7b9|hit=best|gap=0|legal=1|wall=2010|depth=26|nodes=3722758|mpv=1|ms=2000|hash=256
SEL|MG_QT10|业余|move=a7d7|hit=bmiss|gap=50|legal=1|wall=303|depth=11|nodes=641539|mpv=8|ms=300|hash=64|cap=80|p=0.5|band=200
SEL|MG_QT10|进阶|move=i9g9|hit=cap|gap=49|legal=1|wall=305|depth=11|nodes=656386|mpv=8|ms=300|hash=64|cap=80|p=0|band=200
SEL|MG_QT10|高手|move=f8h9|hit=rand|gap=27|legal=1|wall=303|depth=10|nodes=600306|mpv=8|ms=300|hash=64|cap=25|p=0.1|band=200
SEL|MG_QT10|大师|move=i9h9|hit=best|gap=0|legal=1|wall=2011|depth=24|nodes=3938172|mpv=1|ms=2000|hash=256
CHECK|BADFEN|业余|rejected=1|err=critical:引擎报告 CRITICAL ERROR（着法会沿用上一条局面）|critical=1
CHECK|BADFEN|进阶|rejected=1|err=critical:引擎报告 CRITICAL ERROR（着法会沿用上一条局面）|critical=1
CHECK|BADFEN|高手|rejected=1|err=critical:引擎报告 CRITICAL ERROR（着法会沿用上一条局面）|critical=1
CHECK|BADFEN|大师|rejected=1|err=critical:引擎报告 CRITICAL ERROR（着法会沿用上一条局面）|critical=1
RECOVER|OP00|ok=1|move=b2a2|wall=303|lastRawLine=info depth 13 seldepth 20 multipv 8 score cp 11 nodes 589502 nps 1965006 hashfull 39 tbhits 0 time 300 pv b2a2 c6c5
RECOVER|OP04|ok=1|move=h2f2|wall=303|lastRawLine=info depth 13 seldepth 18 multipv 8 score cp 7 nodes 624051 nps 2073259 hashfull 38 tbhits 0 time 301 pv h2f2 h9g7 i0h0 b9a7 c3c4 a6a5 b0c2 a9a8 d0e1 a8d8 h0h4
SMOKE DONE

=== RESOURCE TIMING === [{"url":"/xiangqi/engine.js","initiator":"script","transfer":0,"encoded":21149,"decoded":21149,"duration":0,"start":6},{"url":"/xiangqi/js/tier_rules.js","initiator":"script","transfer":0,"encoded":8475,"decoded":8475,"duration":0,"start":6},{"url":"/xiangqi/js/tier_config.js","initiator":"script","transfer":0,"encoded":1542,"decoded":1542,"duration":0,"start":6},{"url":"/xiangqi/js/pikafish_bridge.js","initiator":"script","transfer":0,"encoded":18640,"decoded":18640,"duration":0,"start":6},{"url":"/xiangqi/js/engines/pikafish/pikafish.worker.js","initiator":"other","transfer":0,"encoded":0,"decoded":0,"duration":-2,"start":15}]
=== NAVIGATION TIMING === [{"url":"https://crest10086.github.io/xiangqi/online_smoke.html","duration":9,"domContentLoaded":9,"loadEvent":9,"transfer":0,"encoded":4937}]
=== JS HEAP === {"jsHeapMB":1,"jsHeapLimitMB":4192}
=== LOG ENTRIES (51) ===
[error] Failed to load resource: the server responded with a status of 405 ()
[error] Failed to load resource: the server responded with a status of 404 ()
[error] Failed to load resource: the server responded with a status of 405 ()
[error] Failed to load resource: the server responded with a status of 405 ()
[error] Failed to load resource: the server responded with a status of 405 ()
[error] Failed to load resource: the server responded with a status of 405 ()
[error] Failed to load resource: the server responded with a status of 405 ()
[error] Failed to load resource: the server responded with a status of 405 ()
[error] Failed to load resource: the server responded with a status of 405 ()
[error] Failed to load resource: the server responded with a status of 405 ()
[error] Failed to load resource: the server responded with a status of 405 ()
[error] Failed to load resource: the server responded with a status of 405 ()
[error] Failed to load resource: the server responded with a status of 405 ()
[error] Failed to load resource: the server responded with a status of 405 ()
[error] Failed to load resource: the server responded with a status of 405 ()
[error] Failed to load resource: the server responded with a status of 405 ()
[error] Failed to load resource: the server responded with a status of 405 ()
[error] Failed to load resource: the server responded with a status of 405 ()
[error] Failed to load resource: the server responded with a status of 405 ()
[error] Failed to load resource: the server responded with a status of 405 ()
[error] Failed to load resource: the server responded with a status of 405 ()
[error] Failed to load resource: the server responded with a status of 405 ()
[error] Failed to load resource: the server responded with a status of 405 ()
[error] Failed to load resource: the server responded with a status of 405 ()
[error] Failed to load resource: the server responded with a status of 405 ()
[error] Failed to load resource: the server responded with a status of 405 ()
[error] Failed to load resource: the server responded with a status of 405 ()
[error] Failed to load resource: the server responded with a status of 405 ()
[error] Failed to load resource: the server responded with a status of 405 ()
[error] Failed to load resource: the server responded with a status of 405 ()
[error] Failed to load resource: the server responded with a status of 405 ()
[error] Failed to load resource: the server responded with a status of 405 ()
[error] Failed to load resource: the server responded with a status of 405 ()
[error] Failed to load resource: the server responded with a status of 405 ()
[error] Failed to load resource: the server responded with a status of 405 ()
[error] Failed to load resource: the server responded with a status of 405 ()
[error] Failed to load resource: the server responded with a status of 405 ()
[error] Failed to load resource: the server responded with a status of 405 ()
[error] Failed to load resource: the server responded with a status of 405 ()
[error] Failed to load resource: the server responded with a status of 405 ()
PAGES-PROBE DONE
