DRV: not isolated, registering SW (try 0)
DRV: not isolated, registering SW (try 1)
DRV: isolated ok, task=task_tier_r2.json
DRV: engine ready
L|2|OP00|ANCHOR|move=g3g4|score=22|mate=-|depth=20|nodes=2850375|crit=0
L|2|OP00|CAP0|SEL|move=b2e2|slotScore=24|top1=24|gap=0|rule=tier|hit=above|slotUsed=1|seed=1250823274|probs=cap=0,mcap=200,p=0,cls=opening,legal=44,accN=1,bandN=7,gaps=1:0,2:2,3:3,4:3,5:4,6:6,7:7,8:11|depth=12|nodes=559677|slots=1:24,2:22,3:21,4:21,5:20,6:18,7:17,8:13|smoves=1:b2e2,2:b2d2,3:h2e2,4:c3c4,5:g3g4,6:b0c2,7:h0g2,8:c0e2|crit=0
L|2|OP00|CAP0|REF|move=b2e2|score=-21|mate=-|depth=24|nodes=3373299|crit=0
L|2|OP00|CAP25|SEL|move=c0e2|slotScore=15|top1=26|gap=11|rule=tier|hit=cap|slotUsed=8|seed=3103958211|probs=cap=25,mcap=225,p=0,cls=opening,legal=44,accN=8,bandN=0,gaps=1:0,2:0,3:1,4:3,5:5,6:6,7:8,8:11|depth=13|nodes=558675|slots=1:26,2:26,3:25,4:23,5:21,6:20,7:18,8:15|smoves=1:h2e2,2:c3c4,3:b2e2,4:g3g4,5:h0g2,6:b0c2,7:b2d2,8:c0e2|crit=0
L|2|OP00|CAP25|REF|move=c0e2|score=-18|mate=-|depth=23|nodes=3382786|crit=0
L|2|OP00|CAP50|SEL|move=b0c2|slotScore=17|top1=31|gap=14|rule=tier|hit=cap|slotUsed=8|seed=3456860567|probs=cap=50,mcap=250,p=0,cls=opening,legal=44,accN=8,bandN=0,gaps=1:0,2:3,3:5,4:5,5:8,6:9,7:9,8:14|depth=14|nodes=547860|slots=1:31,2:28,3:26,4:26,5:23,6:22,7:22,8:17|smoves=1:c3c4,2:g3g4,3:b2e2,4:h2f2,5:h0g2,6:b2d2,7:h2e2,8:b0c2|crit=0
L|2|OP00|CAP50|REF|move=b0c2|score=-12|mate=-|depth=25|nodes=3467591|crit=0
L|2|OP00|CAP80|SEL|move=h2d2|slotScore=15|top1=28|gap=13|rule=tier|hit=cap|slotUsed=8|seed=1074852050|probs=cap=80,mcap=280,p=0,cls=opening,legal=44,accN=8,bandN=0,gaps=1:0,2:2,3:5,4:6,5:7,6:7,7:9,8:13|depth=13|nodes=575483|slots=1:28,2:26,3:23,4:22,5:21,6:21,7:19,8:15|smoves=1:c3c4,2:g3g4,3:h2e2,4:h2f2,5:b2e2,6:h0g2,7:b2d2,8:h2d2|crit=0
L|2|OP00|CAP80|REF|move=h2d2|score=-10|mate=-|depth=24|nodes=3252831|crit=0
L|2|OP00|CAP150|SEL|move=b2f2|slotScore=13|top1=26|gap=13|rule=tier|hit=cap|slotUsed=8|seed=3173957548|probs=cap=150,mcap=350,p=0,cls=opening,legal=44,accN=8,bandN=0,gaps=1:0,2:0,3:1,4:1,5:6,6:6,7:12,8:13|depth=13|nodes=566848|slots=1:26,2:26,3:25,4:25,5:20,6:20,7:14,8:13|smoves=1:c3c4,2:h2e2,3:b2e2,4:g3g4,5:h0g2,6:b0c2,7:h2f2,8:b2f2|crit=0
L|2|OP00|CAP150|REF|move=b2f2|score=-13|mate=-|depth=23|nodes=3378010|crit=0
L|2|OP00|P10|SEL|move=b0c2|slotScore=12|top1=29|gap=17|rule=tier|hit=bmiss|slotUsed=8|seed=3631022667|probs=cap=80,mcap=280,p=0.1,cls=opening,legal=44,accN=8,bandN=0,gaps=1:0,2:1,3:2,4:2,5:12,6:14,7:15,8:17,band=0|depth=12|nodes=567621|slots=1:29,2:28,3:27,4:27,5:17,6:15,7:14,8:12|smoves=1:g3g4,2:c3c4,3:h2e2,4:b2e2,5:h0g2,6:g0e2,7:h2f2,8:b0c2|crit=0
L|2|OP00|P10|REF|move=b0c2|score=-20|mate=-|depth=23|nodes=3513023|crit=0
L|2|OP00|P25|SEL|move=c0e2|slotScore=16|top1=28|gap=12|rule=tier|hit=cap|slotUsed=8|seed=3681502875|probs=cap=80,mcap=280,p=0.25,cls=opening,legal=44,accN=8,bandN=0,gaps=1:0,2:2,3:4,4:7,5:8,6:9,7:9,8:12|depth=13|nodes=567770|slots=1:28,2:26,3:24,4:21,5:20,6:19,7:19,8:16|smoves=1:c3c4,2:g3g4,3:b2e2,4:h0g2,5:h2f2,6:h2e2,7:b2d2,8:c0e2|crit=0
L|2|OP00|P25|REF|move=c0e2|score=-15|mate=-|depth=23|nodes=3373979|crit=0
L|2|OP00|P50|SEL|move=h2d2|slotScore=10|top1=29|gap=19|rule=tier|hit=bmiss|slotUsed=8|seed=1350023823|probs=cap=80,mcap=280,p=0.5,cls=opening,legal=44,accN=8,bandN=0,gaps=1:0,2:2,3:3,4:8,5:15,6:15,7:15,8:19,band=0|depth=13|nodes=553892|slots=1:29,2:27,3:26,4:21,5:14,6:14,7:14,8:10|smoves=1:c3c4,2:b2e2,3:h2e2,4:g3g4,5:h0g2,6:h2f2,7:b0c2,8:h2d2|crit=0
L|2|OP00|P50|REF|move=h2d2|score=-11|mate=-|depth=24|nodes=3374363|crit=0
L|2|OP00|G10|SEL|move=b0c2|slotScore=13|top1=28|gap=15|rule=tier|hit=cap|slotUsed=7|seed=326149542|probs=cap=25,mcap=225,p=0.1,cls=opening,legal=44,accN=8,bandN=0,gaps=1:0,2:2,3:3,4:12,5:12,6:14,7:15,8:4|depth=14|nodes=555958|slots=1:28,2:26,3:25,4:16,5:16,6:14,7:13,8:24|smoves=1:c3c4,2:h2e2,3:g3g4,4:h0g2,5:h2f2,6:b2f2,7:b0c2,8:b2e2|crit=0
L|2|OP00|G10|REF|move=b0c2|score=-21|mate=-|depth=24|nodes=3445220|crit=0
L|2|OP00|HRD|SEL|move=c0e2|slotScore=11|top1=29|gap=18|rule=tier|hit=cap|slotUsed=8|seed=43231628|probs=cap=80,mcap=280,p=0.25,cls=opening,legal=44,accN=8,bandN=0,gaps=1:0,2:6,3:7,4:10,5:10,6:13,7:13,8:18|depth=13|nodes=587816|slots=1:29,2:23,3:22,4:19,5:19,6:16,7:16,8:11|smoves=1:c3c4,2:b2e2,3:h2e2,4:g3g4,5:h2f2,6:h0g2,7:b0c2,8:c0e2|crit=0
L|2|OP00|HRD|REF|move=c0e2|score=-13|mate=-|depth=24|nodes=3476428|crit=0
L|2|OP00|MT150|SEL|move=b2f2|slotScore=13|top1=25|gap=12|rule=tier|hit=cap|slotUsed=8|seed=2511243895|probs=cap=80,mcap=280,p=0,cls=opening,legal=44,accN=8,bandN=0,gaps=1:0,2:2,3:0,4:2,5:6,6:7,7:9,8:12|depth=13|nodes=290183|slots=1:25,2:23,3:25,4:23,5:19,6:18,7:16,8:13|smoves=1:c3c4,2:b2e2,3:h2e2,4:g3g4,5:h0g2,6:h2f2,7:b0c2,8:b2f2|crit=0
L|2|OP00|MT150|REF|move=b2f2|score=-11|mate=-|depth=24|nodes=3402904|crit=0
L|2|OP00|ANCH|SEL|move=g3g4|slotScore=22|top1=22|gap=0|rule=anchor|hit=above|slotUsed=1|seed=1243360814|probs=cap=undefined,mcap=NaN,p=0,cls=opening,legal=44,accN=1,bandN=0,gaps=1:0|depth=20|nodes=2850375|slots=1:22|smoves=1:g3g4|crit=0
L|2|OP00|ANCH|REF|move=g3g4|score=-18|mate=-|depth=24|nodes=3558706|crit=0
PROG|2|OP00
L|2|OP02|ANCHOR|move=h0g2|score=10|mate=-|depth=23|nodes=3249517|crit=0
L|2|OP02|CAP0|SEL|move=h0g2|slotScore=13|top1=13|gap=0|rule=tier|hit=above|slotUsed=1|seed=1993753692|probs=cap=0,mcap=200,p=0,cls=opening,legal=43,accN=1,bandN=7,gaps=1:0,2:3,3:5,4:5,5:11,6:11,7:14,8:17|depth=13|nodes=615689|slots=1:13,2:10,3:8,4:8,5:2,6:2,7:-1,8:-4|smoves=1:h0g2,2:g3g4,3:h2f2,4:c3c4,5:h2e2,6:b0c2,7:i0i1,8:b2e2|crit=0
L|2|OP02|CAP0|REF|move=h0g2|score=-9|mate=-|depth=21|nodes=3026797|crit=0
L|2|OP02|CAP25|SEL|move=h0i2|slotScore=-5|top1=16|gap=21|rule=tier|hit=cap|slotUsed=8|seed=1957251285|probs=cap=25,mcap=225,p=0,cls=opening,legal=43,accN=8,bandN=0,gaps=1:0,2:5,3:8,4:12,5:13,6:13,7:15,8:21|depth=14|nodes=607920|slots=1:16,2:11,3:8,4:4,5:3,6:3,7:1,8:-5|smoves=1:h0g2,2:h2f2,3:g3g4,4:h2e2,5:i0i1,6:b0c2,7:c3c4,8:h0i2|crit=0
L|2|OP02|CAP25|REF|move=h0i2|score=12|mate=-|depth=24|nodes=3370707|crit=0
L|2|OP02|CAP50|SEL|move=h0i2|slotScore=-9|top1=17|gap=26|rule=tier|hit=cap|slotUsed=8|seed=2042337749|probs=cap=50,mcap=250,p=0,cls=opening,legal=43,accN=8,bandN=0,gaps=1:0,2:7,3:7,4:7,5:9,6:9,7:10,8:26|depth=13|nodes=572625|slots=1:17,2:10,3:10,4:10,5:8,6:8,7:7,8:-9|smoves=1:h0g2,2:g3g4,3:h2e2,4:b0c2,5:i0i1,6:c3c4,7:h2f2,8:h0i2|crit=0
L|2|OP02|CAP50|REF|move=h0i2|score=13|mate=-|depth=24|nodes=3436706|crit=0
L|2|OP02|CAP80|SEL|move=h0i2|slotScore=-2|top1=18|gap=20|rule=tier|hit=cap|slotUsed=8|seed=197148272|probs=cap=80,mcap=280,p=0,cls=opening,legal=43,accN=8,bandN=0,gaps=1:0,2:5,3:12,4:16,5:17,6:18,7:18,8:20|depth=14|nodes=623890|slots=1:18,2:13,3:6,4:2,5:1,6:0,7:0,8:-2|smoves=1:h0g2,2:g3g4,3:h2f2,4:i0i1,5:c3c4,6:h2e2,7:b0c2,8:h0i2|crit=0
L|2|OP02|CAP80|REF|move=h0i2|score=8|mate=-|depth=23|nodes=3391711|crit=0
L|2|OP02|CAP150|SEL|move=b2e2|slotScore=-9|top1=20|gap=29|rule=tier|hit=cap|slotUsed=8|seed=1169464422|probs=cap=150,mcap=350,p=0,cls=opening,legal=43,accN=8,bandN=0,gaps=1:0,2:11,3:12,4:14,5:15,6:20,7:20,8:29|depth=14|nodes=595640|slots=1:20,2:9,3:8,4:6,5:5,6:0,7:0,8:-9|smoves=1:h0g2,2:h2f2,3:c3c4,4:g3g4,5:h2e2,6:b0c2,7:i0i1,8:b2e2|crit=0
L|2|OP02|CAP150|REF|move=b2e2|score=15|mate=-|depth=24|nodes=3518116|crit=0
L|2|OP02|P10|SEL|move=h0i2|slotScore=-8|top1=18|gap=26|rule=tier|hit=cap|slotUsed=8|seed=976678837|probs=cap=80,mcap=280,p=0.1,cls=opening,legal=43,accN=8,bandN=0,gaps=1:0,2:9,3:10,4:12,5:14,6:15,7:17,8:26|depth=13|nodes=591545|slots=1:18,2:9,3:8,4:6,5:4,6:3,7:1,8:-8|smoves=1:h0g2,2:g3g4,3:h2f2,4:b0c2,5:h2e2,6:i0i1,7:c3c4,8:h0i2|crit=0
L|2|OP02|P10|REF|move=h0i2|score=11|mate=-|depth=24|nodes=3438345|crit=0
L|2|OP02|P25|SEL|move=h0i2|slotScore=-8|top1=16|gap=24|rule=tier|hit=cap|slotUsed=8|seed=3308157889|probs=cap=80,mcap=280,p=0.25,cls=opening,legal=43,accN=8,bandN=0,gaps=1:0,2:4,3:11,4:12,5:16,6:17,7:18,8:24|depth=13|nodes=575541|slots=1:16,2:12,3:5,4:4,5:0,6:-1,7:-2,8:-8|smoves=1:h0g2,2:g3g4,3:h2e2,4:b0c2,5:h2f2,6:i0i1,7:c3c4,8:h0i2|crit=0
L|2|OP02|P25|REF|move=h0i2|score=11|mate=-|depth=25|nodes=3440366|crit=0
L|2|OP02|P50|SEL|move=b2e2|slotScore=-9|top1=12|gap=21|rule=tier|hit=bmiss|slotUsed=8|seed=3257677681|probs=cap=80,mcap=280,p=0.5,cls=opening,legal=43,accN=8,bandN=0,gaps=1:0,2:1,3:3,4:4,5:4,6:4,7:6,8:21,band=0|depth=13|nodes=589188|slots=1:12,2:11,3:9,4:8,5:8,6:8,7:6,8:-9|smoves=1:h0g2,2:g3g4,3:h2e2,4:b0c2,5:c3c4,6:h2f2,7:i0i1,8:b2e2|crit=0
L|2|OP02|P50|REF|move=b2e2|score=20|mate=-|depth=23|nodes=3253544|crit=0
L|2|OP02|G10|SEL|move=b2e2|slotScore=-5|top1=20|gap=25|rule=tier|hit=cap|slotUsed=8|seed=3635627380|probs=cap=25,mcap=225,p=0.1,cls=opening,legal=43,accN=8,bandN=0,gaps=1:0,2:11,3:12,4:14,5:15,6:15,7:18,8:25|depth=14|nodes=551283|slots=1:20,2:9,3:8,4:6,5:5,6:5,7:2,8:-5|smoves=1:h0g2,2:h2f2,3:g3g4,4:i0i1,5:h2e2,6:c3c4,7:b0c2,8:b2e2|crit=0
L|2|OP02|G10|REF|move=b2e2|score=15|mate=-|depth=25|nodes=3142547|crit=0
L|2|OP02|HRD|SEL|move=b2e2|slotScore=-5|top1=17|gap=22|rule=tier|hit=cap|slotUsed=8|seed=2564991098|probs=cap=80,mcap=280,p=0.25,cls=opening,legal=43,accN=8,bandN=0,gaps=1:0,2:4,3:9,4:11,5:11,6:17,7:20,8:22|depth=12|nodes=568496|slots=1:17,2:13,3:8,4:6,5:6,6:0,7:-3,8:-5|smoves=1:h0g2,2:g3g4,3:h2f2,4:b0c2,5:c3c4,6:h2e2,7:i0i1,8:b2e2|crit=0
L|2|OP02|HRD|REF|move=b2e2|score=16|mate=-|depth=23|nodes=3226741|crit=0
L|2|OP02|MT150|SEL|move=h0i2|slotScore=-8|top1=16|gap=24|rule=tier|hit=cap|slotUsed=8|seed=2043956857|probs=cap=80,mcap=280,p=0,cls=opening,legal=43,accN=8,bandN=0,gaps=1:0,2:2,3:11,4:13,5:15,6:16,7:21,8:24|depth=12|nodes=296898|slots=1:16,2:14,3:5,4:3,5:1,6:0,7:-5,8:-8|smoves=1:h0g2,2:g3g4,3:h2f2,4:c3c4,5:h2e2,6:b0c2,7:i0i1,8:h0i2|crit=0
L|2|OP02|MT150|REF|move=h0i2|score=12|mate=-|depth=25|nodes=3360053|crit=0
L|2|OP02|ANCH|SEL|move=h0g2|slotScore=10|top1=10|gap=0|rule=anchor|hit=above|slotUsed=1|seed=2215247236|probs=cap=undefined,mcap=NaN,p=0,cls=opening,legal=43,accN=1,bandN=0,gaps=1:0|depth=23|nodes=3249517|slots=1:10|smoves=1:h0g2|crit=0
L|2|OP02|ANCH|REF|move=h0g2|score=-7|mate=-|depth=23|nodes=3141410|crit=0
PROG|2|OP02
L|2|OP04|ANCHOR|move=i0h0|score=14|mate=-|depth=22|nodes=3385910|crit=0
L|2|OP04|CAP0|SEL|move=d0e1|slotScore=21|top1=21|gap=0|rule=tier|hit=above|slotUsed=1|seed=3611373518|probs=cap=0,mcap=200,p=0,cls=opening,legal=41,accN=1,bandN=7,gaps=1:0,2:1,3:3,4:5,5:6,6:8,7:9,8:13|depth=14|nodes=557877|slots=1:21,2:20,3:18,4:16,5:15,6:13,7:12,8:8|smoves=1:d0e1,2:c3c4,3:i0h0,4:b0c2,5:i3i4,6:b2e2,7:h2e2,8:g3g4|crit=0
L|2|OP04|CAP0|REF|move=d0e1|score=-17|mate=-|depth=24|nodes=3306557|crit=0
L|2|OP04|CAP25|SEL|move=g3g4|slotScore=10|top1=21|gap=11|rule=tier|hit=cap|slotUsed=8|seed=1607739143|probs=cap=25,mcap=225,p=0,cls=opening,legal=41,accN=8,bandN=0,gaps=1:0,2:0,3:0,4:6,5:7,6:8,7:8,8:11|depth=14|nodes=561702|slots=1:21,2:22,3:22,4:15,5:14,6:13,7:13,8:10|smoves=1:i0h0,2:b0c2,3:d0e1,4:c3c4,5:h2e2,6:i3i4,7:h2f2,8:g3g4|crit=0
L|2|OP04|CAP25|REF|move=g3g4|score=-8|mate=-|depth=22|nodes=3401506|crit=0
L|2|OP04|CAP50|SEL|move=g3g4|slotScore=4|top1=21|gap=17|rule=tier|hit=cap|slotUsed=8|seed=3704102123|probs=cap=50,mcap=250,p=0,cls=opening,legal=41,accN=8,bandN=0,gaps=1:0,2:0,3:0,4:3,5:3,6:8,7:10,8:17|depth=13|nodes=591443|slots=1:21,2:21,3:21,4:18,5:18,6:13,7:11,8:4|smoves=1:i0h0,2:d0e1,3:b0c2,4:c3c4,5:i3i4,6:h2e2,7:b2e2,8:g3g4|crit=0
L|2|OP04|CAP50|REF|move=g3g4|score=-6|mate=-|depth=23|nodes=3406486|crit=0
L|2|OP04|CAP80|SEL|move=g3g4|slotScore=5|top1=23|gap=18|rule=tier|hit=cap|slotUsed=8|seed=3736950558|probs=cap=80,mcap=280,p=0,cls=opening,legal=41,accN=8,bandN=0,gaps=1:0,2:1,3:2,4:4,5:9,6:12,7:13,8:18|depth=14|nodes=600079|slots=1:23,2:22,3:21,4:19,5:14,6:11,7:10,8:5|smoves=1:b0c2,2:i0h0,3:d0e1,4:c3c4,5:h2e2,6:i3i4,7:b2e2,8:g3g4|crit=0
L|2|OP04|CAP80|REF|move=g3g4|score=0|mate=-|depth=25|nodes=3393011|crit=0
L|2|OP04|CAP150|SEL|move=h2e2|slotScore=7|top1=24|gap=17|rule=tier|hit=cap|slotUsed=5|seed=2678208712|probs=cap=150,mcap=350,p=0,cls=opening,legal=41,accN=8,bandN=0,gaps=1:0,2:0,3:4,4:7,5:17,6:11,7:12,8:16|depth=13|nodes=581319|slots=1:24,2:24,3:20,4:17,5:7,6:13,7:12,8:8|smoves=1:d0e1,2:b0c2,3:i0h0,4:c3c4,5:h2e2,6:i3i4,7:b2e2,8:h2f2|crit=0
L|2|OP04|CAP150|REF|move=h2e2|score=-2|mate=-|depth=24|nodes=3620353|crit=0
L|2|OP04|P10|SEL|move=h2e2|slotScore=6|top1=17|gap=11|rule=tier|hit=cap|slotUsed=8|seed=3418335655|probs=cap=80,mcap=280,p=0.1,cls=opening,legal=41,accN=8,bandN=0,gaps=1:0,2:1,3:0,4:0,5:4,6:9,7:9,8:11|depth=14|nodes=621325|slots=1:17,2:16,3:19,4:18,5:13,6:8,7:8,8:6|smoves=1:d0e1,2:b0c2,3:i0h0,4:c3c4,5:i3i4,6:b2e2,7:g3g4,8:h2e2|crit=0
L|2|OP04|P10|REF|move=h2e2|score=-6|mate=-|depth=23|nodes=3525766|crit=0
L|2|OP04|P25|SEL|move=h2f2|slotScore=-1|top1=18|gap=19|rule=tier|hit=bmiss|slotUsed=8|seed=3066153535|probs=cap=80,mcap=280,p=0.25,cls=opening,legal=41,accN=8,bandN=0,gaps=1:0,2:0,3:3,4:5,5:3,6:12,7:14,8:19,band=0|depth=13|nodes=572288|slots=1:18,2:18,3:15,4:13,5:15,6:6,7:4,8:-1|smoves=1:b0c2,2:i0h0,3:d0e1,4:c3c4,5:i3i4,6:h2e2,7:b2e2,8:h2f2|crit=0
L|2|OP04|P25|REF|move=h2f2|score=2|mate=-|depth=24|nodes=3457127|crit=0
L|2|OP04|P50|SEL|move=g3g4|slotScore=2|top1=23|gap=21|rule=tier|hit=cap|slotUsed=8|seed=867549955|probs=cap=80,mcap=280,p=0.5,cls=opening,legal=41,accN=8,bandN=0,gaps=1:0,2:4,3:5,4:2,5:7,6:14,7:17,8:21|depth=15|nodes=592191|slots=1:23,2:19,3:18,4:21,5:16,6:9,7:6,8:2|smoves=1:c3c4,2:i0h0,3:d0e1,4:b0c2,5:i3i4,6:h2e2,7:h2g2,8:g3g4|crit=0
L|2|OP04|P50|REF|move=g3g4|score=0|mate=-|depth=25|nodes=3326838|crit=0
L|2|OP04|G10|SEL|move=g3g4|slotScore=6|top1=23|gap=17|rule=tier|hit=cap|slotUsed=6|seed=2413665578|probs=cap=25,mcap=225,p=0.1,cls=opening,legal=41,accN=8,bandN=0,gaps=1:0,2:0,3:1,4:6,5:10,6:17,7:17,8:15|depth=13|nodes=586641|slots=1:23,2:23,3:22,4:17,5:13,6:6,7:6,8:8|smoves=1:d0e1,2:b0c2,3:i0h0,4:c3c4,5:h2e2,6:g3g4,7:i3i4,8:b2e2|crit=0
L|2|OP04|G10|REF|move=g3g4|score=-1|mate=-|depth=23|nodes=3399137|crit=0
L|2|OP04|HRD|SEL|move=g3g4|slotScore=6|top1=22|gap=16|rule=tier|hit=bmiss|slotUsed=8|seed=2106948384|probs=cap=80,mcap=280,p=0.25,cls=opening,legal=41,accN=8,bandN=0,gaps=1:0,2:4,3:4,4:5,5:10,6:11,7:15,8:16,band=0|depth=14|nodes=601851|slots=1:22,2:18,3:18,4:17,5:12,6:11,7:7,8:6|smoves=1:b0c2,2:d0e1,3:c3c4,4:i0h0,5:b2e2,6:h2e2,7:i3i4,8:g3g4|crit=0
L|2|OP04|HRD|REF|move=g3g4|score=-1|mate=-|depth=24|nodes=3375273|crit=0
L|2|OP04|MT150|SEL|move=h2f2|slotScore=6|top1=23|gap=17|rule=tier|hit=cap|slotUsed=8|seed=1095940571|probs=cap=80,mcap=280,p=0,cls=opening,legal=41,accN=8,bandN=0,gaps=1:0,2:2,3:2,4:7,5:10,6:10,7:14,8:17|depth=13|nodes=298987|slots=1:23,2:21,3:21,4:16,5:13,6:13,7:9,8:6|smoves=1:d0e1,2:i0h0,3:b0c2,4:i3i4,5:c3c4,6:g3g4,7:h2e2,8:h2f2|crit=0
L|2|OP04|MT150|REF|move=h2f2|score=2|mate=-|depth=24|nodes=3439701|crit=0
L|2|OP04|ANCH|SEL|move=i0h0|slotScore=14|top1=14|gap=0|rule=anchor|hit=above|slotUsed=1|seed=1444053434|probs=cap=undefined,mcap=NaN,p=0,cls=opening,legal=41,accN=1,bandN=0,gaps=1:0|depth=22|nodes=3385910|slots=1:14|smoves=1:i0h0|crit=0
L|2|OP04|ANCH|REF|move=i0h0|score=-10|mate=-|depth=24|nodes=3484384|crit=0
PROG|2|OP04
L|2|OP06|ANCHOR|move=h2b2|score=121|mate=-|depth=21|nodes=3481559|crit=0
L|2|OP06|CAP0|SEL|move=h2b2|slotScore=122|top1=122|gap=0|rule=tier|hit=above|slotUsed=1|seed=483662000|probs=cap=0,mcap=200,p=0,cls=opening,legal=33,accN=1,bandN=4,gaps=1:0,2:36,3:156,4:193,5:196,6:227,7:254,8:288|depth=13|nodes=595168|slots=1:122,2:86,3:-34,4:-71,5:-74,6:-105,7:-132,8:-166|smoves=1:h2b2,2:b9b8,3:b9d9,4:i0h0,5:h2e2,6:h2g2,7:i3i4,8:h2f2|crit=0
L|2|OP06|CAP0|REF|move=h2b2|score=-119|mate=-|depth=21|nodes=3341394|crit=0
L|2|OP06|CAP25|SEL|move=h2b2|slotScore=127|top1=127|gap=0|rule=tier|hit=above|slotUsed=1|seed=1597860473|probs=cap=25,mcap=225,p=0,cls=opening,legal=33,accN=1,bandN=4,gaps=1:0,2:41,3:145,4:208,5:210,6:239,7:267,8:268|depth=13|nodes=594787|slots=1:127,2:86,3:-18,4:-81,5:-83,6:-112,7:-140,8:-141|smoves=1:h2b2,2:b9b8,3:b9d9,4:h2e2,5:i0h0,6:h2g2,7:i3i4,8:h2f2|crit=0
L|2|OP06|CAP25|REF|move=h2b2|score=-131|mate=-|depth=20|nodes=3239383|crit=0
L|2|OP06|CAP50|SEL|move=b9b8|slotScore=79|top1=124|gap=45|rule=tier|hit=cap|slotUsed=2|seed=1547380521|probs=cap=50,mcap=250,p=0,cls=opening,legal=33,accN=2,bandN=4,gaps=1:0,2:45,3:137,4:192,5:203,6:241,7:266,8:281|depth=13|nodes=592941|slots=1:124,2:79,3:-13,4:-68,5:-79,6:-117,7:-142,8:-157|smoves=1:h2b2,2:b9b8,3:b9d9,4:i0h0,5:h2e2,6:h2g2,7:i3i4,8:h2c2|crit=0
L|2|OP06|CAP50|REF|move=b9b8|score=-76|mate=-|depth=21|nodes=3425810|crit=0
L|2|OP06|CAP80|SEL|move=b9b8|slotScore=90|top1=122|gap=32|rule=tier|hit=cap|slotUsed=2|seed=1579966044|probs=cap=80,mcap=280,p=0,cls=opening,legal=33,accN=2,bandN=6,gaps=1:0,2:32,3:153,4:204,5:214,6:254,7:263,8:265|depth=13|nodes=577916|slots=1:122,2:90,3:-31,4:-82,5:-92,6:-132,7:-141,8:-143|smoves=1:h2b2,2:b9b8,3:b9d9,4:h2e2,5:i0h0,6:h2g2,7:h2c2,8:i3i4|crit=0
L|2|OP06|CAP80|REF|move=b9b8|score=-68|mate=-|depth=19|nodes=3390861|crit=0
L|2|OP06|CAP150|SEL|move=b9b8|slotScore=84|top1=126|gap=42|rule=tier|hit=cap|slotUsed=2|seed=14716162|probs=cap=150,mcap=350,p=0,cls=opening,legal=33,accN=2,bandN=6,gaps=1:0,2:42,3:156,4:217,5:221,6:261,7:277,8:277|depth=14|nodes=620336|slots=1:126,2:84,3:-30,4:-91,5:-95,6:-135,7:-151,8:-151|smoves=1:h2b2,2:b9b8,3:b9d9,4:h2e2,5:i0h0,6:h2g2,7:h2c2,8:b0c2|crit=0
L|2|OP06|CAP150|REF|move=b9b8|score=-72|mate=-|depth=20|nodes=3313165|crit=0
L|2|OP06|P10|SEL|move=b9b8|slotScore=70|top1=122|gap=52|rule=tier|hit=cap|slotUsed=2|seed=2890570529|probs=cap=80,mcap=280,p=0.1,cls=opening,legal=33,accN=2,bandN=6,gaps=1:0,2:52,3:144,4:203,5:220,6:242,7:278,8:252|depth=12|nodes=537127|slots=1:122,2:70,3:-22,4:-81,5:-98,6:-120,7:-156,8:-130|smoves=1:h2b2,2:b9b8,3:b9d9,4:h2e2,5:i0h0,6:h2g2,7:h2c2,8:i3i4|crit=0
L|2|OP06|P10|REF|move=b9b8|score=-87|mate=-|depth=20|nodes=3300014|crit=0
L|2|OP06|P25|SEL|move=b9b8|slotScore=104|top1=127|gap=23|rule=tier|hit=cap|slotUsed=2|seed=2672151525|probs=cap=80,mcap=280,p=0.25,cls=opening,legal=33,accN=2,bandN=5,gaps=1:0,2:23,3:155,4:210,5:214,6:254,7:262,8:283|depth=15|nodes=623396|slots=1:127,2:104,3:-28,4:-83,5:-87,6:-127,7:-135,8:-156|smoves=1:h2b2,2:b9b8,3:b9d9,4:i0h0,5:h2e2,6:i3i4,7:h2g2,8:h2f2|crit=0
L|2|OP06|P25|REF|move=b9b8|score=-66|mate=-|depth=20|nodes=3454190|crit=0
L|2|OP06|P50|SEL|move=h2e2|slotScore=-86|top1=128|gap=214|rule=tier|hit=rand|slotUsed=4|seed=2756974821|probs=cap=80,mcap=280,p=0.5,cls=opening,legal=33,accN=2,bandN=6,gaps=1:0,2:40,3:157,4:214,5:216,6:254,7:274,8:278,wouldBe=2,agap=214|depth=13|nodes=576850|slots=1:128,2:88,3:-29,4:-86,5:-88,6:-126,7:-146,8:-150|smoves=1:h2b2,2:b9b8,3:b9d9,4:h2e2,5:i0h0,6:h2g2,7:h2f2,8:i3i4|crit=0
L|2|OP06|P50|REF|move=h2e2|score=99|mate=-|depth=22|nodes=3343180|crit=0
L|2|OP06|G10|SEL|move=b9d9|slotScore=-32|top1=121|gap=153|rule=tier|hit=rand|slotUsed=3|seed=1427915512|probs=cap=25,mcap=225,p=0.1,cls=opening,legal=33,accN=1,bandN=4,gaps=1:0,2:46,3:153,4:210,5:211,6:246,7:255,8:299,wouldBe=1,agap=153|depth=13|nodes=618223|slots=1:121,2:75,3:-32,4:-89,5:-90,6:-125,7:-134,8:-178|smoves=1:h2b2,2:b9b8,3:b9d9,4:h2e2,5:i0h0,6:h2g2,7:i3i4,8:h2f2|crit=0
L|2|OP06|G10|REF|move=b9d9|score=31|mate=-|depth=21|nodes=3499280|crit=0
L|2|OP06|HRD|SEL|move=h2e2|slotScore=-96|top1=121|gap=217|rule=tier|hit=rand|slotUsed=5|seed=1402248190|probs=cap=80,mcap=280,p=0.25,cls=opening,legal=33,accN=2,bandN=6,gaps=1:0,2:32,3:138,4:206,5:217,6:239,7:262,8:265,wouldBe=2,agap=217|depth=13|nodes=602729|slots=1:121,2:89,3:-17,4:-85,5:-96,6:-118,7:-141,8:-144|smoves=1:h2b2,2:b9b8,3:b9d9,4:i0h0,5:h2e2,6:h2g2,7:i3i4,8:b0c2|crit=0
L|2|OP06|HRD|REF|move=h2e2|score=99|mate=-|depth=23|nodes=3348241|crit=0
L|2|OP06|MT150|SEL|move=b9b8|slotScore=72|top1=124|gap=52|rule=tier|hit=cap|slotUsed=2|seed=208498621|probs=cap=80,mcap=280,p=0,cls=opening,legal=33,accN=2,bandN=6,gaps=1:0,2:52,3:136,4:215,5:216,6:242,7:244,8:263|depth=12|nodes=327241|slots=1:124,2:72,3:-12,4:-91,5:-92,6:-118,7:-120,8:-139|smoves=1:h2b2,2:b9b8,3:b9d9,4:h2e2,5:i0h0,6:h2g2,7:h2c2,8:i3i4|crit=0
L|2|OP06|MT150|REF|move=b9b8|score=-72|mate=-|depth=18|nodes=3515403|crit=0
L|2|OP06|ANCH|SEL|move=h2b2|slotScore=121|top1=121|gap=0|rule=anchor|hit=above|slotUsed=1|seed=2451221440|probs=cap=undefined,mcap=NaN,p=0,cls=opening,legal=33,accN=1,bandN=0,gaps=1:0|depth=21|nodes=3481559|slots=1:121|smoves=1:h2b2|crit=0
L|2|OP06|ANCH|REF|move=h2b2|score=-123|mate=-|depth=20|nodes=3169390|crit=0
PROG|2|OP06
L|2|OP08|ANCHOR|move=b9b7|score=163|mate=-|depth=22|nodes=3487053|crit=0
L|2|OP08|CAP0|SEL|move=b9b7|slotScore=161|top1=161|gap=0|rule=tier|hit=above|slotUsed=1|seed=4204213314|probs=cap=0,mcap=200,p=0,cls=opening,legal=44,accN=1,bandN=2,gaps=1:0,2:101,3:195,4:221,5:269,6:273,7:301,8:304|depth=13|nodes=647603|slots=1:161,2:60,3:-34,4:-60,5:-108,6:-112,7:-140,8:-143|smoves=1:b9b7,2:b9b4,3:b9d9,4:b9b5,5:h2b2,6:b9b6,7:i0h0,8:b0d1|crit=0
L|2|OP08|CAP0|REF|move=b9b7|score=-156|mate=-|depth=22|nodes=3564998|crit=0
L|2|OP08|CAP25|SEL|move=b9b7|slotScore=149|top1=149|gap=0|rule=tier|hit=above|slotUsed=1|seed=2085032267|probs=cap=25,mcap=225,p=0,cls=opening,legal=44,accN=1,bandN=4,gaps=1:0,2:116,3:179,4:183,5:224,6:271,7:273,8:277|depth=13|nodes=637082|slots=1:149,2:33,3:-30,4:-34,5:-75,6:-122,7:-124,8:-128|smoves=1:b9b7,2:b9b4,3:b9b5,4:b9d9,5:h2b2,6:i0h0,7:b9b6,8:b0d1|crit=0
L|2|OP08|CAP25|REF|move=b9b7|score=-170|mate=-|depth=20|nodes=3489370|crit=0
L|2|OP08|CAP50|SEL|move=b9b7|slotScore=151|top1=151|gap=0|rule=tier|hit=above|slotUsed=1|seed=4048520511|probs=cap=50,mcap=250,p=0,cls=opening,legal=44,accN=1,bandN=4,gaps=1:0,2:114,3:190,4:225,5:238,6:287,7:306,8:311|depth=14|nodes=654059|slots=1:151,2:37,3:-39,4:-74,5:-87,6:-136,7:-155,8:-160|smoves=1:b9b7,2:b9b4,3:b9d9,4:b9b5,5:h2b2,6:b9b8,7:i0h0,8:b9b6|crit=0
L|2|OP08|CAP50|REF|move=b9b7|score=-181|mate=-|depth=21|nodes=3621080|crit=0
L|2|OP08|CAP80|SEL|move=b9b7|slotScore=162|top1=162|gap=0|rule=tier|hit=above|slotUsed=1|seed=3811318922|probs=cap=80,mcap=280,p=0,cls=opening,legal=44,accN=1,bandN=4,gaps=1:0,2:127,3:212,4:241,5:266,6:300,7:311,8:337|depth=12|nodes=597743|slots=1:162,2:35,3:-50,4:-79,5:-104,6:-138,7:-149,8:-175|smoves=1:b9b7,2:b9b4,3:b9b5,4:b9d9,5:h2b2,6:b9b6,7:i0h0,8:b0d1|crit=0
L|2|OP08|CAP80|REF|move=b9b7|score=-178|mate=-|depth=23|nodes=3505570|crit=0
L|2|OP08|CAP150|SEL|move=b9b4|slotScore=35|top1=176|gap=141|rule=tier|hit=cap|slotUsed=2|seed=3113252196|probs=cap=150,mcap=350,p=0,cls=opening,legal=44,accN=2,bandN=6,gaps=1:0,2:141,3:232,4:251,5:275,6:288,7:307,8:316|depth=14|nodes=590590|slots=1:176,2:35,3:-56,4:-75,5:-99,6:-112,7:-131,8:-140|smoves=1:b9b7,2:b9b4,3:b9b5,4:b9d9,5:h2b2,6:b9b6,7:i0h0,8:b0d1|crit=0
L|2|OP08|CAP150|REF|move=b9b4|score=-36|mate=-|depth=20|nodes=3188202|crit=0
L|2|OP08|P10|SEL|move=b9b7|slotScore=161|top1=161|gap=0|rule=tier|hit=above|slotUsed=1|seed=2824155923|probs=cap=80,mcap=280,p=0.1,cls=opening,legal=44,accN=1,bandN=4,gaps=1:0,2:123,3:222,4:226,5:234,6:292,7:298,8:329|depth=14|nodes=642282|slots=1:161,2:38,3:-61,4:-65,5:-73,6:-131,7:-137,8:-168|smoves=1:b9b7,2:b9b4,3:b9b5,4:b9d9,5:h2b2,6:b9b6,7:i0h0,8:b0d1|crit=0
L|2|OP08|P10|REF|move=b9b7|score=-169|mate=-|depth=21|nodes=3586097|crit=0
L|2|OP08|P25|SEL|move=b9b7|slotScore=150|top1=150|gap=0|rule=tier|hit=above|slotUsed=1|seed=2874635875|probs=cap=80,mcap=280,p=0.25,cls=opening,legal=44,accN=1,bandN=5,gaps=1:0,2:127,3:206,4:188,5:230,6:243,7:287,8:293|depth=12|nodes=646543|slots=1:150,2:23,3:-56,4:-38,5:-80,6:-93,7:-137,8:-143|smoves=1:b9b7,2:b9b4,3:b9b5,4:i0h0,5:b9d9,6:h2b2,7:b9b6,8:b0d1|crit=0
L|2|OP08|P25|REF|move=b9b7|score=-177|mate=-|depth=21|nodes=3560519|crit=0
L|2|OP08|P50|SEL|move=b9b7|slotScore=172|top1=172|gap=0|rule=tier|hit=above|slotUsed=1|seed=1079974327|probs=cap=80,mcap=280,p=0.5,cls=opening,legal=44,accN=1,bandN=4,gaps=1:0,2:138,3:242,4:263,5:274,6:299,7:306,8:306|depth=12|nodes=616520|slots=1:172,2:34,3:-70,4:-91,5:-102,6:-127,7:-134,8:-134|smoves=1:b9b7,2:b9b4,3:b9d9,4:b9b5,5:h2b2,6:b9b6,7:i0h0,8:b0d1|crit=0
L|2|OP08|P50|REF|move=b9b7|score=-183|mate=-|depth=22|nodes=3548177|crit=0
L|2|OP08|G10|SEL|move=b9b7|slotScore=174|top1=174|gap=0|rule=tier|hit=above|slotUsed=1|seed=1730204686|probs=cap=25,mcap=225,p=0.1,cls=opening,legal=44,accN=1,bandN=2,gaps=1:0,2:138,3:211,4:243,5:245,6:246,7:295,8:315|depth=14|nodes=629973|slots=1:174,2:36,3:-37,4:-69,5:-71,6:-72,7:-121,8:-141|smoves=1:b9b7,2:b9b4,3:b9b5,4:b9d9,5:b9b6,6:h2b2,7:b0d1,8:i0h0|crit=0
L|2|OP08|G10|REF|move=b9b7|score=-180|mate=-|depth=22|nodes=3495175|crit=0
L|2|OP08|HRD|SEL|move=b9b4|slotScore=14|top1=166|gap=152|rule=tier|hit=rand|slotUsed=2|seed=3289347652|probs=cap=80,mcap=280,p=0.25,cls=opening,legal=44,accN=1,bandN=3,gaps=1:0,2:152,3:211,4:225,5:281,6:293,7:310,8:318,wouldBe=1,agap=152|depth=13|nodes=647929|slots=1:166,2:14,3:-45,4:-59,5:-115,6:-127,7:-144,8:-152|smoves=1:b9b7,2:b9b4,3:b9b5,4:b9d9,5:h2b2,6:i0h0,7:b9b8,8:b9b6|crit=0
L|2|OP08|HRD|REF|move=b9b4|score=-34|mate=-|depth=22|nodes=3095413|crit=0
L|2|OP08|MT150|SEL|move=b9b7|slotScore=155|top1=155|gap=0|rule=tier|hit=above|slotUsed=1|seed=1155841039|probs=cap=80,mcap=280,p=0,cls=opening,legal=44,accN=1,bandN=4,gaps=1:0,2:120,3:199,4:234,5:237,6:299,7:303,8:315|depth=14|nodes=357383|slots=1:155,2:35,3:-44,4:-79,5:-82,6:-144,7:-148,8:-160|smoves=1:b9b7,2:b9b4,3:b9d9,4:b9b5,5:h2b2,6:b0d1,7:b9b6,8:i0h0|crit=0
L|2|OP08|MT150|REF|move=b9b7|score=-181|mate=-|depth=23|nodes=3434397|crit=0
L|2|OP08|ANCH|SEL|move=b9b7|slotScore=163|top1=163|gap=0|rule=anchor|hit=above|slotUsed=1|seed=2214120166|probs=cap=undefined,mcap=NaN,p=0,cls=opening,legal=44,accN=1,bandN=0,gaps=1:0|depth=22|nodes=3487053|slots=1:163|smoves=1:b9b7|crit=0
L|2|OP08|ANCH|REF|move=b9b7|score=-189|mate=-|depth=21|nodes=3409907|crit=0
PROG|2|OP08
L|2|MG_QT01|ANCHOR|move=c7b9|score=-40|mate=-|depth=27|nodes=3360953|crit=0
L|2|MG_QT01|CAP0|SEL|move=c7b9|slotScore=-34|top1=-34|gap=0|rule=tier|hit=above|slotUsed=1|seed=1139170972|probs=cap=0,mcap=200,p=0,cls=hard,legal=30,accN=1,bandN=0,gaps=1:0,2:568,3:570,4:579,5:580,6:584,7:604,8:591|depth=15|nodes=554086|slots=1:-34,2:-602,3:-604,4:-613,5:-614,6:-618,7:-638,8:-625|smoves=1:c7b9,2:f9e8,3:c6c5,4:h9g7,5:d9e8,6:i6i5,7:h9f8,8:h7f7|crit=0
L|2|MG_QT01|CAP0|REF|move=c7b9|score=34|mate=-|depth=27|nodes=3517037|crit=0
L|2|MG_QT01|CAP25|SEL|move=c7b9|slotScore=-33|top1=-33|gap=0|rule=tier|hit=above|slotUsed=1|seed=2231090325|probs=cap=25,mcap=225,p=0,cls=hard,legal=30,accN=1,bandN=0,gaps=1:0,2:568,3:577,4:578,5:580,6:588,7:588,8:593|depth=16|nodes=546535|slots=1:-33,2:-601,3:-610,4:-611,5:-613,6:-621,7:-621,8:-626|smoves=1:c7b9,2:c6c5,3:f9e8,4:i6i5,5:h9g7,6:d9e8,7:g5g4,8:c7e8|crit=0
L|2|MG_QT01|CAP25|REF|move=c7b9|score=39|mate=-|depth=27|nodes=3318308|crit=0
L|2|MG_QT01|CAP50|SEL|move=c7b9|slotScore=-36|top1=-36|gap=0|rule=tier|hit=above|slotUsed=1|seed=2315914645|probs=cap=50,mcap=250,p=0,cls=hard,legal=30,accN=1,bandN=0,gaps=1:0,2:549,3:565,4:573,5:580,6:583,7:584,8:586|depth=15|nodes=525380|slots=1:-36,2:-585,3:-601,4:-609,5:-616,6:-619,7:-620,8:-622|smoves=1:c7b9,2:f9e8,3:c6c5,4:h9g7,5:d9e8,6:a6a5,7:i6i5,8:g5g4|crit=0
L|2|MG_QT01|CAP50|REF|move=c7b9|score=42|mate=-|depth=27|nodes=3582609|crit=0
L|2|MG_QT01|CAP80|SEL|move=c7b9|slotScore=-37|top1=-37|gap=0|rule=tier|hit=above|slotUsed=1|seed=470987312|probs=cap=80,mcap=280,p=0,cls=hard,legal=30,accN=1,bandN=0,gaps=1:0,2:559,3:583,4:578,5:579,6:579,7:580,8:581|depth=14|nodes=517768|slots=1:-37,2:-596,3:-620,4:-615,5:-616,6:-616,7:-617,8:-618|smoves=1:c7b9,2:c6c5,3:f9e8,4:h9g7,5:a6a5,6:d9e8,7:g5g4,8:i6i5|crit=0
L|2|MG_QT01|CAP80|REF|move=c7b9|score=35|mate=-|depth=27|nodes=3618244|crit=0
L|2|MG_QT01|CAP150|SEL|move=c7b9|slotScore=-38|top1=-38|gap=0|rule=tier|hit=above|slotUsed=1|seed=3052393638|probs=cap=150,mcap=350,p=0,cls=hard,legal=30,accN=1,bandN=0,gaps=1:0,2:545,3:569,4:571,5:579,6:583,7:584,8:585|depth=15|nodes=550128|slots=1:-38,2:-583,3:-607,4:-609,5:-617,6:-621,7:-622,8:-623|smoves=1:c7b9,2:f9e8,3:h9g7,4:c6c5,5:i6i5,6:a6a5,7:h9i7,8:a7a8|crit=0
L|2|MG_QT01|CAP150|REF|move=c7b9|score=32|mate=-|depth=27|nodes=3455094|crit=0
L|2|MG_QT01|P10|SEL|move=c7b9|slotScore=-32|top1=-32|gap=0|rule=tier|hit=bmiss|slotUsed=1|seed=1557411701|probs=cap=80,mcap=280,p=0.1,cls=hard,legal=30,accN=1,bandN=0,gaps=1:0,2:563,3:571,4:580,5:590,6:584,7:588,8:592,band=0|depth=15|nodes=516236|slots=1:-32,2:-595,3:-603,4:-612,5:-622,6:-616,7:-620,8:-624|smoves=1:c7b9,2:c6c5,3:f9e8,4:h9g7,5:h9i7,6:i6i5,7:g5g4,8:d9e8|crit=0
L|2|MG_QT01|P10|REF|move=c7b9|score=30|mate=-|depth=26|nodes=3496330|crit=0
L|2|MG_QT01|P25|SEL|move=c7b9|slotScore=-34|top1=-34|gap=0|rule=tier|hit=bmiss|slotUsed=1|seed=3889152129|probs=cap=80,mcap=280,p=0.25,cls=hard,legal=30,accN=1,bandN=0,gaps=1:0,2:563,3:568,4:575,5:581,6:583,7:584,8:594,band=0|depth=15|nodes=552449|slots=1:-34,2:-597,3:-602,4:-609,5:-615,6:-617,7:-618,8:-628|smoves=1:c7b9,2:f9e8,3:c6c5,4:h9g7,5:i6i5,6:h9i7,7:d9e8,8:a7a8|crit=0
L|2|MG_QT01|P25|REF|move=c7b9|score=33|mate=-|depth=26|nodes=3439595|crit=0
L|2|MG_QT01|P50|SEL|move=c7b9|slotScore=-30|top1=-30|gap=0|rule=tier|hit=above|slotUsed=1|seed=3838475313|probs=cap=80,mcap=280,p=0.5,cls=hard,legal=30,accN=1,bandN=0,gaps=1:0,2:572,3:572,4:572,5:586,6:590,7:586,8:587|depth=15|nodes=517503|slots=1:-30,2:-602,3:-602,4:-602,5:-616,6:-620,7:-616,8:-617|smoves=1:c7b9,2:c6c5,3:f9e8,4:h9g7,5:d9e8,6:i6i5,7:a7a8,8:g5g4|crit=0
L|2|MG_QT01|P50|REF|move=c7b9|score=37|mate=-|depth=26|nodes=3528279|crit=0
L|2|MG_QT01|G10|SEL|move=c7b9|slotScore=-33|top1=-33|gap=0|rule=tier|hit=above|slotUsed=1|seed=4216361524|probs=cap=25,mcap=225,p=0.1,cls=hard,legal=30,accN=1,bandN=0,gaps=1:0,2:562,3:580,4:573,5:579,6:587,7:588,8:592|depth=15|nodes=527993|slots=1:-33,2:-595,3:-613,4:-606,5:-612,6:-620,7:-621,8:-625|smoves=1:c7b9,2:c6c5,3:h9g7,4:f9e8,5:i6i5,6:h9i7,7:d9e8,8:g5g4|crit=0
L|2|MG_QT01|G10|REF|move=c7b9|score=31|mate=-|depth=27|nodes=3642886|crit=0
L|2|MG_QT01|HRD|SEL|move=c7b9|slotScore=-30|top1=-30|gap=0|rule=tier|hit=above|slotUsed=1|seed=1018977338|probs=cap=0,mcap=700,p=0.25,cls=hard,legal=30,accN=1,bandN=7,gaps=1:0,2:565,3:570,4:585,5:581,6:585,7:586,8:591|depth=16|nodes=560508|slots=1:-30,2:-595,3:-600,4:-615,5:-611,6:-615,7:-616,8:-621|smoves=1:c7b9,2:f9e8,3:c6c5,4:h9g7,5:i6i5,6:g5g4,7:d9e8,8:h9i7|crit=0
L|2|MG_QT01|HRD|REF|move=c7b9|score=35|mate=-|depth=26|nodes=3411929|crit=0
L|2|MG_QT01|MT150|SEL|move=c7b9|slotScore=-36|top1=-36|gap=0|rule=tier|hit=above|slotUsed=1|seed=382474681|probs=cap=80,mcap=280,p=0,cls=hard,legal=30,accN=1,bandN=0,gaps=1:0,2:550,3:566,4:576,5:573,6:578,7:581,8:582|depth=14|nodes=294584|slots=1:-36,2:-586,3:-602,4:-612,5:-609,6:-614,7:-617,8:-618|smoves=1:c7b9,2:h9g7,3:f9e8,4:c6c5,5:i6i5,6:d9e8,7:h9f8,8:g5g4|crit=0
L|2|MG_QT01|MT150|REF|move=c7b9|score=37|mate=-|depth=25|nodes=3423432|crit=0
L|2|MG_QT01|ANCH|SEL|move=c7b9|slotScore=-40|top1=-40|gap=0|rule=anchor|hit=above|slotUsed=1|seed=3041996356|probs=cap=undefined,mcap=NaN,p=0,cls=normal,legal=30,accN=1,bandN=0,gaps=1:0|depth=27|nodes=3360953|slots=1:-40|smoves=1:c7b9|crit=0
L|2|MG_QT01|ANCH|REF|move=c7b9|score=33|mate=-|depth=26|nodes=3475478|crit=0
PROG|2|MG_QT01
L|2|MG_QT05|ANCHOR|move=h7h9|score=-37|mate=-|depth=22|nodes=3299295|crit=0
L|2|MG_QT05|CAP0|SEL|move=h7h9|slotScore=-43|top1=-43|gap=0|rule=tier|hit=above|slotUsed=1|seed=4204150768|probs=cap=0,mcap=200,p=0,cls=normal,legal=33,accN=1,bandN=7,gaps=1:0,2:2,3:4,4:23,5:26,6:27,7:28,8:43|depth=11|nodes=594778|slots=1:-43,2:-45,3:-47,4:-66,5:-69,6:-70,7:-71,8:-86|smoves=1:h7h9,2:i6i5,3:i9h9,4:h7i7,5:b9c7,6:i9i7,7:f8e6,8:h7g7|crit=0
L|2|MG_QT05|CAP0|REF|move=h7h9|score=39|mate=-|depth=23|nodes=3450288|crit=0
L|2|MG_QT05|CAP25|SEL|move=h7i7|slotScore=-52|top1=-39|gap=13|rule=tier|hit=cap|slotUsed=4|seed=3084641337|probs=cap=25,mcap=225,p=0,cls=normal,legal=33,accN=4,bandN=4,gaps=1:0,2:4,3:8,4:13,5:26,6:27,7:37,8:38|depth=12|nodes=579867|slots=1:-39,2:-43,3:-47,4:-52,5:-65,6:-66,7:-76,8:-77|smoves=1:h7h9,2:i6i5,3:i9h9,4:h7i7,5:b9c7,6:i9i7,7:h7g7,8:f8e6|crit=0
L|2|MG_QT05|CAP25|REF|move=h7i7|score=86|mate=-|depth=21|nodes=3445876|crit=0
L|2|MG_QT05|CAP50|SEL|move=h7g7|slotScore=-77|top1=-39|gap=38|rule=tier|hit=cap|slotUsed=8|seed=3034161641|probs=cap=50,mcap=250,p=0,cls=normal,legal=33,accN=8,bandN=0,gaps=1:0,2:6,3:12,4:17,5:25,6:36,7:36,8:38|depth=13|nodes=610483|slots=1:-39,2:-45,3:-51,4:-56,5:-64,6:-75,7:-75,8:-77|smoves=1:h7h9,2:i6i5,3:i9h9,4:h7i7,5:i9i7,6:b9c7,7:f8e6,8:h7g7|crit=0
L|2|MG_QT05|CAP50|REF|move=h7g7|score=110|mate=-|depth=21|nodes=3454834|crit=0
L|2|MG_QT05|CAP80|SEL|move=f8e6|slotScore=-88|top1=-42|gap=46|rule=tier|hit=cap|slotUsed=7|seed=3066746908|probs=cap=80,mcap=280,p=0,cls=normal,legal=33,accN=8,bandN=0,gaps=1:0,2:5,3:10,4:16,5:37,6:36,7:46,8:46|depth=12|nodes=573758|slots=1:-42,2:-47,3:-52,4:-58,5:-79,6:-78,7:-88,8:-88|smoves=1:i6i5,2:h7h9,3:i9h9,4:h7i7,5:i9i7,6:b9c7,7:f8e6,8:a7c7|crit=0
L|2|MG_QT05|CAP80|REF|move=f8e6|score=93|mate=-|depth=19|nodes=3431720|crit=0
L|2|MG_QT05|CAP150|SEL|move=h7g7|slotScore=-79|top1=-45|gap=34|rule=tier|hit=cap|slotUsed=8|seed=1087342146|probs=cap=150,mcap=350,p=0,cls=normal,legal=33,accN=8,bandN=0,gaps=1:0,2:0,3:3,4:11,5:29,6:32,7:30,8:34|depth=12|nodes=584896|slots=1:-45,2:-45,3:-48,4:-56,5:-74,6:-77,7:-75,8:-79|smoves=1:i6i5,2:h7h9,3:i9h9,4:h7i7,5:b9c7,6:i9i7,7:f8e6,8:h7g7|crit=0
L|2|MG_QT05|CAP150|REF|move=h7g7|score=104|mate=-|depth=21|nodes=3347130|crit=0
L|2|MG_QT05|P10|SEL|move=f8e6|slotScore=-88|top1=-39|gap=49|rule=tier|hit=cap|slotUsed=7|seed=3153495265|probs=cap=80,mcap=280,p=0.1,cls=normal,legal=33,accN=8,bandN=0,gaps=1:0,2:5,3:6,4:25,5:32,6:38,7:49,8:49|depth=12|nodes=565420|slots=1:-39,2:-44,3:-45,4:-64,5:-71,6:-77,7:-88,8:-88|smoves=1:h7h9,2:i6i5,3:i9h9,4:h7i7,5:b9c7,6:i9i7,7:f8e6,8:h7g7|crit=0
L|2|MG_QT05|P10|REF|move=f8e6|score=93|mate=-|depth=20|nodes=3236057|crit=0
L|2|MG_QT05|P25|SEL|move=f8e6|slotScore=-84|top1=-40|gap=44|rule=tier|hit=cap|slotUsed=8|seed=2935076005|probs=cap=80,mcap=280,p=0.25,cls=normal,legal=33,accN=8,bandN=0,gaps=1:0,2:6,3:19,4:19,5:34,6:38,7:42,8:44|depth=12|nodes=511861|slots=1:-40,2:-46,3:-59,4:-59,5:-74,6:-78,7:-82,8:-84|smoves=1:h7h9,2:i6i5,3:h7i7,4:i9h9,5:i9i7,6:b9c7,7:h7g7,8:f8e6|crit=0
L|2|MG_QT05|P25|REF|move=f8e6|score=88|mate=-|depth=22|nodes=3299281|crit=0
L|2|MG_QT05|P50|SEL|move=f8e6|slotScore=-90|top1=-42|gap=48|rule=tier|hit=bmiss|slotUsed=8|seed=3019900325|probs=cap=80,mcap=280,p=0.5,cls=normal,legal=33,accN=8,bandN=0,gaps=1:0,2:3,3:7,4:11,5:17,6:31,7:40,8:48,band=0|depth=12|nodes=567570|slots=1:-42,2:-45,3:-49,4:-53,5:-59,6:-73,7:-82,8:-90|smoves=1:h7h9,2:i6i5,3:i9h9,4:i9i7,5:h7i7,6:b9c7,7:h7g7,8:f8e6|crit=0
L|2|MG_QT05|P50|REF|move=f8e6|score=95|mate=-|depth=19|nodes=3266580|crit=0
L|2|MG_QT05|G10|SEL|move=h7i7|slotScore=-57|top1=-37|gap=20|rule=tier|hit=cap|slotUsed=4|seed=1690841016|probs=cap=25,mcap=225,p=0.1,cls=normal,legal=33,accN=4,bandN=4,gaps=1:0,2:3,3:7,4:20,5:33,6:36,7:44,8:45|depth=12|nodes=555582|slots=1:-37,2:-40,3:-44,4:-57,5:-70,6:-73,7:-81,8:-82|smoves=1:h7h9,2:i6i5,3:i9h9,4:h7i7,5:i9i7,6:b9c7,7:i9g9,8:h7g7|crit=0
L|2|MG_QT05|G10|REF|move=h7i7|score=79|mate=-|depth=21|nodes=3351849|crit=0
L|2|MG_QT05|HRD|SEL|move=f8e6|slotScore=-84|top1=-39|gap=45|rule=tier|hit=bmiss|slotUsed=8|seed=3833497278|probs=cap=80,mcap=280,p=0.25,cls=normal,legal=33,accN=8,bandN=0,gaps=1:0,2:2,3:13,4:17,5:31,6:38,7:40,8:45,band=0|depth=11|nodes=555394|slots=1:-39,2:-41,3:-52,4:-56,5:-70,6:-77,7:-79,8:-84|smoves=1:h7h9,2:i6i5,3:i9h9,4:h7i7,5:i9i7,6:b9c7,7:a7a8,8:f8e6|crit=0
L|2|MG_QT05|HRD|REF|move=f8e6|score=88|mate=-|depth=19|nodes=3296169|crit=0
L|2|MG_QT05|MT150|SEL|move=i9i8|slotScore=-78|top1=-42|gap=36|rule=tier|hit=cap|slotUsed=8|seed=3630535421|probs=cap=80,mcap=280,p=0,cls=normal,legal=33,accN=8,bandN=0,gaps=1:0,2:3,3:11,4:18,5:30,6:31,7:35,8:36|depth=10|nodes=297011|slots=1:-42,2:-45,3:-53,4:-60,5:-72,6:-73,7:-77,8:-78|smoves=1:h7h9,2:i6i5,3:i9h9,4:h7i7,5:i9i7,6:i9g9,7:b9c7,8:i9i8|crit=0
L|2|MG_QT05|MT150|REF|move=i9i8|score=146|mate=-|depth=22|nodes=3357010|crit=0
L|2|MG_QT05|ANCH|SEL|move=h7h9|slotScore=-37|top1=-37|gap=0|rule=anchor|hit=above|slotUsed=1|seed=4065816192|probs=cap=undefined,mcap=NaN,p=0,cls=normal,legal=33,accN=1,bandN=0,gaps=1:0|depth=22|nodes=3299295|slots=1:-37|smoves=1:h7h9|crit=0
L|2|MG_QT05|ANCH|REF|move=h7h9|score=28|mate=-|depth=22|nodes=3424594|crit=0
PROG|2|MG_QT05
L|2|MG_QT10|ANCHOR|move=i9h9|score=-30|mate=-|depth=23|nodes=3530529|crit=0
L|2|MG_QT10|CAP0|SEL|move=i9h9|slotScore=-29|top1=-29|gap=0|rule=tier|hit=above|slotUsed=1|seed=3076214106|probs=cap=0,mcap=200,p=0,cls=normal,legal=29,accN=1,bandN=7,gaps=1:0,2:31,3:34,4:37,5:46,6:50,7:51,8:60|depth=11|nodes=515785|slots=1:-29,2:-60,3:-63,4:-66,5:-75,6:-79,7:-80,8:-89|smoves=1:i9h9,2:a6a5,3:i9i7,4:f8h9,5:a7d7,6:c3e4,7:f9g9,8:c5c4|crit=0
L|2|MG_QT10|CAP0|REF|move=i9h9|score=28|mate=-|depth=24|nodes=3673343|crit=0
L|2|MG_QT10|CAP25|SEL|move=i9h9|slotScore=-27|top1=-27|gap=0|rule=tier|hit=above|slotUsed=1|seed=2365082227|probs=cap=25,mcap=225,p=0,cls=normal,legal=29,accN=1,bandN=7,gaps=1:0,2:30,3:40,4:43,5:47,6:53,7:57,8:57|depth=13|nodes=596852|slots=1:-27,2:-57,3:-67,4:-70,5:-74,6:-80,7:-84,8:-84|smoves=1:i9h9,2:a6a5,3:f8h9,4:i9i7,5:f9g9,6:i9g9,7:c5c4,8:c3e4|crit=0
L|2|MG_QT10|CAP25|REF|move=i9h9|score=28|mate=-|depth=26|nodes=3663159|crit=0
L|2|MG_QT10|CAP50|SEL|move=f9g9|slotScore=-77|top1=-30|gap=47|rule=tier|hit=cap|slotUsed=6|seed=570486215|probs=cap=50,mcap=250,p=0,cls=normal,legal=29,accN=6,bandN=2,gaps=1:0,2:22,3:27,4:31,5:33,6:47,7:53,8:53|depth=12|nodes=539402|slots=1:-30,2:-52,3:-57,4:-61,5:-63,6:-77,7:-83,8:-83|smoves=1:i9h9,2:f8h7,3:a6a5,4:i9i7,5:f8h9,6:f9g9,7:c3e4,8:c5c4|crit=0
L|2|MG_QT10|CAP50|REF|move=f9g9|score=85|mate=-|depth=23|nodes=3552725|crit=0
L|2|MG_QT10|CAP80|SEL|move=c5c4|slotScore=-91|top1=-34|gap=57|rule=tier|hit=cap|slotUsed=8|seed=2483641346|probs=cap=80,mcap=280,p=0,cls=normal,legal=29,accN=8,bandN=0,gaps=1:0,2:24,3:24,4:29,5:37,6:44,7:52,8:57|depth=11|nodes=579794|slots=1:-34,2:-58,3:-58,4:-63,5:-71,6:-78,7:-86,8:-91|smoves=1:i9h9,2:f8h7,3:a6a5,4:i9i7,5:f8h9,6:f9g9,7:i9g9,8:c5c4|crit=0
L|2|MG_QT10|CAP80|REF|move=c5c4|score=108|mate=-|depth=20|nodes=3424249|crit=0
L|2|MG_QT10|CAP150|SEL|move=c5c4|slotScore=-98|top1=-40|gap=58|rule=tier|hit=cap|slotUsed=8|seed=1001340316|probs=cap=150,mcap=350,p=0,cls=normal,legal=29,accN=8,bandN=0,gaps=1:0,2:15,3:27,4:28,5:36,6:45,7:49,8:58|depth=12|nodes=590096|slots=1:-40,2:-55,3:-67,4:-68,5:-76,6:-85,7:-89,8:-98|smoves=1:i9h9,2:f8h7,3:a6a5,4:f8h9,5:i9i7,6:i9g9,7:f9g9,8:c5c4|crit=0
L|2|MG_QT10|CAP150|REF|move=c5c4|score=120|mate=-|depth=20|nodes=3508322|crit=0
L|2|MG_QT10|P10|SEL|move=c5c4|slotScore=-94|top1=-38|gap=56|rule=tier|hit=cap|slotUsed=7|seed=1411408187|probs=cap=80,mcap=280,p=0.1,cls=normal,legal=29,accN=8,bandN=0,gaps=1:0,2:27,3:31,4:35,5:38,6:43,7:56,8:56|depth=11|nodes=551627|slots=1:-38,2:-65,3:-69,4:-73,5:-76,6:-81,7:-94,8:-94|smoves=1:i9h9,2:f8h7,3:a6a5,4:i9i7,5:f8h9,6:i9i8,7:c5c4,8:c3e4|crit=0
L|2|MG_QT10|P10|REF|move=c5c4|score=120|mate=-|depth=19|nodes=3506976|crit=0
L|2|MG_QT10|P25|SEL|move=i9g9|slotScore=-100|top1=-39|gap=61|rule=tier|hit=cap|slotUsed=8|seed=1462085003|probs=cap=80,mcap=280,p=0.25,cls=normal,legal=29,accN=8,bandN=0,gaps=1:0,2:20,3:28,4:28,5:31,6:53,7:58,8:61|depth=12|nodes=553182|slots=1:-39,2:-59,3:-67,4:-67,5:-70,6:-92,7:-97,8:-100|smoves=1:i9h9,2:f8h7,3:f8h9,4:a6a5,5:i9i7,6:c5c4,7:c3e4,8:i9g9|crit=0
L|2|MG_QT10|P25|REF|move=i9g9|score=107|mate=-|depth=22|nodes=3475587|crit=0
L|2|MG_QT10|P50|SEL|move=i9g9|slotScore=-93|top1=-35|gap=58|rule=tier|hit=bmiss|slotUsed=8|seed=3425310847|probs=cap=80,mcap=280,p=0.5,cls=normal,legal=29,accN=8,bandN=0,gaps=1:0,2:18,3:30,4:32,5:39,6:51,7:55,8:58,band=0|depth=13|nodes=564632|slots=1:-35,2:-53,3:-65,4:-67,5:-74,6:-86,7:-90,8:-93|smoves=1:i9h9,2:f8h7,3:i9i7,4:a6a5,5:f8h9,6:i9i8,7:c3e4,8:i9g9|crit=0
L|2|MG_QT10|P50|REF|move=i9g9|score=104|mate=-|depth=21|nodes=3410744|crit=0
L|2|MG_QT10|G10|SEL|move=i9h9|slotScore=-34|top1=-34|gap=0|rule=tier|hit=above|slotUsed=1|seed=4054885174|probs=cap=25,mcap=225,p=0.1,cls=normal,legal=29,accN=1,bandN=7,gaps=1:0,2:30,3:30,4:31,5:32,6:58,7:60,8:52|depth=12|nodes=589720|slots=1:-34,2:-64,3:-64,4:-65,5:-66,6:-92,7:-94,8:-86|smoves=1:i9h9,2:f8h7,3:f8h9,4:i9i7,5:a6a5,6:i9i8,7:a7d7,8:c3e4|crit=0
L|2|MG_QT10|G10|REF|move=i9h9|score=30|mate=-|depth=23|nodes=3606982|crit=0
L|2|MG_QT10|HRD|SEL|move=c5c4|slotScore=-85|top1=-33|gap=52|rule=tier|hit=cap|slotUsed=7|seed=2171695292|probs=cap=80,mcap=280,p=0.25,cls=normal,legal=29,accN=8,bandN=0,gaps=1:0,2:25,3:31,4:37,5:44,6:51,7:52,8:52|depth=12|nodes=512745|slots=1:-33,2:-58,3:-64,4:-70,5:-77,6:-84,7:-85,8:-85|smoves=1:i9h9,2:f8h7,3:a6a5,4:i9i7,5:f8h9,6:a7d7,7:c5c4,8:f9g9|crit=0
L|2|MG_QT10|HRD|REF|move=c5c4|score=119|mate=-|depth=20|nodes=3189503|crit=0
L|2|MG_QT10|MT150|SEL|move=c5c4|slotScore=-87|top1=-40|gap=47|rule=tier|hit=cap|slotUsed=8|seed=2976031111|probs=cap=80,mcap=280,p=0,cls=normal,legal=29,accN=8,bandN=0,gaps=1:0,2:23,3:17,4:29,5:34,6:40,7:42,8:47|depth=12|nodes=285419|slots=1:-40,2:-63,3:-57,4:-69,5:-74,6:-80,7:-82,8:-87|smoves=1:i9h9,2:a6a5,3:f8h7,4:i9i7,5:f8h9,6:f9g9,7:i9i8,8:c5c4|crit=0
L|2|MG_QT10|MT150|REF|move=c5c4|score=114|mate=-|depth=20|nodes=3356605|crit=0
L|2|MG_QT10|ANCH|SEL|move=i9h9|slotScore=-30|top1=-30|gap=0|rule=anchor|hit=above|slotUsed=1|seed=3781327710|probs=cap=undefined,mcap=NaN,p=0,cls=normal,legal=29,accN=1,bandN=0,gaps=1:0|depth=23|nodes=3530529|slots=1:-30|smoves=1:i9h9|crit=0
L|2|MG_QT10|ANCH|REF|move=i9h9|score=29|mate=-|depth=23|nodes=3303665|crit=0
PROG|2|MG_QT10
L|2|MG_QT14|ANCHOR|move=f4b4|score=-42|mate=-|depth=23|nodes=3478965|crit=0
L|2|MG_QT14|CAP0|SEL|move=f4b4|slotScore=-32|top1=-32|gap=0|rule=tier|hit=above|slotUsed=1|seed=1846227902|probs=cap=0,mcap=200,p=0,cls=normal,legal=37,accN=1,bandN=7,gaps=1:0,2:18,3:18,4:23,5:25,6:29,7:37,8:52|depth=14|nodes=541892|slots=1:-32,2:-50,3:-50,4:-55,5:-57,6:-61,7:-69,8:-84|smoves=1:f4b4,2:a7b7,3:c3e4,4:f4f2,5:e8d7,6:a7c7,7:f4e4,8:e8f7|crit=0
L|2|MG_QT14|CAP0|REF|move=f4b4|score=21|mate=-|depth=23|nodes=3377955|crit=0
L|2|MG_QT14|CAP25|SEL|move=a7c7|slotScore=-58|top1=-34|gap=24|rule=tier|hit=cap|slotUsed=5|seed=3487270967|probs=cap=25,mcap=225,p=0,cls=normal,legal=37,accN=5,bandN=3,gaps=1:0,2:12,3:8,4:16,5:24,6:26,7:39,8:59|depth=13|nodes=583533|slots=1:-34,2:-46,3:-42,4:-50,5:-58,6:-60,7:-73,8:-93|smoves=1:f4b4,2:f4f2,3:a7b7,4:c3e4,5:a7c7,6:f4e4,7:e8d7,8:a6a5|crit=0
L|2|MG_QT14|CAP25|REF|move=a7c7|score=68|mate=-|depth=24|nodes=3589840|crit=0
L|2|MG_QT14|CAP50|SEL|move=f4e4|slotScore=-70|top1=-48|gap=22|rule=tier|hit=cap|slotUsed=7|seed=3435968667|probs=cap=50,mcap=250,p=0,cls=normal,legal=37,accN=7,bandN=1,gaps=1:0,2:4,3:7,4:12,5:14,6:17,7:22,8:52|depth=14|nodes=565044|slots=1:-48,2:-52,3:-55,4:-60,5:-62,6:-65,7:-70,8:-100|smoves=1:f4b4,2:a7b7,3:f4f2,4:a7c7,5:c3e4,6:e8d7,7:f4e4,8:e8f7|crit=0
L|2|MG_QT14|CAP50|REF|move=f4e4|score=62|mate=-|depth=24|nodes=3563577|crit=0
L|2|MG_QT14|CAP80|SEL|move=e9f9|slotScore=-85|top1=-34|gap=51|rule=tier|hit=cap|slotUsed=8|seed=1321252942|probs=cap=80,mcap=280,p=0,cls=normal,legal=37,accN=8,bandN=0,gaps=1:0,2:6,3:8,4:25,5:20,6:23,7:24,8:51|depth=14|nodes=614710|slots=1:-34,2:-40,3:-42,4:-59,5:-54,6:-57,7:-58,8:-85|smoves=1:f4b4,2:a7b7,3:f4f2,4:c3e4,5:a7c7,6:f4e4,7:e8d7,8:e9f9|crit=0
L|2|MG_QT14|CAP80|REF|move=e9f9|score=111|mate=-|depth=22|nodes=3643173|crit=0
L|2|MG_QT14|CAP150|SEL|move=e9f9|slotScore=-87|top1=-36|gap=51|rule=tier|hit=cap|slotUsed=8|seed=3331321656|probs=cap=150,mcap=350,p=0,cls=normal,legal=37,accN=8,bandN=0,gaps=1:0,2:9,3:12,4:14,5:24,6:27,7:33,8:51|depth=13|nodes=596880|slots=1:-36,2:-45,3:-48,4:-50,5:-60,6:-63,7:-69,8:-87|smoves=1:f4b4,2:a7b7,3:f4f2,4:c3e4,5:a7c7,6:f4e4,7:e8d7,8:e9f9|crit=0
L|2|MG_QT14|CAP150|REF|move=e9f9|score=123|mate=-|depth=21|nodes=3713745|crit=0
L|2|MG_QT14|P10|SEL|move=e8f7|slotScore=-74|top1=-36|gap=38|rule=tier|hit=cap|slotUsed=8|seed=3028412951|probs=cap=80,mcap=280,p=0.1,cls=normal,legal=37,accN=8,bandN=0,gaps=1:0,2:11,3:12,4:13,5:26,6:26,7:26,8:38|depth=14|nodes=591368|slots=1:-36,2:-47,3:-48,4:-49,5:-62,6:-62,7:-62,8:-74|smoves=1:f4b4,2:a7b7,3:c3e4,4:f4f2,5:f4e4,6:a7c7,7:e8d7,8:e8f7|crit=0
L|2|MG_QT14|P10|REF|move=e8f7|score=117|mate=-|depth=24|nodes=4003911|crit=0
L|2|MG_QT14|P25|SEL|move=e9f9|slotScore=-103|top1=-42|gap=61|rule=tier|hit=cap|slotUsed=8|seed=528665903|probs=cap=80,mcap=280,p=0.25,cls=normal,legal=37,accN=8,bandN=0,gaps=1:0,2:5,3:15,4:15,5:15,6:16,7:25,8:61|depth=12|nodes=536526|slots=1:-42,2:-47,3:-57,4:-57,5:-57,6:-58,7:-67,8:-103|smoves=1:f4b4,2:a7b7,3:c3e4,4:f4f2,5:a7c7,6:e8d7,7:f4e4,8:e9f9|crit=0
L|2|MG_QT14|P25|REF|move=e9f9|score=107|mate=-|depth=21|nodes=3338172|crit=0
L|2|MG_QT14|P50|SEL|move=f4d4|slotScore=-101|top1=-40|gap=61|rule=tier|hit=cap|slotUsed=8|seed=477625459|probs=cap=80,mcap=280,p=0.5,cls=normal,legal=37,accN=8,bandN=0,gaps=1:0,2:1,3:13,4:18,5:27,6:31,7:32,8:61|depth=13|nodes=571067|slots=1:-40,2:-41,3:-53,4:-58,5:-67,6:-71,7:-72,8:-101|smoves=1:f4b4,2:a7b7,3:c3e4,4:f4f2,5:e8d7,6:a7c7,7:f4e4,8:f4d4|crit=0
L|2|MG_QT14|P50|REF|move=f4d4|score=132|mate=-|depth=22|nodes=3567577|crit=0
L|2|MG_QT14|G10|SEL|move=a7c7|slotScore=-59|top1=-37|gap=22|rule=tier|hit=cap|slotUsed=5|seed=1529363642|probs=cap=25,mcap=225,p=0.1,cls=normal,legal=37,accN=5,bandN=3,gaps=1:0,2:4,3:13,4:13,5:22,6:27,7:29,8:54|depth=14|nodes=596113|slots=1:-37,2:-41,3:-50,4:-50,5:-59,6:-64,7:-66,8:-91|smoves=1:f4b4,2:a7b7,3:c3e4,4:f4f2,5:a7c7,6:e8d7,7:f4e4,8:e8f7|crit=0
L|2|MG_QT14|G10|REF|move=a7c7|score=71|mate=-|depth=22|nodes=3556719|crit=0
L|2|MG_QT14|HRD|SEL|move=e8f7|slotScore=-101|top1=-36|gap=65|rule=tier|hit=cap|slotUsed=8|seed=3896881872|probs=cap=80,mcap=280,p=0.25,cls=normal,legal=37,accN=8,bandN=0,gaps=1:0,2:16,3:22,4:23,5:28,6:31,7:43,8:65|depth=13|nodes=573044|slots=1:-36,2:-52,3:-58,4:-59,5:-64,6:-67,7:-79,8:-101|smoves=1:f4b4,2:f4f2,3:c3e4,4:a7b7,5:a7c7,6:f4e4,7:e8d7,8:e8f7|crit=0
L|2|MG_QT14|HRD|REF|move=e8f7|score=145|mate=-|depth=23|nodes=3935886|crit=0
L|2|MG_QT14|MT150|SEL|move=a6a5|slotScore=-91|top1=-37|gap=54|rule=tier|hit=cap|slotUsed=8|seed=1373983083|probs=cap=80,mcap=280,p=0,cls=normal,legal=37,accN=8,bandN=0,gaps=1:0,2:21,3:22,4:22,5:26,6:26,7:31,8:54|depth=12|nodes=296869|slots=1:-37,2:-58,3:-59,4:-59,5:-63,6:-63,7:-68,8:-91|smoves=1:f4b4,2:f4f2,3:c3e4,4:a7b7,5:e8d7,6:a7c7,7:f4e4,8:a6a5|crit=0
L|2|MG_QT14|MT150|REF|move=a6a5|score=142|mate=-|depth=21|nodes=3513708|crit=0
L|2|MG_QT14|ANCH|SEL|move=f4b4|slotScore=-42|top1=-42|gap=0|rule=anchor|hit=above|slotUsed=1|seed=2389234922|probs=cap=undefined,mcap=NaN,p=0,cls=normal,legal=37,accN=1,bandN=0,gaps=1:0|depth=23|nodes=3478965|slots=1:-42|smoves=1:f4b4|crit=0
L|2|MG_QT14|ANCH|REF|move=f4b4|score=24|mate=-|depth=26|nodes=3501250|crit=0
PROG|2|MG_QT14
L|2|MG_QT19|ANCHOR|move=c7c3|score=-14|mate=-|depth=29|nodes=3473908|crit=0
L|2|MG_QT19|CAP0|SEL|move=c7c3|slotScore=-15|top1=-15|gap=0|rule=tier|hit=above|slotUsed=1|seed=2731265935|probs=cap=0,mcap=200,p=0,cls=hard,legal=33,accN=1,bandN=0,gaps=1:0,2:564,3:569,4:573,5:612,6:699,7:709,8:731|depth=18|nodes=560569|slots=1:-15,2:-579,3:-584,4:-588,5:-627,6:-714,7:-724,8:-746|smoves=1:c7c3,2:c7d7,3:c7a7,4:c7b7,5:g7e6,6:b5e5,7:e8d7,8:g5g4|crit=0
L|2|MG_QT19|CAP0|REF|move=c7c3|score=17|mate=-|depth=28|nodes=3455709|crit=0
L|2|MG_QT19|CAP25|SEL|move=c7c3|slotScore=-17|top1=-17|gap=0|rule=tier|hit=above|slotUsed=1|seed=141810132|probs=cap=25,mcap=225,p=0,cls=hard,legal=33,accN=1,bandN=0,gaps=1:0,2:570,3:571,4:585,5:622,6:695,7:691,8:735|depth=15|nodes=536964|slots=1:-17,2:-587,3:-588,4:-602,5:-639,6:-712,7:-708,8:-752|smoves=1:c7c3,2:c7b7,3:c7d7,4:c7a7,5:g7e6,6:b5e5,7:e8d7,8:g7h5|crit=0
L|2|MG_QT19|CAP25|REF|move=c7c3|score=15|mate=-|depth=31|nodes=3665604|crit=0
L|2|MG_QT19|CAP50|SEL|move=c7c3|slotScore=-16|top1=-16|gap=0|rule=tier|hit=above|slotUsed=1|seed=2070627112|probs=cap=50,mcap=250,p=0,cls=hard,legal=33,accN=1,bandN=0,gaps=1:0,2:566,3:570,4:573,5:629,6:697,7:703,8:745|depth=15|nodes=534306|slots=1:-16,2:-582,3:-586,4:-589,5:-645,6:-713,7:-719,8:-761|smoves=1:c7c3,2:c7b7,3:c7a7,4:c7d7,5:g7e6,6:b5e5,7:e8d7,8:g7h5|crit=0
L|2|MG_QT19|CAP50|REF|move=c7c3|score=15|mate=-|depth=30|nodes=3427566|crit=0
L|2|MG_QT19|CAP80|SEL|move=c7c3|slotScore=-15|top1=-15|gap=0|rule=tier|hit=above|slotUsed=1|seed=2307566045|probs=cap=80,mcap=280,p=0,cls=hard,legal=33,accN=1,bandN=0,gaps=1:0,2:567,3:569,4:574,5:635,6:712,7:721,8:747|depth=15|nodes=568467|slots=1:-15,2:-582,3:-584,4:-589,5:-650,6:-727,7:-736,8:-762|smoves=1:c7c3,2:c7d7,3:c7b7,4:c7a7,5:g7e6,6:b5e5,7:e8d7,8:c7c6|crit=0
L|2|MG_QT19|CAP80|REF|move=c7c3|score=14|mate=-|depth=29|nodes=3518661|crit=0
L|2|MG_QT19|CAP150|SEL|move=c7c3|slotScore=-15|top1=-15|gap=0|rule=tier|hit=above|slotUsed=1|seed=342262565|probs=cap=150,mcap=350,p=0,cls=hard,legal=33,accN=1,bandN=0,gaps=1:0,2:573,3:573,4:577,5:635,6:682,7:712,8:727|depth=15|nodes=583007|slots=1:-15,2:-588,3:-588,4:-592,5:-650,6:-697,7:-727,8:-742|smoves=1:c7c3,2:c7d7,3:c7b7,4:c7a7,5:g7e6,6:e8d7,7:b5e5,8:g5g4|crit=0
L|2|MG_QT19|CAP150|REF|move=c7c3|score=16|mate=-|depth=29|nodes=3678107|crit=0
L|2|MG_QT19|P10|SEL|move=c7c3|slotScore=-18|top1=-18|gap=0|rule=tier|hit=above|slotUsed=1|seed=1824335312|probs=cap=80,mcap=280,p=0.1,cls=hard,legal=33,accN=1,bandN=0,gaps=1:0,2:567,3:578,4:573,5:632,6:709,7:712,8:734|depth=15|nodes=571456|slots=1:-18,2:-585,3:-596,4:-591,5:-650,6:-727,7:-730,8:-752|smoves=1:c7c3,2:c7b7,3:c7d7,4:c7a7,5:g7e6,6:b5e5,7:e8d7,8:g7h5|crit=0
L|2|MG_QT19|P10|REF|move=c7c3|score=15|mate=-|depth=29|nodes=3560953|crit=0
L|2|MG_QT19|P25|SEL|move=c7c3|slotScore=-18|top1=-18|gap=0|rule=tier|hit=above|slotUsed=1|seed=3921156096|probs=cap=80,mcap=280,p=0.25,cls=hard,legal=33,accN=1,bandN=0,gaps=1:0,2:569,3:573,4:574,5:627,6:701,7:702,8:737|depth=17|nodes=589873|slots=1:-18,2:-587,3:-591,4:-592,5:-645,6:-719,7:-720,8:-755|smoves=1:c7c3,2:c7b7,3:c7d7,4:c7a7,5:g7e6,6:b5e5,7:e8d7,8:g7h5|crit=0
L|2|MG_QT19|P25|REF|move=c7c3|score=14|mate=-|depth=28|nodes=3568543|crit=0
L|2|MG_QT19|P50|SEL|move=c7c3|slotScore=-16|top1=-16|gap=0|rule=tier|hit=bmiss|slotUsed=1|seed=3838303252|probs=cap=80,mcap=280,p=0.5,cls=hard,legal=33,accN=1,bandN=0,gaps=1:0,2:572,3:577,4:577,5:626,6:704,7:715,8:745,band=0|depth=16|nodes=581778|slots=1:-16,2:-588,3:-593,4:-593,5:-642,6:-720,7:-731,8:-761|smoves=1:c7c3,2:c7b7,3:c7a7,4:c7d7,5:g7e6,6:b5e5,7:e8d7,8:g7h5|crit=0
L|2|MG_QT19|P50|REF|move=c7c3|score=15|mate=-|depth=30|nodes=3554262|crit=0
L|2|MG_QT19|G10|SEL|move=c7c3|slotScore=-20|top1=-20|gap=0|rule=tier|hit=bmiss|slotUsed=1|seed=3244289945|probs=cap=25,mcap=225,p=0.1,cls=hard,legal=33,accN=1,bandN=0,gaps=1:0,2:574,3:579,4:582,5:621,6:633,7:702,8:742,band=0|depth=14|nodes=554961|slots=1:-20,2:-594,3:-599,4:-602,5:-641,6:-653,7:-722,8:-762|smoves=1:c7c3,2:c7b7,3:c7a7,4:c7d7,5:g7e6,6:b5e5,7:e8d7,8:g7h5|crit=0
L|2|MG_QT19|G10|REF|move=c7c3|score=15|mate=-|depth=27|nodes=3561330|crit=0
L|2|MG_QT19|HRD|SEL|move=c7c3|slotScore=-16|top1=-16|gap=0|rule=tier|hit=above|slotUsed=1|seed=2453661935|probs=cap=0,mcap=700,p=0.25,cls=hard,legal=33,accN=1,bandN=4,gaps=1:0,2:571,3:572,4:572,5:572,6:719,7:719,8:747|depth=17|nodes=571420|slots=1:-16,2:-587,3:-588,4:-588,5:-588,6:-735,7:-735,8:-763|smoves=1:c7c3,2:g7e6,3:c7b7,4:c7d7,5:c7a7,6:b5e5,7:e8d7,8:g5g4|crit=0
L|2|MG_QT19|HRD|REF|move=c7c3|score=16|mate=-|depth=29|nodes=3513256|crit=0
L|2|MG_QT19|MT150|SEL|move=c7c3|slotScore=-14|top1=-14|gap=0|rule=tier|hit=above|slotUsed=1|seed=854695700|probs=cap=80,mcap=280,p=0,cls=hard,legal=33,accN=1,bandN=0,gaps=1:0,2:579,3:586,4:578,5:624,6:715,7:722,8:722|depth=15|nodes=315706|slots=1:-14,2:-593,3:-600,4:-592,5:-638,6:-729,7:-736,8:-736|smoves=1:c7c3,2:c7b7,3:c7a7,4:c7d7,5:g7e6,6:b5e5,7:g7h5,8:g5g4|crit=0
L|2|MG_QT19|MT150|REF|move=c7c3|score=15|mate=-|depth=30|nodes=3562803|crit=0
L|2|MG_QT19|ANCH|SEL|move=c7c3|slotScore=-14|top1=-14|gap=0|rule=anchor|hit=above|slotUsed=1|seed=1799143707|probs=cap=undefined,mcap=NaN,p=0,cls=normal,legal=33,accN=1,bandN=0,gaps=1:0|depth=29|nodes=3473908|slots=1:-14|smoves=1:c7c3|crit=0
L|2|MG_QT19|ANCH|REF|move=c7c3|score=14|mate=-|depth=29|nodes=3659798|crit=0
PROG|2|MG_QT19
L|2|MG_QT24|ANCHOR|move=g7f5|score=-14|mate=-|depth=31|nodes=3635609|crit=0
L|2|MG_QT24|CAP0|SEL|move=g7f5|slotScore=-17|top1=-17|gap=0|rule=tier|hit=above|slotUsed=1|seed=673556899|probs=cap=0,mcap=200,p=0,cls=normal,legal=33,accN=2,bandN=6,gaps=1:0,2:0,3:1,4:4,5:6,6:7,7:7,8:13|depth=14|nodes=593284|slots=1:-17,2:-17,3:-18,4:-21,5:-23,6:-24,7:-24,8:-30|smoves=1:g7f5,2:g7e6,3:g5e7,4:f8f9,5:e8d7,6:c9e7,7:c9a7,8:c3b3|crit=0
L|2|MG_QT24|CAP0|REF|move=g7f5|score=15|mate=-|depth=29|nodes=3614744|crit=0
L|2|MG_QT24|CAP25|SEL|move=c9e7|slotScore=-24|top1=-14|gap=10|rule=tier|hit=cap|slotUsed=7|seed=1089130376|probs=cap=25,mcap=225,p=0,cls=normal,legal=33,accN=8,bandN=0,gaps=1:0,2:4,3:7,4:9,5:7,6:9,7:10,8:10|depth=14|nodes=592506|slots=1:-14,2:-18,3:-21,4:-23,5:-21,6:-23,7:-24,8:-24|smoves=1:g7f5,2:g5e7,3:g7e6,4:c3d3,5:f8f9,6:c9a7,7:c9e7,8:e8d7|crit=0
L|2|MG_QT24|CAP25|REF|move=c9e7|score=20|mate=-|depth=29|nodes=3521876|crit=0
L|2|MG_QT24|CAP50|SEL|move=c9a7|slotScore=-26|top1=-13|gap=13|rule=tier|hit=cap|slotUsed=8|seed=3153511708|probs=cap=50,mcap=250,p=0,cls=normal,legal=33,accN=8,bandN=0,gaps=1:0,2:4,3:7,4:9,5:9,6:10,7:11,8:13|depth=15|nodes=579183|slots=1:-13,2:-17,3:-20,4:-22,5:-22,6:-23,7:-24,8:-26|smoves=1:g7f5,2:g5e7,3:f8f9,4:g7e6,5:c3d3,6:c9e7,7:e8d7,8:c9a7|crit=0
L|2|MG_QT24|CAP50|REF|move=c9a7|score=21|mate=-|depth=26|nodes=3439381|crit=0
L|2|MG_QT24|CAP80|SEL|move=c9a7|slotScore=-25|top1=-13|gap=12|rule=tier|hit=cap|slotUsed=8|seed=3120927465|probs=cap=80,mcap=280,p=0,cls=normal,legal=33,accN=8,bandN=0,gaps=1:0,2:3,3:7,4:6,5:9,6:10,7:10,8:12|depth=15|nodes=600270|slots=1:-13,2:-16,3:-20,4:-19,5:-22,6:-23,7:-23,8:-25|smoves=1:g7f5,2:g7e6,3:f8f9,4:g5e7,5:e8d7,6:c9e7,7:c3d3,8:c9a7|crit=0
L|2|MG_QT24|CAP80|REF|move=c9a7|score=20|mate=-|depth=26|nodes=3501392|crit=0
L|2|MG_QT24|CAP150|SEL|move=e8d7|slotScore=-25|top1=-15|gap=10|rule=tier|hit=cap|slotUsed=7|seed=3740490113|probs=cap=150,mcap=350,p=0,cls=normal,legal=33,accN=8,bandN=0,gaps=1:0,2:2,3:4,4:5,5:9,6:9,7:10,8:10|depth=15|nodes=591718|slots=1:-15,2:-17,3:-19,4:-20,5:-24,6:-24,7:-25,8:-25|smoves=1:g7f5,2:g7e6,3:g5e7,4:f8f9,5:c3d3,6:c9e7,7:e8d7,8:c9a7|crit=0
L|2|MG_QT24|CAP150|REF|move=e8d7|score=22|mate=-|depth=28|nodes=3560586|crit=0
L|2|MG_QT24|P10|SEL|move=c9e7|slotScore=-25|top1=-16|gap=9|rule=tier|hit=cap|slotUsed=8|seed=418009900|probs=cap=80,mcap=280,p=0.1,cls=normal,legal=33,accN=8,bandN=0,gaps=1:0,2:1,3:2,4:3,5:5,6:7,7:8,8:9|depth=15|nodes=578994|slots=1:-16,2:-17,3:-18,4:-19,5:-21,6:-23,7:-24,8:-25|smoves=1:g7f5,2:g5e7,3:g7e6,4:f8f9,5:e8d7,6:c3d3,7:c3b3,8:c9e7|crit=0
L|2|MG_QT24|P10|REF|move=c9e7|score=20|mate=-|depth=28|nodes=3482947|crit=0
L|2|MG_QT24|P25|SEL|move=c3b3|slotScore=-24|top1=-15|gap=9|rule=tier|hit=cap|slotUsed=8|seed=770193044|probs=cap=80,mcap=280,p=0.25,cls=normal,legal=33,accN=8,bandN=0,gaps=1:0,2:1,3:3,4:5,5:6,6:7,7:7,8:9|depth=14|nodes=598246|slots=1:-15,2:-16,3:-18,4:-20,5:-21,6:-22,7:-22,8:-24|smoves=1:g7f5,2:g5e7,3:f8f9,4:g7e6,5:e8d7,6:c3d3,7:c9e7,8:c3b3|crit=0
L|2|MG_QT24|P25|REF|move=c3b3|score=23|mate=-|depth=28|nodes=3615979|crit=0
L|2|MG_QT24|P50|SEL|move=c3d3|slotScore=-27|top1=-14|gap=13|rule=tier|hit=bmiss|slotUsed=7|seed=2699270376|probs=cap=80,mcap=280,p=0.5,cls=normal,legal=33,accN=8,bandN=0,gaps=1:0,2:1,3:5,4:7,5:12,6:12,7:13,8:9,band=0|depth=14|nodes=594832|slots=1:-14,2:-15,3:-19,4:-21,5:-26,6:-26,7:-27,8:-23|smoves=1:g7f5,2:g5e7,3:g7e6,4:f8f9,5:c9e7,6:c9a7,7:c3d3,8:c3b3|crit=0
L|2|MG_QT24|P50|REF|move=c3d3|score=19|mate=-|depth=28|nodes=3574364|crit=0
L|2|MG_QT24|G10|SEL|move=c9e7|slotScore=-23|top1=-15|gap=8|rule=tier|hit=cap|slotUsed=6|seed=3069593357|probs=cap=25,mcap=225,p=0.1,cls=normal,legal=33,accN=8,bandN=0,gaps=1:0,2:3,3:4,4:4,5:7,6:8,7:7,8:8|depth=14|nodes=568389|slots=1:-15,2:-18,3:-19,4:-19,5:-22,6:-23,7:-22,8:-23|smoves=1:g7f5,2:g5e7,3:f8f9,4:g7e6,5:c3d3,6:c9e7,7:e8d7,8:c9a7|crit=0
L|2|MG_QT24|G10|REF|move=c9e7|score=19|mate=-|depth=28|nodes=3497608|crit=0
L|2|MG_QT24|HRD|SEL|move=c9e7|slotScore=-22|top1=-15|gap=7|rule=tier|hit=cap|slotUsed=6|seed=3613230099|probs=cap=80,mcap=280,p=0.25,cls=normal,legal=33,accN=8,bandN=0,gaps=1:0,2:2,3:4,4:5,5:6,6:7,7:7,8:7|depth=15|nodes=590057|slots=1:-15,2:-17,3:-19,4:-20,5:-21,6:-22,7:-22,8:-22|smoves=1:g7f5,2:g5e7,3:f8f9,4:c3d3,5:c9a7,6:c9e7,7:e8d7,8:g7e6|crit=0
L|2|MG_QT24|HRD|REF|move=c9e7|score=20|mate=-|depth=29|nodes=3510777|crit=0
L|2|MG_QT24|MT150|SEL|move=e8d7|slotScore=-25|top1=-16|gap=9|rule=tier|hit=cap|slotUsed=8|seed=1692434392|probs=cap=80,mcap=280,p=0,cls=normal,legal=33,accN=8,bandN=0,gaps=1:0,2:3,3:4,4:5,5:6,6:7,7:8,8:9|depth=13|nodes=318988|slots=1:-16,2:-19,3:-20,4:-21,5:-22,6:-23,7:-24,8:-25|smoves=1:g7f5,2:g5e7,3:f8f9,4:c9e7,5:g7e6,6:c9a7,7:c3d3,8:e8d7|crit=0
L|2|MG_QT24|MT150|REF|move=e8d7|score=18|mate=-|depth=27|nodes=3726547|crit=0
L|2|MG_QT24|ANCH|SEL|move=g7f5|slotScore=-14|top1=-14|gap=0|rule=anchor|hit=above|slotUsed=1|seed=2485261703|probs=cap=undefined,mcap=NaN,p=0,cls=normal,legal=33,accN=1,bandN=0,gaps=1:0|depth=31|nodes=3635609|slots=1:-14|smoves=1:g7f5|crit=0
L|2|MG_QT24|ANCH|REF|move=g7f5|score=13|mate=-|depth=29|nodes=3569075|crit=0
PROG|2|MG_QT24
L|2|MG_QT29|ANCHOR|move=a9b9|score=-19|mate=-|depth=24|nodes=3200805|crit=0
L|2|MG_QT29|CAP0|SEL|move=a9b9|slotScore=-15|top1=-15|gap=0|rule=tier|hit=above|slotUsed=1|seed=3931437594|probs=cap=0,mcap=200,p=0,cls=normal,legal=41,accN=1,bandN=7,gaps=1:0,2:5,3:9,4:13,5:13,6:22,7:23,8:24|depth=14|nodes=536684|slots=1:-15,2:-20,3:-24,4:-28,5:-28,6:-37,7:-38,8:-39|smoves=1:a9b9,2:h9h6,3:b6b5,4:d9e8,5:a9c9,6:b6b3,7:g7f5,8:c7b5|crit=0
L|2|MG_QT29|CAP0|REF|move=a9b9|score=12|mate=-|depth=26|nodes=3425646|crit=0
L|2|MG_QT29|CAP25|SEL|move=b6b3|slotScore=-41|top1=-16|gap=25|rule=tier|hit=cap|slotUsed=8|seed=2375085491|probs=cap=25,mcap=225,p=0,cls=normal,legal=41,accN=8,bandN=0,gaps=1:0,2:3,3:7,4:9,5:10,6:18,7:22,8:25|depth=14|nodes=550094|slots=1:-16,2:-19,3:-23,4:-25,5:-26,6:-34,7:-38,8:-41|smoves=1:a9b9,2:b6b5,3:a9c9,4:d9e8,5:h9h6,6:c7b5,7:g7f5,8:b6b3|crit=0
L|2|MG_QT29|CAP25|REF|move=b6b3|score=42|mate=-|depth=23|nodes=3437260|crit=0
L|2|MG_QT29|CAP50|SEL|move=c7d5|slotScore=-41|top1=-17|gap=24|rule=tier|hit=cap|slotUsed=8|seed=580425479|probs=cap=50,mcap=250,p=0,cls=normal,legal=41,accN=8,bandN=0,gaps=1:0,2:4,3:0,4:2,5:8,6:8,7:22,8:24|depth=13|nodes=527165|slots=1:-17,2:-21,3:-17,4:-19,5:-25,6:-25,7:-39,8:-41|smoves=1:a9b9,2:b6b5,3:h9h6,4:d9e8,5:c7b5,6:a9c9,7:b6b3,8:c7d5|crit=0
L|2|MG_QT29|CAP50|REF|move=c7d5|score=22|mate=-|depth=21|nodes=3303251|crit=0
L|2|MG_QT29|CAP80|SEL|move=b6c6|slotScore=-39|top1=-14|gap=25|rule=tier|hit=cap|slotUsed=8|seed=2493580866|probs=cap=80,mcap=280,p=0,cls=normal,legal=41,accN=8,bandN=0,gaps=1:0,2:2,3:5,4:9,5:9,6:21,7:22,8:25|depth=13|nodes=587750|slots=1:-14,2:-16,3:-19,4:-23,5:-23,6:-35,7:-36,8:-39|smoves=1:a9b9,2:b6b5,3:h9h6,4:a9c9,5:d9e8,6:c7b5,7:b6b3,8:b6c6|crit=0
L|2|MG_QT29|CAP80|REF|move=b6c6|score=28|mate=-|depth=25|nodes=3474171|crit=0
L|2|MG_QT29|CAP150|SEL|move=c7b5|slotScore=-28|top1=-15|gap=13|rule=tier|hit=cap|slotUsed=8|seed=1785263964|probs=cap=150,mcap=350,p=0,cls=normal,legal=41,accN=8,bandN=0,gaps=1:0,2:3,3:5,4:8,5:8,6:9,7:11,8:13|depth=13|nodes=548852|slots=1:-15,2:-18,3:-20,4:-23,5:-23,6:-24,7:-26,8:-28|smoves=1:a9b9,2:b6b5,3:h9h6,4:d9e8,5:a9c9,6:b6c6,7:b6b3,8:c7b5|crit=0
L|2|MG_QT29|CAP150|REF|move=c7b5|score=37|mate=-|depth=22|nodes=3260826|crit=0
L|2|MG_QT29|P10|SEL|move=c7b5|slotScore=-36|top1=-18|gap=18|rule=tier|hit=cap|slotUsed=6|seed=3665634939|probs=cap=80,mcap=280,p=0.1,cls=normal,legal=41,accN=8,bandN=0,gaps=1:0,2:0,3:0,4:1,5:9,6:18,7:18,8:14|depth=12|nodes=578452|slots=1:-18,2:-18,3:-18,4:-19,5:-27,6:-36,7:-36,8:-32|smoves=1:b6b5,2:a9b9,3:h9h6,4:a9c9,5:d9e8,6:c7b5,7:f9e8,8:b6c6|crit=0
L|2|MG_QT29|P10|REF|move=c7b5|score=34|mate=-|depth=23|nodes=3178061|crit=0
L|2|MG_QT29|P25|SEL|move=g7f5|slotScore=-34|top1=-14|gap=20|rule=tier|hit=cap|slotUsed=8|seed=3716115147|probs=cap=80,mcap=280,p=0.25,cls=normal,legal=41,accN=8,bandN=0,gaps=1:0,2:1,3:2,4:9,5:9,6:11,7:12,8:20|depth=13|nodes=531733|slots=1:-14,2:-15,3:-16,4:-23,5:-23,6:-25,7:-26,8:-34|smoves=1:a9b9,2:b6b5,3:h9h6,4:d9e8,5:a9c9,6:b6c6,7:c7b5,8:g7f5|crit=0
L|2|MG_QT29|P25|REF|move=g7f5|score=56|mate=-|depth=24|nodes=3353529|crit=0
L|2|MG_QT29|P50|SEL|move=b6b3|slotScore=-43|top1=-11|gap=32|rule=tier|hit=bmiss|slotUsed=8|seed=1384636095|probs=cap=80,mcap=280,p=0.5,cls=normal,legal=41,accN=8,bandN=0,gaps=1:0,2:15,3:14,4:17,5:18,6:23,7:24,8:32,band=0|depth=13|nodes=547090|slots=1:-11,2:-26,3:-25,4:-28,5:-29,6:-34,7:-35,8:-43|smoves=1:b6b5,2:d9e8,3:a9b9,4:h9h6,5:a9c9,6:c7b5,7:b6c6,8:b6b3|crit=0
L|2|MG_QT29|P50|REF|move=b6b3|score=35|mate=-|depth=21|nodes=3164060|crit=0
L|2|MG_QT29|G10|SEL|move=b6c6|slotScore=-35|top1=-17|gap=18|rule=tier|hit=cap|slotUsed=8|seed=2013945974|probs=cap=25,mcap=225,p=0.1,cls=normal,legal=41,accN=8,bandN=0,gaps=1:0,2:2,3:2,4:7,5:10,6:6,7:8,8:18|depth=13|nodes=556770|slots=1:-17,2:-19,3:-19,4:-24,5:-27,6:-23,7:-25,8:-35|smoves=1:b6b5,2:d9e8,3:a9b9,4:h9h6,5:c7b5,6:h9h8,7:a9c9,8:b6c6|crit=0
L|2|MG_QT29|G10|REF|move=b6c6|score=26|mate=-|depth=26|nodes=3387074|crit=0
L|2|MG_QT29|HRD|SEL|move=c7d5|slotScore=-31|top1=-14|gap=17|rule=tier|hit=cap|slotUsed=8|seed=2257505020|probs=cap=80,mcap=280,p=0.25,cls=normal,legal=41,accN=8,bandN=0,gaps=1:0,2:6,3:3,4:8,5:8,6:10,7:16,8:17|depth=14|nodes=534871|slots=1:-14,2:-20,3:-17,4:-22,5:-22,6:-24,7:-30,8:-31|smoves=1:b6b5,2:a9b9,3:d9e8,4:b6c6,5:h9h6,6:a9c9,7:c7b5,8:c7d5|crit=0
L|2|MG_QT29|HRD|REF|move=c7d5|score=23|mate=-|depth=21|nodes=3331770|crit=0
L|2|MG_QT29|MT150|SEL|move=g7f5|slotScore=-36|top1=-6|gap=30|rule=tier|hit=cap|slotUsed=8|seed=626388039|probs=cap=80,mcap=280,p=0,cls=normal,legal=41,accN=8,bandN=0,gaps=1:0,2:5,3:15,4:15,5:17,6:23,7:26,8:30|depth=10|nodes=276161|slots=1:-6,2:-11,3:-21,4:-21,5:-23,6:-29,7:-32,8:-36|smoves=1:a9b9,2:b6b5,3:a9c9,4:d9e8,5:h9h6,6:c7b5,7:c7d5,8:g7f5|crit=0
L|2|MG_QT29|MT150|REF|move=g7f5|score=49|mate=-|depth=23|nodes=3326459|crit=0
L|2|MG_QT29|ANCH|SEL|move=a9b9|slotScore=-19|top1=-19|gap=0|rule=anchor|hit=above|slotUsed=1|seed=2530853022|probs=cap=undefined,mcap=NaN,p=0,cls=normal,legal=41,accN=1,bandN=0,gaps=1:0|depth=24|nodes=3200805|slots=1:-19|smoves=1:a9b9|crit=0
L|2|MG_QT29|ANCH|REF|move=a9b9|score=9|mate=-|depth=25|nodes=3408360|crit=0
PROG|2|MG_QT29
L|2|MG_QT34|ANCHOR|move=d9d3|score=-4|mate=-|depth=24|nodes=3469177|crit=0
L|2|MG_QT34|CAP0|SEL|move=d9d3|slotScore=-11|top1=-11|gap=0|rule=tier|hit=above|slotUsed=1|seed=2756700244|probs=cap=0,mcap=200,p=0,cls=normal,legal=32,accN=1,bandN=7,gaps=1:0,2:26,3:31,4:36,5:37,6:88,7:121,8:133|depth=13|nodes=606746|slots=1:-11,2:-37,3:-42,4:-47,5:-48,6:-99,7:-132,8:-144|smoves=1:d9d3,2:h9g7,3:b5a5,4:c5c4,5:d9b9,6:i5h5,7:a6a5,8:d9c9|crit=0
L|2|MG_QT34|CAP0|REF|move=d9d3|score=6|mate=-|depth=26|nodes=3280605|crit=0
L|2|MG_QT34|CAP25|SEL|move=c5c4|slotScore=-33|top1=-10|gap=23|rule=tier|hit=cap|slotUsed=2|seed=241991805|probs=cap=25,mcap=225,p=0,cls=normal,legal=32,accN=2,bandN=6,gaps=1:0,2:23,3:30,4:42,5:48,6:100,7:105,8:123|depth=11|nodes=589274|slots=1:-10,2:-33,3:-40,4:-52,5:-58,6:-110,7:-115,8:-133|smoves=1:d9d3,2:c5c4,3:h9g7,4:b5a5,5:d9b9,6:e6e5,7:i5h5,8:h9i7|crit=0
L|2|MG_QT34|CAP25|REF|move=c5c4|score=18|mate=-|depth=24|nodes=3442697|crit=0
L|2|MG_QT34|CAP50|SEL|move=d9b9|slotScore=-48|top1=-9|gap=39|rule=tier|hit=cap|slotUsed=5|seed=327143805|probs=cap=50,mcap=250,p=0,cls=normal,legal=32,accN=5,bandN=3,gaps=1:0,2:14,3:31,4:35,5:39,6:94,7:112,8:121|depth=14|nodes=580860|slots=1:-9,2:-23,3:-40,4:-44,5:-48,6:-103,7:-121,8:-130|smoves=1:d9d3,2:c5c4,3:h9g7,4:b5a5,5:d9b9,6:i5h5,7:e6e5,8:h9i7|crit=0
L|2|MG_QT34|CAP50|REF|move=d9b9|score=63|mate=-|depth=23|nodes=3515986|crit=0
L|2|MG_QT34|CAP80|SEL|move=d9b9|slotScore=-57|top1=-13|gap=44|rule=tier|hit=cap|slotUsed=5|seed=2237608264|probs=cap=80,mcap=280,p=0,cls=normal,legal=32,accN=5,bandN=3,gaps=1:0,2:5,3:18,4:34,5:44,6:93,7:95,8:107|depth=12|nodes=597775|slots=1:-13,2:-18,3:-31,4:-47,5:-57,6:-106,7:-108,8:-120|smoves=1:d9d3,2:c5c4,3:h9g7,4:b5a5,5:d9b9,6:d9c9,7:i5h5,8:h9i7|crit=0
L|2|MG_QT34|CAP80|REF|move=d9b9|score=52|mate=-|depth=25|nodes=3743209|crit=0
L|2|MG_QT34|CAP150|SEL|move=a6a5|slotScore=-129|top1=-8|gap=121|rule=tier|hit=cap|slotUsed=8|seed=1296734718|probs=cap=150,mcap=350,p=0,cls=normal,legal=32,accN=8,bandN=0,gaps=1:0,2:10,3:29,4:31,5:41,6:78,7:101,8:121|depth=13|nodes=586611|slots=1:-8,2:-18,3:-37,4:-39,5:-49,6:-86,7:-109,8:-129|smoves=1:d9d3,2:c5c4,3:h9g7,4:b5a5,5:d9b9,6:i5h5,7:e6e5,8:a6a5|crit=0
L|2|MG_QT34|CAP150|REF|move=a6a5|score=168|mate=-|depth=23|nodes=3717598|crit=0
L|2|MG_QT34|P10|SEL|move=d9b9|slotScore=-52|top1=-16|gap=36|rule=tier|hit=cap|slotUsed=5|seed=546418589|probs=cap=80,mcap=280,p=0.1,cls=normal,legal=32,accN=5,bandN=3,gaps=1:0,2:9,3:22,4:28,5:36,6:95,7:102,8:104|depth=14|nodes=638700|slots=1:-16,2:-25,3:-38,4:-44,5:-52,6:-111,7:-118,8:-120|smoves=1:d9d3,2:c5c4,3:h9g7,4:b5a5,5:d9b9,6:i5h5,7:e6e5,8:d9c9|crit=0
L|2|MG_QT34|P10|REF|move=d9b9|score=49|mate=-|depth=25|nodes=3945518|crit=0
L|2|MG_QT34|P25|SEL|move=d9b9|slotScore=-55|top1=-9|gap=46|rule=tier|hit=cap|slotUsed=5|seed=2341012553|probs=cap=80,mcap=280,p=0.25,cls=normal,legal=32,accN=5,bandN=3,gaps=1:0,2:11,3:25,4:33,5:46,6:105,7:105,8:109|depth=13|nodes=600615|slots=1:-9,2:-20,3:-34,4:-42,5:-55,6:-114,7:-114,8:-118|smoves=1:d9d3,2:c5c4,3:h9g7,4:b5a5,5:d9b9,6:d9c9,7:d9a9,8:e6e5|crit=0
L|2|MG_QT34|P25|REF|move=d9b9|score=52|mate=-|depth=26|nodes=3889527|crit=0
L|2|MG_QT34|P50|SEL|move=d9b9|slotScore=-54|top1=-6|gap=48|rule=tier|hit=cap|slotUsed=5|seed=2290598393|probs=cap=80,mcap=280,p=0.5,cls=normal,legal=32,accN=5,bandN=3,gaps=1:0,2:14,3:30,4:39,5:48,6:104,7:108,8:115|depth=13|nodes=558007|slots=1:-6,2:-20,3:-36,4:-45,5:-54,6:-110,7:-114,8:-121|smoves=1:d9d3,2:c5c4,3:h9g7,4:b5a5,5:d9b9,6:i5h5,7:d9c9,8:a6a5|crit=0
L|2|MG_QT34|P50|REF|move=d9b9|score=48|mate=-|depth=23|nodes=3747069|crit=0
L|2|MG_QT34|G10|SEL|move=c5c4|slotScore=-20|top1=-10|gap=10|rule=tier|hit=cap|slotUsed=2|seed=536355612|probs=cap=25,mcap=225,p=0.1,cls=normal,legal=32,accN=2,bandN=6,gaps=1:0,2:10,3:28,4:31,5:42,6:96,7:97,8:108|depth=13|nodes=552053|slots=1:-10,2:-20,3:-38,4:-41,5:-52,6:-106,7:-107,8:-118|smoves=1:d9d3,2:c5c4,3:h9g7,4:b5a5,5:d9b9,6:i5h5,7:d9c9,8:h9i7|crit=0
L|2|MG_QT34|G10|REF|move=c5c4|score=14|mate=-|depth=22|nodes=3458493|crit=0
L|2|MG_QT34|HRD|SEL|move=d9b9|slotScore=-52|top1=-4|gap=48|rule=tier|hit=cap|slotUsed=5|seed=313329234|probs=cap=80,mcap=280,p=0.25,cls=normal,legal=32,accN=5,bandN=3,gaps=1:0,2:24,3:31,4:35,5:48,6:101,7:119,8:119|depth=14|nodes=571210|slots=1:-4,2:-28,3:-35,4:-39,5:-52,6:-105,7:-123,8:-123|smoves=1:d9d3,2:c5c4,3:h9g7,4:b5a5,5:d9b9,6:i5h5,7:d9c9,8:d9a9|crit=0
L|2|MG_QT34|HRD|REF|move=d9b9|score=55|mate=-|depth=26|nodes=3951242|crit=0
L|2|MG_QT34|MT150|SEL|move=d9b9|slotScore=-46|top1=-11|gap=35|rule=tier|hit=cap|slotUsed=5|seed=4196779089|probs=cap=80,mcap=280,p=0,cls=normal,legal=32,accN=5,bandN=3,gaps=1:0,2:21,3:30,4:34,5:35,6:90,7:90,8:108|depth=10|nodes=298435|slots=1:-11,2:-32,3:-41,4:-45,5:-46,6:-101,7:-101,8:-119|smoves=1:d9d3,2:h9g7,3:c5c4,4:b5a5,5:d9b9,6:d9c9,7:i5h5,8:a6a5|crit=0
L|2|MG_QT34|MT150|REF|move=d9b9|score=48|mate=-|depth=24|nodes=3947247|crit=0
L|2|MG_QT34|ANCH|SEL|move=d9d3|slotScore=-4|top1=-4|gap=0|rule=anchor|hit=above|slotUsed=1|seed=4004351164|probs=cap=undefined,mcap=NaN,p=0,cls=normal,legal=32,accN=1,bandN=0,gaps=1:0|depth=24|nodes=3469177|slots=1:-4|smoves=1:d9d3|crit=0
L|2|MG_QT34|ANCH|REF|move=d9d3|score=0|mate=-|depth=27|nodes=3331497|crit=0
PROG|2|MG_QT34
L|2|MG_QT39|ANCHOR|move=b5c5|score=0|mate=-|depth=30|nodes=3567822|crit=0
L|2|MG_QT39|CAP0|SEL|move=b5c5|slotScore=-3|top1=-3|gap=0|rule=tier|hit=above|slotUsed=1|seed=1658190373|probs=cap=0,mcap=200,p=0,cls=normal,legal=43,accN=1,bandN=7,gaps=1:0,2:3,3:4,4:7,5:11,6:11,7:20,8:28|depth=13|nodes=589030|slots=1:-3,2:-6,3:-7,4:-10,5:-14,6:-14,7:-23,8:-31|smoves=1:b5c5,2:f5f7,3:d9b9,4:i6i5,5:c7d5,6:a6a5,7:f5f8,8:f5f6|crit=0
L|2|MG_QT39|CAP0|REF|move=b5c5|score=0|mate=-|depth=32|nodes=3553587|crit=0
L|2|MG_QT39|CAP25|SEL|move=f5c5|slotScore=-26|top1=-2|gap=24|rule=tier|hit=cap|slotUsed=8|seed=2591982378|probs=cap=25,mcap=225,p=0,cls=normal,legal=43,accN=8,bandN=0,gaps=1:0,2:5,3:6,4:15,5:14,6:15,7:17,8:24|depth=13|nodes=552996|slots=1:-2,2:-7,3:-8,4:-17,5:-16,6:-17,7:-19,8:-26|smoves=1:b5c5,2:d9b9,3:f5f7,4:c7d5,5:i6i5,6:a6a5,7:f5f8,8:f5c5|crit=0
L|2|MG_QT39|CAP25|REF|move=f5c5|score=23|mate=-|depth=27|nodes=3383202|crit=0
L|2|MG_QT39|CAP50|SEL|move=f5c5|slotScore=-22|top1=-1|gap=21|rule=tier|hit=cap|slotUsed=8|seed=2506895914|probs=cap=50,mcap=250,p=0,cls=normal,legal=43,accN=8,bandN=0,gaps=1:0,2:1,3:9,4:9,5:15,6:17,7:18,8:21|depth=13|nodes=539737|slots=1:-1,2:-2,3:-10,4:-10,5:-16,6:-18,7:-19,8:-22|smoves=1:b5c5,2:f5f7,3:d9b9,4:i6i5,5:c7d5,6:a6a5,7:f5f8,8:f5c5|crit=0
L|2|MG_QT39|CAP50|REF|move=f5c5|score=21|mate=-|depth=27|nodes=3359312|crit=0
L|2|MG_QT39|CAP80|SEL|move=f5c5|slotScore=-25|top1=-1|gap=24|rule=tier|hit=cap|slotUsed=8|seed=2744096991|probs=cap=80,mcap=280,p=0,cls=normal,legal=43,accN=8,bandN=0,gaps=1:0,2:6,3:6,4:9,5:11,6:12,7:15,8:24|depth=14|nodes=553069|slots=1:-1,2:-7,3:-7,4:-10,5:-12,6:-13,7:-16,8:-25|smoves=1:b5c5,2:d9b9,3:i6i5,4:c7d5,5:f5f7,6:a6a5,7:f5f8,8:f5c5|crit=0
L|2|MG_QT39|CAP80|REF|move=f5c5|score=18|mate=-|depth=25|nodes=3434786|crit=0
L|2|MG_QT39|CAP150|SEL|move=b5a5|slotScore=-17|top1=-3|gap=14|rule=tier|hit=cap|slotUsed=8|seed=2504079339|probs=cap=150,mcap=350,p=0,cls=normal,legal=43,accN=8,bandN=0,gaps=1:0,2:2,3:6,4:5,5:7,6:12,7:13,8:14|depth=14|nodes=538218|slots=1:-3,2:-5,3:-9,4:-8,5:-10,6:-15,7:-16,8:-17|smoves=1:b5c5,2:d9b9,3:f5f7,4:i6i5,5:c7d5,6:a6a5,7:f5f8,8:b5a5|crit=0
L|2|MG_QT39|CAP150|REF|move=b5a5|score=19|mate=-|depth=25|nodes=3561696|crit=0
L|2|MG_QT39|P10|SEL|move=b5a5|slotScore=-20|top1=-2|gap=18|rule=tier|hit=cap|slotUsed=7|seed=184225182|probs=cap=80,mcap=280,p=0.1,cls=normal,legal=43,accN=8,bandN=0,gaps=1:0,2:3,3:3,4:6,5:11,6:17,7:18,8:18|depth=13|nodes=559121|slots=1:-2,2:-5,3:-5,4:-8,5:-13,6:-19,7:-20,8:-20|smoves=1:b5c5,2:d9b9,3:i6i5,4:f5f7,5:c7d5,6:a6a5,7:b5a5,8:f5f6|crit=0
L|2|MG_QT39|P10|REF|move=b5a5|score=20|mate=-|depth=26|nodes=3492769|crit=0
L|2|MG_QT39|P25|SEL|move=f5f6|slotScore=-20|top1=0|gap=20|rule=tier|hit=cap|slotUsed=8|seed=2013295866|probs=cap=80,mcap=280,p=0.25,cls=normal,legal=43,accN=8,bandN=0,gaps=1:0,2:3,3:7,4:8,5:11,6:15,7:13,8:20|depth=13|nodes=559736|slots=1:0,2:-3,3:-7,4:-8,5:-11,6:-15,7:-13,8:-20|smoves=1:b5c5,2:f5f7,3:c7d5,4:d9b9,5:i6i5,6:a6a5,7:f5f8,8:f5f6|crit=0
L|2|MG_QT39|P25|REF|move=f5f6|score=18|mate=-|depth=25|nodes=3461585|crit=0
L|2|MG_QT39|P50|SEL|move=f5f6|slotScore=-16|top1=1|gap=17|rule=tier|hit=cap|slotUsed=8|seed=1928407034|probs=cap=80,mcap=280,p=0.5,cls=normal,legal=43,accN=8,bandN=0,gaps=1:0,2:1,3:8,4:9,5:11,6:13,7:15,8:17|depth=13|nodes=550662|slots=1:1,2:0,3:-7,4:-8,5:-10,6:-12,7:-14,8:-16|smoves=1:b5c5,2:f5f7,3:d9b9,4:i6i5,5:c7d5,6:a6a5,7:f5f8,8:f5f6|crit=0
L|2|MG_QT39|P50|REF|move=f5f6|score=17|mate=-|depth=25|nodes=3559266|crit=0
L|2|MG_QT39|G10|SEL|move=f5f6|slotScore=-22|top1=0|gap=22|rule=tier|hit=cap|slotUsed=8|seed=804781379|probs=cap=25,mcap=225,p=0.1,cls=normal,legal=43,accN=8,bandN=0,gaps=1:0,2:2,3:2,4:8,5:9,6:14,7:16,8:22|depth=13|nodes=530128|slots=1:0,2:-2,3:-2,4:-8,5:-9,6:-14,7:-16,8:-22|smoves=1:b5c5,2:d9b9,3:f5f7,4:i6i5,5:c7d5,6:a6a5,7:f5f8,8:f5f6|crit=0
L|2|MG_QT39|G10|REF|move=f5f6|score=16|mate=-|depth=27|nodes=3588476|crit=0
L|2|MG_QT39|HRD|SEL|move=f5f8|slotScore=-20|top1=0|gap=20|rule=tier|hit=cap|slotUsed=8|seed=283093041|probs=cap=80,mcap=280,p=0.25,cls=normal,legal=43,accN=8,bandN=0,gaps=1:0,2:0,3:1,4:9,5:9,6:13,7:19,8:20|depth=12|nodes=520609|slots=1:0,2:0,3:-1,4:-9,5:-9,6:-13,7:-19,8:-20|smoves=1:f5f7,2:b5c5,3:d9b9,4:a6a5,5:i6i5,6:c7d5,7:f5f6,8:f5f8|crit=0
L|2|MG_QT39|HRD|REF|move=f5f8|score=20|mate=-|depth=26|nodes=3362020|crit=0
L|2|MG_QT39|MT150|SEL|move=b5a5|slotScore=-17|top1=-2|gap=15|rule=tier|hit=cap|slotUsed=8|seed=1372224146|probs=cap=80,mcap=280,p=0,cls=normal,legal=43,accN=8,bandN=0,gaps=1:0,2:3,3:4,4:8,5:8,6:14,7:14,8:15|depth=12|nodes=298104|slots=1:-2,2:-5,3:-6,4:-10,5:-10,6:-16,7:-16,8:-17|smoves=1:b5c5,2:d9b9,3:f5f7,4:i6i5,5:c7d5,6:f5f8,7:a6a5,8:b5a5|crit=0
L|2|MG_QT39|MT150|REF|move=b5a5|score=18|mate=-|depth=26|nodes=3452648|crit=0
L|2|MG_QT39|ANCH|SEL|move=b5c5|slotScore=0|top1=0|gap=0|rule=anchor|hit=above|slotUsed=1|seed=807375757|probs=cap=undefined,mcap=NaN,p=0,cls=normal,legal=43,accN=1,bandN=0,gaps=1:0|depth=30|nodes=3567822|slots=1:0|smoves=1:b5c5|crit=0
L|2|MG_QT39|ANCH|REF|move=b5c5|score=0|mate=-|depth=31|nodes=3463813|crit=0
PROG|2|MG_QT39
L|2|MG_QH01|ANCHOR|move=d0e1|score=2|mate=-|depth=23|nodes=3374317|crit=0
L|2|MG_QH01|CAP0|SEL|move=d0e1|slotScore=3|top1=3|gap=0|rule=tier|hit=above|slotUsed=1|seed=192662504|probs=cap=0,mcap=200,p=0,cls=normal,legal=33,accN=2,bandN=6,gaps=1:0,2:0,3:5,4:5,5:16,6:19,7:19,8:27|depth=12|nodes=539414|slots=1:3,2:3,3:-2,4:-2,5:-13,6:-16,7:-16,8:-24|smoves=1:d0e1,2:c0a2,3:e3e4,4:g2f4,5:c2b0,6:b6g6,7:a0a1,8:c2e1|crit=0
L|2|MG_QH01|CAP0|REF|move=d0e1|score=-1|mate=-|depth=26|nodes=3528345|crit=0
L|2|MG_QH01|CAP25|SEL|move=c2b0|slotScore=-15|top1=4|gap=19|rule=tier|hit=cap|slotUsed=6|seed=4101882529|probs=cap=25,mcap=225,p=0,cls=normal,legal=33,accN=7,bandN=1,gaps=1:0,2:4,3:4,4:6,5:11,6:19,7:19,8:26|depth=13|nodes=574626|slots=1:4,2:0,3:0,4:-2,5:-7,6:-15,7:-15,8:-22|smoves=1:e3e4,2:d0e1,3:c0a2,4:g2f4,5:b6g6,6:c2b0,7:a0a1,8:c2e1|crit=0
L|2|MG_QH01|CAP25|REF|move=c2b0|score=21|mate=-|depth=23|nodes=3336697|crit=0
L|2|MG_QH01|CAP50|SEL|move=c2e1|slotScore=-19|top1=0|gap=19|rule=tier|hit=cap|slotUsed=7|seed=4051205713|probs=cap=50,mcap=250,p=0,cls=normal,legal=33,accN=8,bandN=0,gaps=1:0,2:0,3:2,4:3,5:5,6:18,7:19,8:19|depth=12|nodes=568585|slots=1:0,2:0,3:-2,4:-3,5:-5,6:-18,7:-19,8:-19|smoves=1:b6g6,2:e3e4,3:d0e1,4:c0a2,5:g2f4,6:c2b0,7:c2e1,8:a0a1|crit=0
L|2|MG_QH01|CAP50|REF|move=c2e1|score=23|mate=-|depth=24|nodes=3331954|crit=0
L|2|MG_QH01|CAP80|SEL|move=e2f2|slotScore=-27|top1=8|gap=35|rule=tier|hit=cap|slotUsed=8|seed=1939115636|probs=cap=80,mcap=280,p=0,cls=normal,legal=33,accN=8,bandN=0,gaps=1:0,2:3,3:4,4:4,5:13,6:20,7:28,8:35|depth=12|nodes=576669|slots=1:8,2:5,3:4,4:4,5:-5,6:-12,7:-20,8:-27|smoves=1:e3e4,2:d0e1,3:c0a2,4:b6g6,5:g2f4,6:a0a1,7:c2b0,8:e2f2|crit=0
L|2|MG_QH01|CAP80|REF|move=e2f2|score=51|mate=-|depth=23|nodes=3536814|crit=0
L|2|MG_QH01|CAP150|SEL|move=a0a1|slotScore=-18|top1=5|gap=23|rule=tier|hit=cap|slotUsed=8|seed=2873751258|probs=cap=150,mcap=350,p=0,cls=normal,legal=33,accN=8,bandN=0,gaps=1:0,2:2,3:5,4:8,5:7,6:13,7:20,8:23|depth=13|nodes=556711|slots=1:5,2:3,3:0,4:-3,5:-2,6:-8,7:-15,8:-18|smoves=1:e3e4,2:b6g6,3:g2f4,4:d0e1,5:c0a2,6:c2b0,7:c2e1,8:a0a1|crit=0
L|2|MG_QH01|CAP150|REF|move=a0a1|score=11|mate=-|depth=25|nodes=3389462|crit=0
L|2|MG_QH01|P10|SEL|move=i3i4|slotScore=-15|top1=5|gap=20|rule=tier|hit=bmiss|slotUsed=8|seed=1821989897|probs=cap=80,mcap=280,p=0.1,cls=normal,legal=33,accN=8,bandN=0,gaps=1:0,2:1,3:1,4:3,5:3,6:12,7:17,8:20,band=0|depth=12|nodes=566521|slots=1:5,2:4,3:4,4:2,5:2,6:-7,7:-12,8:-15|smoves=1:g2f4,2:d0e1,3:e3e4,4:b6g6,5:c0a2,6:c2b0,7:a0a1,8:i3i4|crit=0
L|2|MG_QH01|P10|REF|move=i3i4|score=20|mate=-|depth=21|nodes=3199932|crit=0
L|2|MG_QH01|P25|SEL|move=c2e1|slotScore=-21|top1=9|gap=30|rule=tier|hit=cap|slotUsed=8|seed=4287690157|probs=cap=80,mcap=280,p=0.25,cls=normal,legal=33,accN=8,bandN=0,gaps=1:0,2:4,3:4,4:6,5:8,6:21,7:22,8:30|depth=13|nodes=597091|slots=1:9,2:5,3:5,4:3,5:1,6:-12,7:-13,8:-21|smoves=1:e3e4,2:c0a2,3:d0e1,4:g2f4,5:b6g6,6:c2b0,7:a0a1,8:c2e1|crit=0
L|2|MG_QH01|P25|REF|move=c2e1|score=25|mate=-|depth=25|nodes=3395969|crit=0
L|2|MG_QH01|P50|SEL|move=c2e1|slotScore=-18|top1=9|gap=27|rule=tier|hit=cap|slotUsed=8|seed=77810349|probs=cap=80,mcap=280,p=0.5,cls=normal,legal=33,accN=8,bandN=0,gaps=1:0,2:4,3:6,4:9,5:12,6:22,7:24,8:27|depth=12|nodes=544772|slots=1:9,2:5,3:3,4:0,5:-3,6:-13,7:-15,8:-18|smoves=1:c0a2,2:d0e1,3:e3e4,4:g2f4,5:b6g6,6:a0a1,7:c2b0,8:c2e1|crit=0
L|2|MG_QH01|P50|REF|move=c2e1|score=22|mate=-|depth=22|nodes=3296730|crit=0
L|2|MG_QH01|G10|SEL|move=a0a1|slotScore=-16|top1=5|gap=21|rule=tier|hit=cap|slotUsed=7|seed=875495840|probs=cap=25,mcap=225,p=0.1,cls=normal,legal=33,accN=7,bandN=1,gaps=1:0,2:0,3:3,4:5,5:9,6:20,7:21,8:32|depth=12|nodes=512700|slots=1:5,2:5,3:2,4:0,5:-4,6:-15,7:-16,8:-27|smoves=1:e3e4,2:d0e1,3:g2f4,4:c0a2,5:b6g6,6:c2b0,7:a0a1,8:i3i4|crit=0
L|2|MG_QH01|G10|REF|move=a0a1|score=7|mate=-|depth=26|nodes=3352266|crit=0
L|2|MG_QH01|HRD|SEL|move=c2e1|slotScore=-19|top1=5|gap=24|rule=tier|hit=cap|slotUsed=8|seed=2249692150|probs=cap=80,mcap=280,p=0.25,cls=normal,legal=33,accN=8,bandN=0,gaps=1:0,2:1,3:7,4:6,5:10,6:17,7:23,8:24|depth=13|nodes=542708|slots=1:5,2:4,3:-2,4:-1,5:-5,6:-12,7:-18,8:-19|smoves=1:d0e1,2:c0a2,3:e3e4,4:b6g6,5:g2f4,6:a0a1,7:c2b0,8:c2e1|crit=0
L|2|MG_QH01|HRD|REF|move=c2e1|score=19|mate=-|depth=23|nodes=3114530|crit=0
L|2|MG_QH01|MT150|SEL|move=c2e1|slotScore=-20|top1=9|gap=29|rule=tier|hit=cap|slotUsed=8|seed=1044331829|probs=cap=80,mcap=280,p=0,cls=normal,legal=33,accN=8,bandN=0,gaps=1:0,2:0,3:8,4:10,5:11,6:18,7:19,8:29|depth=11|nodes=276152|slots=1:9,2:9,3:1,4:-1,5:-2,6:-9,7:-10,8:-20|smoves=1:d0e1,2:c0a2,3:e3e4,4:g2f4,5:b6g6,6:c2b0,7:a0a1,8:c2e1|crit=0
L|2|MG_QH01|MT150|REF|move=c2e1|score=22|mate=-|depth=24|nodes=2951797|crit=0
L|2|MG_QH01|ANCH|SEL|move=d0e1|slotScore=2|top1=2|gap=0|rule=anchor|hit=above|slotUsed=1|seed=3498501176|probs=cap=undefined,mcap=NaN,p=0,cls=normal,legal=33,accN=1,bandN=0,gaps=1:0|depth=23|nodes=3374317|slots=1:2|smoves=1:d0e1|crit=0
L|2|MG_QH01|ANCH|REF|move=d0e1|score=-1|mate=-|depth=26|nodes=3372440|crit=0
PROG|2|MG_QH01
L|2|MG_QB3|ANCHOR|move=a0b0|score=337|mate=-|depth=21|nodes=3054019|crit=0
L|2|MG_QB3|CAP0|SEL|move=a0b0|slotScore=311|top1=311|gap=0|rule=tier|hit=above|slotUsed=1|seed=2535360038|probs=cap=0,mcap=200,p=0,cls=normal,legal=39,accN=1,bandN=7,gaps=1:0,2:20,3:53,4:84,5:89,6:99,7:110,8:117|depth=11|nodes=620438|slots=1:311,2:291,3:258,4:227,5:222,6:212,7:201,8:194|smoves=1:a0b0,2:i1h1,3:c4a4,4:d1f2,5:h0h1,6:c4f4,7:c4i4,8:c4b4|crit=0
L|2|MG_QB3|CAP0|REF|move=a0b0|score=-337|mate=-|depth=20|nodes=3057856|crit=0
L|2|MG_QB3|CAP25|SEL|move=a0b0|slotScore=334|top1=334|gap=0|rule=tier|hit=above|slotUsed=1|seed=4074304047|probs=cap=25,mcap=225,p=0,cls=normal,legal=39,accN=1,bandN=7,gaps=1:0,2:51,3:58,4:78,5:107,6:116,7:139,8:139|depth=10|nodes=592591|slots=1:334,2:283,3:276,4:256,5:227,6:218,7:195,8:195|smoves=1:a0b0,2:i1h1,3:c4a4,4:c4i4,5:c4f4,6:d1f2,7:c4b4,8:h0h1|crit=0
L|2|MG_QB3|CAP25|REF|move=a0b0|score=-331|mate=-|depth=21|nodes=3073087|crit=0
L|2|MG_QB3|CAP50|SEL|move=i1h1|slotScore=298|top1=331|gap=33|rule=tier|hit=cap|slotUsed=2|seed=4023197043|probs=cap=50,mcap=250,p=0,cls=normal,legal=39,accN=2,bandN=6,gaps=1:0,2:33,3:73,4:111,5:118,6:123,7:124,8:128|depth=11|nodes=592409|slots=1:331,2:298,3:258,4:220,5:213,6:208,7:207,8:203|smoves=1:a0b0,2:i1h1,3:c4a4,4:c4i4,5:c4f4,6:c4b4,7:d1f2,8:i1f1|crit=0
L|2|MG_QB3|CAP50|REF|move=i1h1|score=-398|mate=-|depth=20|nodes=3565113|crit=0
L|2|MG_QB3|CAP80|SEL|move=c4a4|slotScore=271|top1=329|gap=58|rule=tier|hit=cap|slotUsed=3|seed=4058643222|probs=cap=80,mcap=280,p=0,cls=normal,legal=39,accN=3,bandN=5,gaps=1:0,2:12,3:58,4:92,5:103,6:113,7:133,8:138|depth=11|nodes=638738|slots=1:329,2:317,3:271,4:237,5:226,6:216,7:196,8:191|smoves=1:a0b0,2:i1h1,3:c4a4,4:c4i4,5:c4f4,6:c4b4,7:i1f1,8:d1f2|crit=0
L|2|MG_QB3|CAP80|REF|move=c4a4|score=-262|mate=-|depth=17|nodes=3210748|crit=0
L|2|MG_QB3|CAP150|SEL|move=h0h1|slotScore=179|top1=316|gap=137|rule=tier|hit=cap|slotUsed=8|seed=2242670592|probs=cap=150,mcap=350,p=0,cls=normal,legal=39,accN=8,bandN=0,gaps=1:0,2:29,3:68,4:76,5:109,6:113,7:117,8:137|depth=11|nodes=574614|slots=1:316,2:287,3:248,4:240,5:207,6:203,7:199,8:179|smoves=1:a0b0,2:i1h1,3:c4a4,4:c4i4,5:c4f4,6:c4b4,7:d1f2,8:h0h1|crit=0
L|2|MG_QB3|CAP150|REF|move=h0h1|score=-79|mate=-|depth=18|nodes=3275554|crit=0
L|2|MG_QB3|P10|SEL|move=c4i4|slotScore=237|top1=298|gap=61|rule=tier|hit=cap|slotUsed=4|seed=263764175|probs=cap=80,mcap=280,p=0.1,cls=normal,legal=39,accN=4,bandN=4,gaps=1:0,2:19,3:28,4:61,5:93,6:107,7:116,8:116|depth=11|nodes=569942|slots=1:298,2:279,3:270,4:237,5:205,6:191,7:182,8:182|smoves=1:a0b0,2:i1h1,3:c4a4,4:c4i4,5:c4f4,6:c4b4,7:h0h1,8:i1f1|crit=0
L|2|MG_QB3|P10|REF|move=c4i4|score=-229|mate=-|depth=20|nodes=3344174|crit=0
L|2|MG_QB3|P25|SEL|move=c4a4|slotScore=259|top1=313|gap=54|rule=tier|hit=cap|slotUsed=3|seed=2596131111|probs=cap=80,mcap=280,p=0.25,cls=normal,legal=39,accN=3,bandN=5,gaps=1:0,2:7,3:54,4:86,5:96,6:102,7:117,8:130|depth=11|nodes=600423|slots=1:313,2:306,3:259,4:227,5:217,6:211,7:196,8:183|smoves=1:a0b0,2:i1h1,3:c4a4,4:c4f4,5:c4i4,6:d1f2,7:d1b2,8:c4b4|crit=0
L|2|MG_QB3|P25|REF|move=c4a4|score=-290|mate=-|depth=18|nodes=3348071|crit=0
L|2|MG_QB3|P50|SEL|move=c4f4|slotScore=210|top1=329|gap=119|rule=tier|hit=rand|slotUsed=4|seed=2544763275|probs=cap=80,mcap=280,p=0.5,cls=normal,legal=39,accN=3,bandN=5,gaps=1:0,2:57,3:62,4:119,5:119,6:125,7:117,8:144,wouldBe=3,agap=119|depth=10|nodes=542990|slots=1:329,2:272,3:267,4:210,5:210,6:204,7:212,8:185|smoves=1:a0b0,2:i1h1,3:c4a4,4:c4f4,5:c4i4,6:c4b4,7:d1f2,8:c4d4|crit=0
L|2|MG_QB3|P50|REF|move=c4f4|score=-169|mate=-|depth=20|nodes=3225290|crit=0
L|2|MG_QB3|G10|SEL|move=a0b0|slotScore=308|top1=308|gap=0|rule=tier|hit=above|slotUsed=1|seed=3596828850|probs=cap=25,mcap=225,p=0.1,cls=normal,legal=39,accN=1,bandN=7,gaps=1:0,2:35,3:52,4:101,5:115,6:115,7:109,8:123|depth=10|nodes=598226|slots=1:308,2:273,3:256,4:207,5:193,6:193,7:199,8:185|smoves=1:a0b0,2:i1h1,3:c4a4,4:c4i4,5:d1f2,6:c4f4,7:c4b4,8:c4d4|crit=0
L|2|MG_QB3|G10|REF|move=a0b0|score=-393|mate=-|depth=19|nodes=3450028|crit=0
L|2|MG_QB3|HRD|SEL|move=c4a4|slotScore=283|top1=320|gap=37|rule=tier|hit=cap|slotUsed=3|seed=868399480|probs=cap=80,mcap=280,p=0.25,cls=normal,legal=39,accN=3,bandN=5,gaps=1:0,2:8,3:37,4:120,5:128,6:130,7:131,8:148|depth=11|nodes=563330|slots=1:320,2:312,3:283,4:200,5:192,6:190,7:189,8:172|smoves=1:a0b0,2:i1h1,3:c4a4,4:c4b4,5:d1f2,6:c4f4,7:c4i4,8:i1f1|crit=0
L|2|MG_QB3|HRD|REF|move=c4a4|score=-298|mate=-|depth=19|nodes=3136381|crit=0
L|2|MG_QB3|MT150|SEL|move=c4a4|slotScore=270|top1=312|gap=42|rule=tier|hit=cap|slotUsed=3|seed=2930611059|probs=cap=80,mcap=280,p=0,cls=normal,legal=39,accN=3,bandN=5,gaps=1:0,2:38,3:42,4:101,5:101,6:112,7:128,8:130|depth=10|nodes=326262|slots=1:312,2:274,3:270,4:211,5:211,6:200,7:184,8:182|smoves=1:a0b0,2:i1h1,3:c4a4,4:c4f4,5:d1f2,6:c4i4,7:i1f1,8:c4b4|crit=0
L|2|MG_QB3|MT150|REF|move=c4a4|score=-310|mate=-|depth=19|nodes=3193919|crit=0
L|2|MG_QB3|ANCH|SEL|move=a0b0|slotScore=337|top1=337|gap=0|rule=anchor|hit=above|slotUsed=1|seed=527907858|probs=cap=undefined,mcap=NaN,p=0,cls=normal,legal=39,accN=1,bandN=0,gaps=1:0|depth=21|nodes=3054019|slots=1:337|smoves=1:a0b0|crit=0
L|2|MG_QB3|ANCH|REF|move=a0b0|score=-349|mate=-|depth=19|nodes=3103737|crit=0
PROG|2|MG_QB3
L|2|MG_QB9|ANCHOR|move=a6b6|score=589|mate=-|depth=20|nodes=2864671|crit=0
L|2|MG_QB9|CAP0|SEL|move=a6b6|slotScore=583|top1=583|gap=0|rule=tier|hit=above|slotUsed=1|seed=2817958800|probs=cap=0,mcap=200,p=0,cls=normal,legal=41,accN=1,bandN=7,gaps=1:0,2:10,3:19,4:30,5:30,6:44,7:67,8:69|depth=12|nodes=458192|slots=1:583,2:573,3:564,4:553,5:553,6:539,7:516,8:514|smoves=1:a6b6,2:c6c5,3:i8d8,4:i8f8,5:e3e5,6:i7e7,7:a6a8,8:i8b8|crit=0
L|2|MG_QB9|CAP0|REF|move=a6b6|score=-577|mate=-|depth=21|nodes=2836797|crit=0
L|2|MG_QB9|CAP25|SEL|move=c6c5|slotScore=563|top1=573|gap=10|rule=tier|hit=cap|slotUsed=3|seed=84038745|probs=cap=25,mcap=225,p=0,cls=normal,legal=41,accN=3,bandN=5,gaps=1:0,2:9,3:10,4:28,5:38,6:26,7:53,8:59|depth=11|nodes=472278|slots=1:573,2:564,3:563,4:545,5:535,6:547,7:520,8:514|smoves=1:a6b6,2:i8d8,3:c6c5,4:i7e7,5:i8f8,6:e3e5,7:h9g7,8:i6i5|crit=0
L|2|MG_QB9|CAP25|REF|move=c6c5|score=-580|mate=-|depth=22|nodes=2814442|crit=0
L|2|MG_QB9|CAP50|SEL|move=e3e5|slotScore=540|top1=587|gap=47|rule=tier|hit=cap|slotUsed=6|seed=33558793|probs=cap=50,mcap=250,p=0,cls=normal,legal=41,accN=6,bandN=2,gaps=1:0,2:13,3:22,4:23,5:44,6:47,7:51,8:88|depth=11|nodes=412816|slots=1:587,2:574,3:565,4:564,5:543,6:540,7:536,8:499|smoves=1:a6b6,2:c6c5,3:i8f8,4:i8d8,5:i7e7,6:e3e5,7:a6a8,8:i7d7|crit=0
L|2|MG_QB9|CAP50|REF|move=e3e5|score=-569|mate=-|depth=21|nodes=2796437|crit=0
L|2|MG_QB9|CAP80|SEL|move=i8b8|slotScore=516|top1=582|gap=66|rule=tier|hit=cap|slotUsed=8|seed=2213811900|probs=cap=80,mcap=280,p=0,cls=normal,legal=41,accN=8,bandN=0,gaps=1:0,2:1,3:26,4:30,5:39,6:54,7:60,8:66|depth=11|nodes=474150|slots=1:582,2:581,3:556,4:552,5:543,6:528,7:522,8:516|smoves=1:c6c5,2:a6b6,3:i8f8,4:i8d8,5:e3e5,6:i7e7,7:a6a8,8:i8b8|crit=0
L|2|MG_QB9|CAP80|REF|move=i8b8|score=-537|mate=-|depth=21|nodes=2944135|crit=0
L|2|MG_QB9|CAP150|SEL|move=h9g7|slotScore=520|top1=581|gap=61|rule=tier|hit=cap|slotUsed=8|seed=419981666|probs=cap=150,mcap=350,p=0,cls=normal,legal=41,accN=8,bandN=0,gaps=1:0,2:11,3:23,4:26,5:32,6:35,7:51,8:61|depth=10|nodes=426816|slots=1:581,2:570,3:558,4:555,5:549,6:546,7:530,8:520|smoves=1:c6c5,2:a6b6,3:i8d8,4:e3e5,5:i7e7,6:i8f8,7:a6a8,8:h9g7|crit=0
L|2|MG_QB9|CAP150|REF|move=h9g7|score=-537|mate=-|depth=21|nodes=2918340|crit=0
L|2|MG_QB9|P10|SEL|move=h9g7|slotScore=519|top1=593|gap=74|rule=tier|hit=cap|slotUsed=7|seed=558665473|probs=cap=80,mcap=280,p=0.1,cls=normal,legal=41,accN=8,bandN=0,gaps=1:0,2:8,3:29,4:38,5:44,6:59,7:74,8:70|depth=11|nodes=471858|slots=1:593,2:585,3:564,4:555,5:549,6:534,7:519,8:523|smoves=1:a6b6,2:c6c5,3:i8d8,4:e3e5,5:i8f8,6:i7e7,7:h9g7,8:a6a8|crit=0
L|2|MG_QB9|P10|REF|move=h9g7|score=-539|mate=-|depth=20|nodes=2884716|crit=0
L|2|MG_QB9|P25|SEL|move=i8h8|slotScore=522|top1=576|gap=54|rule=tier|hit=cap|slotUsed=5|seed=2487546181|probs=cap=80,mcap=280,p=0.25,cls=normal,legal=41,accN=8,bandN=0,gaps=1:0,2:33,3:34,4:53,5:54,6:1,7:6,8:22|depth=12|nodes=467455|slots=1:576,2:543,3:542,4:523,5:522,6:575,7:570,8:554|smoves=1:c6c5,2:i7e7,3:i8f8,4:h9g7,5:i8h8,6:a6b6,7:i8d8,8:e3e5|crit=0
L|2|MG_QB9|P25|REF|move=i8h8|score=-546|mate=-|depth=25|nodes=2814587|crit=0
L|2|MG_QB9|P50|SEL|move=i8h8|slotScore=525|top1=589|gap=64|rule=tier|hit=cap|slotUsed=8|seed=2572633669|probs=cap=80,mcap=280,p=0.5,cls=normal,legal=41,accN=8,bandN=0,gaps=1:0,2:17,3:21,4:37,5:48,6:49,7:57,8:64|depth=11|nodes=463608|slots=1:589,2:572,3:568,4:552,5:541,6:540,7:532,8:525|smoves=1:a6b6,2:i8d8,3:c6c5,4:i8f8,5:e3e5,6:i7e7,7:a6a8,8:i8h8|crit=0
L|2|MG_QB9|P50|REF|move=i8h8|score=-551|mate=-|depth=23|nodes=2853713|crit=0
L|2|MG_QB9|G10|SEL|move=i8d8|slotScore=560|top1=584|gap=24|rule=tier|hit=cap|slotUsed=3|seed=3370384728|probs=cap=25,mcap=225,p=0.1,cls=normal,legal=41,accN=3,bandN=5,gaps=1:0,2:5,3:24,4:32,5:46,6:56,7:58,8:61|depth=11|nodes=459455|slots=1:584,2:579,3:560,4:552,5:538,6:528,7:526,8:523|smoves=1:c6c5,2:a6b6,3:i8d8,4:i8f8,5:e3e5,6:i7e7,7:h9g7,8:i8h8|crit=0
L|2|MG_QB9|G10|REF|move=i8d8|score=-603|mate=-|depth=20|nodes=2859335|crit=0
L|2|MG_QB9|HRD|SEL|move=a6a8|slotScore=525|top1=594|gap=69|rule=tier|hit=cap|slotUsed=8|seed=2281264478|probs=cap=80,mcap=280,p=0.25,cls=normal,legal=41,accN=8,bandN=0,gaps=1:0,2:14,3:16,4:43,5:45,6:56,7:58,8:69|depth=11|nodes=454547|slots=1:594,2:580,3:578,4:551,5:549,6:538,7:536,8:525|smoves=1:a6b6,2:i8d8,3:c6c5,4:e3e5,5:i8f8,6:i8h8,7:i7e7,8:a6a8|crit=0
L|2|MG_QB9|HRD|REF|move=a6a8|score=-540|mate=-|depth=20|nodes=2933228|crit=0
L|2|MG_QB9|MT150|SEL|move=i8b8|slotScore=529|top1=581|gap=52|rule=tier|hit=cap|slotUsed=8|seed=2001412061|probs=cap=80,mcap=280,p=0,cls=normal,legal=41,accN=8,bandN=0,gaps=1:0,2:12,3:16,4:17,5:27,6:43,7:44,8:52|depth=11|nodes=224133|slots=1:581,2:569,3:565,4:564,5:554,6:538,7:537,8:529|smoves=1:a6b6,2:i8d8,3:c6c5,4:i8f8,5:e3e5,6:a6a8,7:i7e7,8:i8b8|crit=0
L|2|MG_QB9|MT150|REF|move=i8b8|score=-542|mate=-|depth=22|nodes=2888032|crit=0
L|2|MG_QB9|ANCH|SEL|move=a6b6|slotScore=589|top1=589|gap=0|rule=anchor|hit=above|slotUsed=1|seed=3944649312|probs=cap=undefined,mcap=NaN,p=0,cls=normal,legal=41,accN=1,bandN=0,gaps=1:0|depth=20|nodes=2864671|slots=1:589|smoves=1:a6b6|crit=0
L|2|MG_QB9|ANCH|REF|move=a6b6|score=-593|mate=-|depth=23|nodes=2914804|crit=0
PROG|2|MG_QB9
DRV DONE positions=17 round=2
