DRV: not isolated, registering SW (try 0)
DRV: not isolated, registering SW (try 1)
DRV: isolated ok, task=task_tier_r5.json
TIMING|importScripts|ms=5.139999985694885
TIMING|module|ms=42.05999994277954
TIMING|net|ms=166.21999990940094|bytes=50706378
TIMING|fs-write|ms=178.8049999475479|bytes=50706378
NET|bytes=50706378
TIMING|initialize|ms=550.9199999570847
HEAP|ready|bytes=322174976
DRV: engine ready
L|5|OP00|ANCHOR|move=b2e2|score=27|mate=-|depth=21|nodes=2900503|crit=0
L|5|OP00|M300M8|SEL|move=g3g4|slotScore=28|top1=28|gap=0|rule=tier|hit=above|slotUsed=1|seed=4152407073|probs=cap=0,mcap=200,p=0,cls=opening,legal=44,accN=1,bandN=7,gaps=1:0,2:2,3:2,4:2,5:2,6:3,7:5,8:14|depth=13|nodes=565269|slots=1:28,2:26,3:26,4:26,5:26,6:25,7:23,8:14|smoves=1:g3g4,2:b0c2,3:c3c4,4:h2e2,5:b2e2,6:h0g2,7:h2f2,8:h2i2|crit=0
L|5|OP00|M300M8|REF|move=g3g4|score=-18|mate=-|depth=24|nodes=3580957|crit=0
HEAP|5|OP00|M300M8|bytes=573571072
L|5|OP00|M1000|SEL|move=b2e2|slotScore=27|top1=27|gap=0|rule=tier|hit=above|slotUsed=1|seed=1412175620|probs=cap=0,mcap=200,p=0,cls=opening,legal=44,accN=1,bandN=0,gaps=1:0|depth=20|nodes=1626918|slots=1:27|smoves=1:b2e2|crit=0
L|5|OP00|M1000|REF|move=b2e2|score=-21|mate=-|depth=23|nodes=3358139|crit=0
HEAP|5|OP00|M1000|bytes=573571072
L|5|OP00|M2000|SEL|move=c3c4|slotScore=23|top1=23|gap=0|rule=tier|hit=above|slotUsed=1|seed=2061301527|probs=cap=0,mcap=200,p=0,cls=opening,legal=44,accN=1,bandN=0,gaps=1:0|depth=22|nodes=3182161|slots=1:23|smoves=1:c3c4|crit=0
L|5|OP00|M2000|REF|move=c3c4|score=-24|mate=-|depth=24|nodes=3138139|crit=0
HEAP|5|OP00|M2000|bytes=573571072
L|5|OP00|M4000|SEL|move=c3c4|slotScore=20|top1=20|gap=0|rule=tier|hit=above|slotUsed=1|seed=83896497|probs=cap=0,mcap=200,p=0,cls=opening,legal=44,accN=1,bandN=0,gaps=1:0|depth=24|nodes=6480598|slots=1:20|smoves=1:c3c4|crit=0
L|5|OP00|M4000|REF|move=c3c4|score=-23|mate=-|depth=23|nodes=3575346|crit=0
HEAP|5|OP00|M4000|bytes=573571072
L|5|OP00|M6000|SEL|move=b2e2|slotScore=21|top1=21|gap=0|rule=tier|hit=above|slotUsed=1|seed=3199620755|probs=cap=0,mcap=200,p=0,cls=opening,legal=44,accN=1,bandN=0,gaps=1:0|depth=27|nodes=9859114|slots=1:21|smoves=1:b2e2|crit=0
L|5|OP00|M6000|REF|move=b2e2|score=-19|mate=-|depth=25|nodes=3306900|crit=0
HEAP|5|OP00|M6000|bytes=573571072
L|5|OP00|M8000|SEL|move=h2e2|slotScore=21|top1=21|gap=0|rule=tier|hit=above|slotUsed=1|seed=2080204029|probs=cap=0,mcap=200,p=0,cls=opening,legal=44,accN=1,bandN=0,gaps=1:0|depth=28|nodes=12713941|slots=1:21|smoves=1:h2e2|crit=0
L|5|OP00|M8000|REF|move=h2e2|score=-21|mate=-|depth=24|nodes=3307868|crit=0
HEAP|5|OP00|M8000|bytes=573571072
L|5|OP00|ANCH|SEL|move=b2e2|slotScore=27|top1=27|gap=0|rule=anchor|hit=above|slotUsed=1|seed=990685144|probs=cap=undefined,mcap=NaN,p=0,cls=opening,legal=44,accN=1,bandN=0,gaps=1:0|depth=21|nodes=2900503|slots=1:27|smoves=1:b2e2|crit=0
L|5|OP00|ANCH|REF|move=b2e2|score=-24|mate=-|depth=24|nodes=3403150|crit=0
HEAP|5|OP00|ANCH|bytes=573571072
PROG|5|OP00
L|5|OP06|ANCHOR|move=h2b2|score=123|mate=-|depth=21|nodes=3619662|crit=0
L|5|OP06|M300M8|SEL|move=h2b2|slotScore=118|top1=118|gap=0|rule=tier|hit=above|slotUsed=1|seed=1303084907|probs=cap=0,mcap=200,p=0,cls=opening,legal=33,accN=1,bandN=4,gaps=1:0,2:30,3:139,4:187,5:194,6:245,7:274,8:275|depth=12|nodes=616683|slots=1:118,2:88,3:-21,4:-69,5:-76,6:-127,7:-156,8:-157|smoves=1:h2b2,2:b9b8,3:b9d9,4:i0h0,5:h2e2,6:h2g2,7:i3i4,8:h2f2|crit=0
L|5|OP06|M300M8|REF|move=h2b2|score=-127|mate=-|depth=21|nodes=3448041|crit=0
HEAP|5|OP06|M300M8|bytes=573571072
L|5|OP06|M1000|SEL|move=h2b2|slotScore=128|top1=128|gap=0|rule=tier|hit=above|slotUsed=1|seed=2442677526|probs=cap=0,mcap=200,p=0,cls=opening,legal=33,accN=1,bandN=0,gaps=1:0|depth=20|nodes=1745994|slots=1:128|smoves=1:h2b2|crit=0
L|5|OP06|M1000|REF|move=h2b2|score=-134|mate=-|depth=21|nodes=3419282|crit=0
HEAP|5|OP06|M1000|bytes=573571072
L|5|OP06|M2000|SEL|move=h2b2|slotScore=132|top1=132|gap=0|rule=tier|hit=above|slotUsed=1|seed=3776243077|probs=cap=0,mcap=200,p=0,cls=opening,legal=33,accN=1,bandN=0,gaps=1:0|depth=20|nodes=3515905|slots=1:132|smoves=1:h2b2|crit=0
L|5|OP06|M2000|REF|move=h2b2|score=-129|mate=-|depth=19|nodes=3428241|crit=0
HEAP|5|OP06|M2000|bytes=573571072
L|5|OP06|M4000|SEL|move=h2b2|slotScore=121|top1=121|gap=0|rule=tier|hit=above|slotUsed=1|seed=3756179043|probs=cap=0,mcap=200,p=0,cls=opening,legal=33,accN=1,bandN=0,gaps=1:0|depth=23|nodes=6766011|slots=1:121|smoves=1:h2b2|crit=0
L|5|OP06|M4000|REF|move=h2b2|score=-130|mate=-|depth=20|nodes=3662001|crit=0
HEAP|5|OP06|M4000|bytes=573571072
L|5|OP06|M6000|SEL|move=h2b2|slotScore=116|top1=116|gap=0|rule=tier|hit=above|slotUsed=1|seed=619595009|probs=cap=0,mcap=200,p=0,cls=opening,legal=33,accN=1,bandN=0,gaps=1:0|depth=26|nodes=10668277|slots=1:116|smoves=1:h2b2|crit=0
L|5|OP06|M6000|REF|move=h2b2|score=-123|mate=-|depth=21|nodes=3409677|crit=0
HEAP|5|OP06|M6000|bytes=573571072
L|5|OP06|M8000|SEL|move=h2b2|slotScore=123|top1=123|gap=0|rule=tier|hit=above|slotUsed=1|seed=3817167919|probs=cap=0,mcap=200,p=0,cls=opening,legal=33,accN=1,bandN=0,gaps=1:0|depth=26|nodes=13889940|slots=1:123|smoves=1:h2b2|crit=0
L|5|OP06|M8000|REF|move=h2b2|score=-124|mate=-|depth=21|nodes=3609012|crit=0
HEAP|5|OP06|M8000|bytes=573571072
L|5|OP06|ANCH|SEL|move=h2b2|slotScore=123|top1=123|gap=0|rule=anchor|hit=above|slotUsed=1|seed=1103758438|probs=cap=undefined,mcap=NaN,p=0,cls=opening,legal=33,accN=1,bandN=0,gaps=1:0|depth=21|nodes=3619662|slots=1:123|smoves=1:h2b2|crit=0
L|5|OP06|ANCH|REF|move=h2b2|score=-125|mate=-|depth=22|nodes=3519355|crit=0
HEAP|5|OP06|ANCH|bytes=573571072
PROG|5|OP06
L|5|OP08|ANCHOR|move=b9b7|score=165|mate=-|depth=23|nodes=3686210|crit=0
L|5|OP08|M300M8|SEL|move=b9b7|slotScore=150|top1=150|gap=0|rule=tier|hit=above|slotUsed=1|seed=3719313321|probs=cap=0,mcap=200,p=0,cls=opening,legal=44,accN=1,bandN=2,gaps=1:0,2:116,3:195,4:252,5:287,6:292,7:299,8:301|depth=15|nodes=659511|slots=1:150,2:34,3:-45,4:-102,5:-137,6:-142,7:-149,8:-151|smoves=1:b9b7,2:b9b4,3:b9d9,4:b9b5,5:b0d1,6:h2b2,7:i0h0,8:b9b6|crit=0
L|5|OP08|M300M8|REF|move=b9b7|score=-171|mate=-|depth=20|nodes=3232512|crit=0
HEAP|5|OP08|M300M8|bytes=573571072
L|5|OP08|M1000|SEL|move=b9b7|slotScore=155|top1=155|gap=0|rule=tier|hit=above|slotUsed=1|seed=2649746524|probs=cap=0,mcap=200,p=0,cls=opening,legal=44,accN=1,bandN=0,gaps=1:0|depth=22|nodes=1816686|slots=1:155|smoves=1:b9b7|crit=0
L|5|OP08|M1000|REF|move=b9b7|score=-142|mate=-|depth=22|nodes=3486123|crit=0
HEAP|5|OP08|M1000|bytes=573571072
L|5|OP08|M2000|SEL|move=b9b7|slotScore=169|top1=169|gap=0|rule=tier|hit=above|slotUsed=1|seed=821377583|probs=cap=0,mcap=200,p=0,cls=opening,legal=44,accN=1,bandN=0,gaps=1:0|depth=22|nodes=3415332|slots=1:169|smoves=1:b9b7|crit=0
L|5|OP08|M2000|REF|move=b9b7|score=-187|mate=-|depth=21|nodes=3612429|crit=0
HEAP|5|OP08|M2000|bytes=573571072
L|5|OP08|M4000|SEL|move=b9b7|slotScore=183|top1=183|gap=0|rule=tier|hit=above|slotUsed=1|seed=3937099785|probs=cap=0,mcap=200,p=0,cls=opening,legal=44,accN=1,bandN=0,gaps=1:0|depth=24|nodes=7437894|slots=1:183|smoves=1:b9b7|crit=0
L|5|OP08|M4000|REF|move=b9b7|score=-184|mate=-|depth=20|nodes=3620207|crit=0
HEAP|5|OP08|M4000|bytes=573571072
L|5|OP08|M6000|SEL|move=b9b7|slotScore=185|top1=185|gap=0|rule=tier|hit=above|slotUsed=1|seed=1959695787|probs=cap=0,mcap=200,p=0,cls=opening,legal=44,accN=1,bandN=0,gaps=1:0|depth=26|nodes=10620398|slots=1:185|smoves=1:b9b7|crit=0
L|5|OP08|M6000|REF|move=b9b7|score=-182|mate=-|depth=21|nodes=3559130|crit=0
HEAP|5|OP08|M6000|bytes=573571072
L|5|OP08|M8000|SEL|move=b9b7|slotScore=190|top1=190|gap=0|rule=tier|hit=above|slotUsed=1|seed=780452741|probs=cap=0,mcap=200,p=0,cls=opening,legal=44,accN=1,bandN=0,gaps=1:0|depth=27|nodes=14064596|slots=1:190|smoves=1:b9b7|crit=0
L|5|OP08|M8000|REF|move=b9b7|score=-181|mate=-|depth=21|nodes=3564604|crit=0
HEAP|5|OP08|M8000|bytes=573571072
L|5|OP08|ANCH|SEL|move=b9b7|slotScore=165|top1=165|gap=0|rule=anchor|hit=above|slotUsed=1|seed=2210298288|probs=cap=undefined,mcap=NaN,p=0,cls=opening,legal=44,accN=1,bandN=0,gaps=1:0|depth=23|nodes=3686210|slots=1:165|smoves=1:b9b7|crit=0
L|5|OP08|ANCH|REF|move=b9b7|score=-184|mate=-|depth=21|nodes=3525966|crit=0
HEAP|5|OP08|ANCH|bytes=573571072
PROG|5|OP08
L|5|MG_QT01|ANCHOR|move=c7b9|score=-31|mate=-|depth=27|nodes=3567565|crit=0
L|5|MG_QT01|M300M8|SEL|move=c7b9|slotScore=-34|top1=-34|gap=0|rule=tier|hit=above|slotUsed=1|seed=732554461|probs=cap=0,mcap=200,p=0,cls=hard,legal=30,accN=1,bandN=0,gaps=1:0,2:528,3:574,4:575,5:585,6:586,7:587,8:588|depth=15|nodes=547376|slots=1:-34,2:-562,3:-608,4:-609,5:-619,6:-620,7:-621,8:-622|smoves=1:c7b9,2:h9g7,3:f9e8,4:c6c5,5:a6a5,6:h9i7,7:i6i5,8:g5g4|crit=0
L|5|MG_QT01|M300M8|REF|move=c7b9|score=23|mate=-|depth=25|nodes=3504867|crit=0
HEAP|5|MG_QT01|M300M8|bytes=573571072
L|5|MG_QT01|M1000|SEL|move=c7b9|slotScore=-36|top1=-36|gap=0|rule=tier|hit=above|slotUsed=1|seed=2701535184|probs=cap=0,mcap=200,p=0,cls=normal,legal=30,accN=1,bandN=0,gaps=1:0|depth=24|nodes=1801239|slots=1:-36|smoves=1:c7b9|crit=0
L|5|MG_QT01|M1000|REF|move=c7b9|score=30|mate=-|depth=27|nodes=3597514|crit=0
HEAP|5|MG_QT01|M1000|bytes=573571072
L|5|MG_QT01|M2000|SEL|move=c7b9|slotScore=-34|top1=-34|gap=0|rule=tier|hit=above|slotUsed=1|seed=3026019651|probs=cap=0,mcap=200,p=0,cls=normal,legal=30,accN=1,bandN=0,gaps=1:0|depth=27|nodes=3436109|slots=1:-34|smoves=1:c7b9|crit=0
L|5|MG_QT01|M2000|REF|move=c7b9|score=35|mate=-|depth=26|nodes=3443149|crit=0
HEAP|5|MG_QT01|M2000|bytes=573571072
L|5|MG_QT01|M4000|SEL|move=c7b9|slotScore=-33|top1=-33|gap=0|rule=tier|hit=above|slotUsed=1|seed=3066945509|probs=cap=0,mcap=200,p=0,cls=normal,legal=30,accN=1,bandN=0,gaps=1:0|depth=30|nodes=6988300|slots=1:-33|smoves=1:c7b9|crit=0
L|5|MG_QT01|M4000|REF|move=c7b9|score=40|mate=-|depth=27|nodes=3443407|crit=0
HEAP|5|MG_QT01|M4000|bytes=573571072
L|5|MG_QT01|M6000|SEL|move=c7b9|slotScore=-31|top1=-31|gap=0|rule=tier|hit=above|slotUsed=1|seed=1887634887|probs=cap=0,mcap=200,p=0,cls=normal,legal=30,accN=1,bandN=0,gaps=1:0|depth=30|nodes=10128294|slots=1:-31|smoves=1:c7b9|crit=0
L|5|MG_QT01|M6000|REF|move=c7b9|score=36|mate=-|depth=26|nodes=3190262|crit=0
HEAP|5|MG_QT01|M6000|bytes=573571072
L|5|MG_QT01|M8000|SEL|move=c7b9|slotScore=-29|top1=-29|gap=0|rule=tier|hit=above|slotUsed=1|seed=1928363113|probs=cap=0,mcap=200,p=0,cls=normal,legal=30,accN=1,bandN=0,gaps=1:0|depth=32|nodes=13763237|slots=1:-29|smoves=1:c7b9|crit=0
L|5|MG_QT01|M8000|REF|move=c7b9|score=33|mate=-|depth=26|nodes=3549314|crit=0
HEAP|5|MG_QT01|M8000|bytes=573571072
L|5|MG_QT01|ANCH|SEL|move=c7b9|slotScore=-31|top1=-31|gap=0|rule=anchor|hit=above|slotUsed=1|seed=979259436|probs=cap=undefined,mcap=NaN,p=0,cls=normal,legal=30,accN=1,bandN=0,gaps=1:0|depth=27|nodes=3567565|slots=1:-31|smoves=1:c7b9|crit=0
L|5|MG_QT01|ANCH|REF|move=c7b9|score=32|mate=-|depth=24|nodes=3495382|crit=0
HEAP|5|MG_QT01|ANCH|bytes=573571072
PROG|5|MG_QT01
L|5|MG_QT05|ANCHOR|move=h7h9|score=-33|mate=-|depth=23|nodes=3516444|crit=0
L|5|MG_QT05|M300M8|SEL|move=h7h9|slotScore=-39|top1=-39|gap=0|rule=tier|hit=above|slotUsed=1|seed=239015401|probs=cap=0,mcap=200,p=0,cls=normal,legal=33,accN=1,bandN=7,gaps=1:0,2:4,3:6,4:9,5:28,6:34,7:37,8:44|depth=12|nodes=573603|slots=1:-39,2:-43,3:-45,4:-48,5:-67,6:-73,7:-76,8:-83|smoves=1:h7h9,2:i6i5,3:i9h9,4:h7i7,5:i9i7,6:b9c7,7:f8e6,8:i9g9|crit=0
L|5|MG_QT05|M300M8|REF|move=h7h9|score=29|mate=-|depth=23|nodes=3470666|crit=0
HEAP|5|MG_QT05|M300M8|bytes=573571072
L|5|MG_QT05|M1000|SEL|move=h7h9|slotScore=-31|top1=-31|gap=0|rule=tier|hit=above|slotUsed=1|seed=3474937500|probs=cap=0,mcap=200,p=0,cls=normal,legal=33,accN=1,bandN=0,gaps=1:0|depth=20|nodes=1815538|slots=1:-31|smoves=1:h7h9|crit=0
L|5|MG_QT05|M1000|REF|move=h7h9|score=31|mate=-|depth=23|nodes=3521719|crit=0
HEAP|5|MG_QT05|M1000|bytes=573571072
L|5|MG_QT05|M2000|SEL|move=h7h9|slotScore=-31|top1=-31|gap=0|rule=tier|hit=above|slotUsed=1|seed=1646574703|probs=cap=0,mcap=200,p=0,cls=normal,legal=33,accN=1,bandN=0,gaps=1:0|depth=24|nodes=3566122|slots=1:-31|smoves=1:h7h9|crit=0
L|5|MG_QT05|M2000|REF|move=h7h9|score=30|mate=-|depth=23|nodes=3452190|crit=0
HEAP|5|MG_QT05|M2000|bytes=573571072
L|5|MG_QT05|M4000|SEL|move=h7h9|slotScore=-37|top1=-37|gap=0|rule=tier|hit=above|slotUsed=1|seed=467331657|probs=cap=0,mcap=200,p=0,cls=normal,legal=33,accN=1,bandN=0,gaps=1:0|depth=25|nodes=7089425|slots=1:-37|smoves=1:h7h9|crit=0
L|5|MG_QT05|M4000|REF|move=h7h9|score=37|mate=-|depth=24|nodes=3544281|crit=0
HEAP|5|MG_QT05|M4000|bytes=573571072
L|5|MG_QT05|M6000|SEL|move=h7h9|slotScore=-29|top1=-29|gap=0|rule=tier|hit=above|slotUsed=1|seed=2784894955|probs=cap=0,mcap=200,p=0,cls=normal,legal=33,accN=1,bandN=0,gaps=1:0|depth=29|nodes=10623403|slots=1:-29|smoves=1:h7h9|crit=0
L|5|MG_QT05|M6000|REF|move=h7h9|score=34|mate=-|depth=24|nodes=3493110|crit=0
HEAP|5|MG_QT05|M6000|bytes=573571072
L|5|MG_QT05|M8000|SEL|move=h7h9|slotScore=-37|top1=-37|gap=0|rule=tier|hit=above|slotUsed=1|seed=1605649861|probs=cap=0,mcap=200,p=0,cls=normal,legal=33,accN=1,bandN=0,gaps=1:0|depth=30|nodes=13902121|slots=1:-37|smoves=1:h7h9|crit=0
L|5|MG_QT05|M8000|REF|move=h7h9|score=33|mate=-|depth=26|nodes=3490531|crit=0
HEAP|5|MG_QT05|M8000|bytes=573571072
L|5|MG_QT05|ANCH|SEL|move=h7h9|slotScore=-33|top1=-33|gap=0|rule=anchor|hit=above|slotUsed=1|seed=302629616|probs=cap=undefined,mcap=NaN,p=0,cls=normal,legal=33,accN=1,bandN=0,gaps=1:0|depth=23|nodes=3516444|slots=1:-33|smoves=1:h7h9|crit=0
L|5|MG_QT05|ANCH|REF|move=h7h9|score=34|mate=-|depth=24|nodes=3416255|crit=0
HEAP|5|MG_QT05|ANCH|bytes=573571072
PROG|5|MG_QT05
L|5|MG_QT10|ANCHOR|move=i9h9|score=-27|mate=-|depth=24|nodes=3709645|crit=0
L|5|MG_QT10|M300M8|SEL|move=i9h9|slotScore=-32|top1=-32|gap=0|rule=tier|hit=above|slotUsed=1|seed=1288316195|probs=cap=0,mcap=200,p=0,cls=normal,legal=29,accN=1,bandN=7,gaps=1:0,2:25,3:30,4:34,5:36,6:45,7:49,8:52|depth=12|nodes=588565|slots=1:-32,2:-57,3:-62,4:-66,5:-68,6:-77,7:-81,8:-84|smoves=1:i9h9,2:f8h7,3:a6a5,4:i9i7,5:f8h9,6:f9g9,7:i9g9,8:c3e4|crit=0
L|5|MG_QT10|M300M8|REF|move=i9h9|score=24|mate=-|depth=25|nodes=3695206|crit=0
HEAP|5|MG_QT10|M300M8|bytes=573571072
L|5|MG_QT10|M1000|SEL|move=i9h9|slotScore=-23|top1=-23|gap=0|rule=tier|hit=above|slotUsed=1|seed=1164201982|probs=cap=0,mcap=200,p=0,cls=normal,legal=29,accN=1,bandN=0,gaps=1:0|depth=22|nodes=1861706|slots=1:-23|smoves=1:i9h9|crit=0
L|5|MG_QT10|M1000|REF|move=i9h9|score=22|mate=-|depth=23|nodes=3702728|crit=0
HEAP|5|MG_QT10|M1000|bytes=573571072
L|5|MG_QT10|M2000|SEL|move=i9h9|slotScore=-28|top1=-28|gap=0|rule=tier|hit=above|slotUsed=1|seed=1998361901|probs=cap=0,mcap=200,p=0,cls=normal,legal=29,accN=1,bandN=0,gaps=1:0|depth=24|nodes=3637923|slots=1:-28|smoves=1:i9h9|crit=0
L|5|MG_QT10|M2000|REF|move=i9h9|score=24|mate=-|depth=24|nodes=3434805|crit=0
HEAP|5|MG_QT10|M2000|bytes=573571072
L|5|MG_QT10|M4000|SEL|move=i9h9|slotScore=-26|top1=-26|gap=0|rule=tier|hit=above|slotUsed=1|seed=1978363403|probs=cap=0,mcap=200,p=0,cls=normal,legal=29,accN=1,bandN=0,gaps=1:0|depth=27|nodes=7257696|slots=1:-26|smoves=1:i9h9|crit=0
L|5|MG_QT10|M4000|REF|move=i9h9|score=26|mate=-|depth=23|nodes=3552731|crit=0
HEAP|5|MG_QT10|M4000|bytes=573571072
L|5|MG_QT10|M6000|SEL|move=i9h9|slotScore=-32|top1=-32|gap=0|rule=tier|hit=above|slotUsed=1|seed=4167944041|probs=cap=0,mcap=200,p=0,cls=normal,legal=29,accN=1,bandN=0,gaps=1:0|depth=28|nodes=10201750|slots=1:-32|smoves=1:i9h9|crit=0
L|5|MG_QT10|M6000|REF|move=i9h9|score=29|mate=-|depth=23|nodes=3475878|crit=0
HEAP|5|MG_QT10|M6000|bytes=573571072
L|5|MG_QT10|M8000|SEL|move=i9h9|slotScore=-34|top1=-34|gap=0|rule=tier|hit=above|slotUsed=1|seed=4127026375|probs=cap=0,mcap=200,p=0,cls=normal,legal=29,accN=1,bandN=0,gaps=1:0|depth=32|nodes=13933014|slots=1:-34|smoves=1:i9h9|crit=0
L|5|MG_QT10|M8000|REF|move=i9h9|score=30|mate=-|depth=24|nodes=3522191|crit=0
HEAP|5|MG_QT10|M8000|bytes=573571072
L|5|MG_QT10|ANCH|SEL|move=i9h9|slotScore=-27|top1=-27|gap=0|rule=anchor|hit=above|slotUsed=1|seed=1754114862|probs=cap=undefined,mcap=NaN,p=0,cls=normal,legal=29,accN=1,bandN=0,gaps=1:0|depth=24|nodes=3709645|slots=1:-27|smoves=1:i9h9|crit=0
L|5|MG_QT10|ANCH|REF|move=i9h9|score=32|mate=-|depth=25|nodes=3450986|crit=0
HEAP|5|MG_QT10|ANCH|bytes=573571072
PROG|5|MG_QT10
L|5|MG_QT14|ANCHOR|move=f4b4|score=-30|mate=-|depth=25|nodes=3585787|crit=0
L|5|MG_QT14|M300M8|SEL|move=f4b4|slotScore=-31|top1=-31|gap=0|rule=tier|hit=above|slotUsed=1|seed=371074799|probs=cap=0,mcap=200,p=0,cls=normal,legal=37,accN=1,bandN=7,gaps=1:0,2:10,3:13,4:19,5:27,6:35,7:24,8:55|depth=12|nodes=618704|slots=1:-31,2:-41,3:-44,4:-50,5:-58,6:-66,7:-55,8:-86|smoves=1:f4b4,2:a7b7,3:c3e4,4:f4f2,5:e8d7,6:f4e4,7:a7c7,8:e8f7|crit=0
L|5|MG_QT14|M300M8|REF|move=f4b4|score=23|mate=-|depth=27|nodes=3748816|crit=0
HEAP|5|MG_QT14|M300M8|bytes=573571072
L|5|MG_QT14|M1000|SEL|move=f4b4|slotScore=-23|top1=-23|gap=0|rule=tier|hit=above|slotUsed=1|seed=515422218|probs=cap=0,mcap=200,p=0,cls=normal,legal=37,accN=1,bandN=0,gaps=1:0|depth=25|nodes=2020593|slots=1:-23|smoves=1:f4b4|crit=0
L|5|MG_QT14|M1000|REF|move=f4b4|score=23|mate=-|depth=31|nodes=3800016|crit=0
HEAP|5|MG_QT14|M1000|bytes=573571072
L|5|MG_QT14|M2000|SEL|move=f4b4|slotScore=-22|top1=-22|gap=0|rule=tier|hit=above|slotUsed=1|seed=1843701337|probs=cap=0,mcap=200,p=0,cls=normal,legal=37,accN=1,bandN=0,gaps=1:0|depth=28|nodes=3701387|slots=1:-22|smoves=1:f4b4|crit=0
L|5|MG_QT14|M2000|REF|move=f4b4|score=23|mate=-|depth=29|nodes=3838429|crit=0
HEAP|5|MG_QT14|M2000|bytes=573571072
L|5|MG_QT14|M4000|SEL|move=f4b4|slotScore=-20|top1=-20|gap=0|rule=tier|hit=above|slotUsed=1|seed=2810767743|probs=cap=0,mcap=200,p=0,cls=normal,legal=37,accN=1,bandN=0,gaps=1:0|depth=34|nodes=7651151|slots=1:-20|smoves=1:f4b4|crit=0
L|5|MG_QT14|M4000|REF|move=f4b4|score=25|mate=-|depth=31|nodes=3968301|crit=0
HEAP|5|MG_QT14|M4000|bytes=573571072
L|5|MG_QT14|M6000|SEL|move=f4b4|slotScore=-21|top1=-21|gap=0|rule=tier|hit=above|slotUsed=1|seed=3990004637|probs=cap=0,mcap=200,p=0,cls=normal,legal=37,accN=1,bandN=0,gaps=1:0|depth=34|nodes=11704421|slots=1:-21|smoves=1:f4b4|crit=0
L|5|MG_QT14|M6000|REF|move=f4b4|score=25|mate=-|depth=30|nodes=3703752|crit=0
HEAP|5|MG_QT14|M6000|bytes=573571072
L|5|MG_QT14|M8000|SEL|move=f4b4|slotScore=-21|top1=-21|gap=0|rule=tier|hit=above|slotUsed=1|seed=793862579|probs=cap=0,mcap=200,p=0,cls=normal,legal=37,accN=1,bandN=0,gaps=1:0|depth=36|nodes=15018374|slots=1:-21|smoves=1:f4b4|crit=0
L|5|MG_QT14|M8000|REF|move=f4b4|score=21|mate=-|depth=29|nodes=3740765|crit=0
HEAP|5|MG_QT14|M8000|bytes=573571072
L|5|MG_QT14|ANCH|SEL|move=f4b4|slotScore=-30|top1=-30|gap=0|rule=anchor|hit=above|slotUsed=1|seed=1056202098|probs=cap=undefined,mcap=NaN,p=0,cls=normal,legal=37,accN=1,bandN=0,gaps=1:0|depth=25|nodes=3585787|slots=1:-30|smoves=1:f4b4|crit=0
L|5|MG_QT14|ANCH|REF|move=f4b4|score=26|mate=-|depth=30|nodes=3798631|crit=0
HEAP|5|MG_QT14|ANCH|bytes=573571072
PROG|5|MG_QT14
L|5|MG_QT19|ANCHOR|move=c7c3|score=-14|mate=-|depth=29|nodes=3580220|crit=0
L|5|MG_QT19|M300M8|SEL|move=c7c3|slotScore=-18|top1=-18|gap=0|rule=tier|hit=above|slotUsed=1|seed=4034940218|probs=cap=0,mcap=200,p=0,cls=hard,legal=33,accN=1,bandN=0,gaps=1:0,2:572,3:576,4:584,5:624,6:704,7:704,8:714|depth=15|nodes=607206|slots=1:-18,2:-590,3:-594,4:-602,5:-642,6:-722,7:-722,8:-732|smoves=1:c7c3,2:c7b7,3:c7a7,4:c7d7,5:g7e6,6:e8d7,7:b5e5,8:g5g4|crit=0
L|5|MG_QT19|M300M8|REF|move=c7c3|score=13|mate=-|depth=30|nodes=3608682|crit=0
HEAP|5|MG_QT19|M300M8|bytes=573571072
L|5|MG_QT19|M1000|SEL|move=c7c3|slotScore=-14|top1=-14|gap=0|rule=tier|hit=above|slotUsed=1|seed=1856660177|probs=cap=0,mcap=200,p=0,cls=normal,legal=33,accN=1,bandN=0,gaps=1:0|depth=27|nodes=1901077|slots=1:-14|smoves=1:c7c3|crit=0
L|5|MG_QT19|M1000|REF|move=c7c3|score=14|mate=-|depth=30|nodes=3672287|crit=0
HEAP|5|MG_QT19|M1000|bytes=573571072
L|5|MG_QT19|M2000|SEL|move=c7c3|slotScore=-13|top1=-13|gap=0|rule=tier|hit=above|slotUsed=1|seed=3164873218|probs=cap=0,mcap=200,p=0,cls=normal,legal=33,accN=1,bandN=0,gaps=1:0|depth=29|nodes=3632454|slots=1:-13|smoves=1:c7c3|crit=0
L|5|MG_QT19|M2000|REF|move=c7c3|score=13|mate=-|depth=30|nodes=3789553|crit=0
HEAP|5|MG_QT19|M2000|bytes=573571072
L|5|MG_QT19|M4000|SEL|move=c7c3|slotScore=-15|top1=-15|gap=0|rule=tier|hit=above|slotUsed=1|seed=3184945444|probs=cap=0,mcap=200,p=0,cls=normal,legal=33,accN=1,bandN=0,gaps=1:0|depth=34|nodes=7463056|slots=1:-15|smoves=1:c7c3|crit=0
L|5|MG_QT19|M4000|REF|move=c7c3|score=12|mate=-|depth=30|nodes=3554482|crit=0
HEAP|5|MG_QT19|M4000|bytes=573571072
L|5|MG_QT19|M6000|SEL|move=c7c3|slotScore=-13|top1=-13|gap=0|rule=tier|hit=above|slotUsed=1|seed=3679742694|probs=cap=0,mcap=200,p=0,cls=normal,legal=33,accN=1,bandN=0,gaps=1:0|depth=36|nodes=10646050|slots=1:-13|smoves=1:c7c3|crit=0
L|5|MG_QT19|M6000|REF|move=c7c3|score=13|mate=-|depth=29|nodes=3515345|crit=0
HEAP|5|MG_QT19|M6000|bytes=573571072
L|5|MG_QT19|M8000|SEL|move=c7c3|slotScore=-15|top1=-15|gap=0|rule=tier|hit=above|slotUsed=1|seed=4199407944|probs=cap=0,mcap=200,p=0,cls=normal,legal=33,accN=1,bandN=0,gaps=1:0|depth=41|nodes=14126296|slots=1:-15|smoves=1:c7c3|crit=0
L|5|MG_QT19|M8000|REF|move=c7c3|score=15|mate=-|depth=31|nodes=3695053|crit=0
HEAP|5|MG_QT19|M8000|bytes=573571072
L|5|MG_QT19|ANCH|SEL|move=c7c3|slotScore=-14|top1=-14|gap=0|rule=anchor|hit=above|slotUsed=1|seed=1521598451|probs=cap=undefined,mcap=NaN,p=0,cls=normal,legal=33,accN=1,bandN=0,gaps=1:0|depth=29|nodes=3580220|slots=1:-14|smoves=1:c7c3|crit=0
L|5|MG_QT19|ANCH|REF|move=c7c3|score=14|mate=-|depth=30|nodes=3809209|crit=0
HEAP|5|MG_QT19|ANCH|bytes=573571072
PROG|5|MG_QT19
L|5|MG_QB3|ANCHOR|move=i1h1|score=390|mate=-|depth=20|nodes=3738676|crit=0
L|5|MG_QB3|M300M8|SEL|move=i1h1|slotScore=322|top1=322|gap=0|rule=tier|hit=above|slotUsed=1|seed=4066164669|probs=cap=0,mcap=200,p=0,cls=normal,legal=39,accN=1,bandN=7,gaps=1:0,2:5,3:34,4:100,5:120,6:127,7:143,8:82|depth=11|nodes=563824|slots=1:322,2:317,3:288,4:222,5:202,6:195,7:179,8:240|smoves=1:i1h1,2:a0b0,3:c4a4,4:c4i4,5:c4f4,6:d1f2,7:c4d4,8:c4b4|crit=0
L|5|MG_QB3|M300M8|REF|move=i1h1|score=-401|mate=-|depth=21|nodes=3496947|crit=0
HEAP|5|MG_QB3|M300M8|bytes=573571072
L|5|MG_QB3|M1000|SEL|move=i1h1|slotScore=406|top1=406|gap=0|rule=tier|hit=above|slotUsed=1|seed=4061216240|probs=cap=0,mcap=200,p=0,cls=normal,legal=39,accN=1,bandN=0,gaps=1:0|depth=18|nodes=1754490|slots=1:406|smoves=1:i1h1|crit=0
L|5|MG_QB3|M1000|REF|move=i1h1|score=-403|mate=-|depth=18|nodes=3518120|crit=0
HEAP|5|MG_QB3|M1000|bytes=573571072
L|5|MG_QB3|M2000|SEL|move=a0b0|slotScore=399|top1=399|gap=0|rule=tier|hit=above|slotUsed=1|seed=4173451363|probs=cap=0,mcap=200,p=0,cls=normal,legal=39,accN=1,bandN=0,gaps=1:0|depth=21|nodes=3427759|slots=1:399|smoves=1:a0b0|crit=0
L|5|MG_QB3|M2000|REF|move=a0b0|score=-407|mate=-|depth=19|nodes=3571105|crit=0
HEAP|5|MG_QB3|M2000|bytes=573571072
L|5|MG_QB3|M4000|SEL|move=i1h1|slotScore=412|top1=412|gap=0|rule=tier|hit=above|slotUsed=1|seed=4193460101|probs=cap=0,mcap=200,p=0,cls=normal,legal=39,accN=1,bandN=0,gaps=1:0|depth=23|nodes=7115742|slots=1:412|smoves=1:i1h1|crit=0
L|5|MG_QB3|M4000|REF|move=i1h1|score=-416|mate=-|depth=20|nodes=3392419|crit=0
HEAP|5|MG_QB3|M4000|bytes=573571072
L|5|MG_QB3|M6000|SEL|move=i1h1|slotScore=416|top1=416|gap=0|rule=tier|hit=above|slotUsed=1|seed=1099815527|probs=cap=0,mcap=200,p=0,cls=normal,legal=39,accN=1,bandN=0,gaps=1:0|depth=21|nodes=10232487|slots=1:416|smoves=1:i1h1|crit=0
L|5|MG_QB3|M6000|REF|move=i1h1|score=-417|mate=-|depth=20|nodes=3484256|crit=0
HEAP|5|MG_QB3|M6000|bytes=573571072
L|5|MG_QB3|M8000|SEL|move=i1h1|slotScore=424|top1=424|gap=0|rule=tier|hit=above|slotUsed=1|seed=3055139849|probs=cap=0,mcap=200,p=0,cls=normal,legal=39,accN=1,bandN=0,gaps=1:0|depth=27|nodes=13973972|slots=1:424|smoves=1:i1h1|crit=0
L|5|MG_QB3|M8000|REF|move=i1h1|score=-410|mate=-|depth=20|nodes=3436243|crit=0
HEAP|5|MG_QB3|M8000|bytes=573571072
L|5|MG_QB3|ANCH|SEL|move=i1h1|slotScore=390|top1=390|gap=0|rule=anchor|hit=above|slotUsed=1|seed=523252620|probs=cap=undefined,mcap=NaN,p=0,cls=normal,legal=39,accN=1,bandN=0,gaps=1:0|depth=20|nodes=3738676|slots=1:390|smoves=1:i1h1|crit=0
L|5|MG_QB3|ANCH|REF|move=i1h1|score=-409|mate=-|depth=21|nodes=3495224|crit=0
HEAP|5|MG_QB3|ANCH|bytes=573571072
PROG|5|MG_QB3
L|5|MG_QB9|ANCHOR|move=a6b6|score=595|mate=-|depth=20|nodes=2953658|crit=0
L|5|MG_QB9|M300M8|SEL|move=a6b6|slotScore=574|top1=574|gap=0|rule=tier|hit=above|slotUsed=1|seed=2081577227|probs=cap=0,mcap=200,p=0,cls=normal,legal=41,accN=1,bandN=7,gaps=1:0,2:9,3:17,4:38,5:39,6:52,7:80,8:85|depth=11|nodes=468255|slots=1:574,2:565,3:557,4:536,5:535,6:522,7:494,8:489|smoves=1:a6b6,2:i8d8,3:c6c5,4:e3e5,5:i8f8,6:i7e7,7:a5a4,8:h9g7|crit=0
L|5|MG_QB9|M300M8|REF|move=a6b6|score=-585|mate=-|depth=23|nodes=2917882|crit=0
HEAP|5|MG_QB9|M300M8|bytes=573571072
L|5|MG_QB9|M1000|SEL|move=a6b6|slotScore=584|top1=584|gap=0|rule=tier|hit=above|slotUsed=1|seed=2812212982|probs=cap=0,mcap=200,p=0,cls=normal,legal=41,accN=1,bandN=0,gaps=1:0|depth=19|nodes=1394729|slots=1:584|smoves=1:a6b6|crit=0
L|5|MG_QB9|M1000|REF|move=a6b6|score=-589|mate=-|depth=23|nodes=2936354|crit=0
HEAP|5|MG_QB9|M1000|bytes=573571072
L|5|MG_QB9|M2000|SEL|move=a6b6|slotScore=580|top1=580|gap=0|rule=tier|hit=above|slotUsed=1|seed=1998312677|probs=cap=0,mcap=200,p=0,cls=normal,legal=41,accN=1,bandN=0,gaps=1:0|depth=23|nodes=2957743|slots=1:580|smoves=1:a6b6|crit=0
L|5|MG_QB9|M2000|REF|move=a6b6|score=-588|mate=-|depth=23|nodes=2927711|crit=0
HEAP|5|MG_QB9|M2000|bytes=573571072
L|5|MG_QB9|M4000|SEL|move=a6b6|slotScore=584|top1=584|gap=0|rule=tier|hit=above|slotUsed=1|seed=1957388867|probs=cap=0,mcap=200,p=0,cls=normal,legal=41,accN=1,bandN=0,gaps=1:0|depth=25|nodes=5887959|slots=1:584|smoves=1:a6b6|crit=0
L|5|MG_QB9|M4000|REF|move=a6b6|score=-589|mate=-|depth=25|nodes=2761458|crit=0
HEAP|5|MG_QB9|M4000|bytes=573571072
L|5|MG_QB9|M6000|SEL|move=a6b6|slotScore=584|top1=584|gap=0|rule=tier|hit=above|slotUsed=1|seed=2924389729|probs=cap=0,mcap=200,p=0,cls=normal,legal=41,accN=1,bandN=0,gaps=1:0|depth=24|nodes=8428457|slots=1:584|smoves=1:a6b6|crit=0
L|5|MG_QB9|M6000|REF|move=a6b6|score=-588|mate=-|depth=23|nodes=2829272|crit=0
HEAP|5|MG_QB9|M6000|bytes=573571072
L|5|MG_QB9|M8000|SEL|move=c6c5|slotScore=582|top1=582|gap=0|rule=tier|hit=above|slotUsed=1|seed=3974294031|probs=cap=0,mcap=200,p=0,cls=normal,legal=41,accN=1,bandN=0,gaps=1:0|depth=24|nodes=11332694|slots=1:582|smoves=1:c6c5|crit=0
L|5|MG_QB9|M8000|REF|move=c6c5|score=-602|mate=-|depth=21|nodes=2824090|crit=0
HEAP|5|MG_QB9|M8000|bytes=573571072
L|5|MG_QB9|ANCH|SEL|move=a6b6|slotScore=595|top1=595|gap=0|rule=anchor|hit=above|slotUsed=1|seed=2917557510|probs=cap=undefined,mcap=NaN,p=0,cls=normal,legal=41,accN=1,bandN=0,gaps=1:0|depth=20|nodes=2953658|slots=1:595|smoves=1:a6b6|crit=0
L|5|MG_QB9|ANCH|REF|move=a6b6|score=-591|mate=-|depth=24|nodes=2961715|crit=0
HEAP|5|MG_QB9|ANCH|bytes=573571072
PROG|5|MG_QB9
DRV DONE positions=10 round=5
