DRV: not isolated, registering SW (try 0)
DRV: not isolated, registering SW (try 1)
DRV: isolated ok, task=task_tier_r1.json
DRV: engine ready
L|1|OP00|ANCHOR|move=c3c4|score=33|mate=-|depth=21|nodes=2683804|crit=0
L|1|OP00|CAP0|SEL|move=h2e2|slotScore=29|top1=29|gap=0|rule=tier|hit=above|slotUsed=1|seed=1564048812|probs=cap=0,mcap=200,p=0,cls=opening,legal=44,accN=1,bandN=7,gaps=1:0,2:1,3:2,4:3,5:9,6:9,7:14,8:15|depth=14|nodes=550614|slots=1:29,2:28,3:27,4:26,5:20,6:20,7:15,8:14|smoves=1:h2e2,2:b2e2,3:c3c4,4:g3g4,5:h0g2,6:b0c2,7:b2a2,8:b2d2|crit=0
L|1|OP00|CAP0|REF|move=h2e2|score=-21|mate=-|depth=24|nodes=3259518|crit=0
L|1|OP00|CAP25|SEL|move=b2f2|slotScore=15|top1=26|gap=11|rule=tier|hit=cap|slotUsed=8|seed=1931917975|probs=cap=25,mcap=225,p=0,cls=opening,legal=44,accN=8,bandN=0,gaps=1:0,2:1,3:2,4:4,5:8,6:9,7:10,8:11|depth=14|nodes=569464|slots=1:26,2:25,3:24,4:22,5:18,6:17,7:16,8:15|smoves=1:h2e2,2:c3c4,3:b2e2,4:g3g4,5:h2f2,6:h0g2,7:b0c2,8:b2f2|crit=0
L|1|OP00|CAP25|REF|move=b2f2|score=-9|mate=-|depth=23|nodes=3372944|crit=0
L|1|OP00|CAP50|SEL|move=b2f2|slotScore=12|top1=29|gap=17|rule=tier|hit=cap|slotUsed=8|seed=3860944075|probs=cap=50,mcap=250,p=0,cls=opening,legal=44,accN=8,bandN=0,gaps=1:0,2:3,3:3,4:3,5:11,6:12,7:16,8:17|depth=14|nodes=565350|slots=1:29,2:26,3:26,4:26,5:18,6:17,7:13,8:12|smoves=1:b2e2,2:c3c4,3:h2e2,4:g3g4,5:h0g2,6:b0c2,7:h2f2,8:b2f2|crit=0
L|1|OP00|CAP50|REF|move=b2f2|score=-10|mate=-|depth=26|nodes=3364192|crit=0
L|1|OP00|CAP80|SEL|move=h2f2|slotScore=12|top1=30|gap=18|rule=tier|hit=cap|slotUsed=8|seed=4097960606|probs=cap=80,mcap=280,p=0,cls=opening,legal=44,accN=8,bandN=0,gaps=1:0,2:0,3:1,4:5,5:6,6:12,7:14,8:18|depth=13|nodes=516124|slots=1:30,2:30,3:29,4:25,5:24,6:18,7:16,8:12|smoves=1:c3c4,2:b2e2,3:h2e2,4:g3g4,5:h0g2,6:b2d2,7:b0c2,8:h2f2|crit=0
L|1|OP00|CAP80|REF|move=h2f2|score=-10|mate=-|depth=26|nodes=3349040|crit=0
L|1|OP00|CAP150|SEL|move=b2f2|slotScore=14|top1=32|gap=18|rule=tier|hit=cap|slotUsed=8|seed=3241770374|probs=cap=150,mcap=350,p=0,cls=opening,legal=44,accN=8,bandN=0,gaps=1:0,2:1,3:2,4:4,5:8,6:11,7:13,8:18|depth=13|nodes=551553|slots=1:32,2:31,3:30,4:28,5:24,6:21,7:19,8:14|smoves=1:b2e2,2:c3c4,3:h2e2,4:g3g4,5:b0c2,6:h0g2,7:b2d2,8:b2f2|crit=0
L|1|OP00|CAP150|REF|move=b2f2|score=-7|mate=-|depth=24|nodes=3195981|crit=0
L|1|OP00|P10|SEL|move=h2f2|slotScore=16|top1=35|gap=19|rule=tier|hit=cap|slotUsed=8|seed=244388243|probs=cap=80,mcap=280,p=0.1,cls=opening,legal=44,accN=8,bandN=0,gaps=1:0,2:9,3:5,4:7,5:14,6:16,7:17,8:19|depth=13|nodes=552060|slots=1:35,2:26,3:30,4:28,5:21,6:19,7:18,8:16|smoves=1:h2e2,2:b2e2,3:g3g4,4:c3c4,5:h0g2,6:b0c2,7:b2d2,8:h2f2|crit=0
L|1|OP00|P10|REF|move=h2f2|score=-6|mate=-|depth=25|nodes=3436097|crit=0
L|1|OP00|P25|SEL|move=h2d2|slotScore=14|top1=30|gap=16|rule=tier|hit=bmiss|slotUsed=8|seed=193942883|probs=cap=80,mcap=280,p=0.25,cls=opening,legal=44,accN=8,bandN=0,gaps=1:0,2:2,3:2,4:4,5:10,6:12,7:15,8:16,band=0|depth=13|nodes=565429|slots=1:30,2:28,3:28,4:26,5:20,6:18,7:15,8:14|smoves=1:h2e2,2:c3c4,3:b2e2,4:g3g4,5:b0c2,6:g0e2,7:h0g2,8:h2d2|crit=0
L|1|OP00|P25|REF|move=h2d2|score=-10|mate=-|depth=25|nodes=3292776|crit=0
L|1|OP00|P50|SEL|move=b2a2|slotScore=15|top1=28|gap=13|rule=tier|hit=bmiss|slotUsed=8|seed=2258327767|probs=cap=80,mcap=280,p=0.5,cls=opening,legal=44,accN=8,bandN=0,gaps=1:0,2:0,3:0,4:3,5:3,6:5,7:7,8:13,band=0|depth=14|nodes=530761|slots=1:28,2:29,3:28,4:25,5:25,6:23,7:21,8:15|smoves=1:b2e2,2:h2e2,3:c3c4,4:b0c2,5:g3g4,6:h0g2,7:b2d2,8:b2a2|crit=0
L|1|OP00|P50|REF|move=b2a2|score=-3|mate=-|depth=24|nodes=3061686|crit=0
L|1|OP00|G10|SEL|move=h2f2|slotScore=13|top1=32|gap=19|rule=tier|hit=cap|slotUsed=8|seed=1190900794|probs=cap=25,mcap=225,p=0.1,cls=opening,legal=44,accN=8,bandN=0,gaps=1:0,2:2,3:6,4:8,5:12,6:12,7:13,8:19|depth=14|nodes=533753|slots=1:32,2:30,3:26,4:24,5:20,6:20,7:19,8:13|smoves=1:h2e2,2:c3c4,3:b2e2,4:g3g4,5:b0c2,6:h0g2,7:b2d2,8:h2f2|crit=0
L|1|OP00|G10|REF|move=h2f2|score=-9|mate=-|depth=25|nodes=3322444|crit=0
L|1|OP00|HRD|SEL|move=h2i2|slotScore=11|top1=36|gap=25|rule=tier|hit=bmiss|slotUsed=8|seed=2000323980|probs=cap=80,mcap=280,p=0.25,cls=opening,legal=44,accN=8,bandN=0,gaps=1:0,2:5,3:7,4:8,5:13,6:15,7:19,8:25,band=0|depth=14|nodes=568947|slots=1:36,2:31,3:29,4:28,5:23,6:21,7:17,8:11|smoves=1:b2e2,2:c3c4,3:h2e2,4:g3g4,5:b0c2,6:h0g2,7:b2d2,8:h2i2|crit=0
L|1|OP00|HRD|REF|move=h2i2|score=1|mate=-|depth=24|nodes=3167538|crit=0
L|1|OP00|MT150|SEL|move=c0e2|slotScore=15|top1=30|gap=15|rule=tier|hit=cap|slotUsed=7|seed=3196937527|probs=cap=80,mcap=280,p=0,cls=opening,legal=44,accN=8,bandN=0,gaps=1:0,2:2,3:3,4:8,5:9,6:12,7:15,8:13|depth=11|nodes=283120|slots=1:30,2:28,3:27,4:22,5:21,6:18,7:15,8:17|smoves=1:h2e2,2:b2e2,3:g3g4,4:c3c4,5:h0g2,6:b0c2,7:c0e2,8:b2d2|crit=0
L|1|OP00|MT150|REF|move=c0e2|score=-13|mate=-|depth=24|nodes=3327437|crit=0
L|1|OP00|ANCH|SEL|move=c3c4|slotScore=33|top1=33|gap=0|rule=anchor|hit=above|slotUsed=1|seed=302110936|probs=cap=undefined,mcap=NaN,p=0,cls=opening,legal=44,accN=1,bandN=0,gaps=1:0|depth=21|nodes=2683804|slots=1:33|smoves=1:c3c4|crit=0
L|1|OP00|ANCH|REF|move=c3c4|score=-19|mate=-|depth=23|nodes=3403850|crit=0
PROG|1|OP00
L|1|OP02|ANCHOR|move=h0g2|score=13|mate=-|depth=22|nodes=3328363|crit=0
L|1|OP02|CAP0|SEL|move=h0g2|slotScore=14|top1=14|gap=0|rule=tier|hit=above|slotUsed=1|seed=4139602090|probs=cap=0,mcap=200,p=0,cls=opening,legal=43,accN=1,bandN=7,gaps=1:0,2:5,3:10,4:4,5:9,6:9,7:11,8:12|depth=14|nodes=595861|slots=1:14,2:9,3:4,4:10,5:5,6:5,7:3,8:2|smoves=1:h0g2,2:g3g4,3:h2f2,4:h2e2,5:i0i1,6:b0c2,7:c3c4,8:h0i2|crit=0
L|1|OP02|CAP0|REF|move=h0g2|score=-2|mate=-|depth=24|nodes=3150302|crit=0
L|1|OP02|CAP25|SEL|move=b2e2|slotScore=-3|top1=14|gap=17|rule=tier|hit=cap|slotUsed=8|seed=2621459293|probs=cap=25,mcap=225,p=0,cls=opening,legal=43,accN=8,bandN=0,gaps=1:0,2:4,3:4,4:4,5:6,6:7,7:8,8:17|depth=13|nodes=597243|slots=1:14,2:10,3:10,4:10,5:8,6:7,7:6,8:-3|smoves=1:h0g2,2:c3c4,3:h2e2,4:g3g4,5:b0c2,6:i0i1,7:h2f2,8:b2e2|crit=0
L|1|OP02|CAP25|REF|move=b2e2|score=20|mate=-|depth=25|nodes=3462603|crit=0
L|1|OP02|CAP50|SEL|move=h0i2|slotScore=-8|top1=11|gap=19|rule=tier|hit=cap|slotUsed=8|seed=524631053|probs=cap=50,mcap=250,p=0,cls=opening,legal=43,accN=8,bandN=0,gaps=1:0,2:2,3:7,4:8,5:10,6:11,7:11,8:19|depth=13|nodes=569543|slots=1:11,2:9,3:4,4:3,5:1,6:0,7:0,8:-8|smoves=1:h0g2,2:g3g4,3:h2f2,4:b0c2,5:c3c4,6:h2e2,7:i0i1,8:h0i2|crit=0
L|1|OP02|CAP50|REF|move=h0i2|score=14|mate=-|depth=24|nodes=3473633|crit=0
L|1|OP02|CAP80|SEL|move=b2e2|slotScore=-6|top1=19|gap=25|rule=tier|hit=cap|slotUsed=8|seed=2639346872|probs=cap=80,mcap=280,p=0,cls=opening,legal=43,accN=8,bandN=0,gaps=1:0,2:3,3:7,4:5,5:8,6:10,7:10,8:25|depth=13|nodes=584762|slots=1:19,2:16,3:12,4:14,5:11,6:9,7:9,8:-6|smoves=1:h0g2,2:g3g4,3:h2e2,4:i0i1,5:b0c2,6:c3c4,7:h2f2,8:b2e2|crit=0
L|1|OP02|CAP80|REF|move=b2e2|score=21|mate=-|depth=24|nodes=3113881|crit=0
L|1|OP02|CAP150|SEL|move=h2i2|slotScore=-3|top1=15|gap=18|rule=tier|hit=cap|slotUsed=8|seed=2665939380|probs=cap=150,mcap=350,p=0,cls=opening,legal=43,accN=8,bandN=0,gaps=1:0,2:5,3:5,4:7,5:7,6:8,7:9,8:18|depth=12|nodes=584632|slots=1:15,2:10,3:10,4:8,5:8,6:7,7:6,8:-3|smoves=1:h0g2,2:c3c4,3:h2f2,4:i0i1,5:b0c2,6:h2e2,7:g3g4,8:h2i2|crit=0
L|1|OP02|CAP150|REF|move=h2i2|score=18|mate=-|depth=24|nodes=3417869|crit=0
L|1|OP02|P10|SEL|move=b2e2|slotScore=-6|top1=15|gap=21|rule=tier|hit=cap|slotUsed=8|seed=18105273|probs=cap=80,mcap=280,p=0.1,cls=opening,legal=43,accN=8,bandN=0,gaps=1:0,2:2,3:8,4:12,5:13,6:14,7:15,8:21|depth=13|nodes=591652|slots=1:15,2:13,3:7,4:3,5:2,6:1,7:0,8:-6|smoves=1:g3g4,2:h0g2,3:h2f2,4:i0i1,5:b0c2,6:c3c4,7:h2e2,8:b2e2|crit=0
L|1|OP02|P10|REF|move=b2e2|score=15|mate=-|depth=24|nodes=3379036|crit=0
L|1|OP02|P25|SEL|move=d0e1|slotScore=-8|top1=20|gap=28|rule=tier|hit=cap|slotUsed=8|seed=2518523373|probs=cap=80,mcap=280,p=0.25,cls=opening,legal=43,accN=8,bandN=0,gaps=1:0,2:7,3:12,4:14,5:14,6:19,7:21,8:28|depth=14|nodes=594248|slots=1:20,2:13,3:8,4:6,5:6,6:1,7:-1,8:-8|smoves=1:h0g2,2:g3g4,3:i0i1,4:h2e2,5:h2f2,6:b0c2,7:c3c4,8:d0e1|crit=0
L|1|OP02|P25|REF|move=d0e1|score=15|mate=-|depth=24|nodes=3588045|crit=0
L|1|OP02|P50|SEL|move=b2e2|slotScore=-3|top1=19|gap=22|rule=tier|hit=bmiss|slotUsed=8|seed=2568902685|probs=cap=80,mcap=280,p=0.5,cls=opening,legal=43,accN=8,bandN=0,gaps=1:0,2:5,3:8,4:8,5:9,6:12,7:15,8:22,band=0|depth=14|nodes=604356|slots=1:19,2:14,3:11,4:11,5:10,6:7,7:4,8:-3|smoves=1:h0g2,2:g3g4,3:h2e2,4:b0c2,5:i0i1,6:h2f2,7:c3c4,8:b2e2|crit=0
L|1|OP02|P50|REF|move=b2e2|score=21|mate=-|depth=24|nodes=3283614|crit=0
L|1|OP02|G10|SEL|move=i0i1|slotScore=3|top1=21|gap=18|rule=tier|hit=cap|slotUsed=6|seed=1043661748|probs=cap=25,mcap=225,p=0.1,cls=opening,legal=43,accN=7,bandN=1,gaps=1:0,2:7,3:10,4:11,5:12,6:18,7:18,8:28|depth=15|nodes=593066|slots=1:21,2:14,3:11,4:10,5:9,6:3,7:3,8:-7|smoves=1:h0g2,2:g3g4,3:b0c2,4:h2f2,5:h2e2,6:i0i1,7:c3c4,8:h0i2|crit=0
L|1|OP02|G10|REF|move=i0i1|score=-4|mate=-|depth=24|nodes=3385566|crit=0
L|1|OP02|HRD|SEL|move=h0i2|slotScore=-5|top1=15|gap=20|rule=tier|hit=cap|slotUsed=8|seed=14438070|probs=cap=80,mcap=280,p=0.25,cls=opening,legal=43,accN=8,bandN=0,gaps=1:0,2:10,3:10,4:8,5:9,6:9,7:17,8:20|depth=13|nodes=542593|slots=1:15,2:5,3:5,4:7,5:6,6:6,7:-2,8:-5|smoves=1:h0g2,2:h2f2,3:h2e2,4:g3g4,5:b0c2,6:c3c4,7:i0i1,8:h0i2|crit=0
L|1|OP02|HRD|REF|move=h0i2|score=12|mate=-|depth=25|nodes=3220331|crit=0
L|1|OP02|MT150|SEL|move=i0i1|slotScore=-10|top1=18|gap=28|rule=tier|hit=cap|slotUsed=8|seed=1534216581|probs=cap=80,mcap=280,p=0,cls=opening,legal=43,accN=8,bandN=0,gaps=1:0,2:8,3:14,4:15,5:17,6:17,7:25,8:28|depth=13|nodes=284039|slots=1:18,2:10,3:4,4:3,5:1,6:1,7:-7,8:-10|smoves=1:h0g2,2:g3g4,3:c3c4,4:h2f2,5:h2e2,6:b0c2,7:b2e2,8:i0i1|crit=0
L|1|OP02|MT150|REF|move=i0i1|score=-5|mate=-|depth=24|nodes=3425724|crit=0
L|1|OP02|ANCH|SEL|move=h0g2|slotScore=13|top1=13|gap=0|rule=anchor|hit=above|slotUsed=1|seed=2946633194|probs=cap=undefined,mcap=NaN,p=0,cls=opening,legal=43,accN=1,bandN=0,gaps=1:0|depth=22|nodes=3328363|slots=1:13|smoves=1:h0g2|crit=0
L|1|OP02|ANCH|REF|move=h0g2|score=-4|mate=-|depth=24|nodes=3302641|crit=0
PROG|1|OP02
L|1|OP04|ANCHOR|move=i0h0|score=14|mate=-|depth=24|nodes=3319457|crit=0
L|1|OP04|CAP0|SEL|move=b0c2|slotScore=17|top1=17|gap=0|rule=tier|hit=above|slotUsed=1|seed=3435599616|probs=cap=0,mcap=200,p=0,cls=opening,legal=41,accN=2,bandN=6,gaps=1:0,2:0,3:1,4:2,5:6,6:6,7:12,8:12|depth=13|nodes=593470|slots=1:17,2:17,3:16,4:15,5:11,6:11,7:5,8:5|smoves=1:b0c2,2:d0e1,3:i0h0,4:c3c4,5:h2e2,6:i3i4,7:b2e2,8:g3g4|crit=0
L|1|OP04|CAP0|REF|move=b0c2|score=-18|mate=-|depth=25|nodes=3400110|crit=0
L|1|OP04|CAP25|SEL|move=g3g4|slotScore=2|top1=20|gap=18|rule=tier|hit=cap|slotUsed=8|seed=3696421355|probs=cap=25,mcap=225,p=0,cls=opening,legal=41,accN=8,bandN=0,gaps=1:0,2:0,3:0,4:5,5:5,6:12,7:16,8:18|depth=14|nodes=599154|slots=1:20,2:20,3:20,4:15,5:15,6:8,7:4,8:2|smoves=1:i0h0,2:b0c2,3:d0e1,4:c3c4,5:h2e2,6:i3i4,7:h2f2,8:g3g4|crit=0
L|1|OP04|CAP25|REF|move=g3g4|score=-2|mate=-|depth=24|nodes=3190175|crit=0
L|1|OP04|CAP50|SEL|move=g3g4|slotScore=3|top1=21|gap=18|rule=tier|hit=cap|slotUsed=8|seed=1465839455|probs=cap=50,mcap=250,p=0,cls=opening,legal=41,accN=8,bandN=0,gaps=1:0,2:2,3:0,4:3,5:3,6:7,7:15,8:18|depth=14|nodes=594382|slots=1:21,2:19,3:22,4:18,5:18,6:14,7:6,8:3|smoves=1:i0h0,2:b0c2,3:d0e1,4:i3i4,5:c3c4,6:h2e2,7:h2f2,8:g3g4|crit=0
L|1|OP04|CAP50|REF|move=g3g4|score=-4|mate=-|depth=23|nodes=3323874|crit=0
L|1|OP04|CAP80|SEL|move=g3g4|slotScore=-1|top1=20|gap=21|rule=tier|hit=cap|slotUsed=2|seed=1433216010|probs=cap=80,mcap=280,p=0,cls=opening,legal=41,accN=8,bandN=0,gaps=1:0,2:21,3:0,4:0,5:2,6:5,7:7,8:13|depth=14|nodes=580703|slots=1:20,2:-1,3:21,4:20,5:18,6:15,7:13,8:7|smoves=1:d0e1,2:g3g4,3:c3c4,4:i0h0,5:b0c2,6:i3i4,7:h2e2,8:b2e2|crit=0
L|1|OP04|CAP80|REF|move=g3g4|score=-5|mate=-|depth=24|nodes=3157497|crit=0
L|1|OP04|CAP150|SEL|move=g3g4|slotScore=1|top1=21|gap=20|rule=tier|hit=cap|slotUsed=8|seed=3021920802|probs=cap=150,mcap=350,p=0,cls=opening,legal=41,accN=8,bandN=0,gaps=1:0,2:1,3:5,4:7,5:8,6:10,7:17,8:20|depth=14|nodes=586606|slots=1:21,2:20,3:16,4:14,5:13,6:11,7:4,8:1|smoves=1:i0h0,2:d0e1,3:b0c2,4:c3c4,5:i3i4,6:h2e2,7:b2e2,8:g3g4|crit=0
L|1|OP04|CAP150|REF|move=g3g4|score=-3|mate=-|depth=24|nodes=3393843|crit=0
L|1|OP04|P10|SEL|move=g3g4|slotScore=2|top1=21|gap=19|rule=tier|hit=bmiss|slotUsed=8|seed=1854488335|probs=cap=80,mcap=280,p=0.1,cls=opening,legal=41,accN=8,bandN=0,gaps=1:0,2:1,3:1,4:3,5:3,6:11,7:16,8:19,band=0|depth=14|nodes=590421|slots=1:21,2:20,3:20,4:18,5:18,6:10,7:5,8:2|smoves=1:d0e1,2:b0c2,3:i0h0,4:c3c4,5:h2e2,6:i3i4,7:h2f2,8:g3g4|crit=0
L|1|OP04|P10|REF|move=g3g4|score=-4|mate=-|depth=24|nodes=3402185|crit=0
L|1|OP04|P25|SEL|move=g3g4|slotScore=4|top1=21|gap=17|rule=tier|hit=cap|slotUsed=8|seed=58991639|probs=cap=80,mcap=280,p=0.25,cls=opening,legal=41,accN=8,bandN=0,gaps=1:0,2:0,3:1,4:3,5:4,6:4,7:16,8:17|depth=14|nodes=587056|slots=1:21,2:21,3:20,4:18,5:17,6:17,7:5,8:4|smoves=1:i0h0,2:b0c2,3:d0e1,4:c3c4,5:i3i4,6:h2e2,7:b2e2,8:g3g4|crit=0
L|1|OP04|P25|REF|move=g3g4|score=0|mate=-|depth=24|nodes=3428700|crit=0
L|1|OP04|P50|SEL|move=b2e2|slotScore=5|top1=23|gap=18|rule=tier|hit=cap|slotUsed=7|seed=1987886667|probs=cap=80,mcap=280,p=0.5,cls=opening,legal=41,accN=8,bandN=0,gaps=1:0,2:4,3:6,4:2,5:9,6:12,7:18,8:18|depth=14|nodes=597569|slots=1:23,2:19,3:17,4:21,5:14,6:11,7:5,8:5|smoves=1:i0h0,2:b0c2,3:c3c4,4:d0e1,5:h2e2,6:i3i4,7:b2e2,8:g3g4|crit=0
L|1|OP04|P50|REF|move=b2e2|score=-12|mate=-|depth=26|nodes=3516776|crit=0
L|1|OP04|G10|SEL|move=h2f2|slotScore=10|top1=24|gap=14|rule=tier|hit=cap|slotUsed=8|seed=4011818254|probs=cap=25,mcap=225,p=0.1,cls=opening,legal=41,accN=8,bandN=0,gaps=1:0,2:0,3:3,4:6,5:7,6:11,7:12,8:14|depth=13|nodes=608656|slots=1:24,2:24,3:21,4:18,5:17,6:13,7:12,8:10|smoves=1:i0h0,2:b0c2,3:d0e1,4:h2e2,5:c3c4,6:b2e2,7:i3i4,8:h2f2|crit=0
L|1|OP04|G10|REF|move=h2f2|score=-3|mate=-|depth=25|nodes=3423719|crit=0
L|1|OP04|HRD|SEL|move=h2f2|slotScore=-1|top1=24|gap=25|rule=tier|hit=bmiss|slotUsed=8|seed=1860466064|probs=cap=80,mcap=280,p=0.25,cls=opening,legal=41,accN=8,bandN=0,gaps=1:0,2:3,3:4,4:6,5:7,6:11,7:12,8:25,band=0|depth=13|nodes=602298|slots=1:24,2:21,3:20,4:18,5:17,6:13,7:12,8:-1|smoves=1:b0c2,2:d0e1,3:i0h0,4:c3c4,5:i3i4,6:b2e2,7:h2e2,8:h2f2|crit=0
L|1|OP04|HRD|REF|move=h2f2|score=1|mate=-|depth=26|nodes=3575241|crit=0
L|1|OP04|MT150|SEL|move=g3g4|slotScore=2|top1=23|gap=21|rule=tier|hit=cap|slotUsed=8|seed=2149352763|probs=cap=80,mcap=280,p=0,cls=opening,legal=41,accN=8,bandN=0,gaps=1:0,2:1,3:4,4:5,5:9,6:8,7:19,8:21|depth=11|nodes=299036|slots=1:23,2:22,3:19,4:18,5:14,6:15,7:4,8:2|smoves=1:i0h0,2:d0e1,3:b0c2,4:c3c4,5:i3i4,6:h2e2,7:h2f2,8:g3g4|crit=0
L|1|OP04|MT150|REF|move=g3g4|score=-5|mate=-|depth=23|nodes=3388382|crit=0
L|1|OP04|ANCH|SEL|move=i0h0|slotScore=14|top1=14|gap=0|rule=anchor|hit=above|slotUsed=1|seed=2568353060|probs=cap=undefined,mcap=NaN,p=0,cls=opening,legal=41,accN=1,bandN=0,gaps=1:0|depth=24|nodes=3319457|slots=1:14|smoves=1:i0h0|crit=0
L|1|OP04|ANCH|REF|move=i0h0|score=-16|mate=-|depth=24|nodes=3504149|crit=0
PROG|1|OP04
L|1|OP06|ANCHOR|move=h2b2|score=131|mate=-|depth=21|nodes=3470064|crit=0
L|1|OP06|CAP0|SEL|move=h2b2|slotScore=120|top1=120|gap=0|rule=tier|hit=above|slotUsed=1|seed=1887145678|probs=cap=0,mcap=200,p=0,cls=opening,legal=33,accN=1,bandN=4,gaps=1:0,2:41,3:149,4:188,5:199,6:239,7:280,8:301|depth=13|nodes=589468|slots=1:120,2:79,3:-29,4:-68,5:-79,6:-119,7:-160,8:-181|smoves=1:h2b2,2:b9b8,3:b9d9,4:h2e2,5:i0h0,6:h2g2,7:i3i4,8:d0e1|crit=0
L|1|OP06|CAP0|REF|move=h2b2|score=-129|mate=-|depth=21|nodes=3478001|crit=0
L|1|OP06|CAP25|SEL|move=h2b2|slotScore=122|top1=122|gap=0|rule=tier|hit=above|slotUsed=1|seed=3750555585|probs=cap=25,mcap=225,p=0,cls=opening,legal=33,accN=1,bandN=4,gaps=1:0,2:47,3:141,4:159,5:204,6:232,7:254,8:267|depth=13|nodes=615795|slots=1:122,2:75,3:-19,4:-37,5:-82,6:-110,7:-132,8:-145|smoves=1:h2b2,2:b9b8,3:b9d9,4:h2e2,5:i0h0,6:h2g2,7:i3i4,8:h2c2|crit=0
L|1|OP06|CAP25|REF|move=h2b2|score=-135|mate=-|depth=20|nodes=3431041|crit=0
L|1|OP06|CAP50|SEL|move=b9b8|slotScore=78|top1=128|gap=50|rule=tier|hit=cap|slotUsed=2|seed=3665641153|probs=cap=50,mcap=250,p=0,cls=opening,legal=33,accN=2,bandN=4,gaps=1:0,2:50,3:148,4:207,5:218,6:239,7:270,8:296|depth=13|nodes=611383|slots=1:128,2:78,3:-20,4:-79,5:-90,6:-111,7:-142,8:-168|smoves=1:h2b2,2:b9b8,3:b9d9,4:i0h0,5:h2e2,6:h2g2,7:i3i4,8:h2f2|crit=0
L|1|OP06|CAP50|REF|move=b9b8|score=-98|mate=-|depth=20|nodes=3453593|crit=0
L|1|OP06|CAP80|SEL|move=b9b8|slotScore=96|top1=122|gap=26|rule=tier|hit=cap|slotUsed=2|seed=1752543108|probs=cap=80,mcap=280,p=0,cls=opening,legal=33,accN=2,bandN=6,gaps=1:0,2:26,3:148,4:206,5:206,6:241,7:260,8:263|depth=12|nodes=608272|slots=1:122,2:96,3:-26,4:-84,5:-84,6:-119,7:-138,8:-141|smoves=1:h2b2,2:b9b8,3:b9d9,4:h2e2,5:i0h0,6:h2g2,7:h2c2,8:i3i4|crit=0
L|1|OP06|CAP80|REF|move=b9b8|score=-89|mate=-|depth=21|nodes=3340017|crit=0
L|1|OP06|CAP150|SEL|move=b9d9|slotScore=-24|top1=115|gap=139|rule=tier|hit=cap|slotUsed=3|seed=1658628080|probs=cap=150,mcap=350,p=0,cls=opening,legal=33,accN=3,bandN=5,gaps=1:0,2:20,3:139,4:194,5:201,6:233,7:256,8:262|depth=14|nodes=605425|slots=1:115,2:95,3:-24,4:-79,5:-86,6:-118,7:-141,8:-147|smoves=1:h2b2,2:b9b8,3:b9d9,4:i0h0,5:h2e2,6:h2g2,7:i3i4,8:h2f2|crit=0
L|1|OP06|CAP150|REF|move=b9d9|score=27|mate=-|depth=22|nodes=3487476|crit=0
L|1|OP06|P10|SEL|move=b9d9|slotScore=48|top1=124|gap=76|rule=tier|hit=cap|slotUsed=3|seed=2382625397|probs=cap=80,mcap=280,p=0.1,cls=opening,legal=33,accN=3,bandN=3,gaps=1:0,2:37,3:76,4:203,5:210,6:245,7:283,8:290|depth=13|nodes=567450|slots=1:124,2:87,3:48,4:-79,5:-86,6:-121,7:-159,8:-166|smoves=1:h2b2,2:b9b8,3:b9d9,4:h2e2,5:i0h0,6:h2g2,7:i3i4,8:h2f2|crit=0
L|1|OP06|P10|REF|move=b9d9|score=25|mate=-|depth=22|nodes=3559754|crit=0
L|1|OP06|P25|SEL|move=b9b8|slotScore=86|top1=131|gap=45|rule=tier|hit=cap|slotUsed=2|seed=453730353|probs=cap=80,mcap=280,p=0.25,cls=opening,legal=33,accN=2,bandN=5,gaps=1:0,2:45,3:152,4:210,5:212,6:240,7:267,8:282|depth=13|nodes=601463|slots=1:131,2:86,3:-21,4:-79,5:-81,6:-109,7:-136,8:-151|smoves=1:h2b2,2:b9b8,3:b9d9,4:i0h0,5:h2e2,6:h2g2,7:h2f2,8:i3i4|crit=0
L|1|OP06|P25|REF|move=b9b8|score=-72|mate=-|depth=21|nodes=3393470|crit=0
L|1|OP06|P50|SEL|move=h2f2|slotScore=-145|top1=119|gap=264|rule=tier|hit=rand|slotUsed=7|seed=368685873|probs=cap=80,mcap=280,p=0.5,cls=opening,legal=33,accN=2,bandN=6,gaps=1:0,2:43,3:143,4:205,5:209,6:235,7:264,8:280,wouldBe=2,agap=264|depth=14|nodes=593831|slots=1:119,2:76,3:-24,4:-86,5:-90,6:-116,7:-145,8:-161|smoves=1:h2b2,2:b9b8,3:b9d9,4:h2e2,5:i0h0,6:h2g2,7:h2f2,8:i3i4|crit=0
L|1|OP06|P50|REF|move=h2f2|score=168|mate=-|depth=22|nodes=3357329|crit=0
L|1|OP06|G10|SEL|move=h2b2|slotScore=126|top1=126|gap=0|rule=tier|hit=above|slotUsed=1|seed=3539982680|probs=cap=25,mcap=225,p=0.1,cls=opening,legal=33,accN=1,bandN=4,gaps=1:0,2:37,3:144,4:217,5:218,6:256,7:273,8:274|depth=13|nodes=614103|slots=1:126,2:89,3:-18,4:-91,5:-92,6:-130,7:-147,8:-148|smoves=1:h2b2,2:b9b8,3:b9d9,4:h2e2,5:i0h0,6:h2g2,7:i3i4,8:h2f2|crit=0
L|1|OP06|G10|REF|move=h2b2|score=-129|mate=-|depth=20|nodes=3327838|crit=0
L|1|OP06|HRD|SEL|move=h2e2|slotScore=-80|top1=127|gap=207|rule=tier|hit=rand|slotUsed=4|seed=3334024218|probs=cap=80,mcap=280,p=0.25,cls=opening,legal=33,accN=2,bandN=4,gaps=1:0,2:35,3:155,4:207,5:212,6:245,7:281,8:282,wouldBe=2,agap=207|depth=12|nodes=621001|slots=1:127,2:92,3:-28,4:-80,5:-85,6:-118,7:-154,8:-155|smoves=1:h2b2,2:b9b8,3:b9d9,4:h2e2,5:i0h0,6:h2g2,7:i3i4,8:b0c2|crit=0
L|1|OP06|HRD|REF|move=h2e2|score=94|mate=-|depth=22|nodes=3281285|crit=0
L|1|OP06|MT150|SEL|move=b9b8|slotScore=84|top1=125|gap=41|rule=tier|hit=cap|slotUsed=2|seed=2303357209|probs=cap=80,mcap=280,p=0,cls=opening,legal=33,accN=2,bandN=6,gaps=1:0,2:41,3:153,4:211,5:212,6:248,7:260,8:280|depth=12|nodes=319347|slots=1:125,2:84,3:-28,4:-86,5:-87,6:-123,7:-135,8:-155|smoves=1:h2b2,2:b9b8,3:b9d9,4:i0h0,5:h2e2,6:h2g2,7:i3i4,8:b0c2|crit=0
L|1|OP06|MT150|REF|move=b9b8|score=-67|mate=-|depth=20|nodes=3396159|crit=0
L|1|OP06|ANCH|SEL|move=h2b2|slotScore=131|top1=131|gap=0|rule=anchor|hit=above|slotUsed=1|seed=2248958902|probs=cap=undefined,mcap=NaN,p=0,cls=opening,legal=33,accN=1,bandN=0,gaps=1:0|depth=21|nodes=3470064|slots=1:131|smoves=1:h2b2|crit=0
L|1|OP06|ANCH|REF|move=h2b2|score=-128|mate=-|depth=21|nodes=3406539|crit=0
PROG|1|OP06
L|1|OP08|ANCHOR|move=b9b7|score=172|mate=-|depth=23|nodes=3575193|crit=0
L|1|OP08|CAP0|SEL|move=b9b7|slotScore=173|top1=173|gap=0|rule=tier|hit=above|slotUsed=1|seed=1666101812|probs=cap=0,mcap=200,p=0,cls=opening,legal=44,accN=1,bandN=1,gaps=1:0,2:136,3:215,4:264,5:271,6:290,7:300,8:305|depth=14|nodes=626665|slots=1:173,2:37,3:-42,4:-91,5:-98,6:-117,7:-127,8:-132|smoves=1:b9b7,2:b9b4,3:b9d9,4:b9b5,5:h2b2,6:i0h0,7:b0d1,8:b9b6|crit=0
L|1|OP08|CAP0|REF|move=b9b7|score=-177|mate=-|depth=23|nodes=3461940|crit=0
L|1|OP08|CAP25|SEL|move=b9b7|slotScore=164|top1=164|gap=0|rule=tier|hit=above|slotUsed=1|seed=2191037103|probs=cap=25,mcap=225,p=0,cls=opening,legal=44,accN=1,bandN=2,gaps=1:0,2:118,3:201,4:257,5:275,6:296,7:302,8:303|depth=12|nodes=612364|slots=1:164,2:46,3:-37,4:-93,5:-111,6:-132,7:-138,8:-139|smoves=1:b9b7,2:b9b4,3:b9d9,4:b9b5,5:b9b6,6:h2b2,7:i0h0,8:b0d1|crit=0
L|1|OP08|CAP25|REF|move=b9b7|score=-180|mate=-|depth=23|nodes=3649517|crit=0
L|1|OP08|CAP50|SEL|move=b9b7|slotScore=174|top1=174|gap=0|rule=tier|hit=above|slotUsed=1|seed=362019331|probs=cap=50,mcap=250,p=0,cls=opening,legal=44,accN=1,bandN=3,gaps=1:0,2:158,3:222,4:242,5:253,6:297,7:312,8:317|depth=12|nodes=650662|slots=1:174,2:16,3:-48,4:-68,5:-79,6:-123,7:-138,8:-143|smoves=1:b9b7,2:b9b4,3:b9d9,4:b9b5,5:h2b2,6:b9b6,7:i0h0,8:b0d1|crit=0
L|1|OP08|CAP50|REF|move=b9b7|score=-166|mate=-|depth=22|nodes=3393282|crit=0
L|1|OP08|CAP80|SEL|move=b9b7|slotScore=168|top1=168|gap=0|rule=tier|hit=above|slotUsed=1|seed=2206965158|probs=cap=80,mcap=280,p=0,cls=opening,legal=44,accN=1,bandN=4,gaps=1:0,2:89,3:199,4:228,5:255,6:298,7:299,8:299|depth=13|nodes=608143|slots=1:168,2:79,3:-31,4:-60,5:-87,6:-130,7:-131,8:-131|smoves=1:b9b7,2:b9b4,3:b9b5,4:b9d9,5:h2b2,6:b9b6,7:b0d1,8:i0h0|crit=0
L|1|OP08|CAP80|REF|move=b9b7|score=-180|mate=-|depth=20|nodes=3464521|crit=0
L|1|OP08|CAP150|SEL|move=b9b4|slotScore=21|top1=168|gap=147|rule=tier|hit=cap|slotUsed=2|seed=3103756462|probs=cap=150,mcap=350,p=0,cls=opening,legal=44,accN=2,bandN=6,gaps=1:0,2:147,3:210,4:244,5:256,6:287,7:302,8:315|depth=13|nodes=642357|slots=1:168,2:21,3:-42,4:-76,5:-88,6:-119,7:-134,8:-147|smoves=1:b9b7,2:b9b4,3:b9b5,4:b9d9,5:h2b2,6:b0d1,7:b9b6,8:i0h0|crit=0
L|1|OP08|CAP150|REF|move=b9b4|score=-29|mate=-|depth=20|nodes=3106288|crit=0
L|1|OP08|P10|SEL|move=b9b7|slotScore=131|top1=131|gap=0|rule=tier|hit=above|slotUsed=1|seed=791025995|probs=cap=80,mcap=280,p=0.1,cls=opening,legal=44,accN=1,bandN=4,gaps=1:0,2:99,3:191,4:194,5:204,6:282,7:294,8:297|depth=13|nodes=639078|slots=1:131,2:32,3:-60,4:-63,5:-73,6:-151,7:-163,8:-166|smoves=1:b9b7,2:b9b4,3:b9d9,4:b9b5,5:h2b2,6:b0d1,7:i0h0,8:b9b6|crit=0
L|1|OP08|P10|REF|move=b9b7|score=-166|mate=-|depth=21|nodes=3641499|crit=0
L|1|OP08|P25|SEL|move=b9b7|slotScore=160|top1=160|gap=0|rule=tier|hit=above|slotUsed=1|seed=740579867|probs=cap=80,mcap=280,p=0.25,cls=opening,legal=44,accN=1,bandN=4,gaps=1:0,2:118,3:196,4:244,5:248,6:303,7:307,8:307|depth=14|nodes=636263|slots=1:160,2:42,3:-36,4:-84,5:-88,6:-143,7:-147,8:-147|smoves=1:b9b7,2:b9b4,3:b9b5,4:b9d9,5:h2b2,6:b9b6,7:i0h0,8:b0d1|crit=0
L|1|OP08|P25|REF|move=b9b7|score=-176|mate=-|depth=21|nodes=3518043|crit=0
L|1|OP08|P50|SEL|move=b9b7|slotScore=155|top1=155|gap=0|rule=tier|hit=above|slotUsed=1|seed=657495567|probs=cap=80,mcap=280,p=0.5,cls=opening,legal=44,accN=1,bandN=4,gaps=1:0,2:104,3:215,4:235,5:236,6:290,7:310,8:311|depth=13|nodes=630764|slots=1:155,2:51,3:-60,4:-80,5:-81,6:-135,7:-155,8:-156|smoves=1:b9b7,2:b9b4,3:b9b5,4:b9d9,5:h2b2,6:b9b6,7:i0h0,8:b0d1|crit=0
L|1|OP08|P50|REF|move=b9b7|score=-173|mate=-|depth=21|nodes=3528638|crit=0
L|1|OP08|G10|SEL|move=b9b7|slotScore=171|top1=171|gap=0|rule=tier|hit=above|slotUsed=1|seed=2253766546|probs=cap=25,mcap=225,p=0.1,cls=opening,legal=44,accN=1,bandN=2,gaps=1:0,2:108,3:222,4:240,5:277,6:307,7:307,8:307|depth=13|nodes=641758|slots=1:171,2:63,3:-51,4:-69,5:-106,6:-136,7:-136,8:-136|smoves=1:b9b7,2:b9b4,3:b9b5,4:h2b2,5:b9d9,6:b9b6,7:b0d1,8:i0h0|crit=0
L|1|OP08|G10|REF|move=b9b7|score=-179|mate=-|depth=22|nodes=3496902|crit=0
L|1|OP08|HRD|SEL|move=b9b7|slotScore=173|top1=173|gap=0|rule=tier|hit=above|slotUsed=1|seed=1157848276|probs=cap=80,mcap=280,p=0.25,cls=opening,legal=44,accN=1,bandN=4,gaps=1:0,2:127,3:205,4:244,5:246,6:294,7:300,8:313|depth=13|nodes=628349|slots=1:173,2:46,3:-32,4:-71,5:-73,6:-121,7:-127,8:-140|smoves=1:b9b7,2:b9b4,3:b9b5,4:b9d9,5:h2b2,6:i0h0,7:b9b6,8:b0d1|crit=0
L|1|OP08|HRD|REF|move=b9b7|score=-183|mate=-|depth=21|nodes=3355623|crit=0
L|1|OP08|MT150|SEL|move=b9b7|slotScore=167|top1=167|gap=0|rule=tier|hit=above|slotUsed=1|seed=2826441951|probs=cap=80,mcap=280,p=0,cls=opening,legal=44,accN=1,bandN=4,gaps=1:0,2:138,3:213,4:239,5:240,6:299,7:301,8:306|depth=12|nodes=340793|slots=1:167,2:29,3:-46,4:-72,5:-73,6:-132,7:-134,8:-139|smoves=1:b9b7,2:b9b4,3:b9b5,4:b9d9,5:h2b2,6:b9b6,7:i0h0,8:b0d1|crit=0
L|1|OP08|MT150|REF|move=b9b7|score=-189|mate=-|depth=20|nodes=3518259|crit=0
L|1|OP08|ANCH|SEL|move=b9b7|slotScore=172|top1=172|gap=0|rule=anchor|hit=above|slotUsed=1|seed=935352864|probs=cap=undefined,mcap=NaN,p=0,cls=opening,legal=44,accN=1,bandN=0,gaps=1:0|depth=23|nodes=3575193|slots=1:172|smoves=1:b9b7|crit=0
L|1|OP08|ANCH|REF|move=b9b7|score=-188|mate=-|depth=22|nodes=3485485|crit=0
PROG|1|OP08
L|1|MG_QT01|ANCHOR|move=c7b9|score=-26|mate=-|depth=25|nodes=3513221|crit=0
L|1|MG_QT01|CAP0|SEL|move=c7b9|slotScore=-30|top1=-30|gap=0|rule=tier|hit=above|slotUsed=1|seed=3013172128|probs=cap=0,mcap=200,p=0,cls=hard,legal=30,accN=1,bandN=0,gaps=1:0,2:575,3:575,4:580,5:581,6:587,7:592,8:598|depth=15|nodes=534580|slots=1:-30,2:-605,3:-605,4:-610,5:-611,6:-617,7:-622,8:-628|smoves=1:c7b9,2:h9g7,3:c6c5,4:f9e8,5:d9e8,6:h9f8,7:i6i5,8:h7i7|crit=0
L|1|MG_QT01|CAP0|REF|move=c7b9|score=31|mate=-|depth=25|nodes=3453667|crit=0
L|1|MG_QT01|CAP25|SEL|move=c7b9|slotScore=-30|top1=-30|gap=0|rule=tier|hit=above|slotUsed=1|seed=1484542987|probs=cap=25,mcap=225,p=0,cls=hard,legal=30,accN=1,bandN=0,gaps=1:0,2:578,3:581,4:582,5:588,6:592,7:593,8:594|depth=15|nodes=531761|slots=1:-30,2:-608,3:-611,4:-612,5:-618,6:-622,7:-623,8:-624|smoves=1:c7b9,2:h9g7,3:f9e8,4:c6c5,5:g5g4,6:d9e8,7:i6i5,8:h9f8|crit=0
L|1|MG_QT01|CAP25|REF|move=c7b9|score=37|mate=-|depth=25|nodes=3606513|crit=0
L|1|MG_QT01|CAP50|SEL|move=c7b9|slotScore=-35|top1=-35|gap=0|rule=tier|hit=above|slotUsed=1|seed=1401458815|probs=cap=50,mcap=250,p=0,cls=hard,legal=30,accN=1,bandN=0,gaps=1:0,2:569,3:570,4:574,5:582,6:584,7:585,8:589|depth=15|nodes=569192|slots=1:-35,2:-604,3:-605,4:-609,5:-617,6:-619,7:-620,8:-624|smoves=1:c7b9,2:c6c5,3:f9e8,4:h9g7,5:i6i5,6:g5g4,7:h9i7,8:d9e8|crit=0
L|1|MG_QT01|CAP50|REF|move=c7b9|score=37|mate=-|depth=26|nodes=3594694|crit=0
L|1|MG_QT01|CAP80|SEL|move=c7b9|slotScore=-31|top1=-31|gap=0|rule=tier|hit=above|slotUsed=1|seed=3516174506|probs=cap=80,mcap=280,p=0,cls=hard,legal=30,accN=1,bandN=0,gaps=1:0,2:566,3:575,4:584,5:582,6:589,7:587,8:590|depth=14|nodes=542224|slots=1:-31,2:-597,3:-606,4:-615,5:-613,6:-620,7:-618,8:-621|smoves=1:c7b9,2:c6c5,3:h9g7,4:f9e8,5:g5g4,6:i6i5,7:d9e8,8:h9i7|crit=0
L|1|MG_QT01|CAP80|REF|move=c7b9|score=33|mate=-|depth=25|nodes=3551258|crit=0
L|1|MG_QT01|CAP150|SEL|move=c7b9|slotScore=-32|top1=-32|gap=0|rule=tier|hit=above|slotUsed=1|seed=3402711874|probs=cap=150,mcap=350,p=0,cls=hard,legal=30,accN=1,bandN=0,gaps=1:0,2:569,3:577,4:578,5:581,6:582,7:583,8:586|depth=14|nodes=548204|slots=1:-32,2:-601,3:-609,4:-610,5:-613,6:-614,7:-615,8:-618|smoves=1:c7b9,2:c6c5,3:h9g7,4:i6i5,5:d9e8,6:h9i7,7:f9e8,8:g5g4|crit=0
L|1|MG_QT01|CAP150|REF|move=c7b9|score=33|mate=-|depth=28|nodes=3610281|crit=0
L|1|MG_QT01|P10|SEL|move=c7b9|slotScore=-38|top1=-38|gap=0|rule=tier|hit=above|slotUsed=1|seed=3005907375|probs=cap=80,mcap=280,p=0.1,cls=hard,legal=30,accN=1,bandN=0,gaps=1:0,2:566,3:573,4:575,5:577,6:579,7:581,8:590|depth=14|nodes=542775|slots=1:-38,2:-604,3:-611,4:-613,5:-615,6:-617,7:-619,8:-628|smoves=1:c7b9,2:c6c5,3:f9e8,4:h9g7,5:i6i5,6:h9i7,7:d9e8,8:g5g4|crit=0
L|1|MG_QT01|P10|REF|move=c7b9|score=37|mate=-|depth=26|nodes=3451353|crit=0
L|1|MG_QT01|P25|SEL|move=c7b9|slotScore=-30|top1=-30|gap=0|rule=tier|hit=bmiss|slotUsed=1|seed=3358105399|probs=cap=80,mcap=280,p=0.25,cls=hard,legal=30,accN=1,bandN=0,gaps=1:0,2:569,3:572,4:575,5:583,6:588,7:589,8:582,band=0|depth=14|nodes=535112|slots=1:-30,2:-599,3:-602,4:-605,5:-613,6:-618,7:-619,8:-612|smoves=1:c7b9,2:c6c5,3:f9e8,4:h9g7,5:i6i5,6:h9i7,7:a6a5,8:g5g4|crit=0
L|1|MG_QT01|P25|REF|move=c7b9|score=28|mate=-|depth=25|nodes=3502299|crit=0
L|1|MG_QT01|P50|SEL|move=c7b9|slotScore=-32|top1=-32|gap=0|rule=tier|hit=bmiss|slotUsed=1|seed=992164203|probs=cap=80,mcap=280,p=0.5,cls=hard,legal=30,accN=1,bandN=0,gaps=1:0,2:526,3:574,4:576,5:582,6:584,7:584,8:592,band=0|depth=16|nodes=569719|slots=1:-32,2:-558,3:-606,4:-608,5:-614,6:-616,7:-616,8:-624|smoves=1:c7b9,2:f9e8,3:h9g7,4:c6c5,5:i6i5,6:a6a5,7:d9e8,8:g5g4|crit=0
L|1|MG_QT01|P50|REF|move=c7b9|score=35|mate=-|depth=27|nodes=3588797|crit=0
L|1|MG_QT01|G10|SEL|move=c7b9|slotScore=-31|top1=-31|gap=0|rule=tier|hit=above|slotUsed=1|seed=3015963694|probs=cap=25,mcap=225,p=0.1,cls=hard,legal=30,accN=1,bandN=0,gaps=1:0,2:563,3:566,4:575,5:583,6:584,7:587,8:589|depth=16|nodes=555028|slots=1:-31,2:-594,3:-597,4:-606,5:-614,6:-615,7:-618,8:-620|smoves=1:c7b9,2:c6c5,3:i6i5,4:f9e8,5:h9g7,6:g5g4,7:a6a5,8:d9e8|crit=0
L|1|MG_QT01|G10|REF|move=c7b9|score=30|mate=-|depth=27|nodes=3587502|crit=0
L|1|MG_QT01|HRD|SEL|move=c7b9|slotScore=-34|top1=-34|gap=0|rule=tier|hit=above|slotUsed=1|seed=1948694832|probs=cap=0,mcap=700,p=0.25,cls=hard,legal=30,accN=1,bandN=7,gaps=1:0,2:555,3:564,4:573,5:575,6:585,7:587,8:587|depth=15|nodes=516209|slots=1:-34,2:-589,3:-598,4:-607,5:-609,6:-619,7:-621,8:-621|smoves=1:c7b9,2:c6c5,3:f9e8,4:i6i5,5:h9g7,6:g5g4,7:d9e8,8:a6a5|crit=0
L|1|MG_QT01|HRD|REF|move=c7b9|score=27|mate=-|depth=26|nodes=3718767|crit=0
L|1|MG_QT01|MT150|SEL|move=c7b9|slotScore=-31|top1=-31|gap=0|rule=tier|hit=above|slotUsed=1|seed=3031847835|probs=cap=80,mcap=280,p=0,cls=hard,legal=30,accN=1,bandN=0,gaps=1:0,2:569,3:578,4:578,5:579,6:586,7:588,8:588|depth=13|nodes=268355|slots=1:-31,2:-600,3:-609,4:-609,5:-610,6:-617,7:-619,8:-619|smoves=1:c7b9,2:f9e8,3:h9g7,4:a6a5,5:c6c5,6:g5g4,7:d9e8,8:i6i5|crit=0
L|1|MG_QT01|MT150|REF|move=c7b9|score=35|mate=-|depth=25|nodes=3592794|crit=0
L|1|MG_QT01|ANCH|SEL|move=c7b9|slotScore=-26|top1=-26|gap=0|rule=anchor|hit=above|slotUsed=1|seed=859910020|probs=cap=undefined,mcap=NaN,p=0,cls=normal,legal=30,accN=1,bandN=0,gaps=1:0|depth=25|nodes=3513221|slots=1:-26|smoves=1:c7b9|crit=0
L|1|MG_QT01|ANCH|REF|move=c7b9|score=31|mate=-|depth=25|nodes=3676210|crit=0
PROG|1|MG_QT01
L|1|MG_QT05|ANCHOR|move=h7h9|score=-41|mate=-|depth=22|nodes=3465152|crit=0
L|1|MG_QT05|CAP0|SEL|move=h7h9|slotScore=-38|top1=-38|gap=0|rule=tier|hit=above|slotUsed=1|seed=2959256524|probs=cap=0,mcap=200,p=0,cls=normal,legal=33,accN=1,bandN=7,gaps=1:0,2:6,3:13,4:15,5:37,6:39,7:42,8:48|depth=11|nodes=596078|slots=1:-38,2:-44,3:-51,4:-53,5:-75,6:-77,7:-80,8:-86|smoves=1:h7h9,2:i6i5,3:i9h9,4:h7i7,5:i9i7,6:b9c7,7:f8e6,8:h7g7|crit=0
L|1|MG_QT05|CAP0|REF|move=h7h9|score=37|mate=-|depth=23|nodes=3299282|crit=0
L|1|MG_QT05|CAP25|SEL|move=i9h9|slotScore=-51|top1=-36|gap=15|rule=tier|hit=cap|slotUsed=3|seed=19212471|probs=cap=25,mcap=225,p=0,cls=normal,legal=33,accN=3,bandN=5,gaps=1:0,2:10,3:15,4:34,5:26,6:26,7:31,8:49|depth=12|nodes=532412|slots=1:-36,2:-46,3:-51,4:-70,5:-62,6:-62,7:-67,8:-85|smoves=1:h7h9,2:i6i5,3:i9h9,4:i9i7,5:b9c7,6:h7i7,7:f8e6,8:i9g9|crit=0
L|1|MG_QT05|CAP25|REF|move=i9h9|score=47|mate=-|depth=23|nodes=3568318|crit=0
L|1|MG_QT05|CAP50|SEL|move=h7g7|slotScore=-74|top1=-37|gap=37|rule=tier|hit=cap|slotUsed=8|seed=1948107499|probs=cap=50,mcap=250,p=0,cls=normal,legal=33,accN=8,bandN=0,gaps=1:0,2:8,3:11,4:15,5:35,6:26,7:31,8:37|depth=12|nodes=599026|slots=1:-37,2:-45,3:-48,4:-52,5:-72,6:-63,7:-68,8:-74|smoves=1:h7h9,2:i9h9,3:i6i5,4:h7i7,5:i9i7,6:b9c7,7:f8e6,8:h7g7|crit=0
L|1|MG_QT05|CAP50|REF|move=h7g7|score=102|mate=-|depth=20|nodes=3431977|crit=0
L|1|MG_QT05|CAP80|SEL|move=a7b7|slotScore=-90|top1=-40|gap=50|rule=tier|hit=cap|slotUsed=8|seed=2184992958|probs=cap=80,mcap=280,p=0,cls=normal,legal=33,accN=8,bandN=0,gaps=1:0,2:3,3:7,4:8,5:41,6:30,7:36,8:50|depth=11|nodes=603192|slots=1:-40,2:-43,3:-47,4:-48,5:-81,6:-70,7:-76,8:-90|smoves=1:h7h9,2:i6i5,3:i9h9,4:h7i7,5:f8e6,6:i9i7,7:b9c7,8:a7b7|crit=0
L|1|MG_QT05|CAP80|REF|move=a7b7|score=125|mate=-|depth=21|nodes=3476066|crit=0
L|1|MG_QT05|CAP150|SEL|move=a7c7|slotScore=-96|top1=-42|gap=54|rule=tier|hit=cap|slotUsed=8|seed=3834999590|probs=cap=150,mcap=350,p=0,cls=normal,legal=33,accN=8,bandN=0,gaps=1:0,2:3,3:11,4:11,5:32,6:34,7:41,8:54|depth=12|nodes=569070|slots=1:-42,2:-45,3:-53,4:-53,5:-74,6:-76,7:-83,8:-96|smoves=1:h7h9,2:i9h9,3:i6i5,4:h7i7,5:b9c7,6:i9i7,7:f8e6,8:a7c7|crit=0
L|1|MG_QT05|CAP150|REF|move=a7c7|score=89|mate=-|depth=21|nodes=3340972|crit=0
L|1|MG_QT05|P10|SEL|move=a7a8|slotScore=-91|top1=-39|gap=52|rule=tier|hit=bmiss|slotUsed=8|seed=3755735475|probs=cap=80,mcap=280,p=0.1,cls=normal,legal=33,accN=8,bandN=0,gaps=1:0,2:6,3:13,4:16,5:22,6:39,7:41,8:52,band=0|depth=12|nodes=583579|slots=1:-39,2:-45,3:-52,4:-55,5:-61,6:-78,7:-80,8:-91|smoves=1:h7h9,2:i9h9,3:i6i5,4:b9c7,5:h7i7,6:i9i7,7:f8e6,8:a7a8|crit=0
L|1|MG_QT05|P10|REF|move=a7a8|score=116|mate=-|depth=21|nodes=3466468|crit=0
L|1|MG_QT05|P25|SEL|move=f8e6|slotScore=-82|top1=-46|gap=36|rule=tier|hit=cap|slotUsed=8|seed=3705224451|probs=cap=80,mcap=280,p=0.25,cls=normal,legal=33,accN=8,bandN=0,gaps=1:0,2:1,3:2,4:12,5:30,6:33,7:33,8:36|depth=11|nodes=582274|slots=1:-46,2:-47,3:-48,4:-58,5:-76,6:-79,7:-79,8:-82|smoves=1:h7h9,2:i6i5,3:i9h9,4:h7i7,5:i9i7,6:i9g9,7:b9c7,8:f8e6|crit=0
L|1|MG_QT05|P25|REF|move=f8e6|score=87|mate=-|depth=19|nodes=3345092|crit=0
L|1|MG_QT05|P50|SEL|move=f8e6|slotScore=-90|top1=-39|gap=51|rule=tier|hit=cap|slotUsed=8|seed=3622074743|probs=cap=80,mcap=280,p=0.5,cls=normal,legal=33,accN=8,bandN=0,gaps=1:0,2:12,3:17,4:20,5:21,6:31,7:45,8:51|depth=11|nodes=502397|slots=1:-39,2:-51,3:-56,4:-59,5:-60,6:-70,7:-84,8:-90|smoves=1:h7h9,2:i6i5,3:i9h9,4:h7i7,5:i9i7,6:b9c7,7:h7g7,8:f8e6|crit=0
L|1|MG_QT05|P50|REF|move=f8e6|score=88|mate=-|depth=20|nodes=3341742|crit=0
L|1|MG_QT05|G10|SEL|move=i9h9|slotScore=-51|top1=-44|gap=7|rule=tier|hit=cap|slotUsed=4|seed=2554647898|probs=cap=25,mcap=225,p=0.1,cls=normal,legal=33,accN=4,bandN=4,gaps=1:0,2:2,3:3,4:7,5:36,6:32,7:32,8:41|depth=12|nodes=607159|slots=1:-44,2:-46,3:-47,4:-51,5:-80,6:-76,7:-76,8:-85|smoves=1:h7i7,2:h7h9,3:i6i5,4:i9h9,5:i9i7,6:b9c7,7:h7g7,8:i9i8|crit=0
L|1|MG_QT05|G10|REF|move=i9h9|score=47|mate=-|depth=24|nodes=3396396|crit=0
L|1|MG_QT05|HRD|SEL|move=h7g7|slotScore=-96|top1=-40|gap=56|rule=tier|hit=cap|slotUsed=7|seed=132555564|probs=cap=80,mcap=280,p=0.25,cls=normal,legal=33,accN=8,bandN=0,gaps=1:0,2:1,3:8,4:13,5:33,6:50,7:56,8:28|depth=12|nodes=548207|slots=1:-40,2:-41,3:-48,4:-53,5:-73,6:-90,7:-96,8:-68|smoves=1:h7h9,2:i6i5,3:i9h9,4:h7i7,5:b9c7,6:f8e6,7:h7g7,8:a7a8|crit=0
L|1|MG_QT05|HRD|REF|move=h7g7|score=102|mate=-|depth=21|nodes=3558396|crit=0
L|1|MG_QT05|MT150|SEL|move=f8e6|slotScore=-86|top1=-45|gap=41|rule=tier|hit=cap|slotUsed=8|seed=3068089879|probs=cap=80,mcap=280,p=0,cls=normal,legal=33,accN=8,bandN=0,gaps=1:0,2:1,3:9,4:19,5:22,6:23,7:38,8:41|depth=10|nodes=291679|slots=1:-45,2:-46,3:-54,4:-64,5:-67,6:-68,7:-83,8:-86|smoves=1:h7h9,2:i6i5,3:i9h9,4:b9c7,5:h7i7,6:i9i7,7:h7g7,8:f8e6|crit=0
L|1|MG_QT05|MT150|REF|move=f8e6|score=89|mate=-|depth=19|nodes=3452665|crit=0
L|1|MG_QT05|ANCH|SEL|move=h7h9|slotScore=-41|top1=-41|gap=0|rule=anchor|hit=above|slotUsed=1|seed=835864248|probs=cap=undefined,mcap=NaN,p=0,cls=normal,legal=33,accN=1,bandN=0,gaps=1:0|depth=22|nodes=3465152|slots=1:-41|smoves=1:h7h9|crit=0
L|1|MG_QT05|ANCH|REF|move=h7h9|score=36|mate=-|depth=23|nodes=3271513|crit=0
PROG|1|MG_QT05
L|1|MG_QT10|ANCHOR|move=i9h9|score=-28|mate=-|depth=25|nodes=3360674|crit=0
L|1|MG_QT10|CAP0|SEL|move=i9h9|slotScore=-32|top1=-32|gap=0|rule=tier|hit=above|slotUsed=1|seed=348840862|probs=cap=0,mcap=200,p=0,cls=normal,legal=29,accN=1,bandN=7,gaps=1:0,2:23,3:27,4:27,5:39,6:39,7:43,8:46|depth=13|nodes=582450|slots=1:-32,2:-55,3:-59,4:-59,5:-71,6:-71,7:-75,8:-78|smoves=1:i9h9,2:f8h7,3:f8h9,4:a6a5,5:i9i7,6:a7a8,7:c3e4,8:i9g9|crit=0
L|1|MG_QT10|CAP0|REF|move=i9h9|score=30|mate=-|depth=23|nodes=3625922|crit=0
L|1|MG_QT10|CAP25|SEL|move=f8h7|slotScore=-46|top1=-27|gap=19|rule=tier|hit=cap|slotUsed=2|seed=1519182417|probs=cap=25,mcap=225,p=0,cls=normal,legal=29,accN=2,bandN=6,gaps=1:0,2:19,3:34,4:35,5:38,6:47,7:50,8:56|depth=12|nodes=562713|slots=1:-27,2:-46,3:-61,4:-62,5:-65,6:-74,7:-77,8:-83|smoves=1:i9h9,2:f8h7,3:f8h9,4:a6a5,5:i9i7,6:f9g9,7:c3e4,8:a7a8|crit=0
L|1|MG_QT10|CAP25|REF|move=f8h7|score=73|mate=-|depth=21|nodes=3562148|crit=0
L|1|MG_QT10|CAP50|SEL|move=f9g9|slotScore=-83|top1=-40|gap=43|rule=tier|hit=cap|slotUsed=7|seed=1434269009|probs=cap=50,mcap=250,p=0,cls=normal,legal=29,accN=8,bandN=0,gaps=1:0,2:21,3:23,4:23,5:27,6:36,7:43,8:43|depth=13|nodes=587613|slots=1:-40,2:-61,3:-63,4:-63,5:-67,6:-76,7:-83,8:-83|smoves=1:i9h9,2:f8h7,3:f8h9,4:i9i7,5:a6a5,6:a7a8,7:f9g9,8:c3e4|crit=0
L|1|MG_QT10|CAP50|REF|move=f9g9|score=83|mate=-|depth=23|nodes=3733553|crit=0
L|1|MG_QT10|CAP80|SEL|move=c5c4|slotScore=-86|top1=-29|gap=57|rule=tier|hit=cap|slotUsed=6|seed=3816137236|probs=cap=80,mcap=280,p=0,cls=normal,legal=29,accN=8,bandN=0,gaps=1:0,2:24,3:28,4:31,5:42,6:57,7:57,8:45|depth=11|nodes=579363|slots=1:-29,2:-53,3:-57,4:-60,5:-71,6:-86,7:-86,8:-74|smoves=1:i9h9,2:f8h7,3:a6a5,4:i9i7,5:f8h9,6:c5c4,7:i9g9,8:a7d7|crit=0
L|1|MG_QT10|CAP80|REF|move=c5c4|score=107|mate=-|depth=19|nodes=3458315|crit=0
L|1|MG_QT10|CAP150|SEL|move=i9g9|slotScore=-89|top1=-40|gap=49|rule=tier|hit=cap|slotUsed=8|seed=334380480|probs=cap=150,mcap=350,p=0,cls=normal,legal=29,accN=8,bandN=0,gaps=1:0,2:24,3:26,4:28,5:31,6:40,7:43,8:49|depth=12|nodes=582831|slots=1:-40,2:-64,3:-66,4:-68,5:-71,6:-80,7:-83,8:-89|smoves=1:i9h9,2:f8h7,3:f8h9,4:a6a5,5:i9i7,6:f9g9,7:c3e4,8:i9g9|crit=0
L|1|MG_QT10|CAP150|REF|move=i9g9|score=115|mate=-|depth=21|nodes=3433817|crit=0
L|1|MG_QT10|P10|SEL|move=a7d7|slotScore=-84|top1=-37|gap=47|rule=tier|hit=cap|slotUsed=8|seed=2251765061|probs=cap=80,mcap=280,p=0.1,cls=normal,legal=29,accN=8,bandN=0,gaps=1:0,2:20,3:23,4:30,5:30,6:41,7:41,8:47|depth=13|nodes=570720|slots=1:-37,2:-57,3:-60,4:-67,5:-67,6:-78,7:-78,8:-84|smoves=1:i9h9,2:f8h7,3:a6a5,4:i9i7,5:f9g9,6:f8h9,7:c3e4,8:a7d7|crit=0
L|1|MG_QT10|P10|REF|move=a7d7|score=125|mate=-|depth=21|nodes=3479475|crit=0
L|1|MG_QT10|P25|SEL|move=c5c4|slotScore=-92|top1=-40|gap=52|rule=tier|hit=cap|slotUsed=8|seed=322738945|probs=cap=80,mcap=280,p=0.25,cls=normal,legal=29,accN=8,bandN=0,gaps=1:0,2:21,3:27,4:26,5:26,6:36,7:46,8:52|depth=12|nodes=559167|slots=1:-40,2:-61,3:-67,4:-66,5:-66,6:-76,7:-86,8:-92|smoves=1:i9h9,2:f8h7,3:i9i7,4:a6a5,5:f8h9,6:i9g9,7:f9g9,8:c5c4|crit=0
L|1|MG_QT10|P25|REF|move=c5c4|score=115|mate=-|depth=20|nodes=3570255|crit=0
L|1|MG_QT10|P50|SEL|move=i9g9|slotScore=-93|top1=-37|gap=56|rule=tier|hit=bmiss|slotUsed=8|seed=237890049|probs=cap=80,mcap=280,p=0.5,cls=normal,legal=29,accN=8,bandN=0,gaps=1:0,2:16,3:32,4:32,5:37,6:44,7:51,8:56,band=0|depth=13|nodes=587232|slots=1:-37,2:-53,3:-69,4:-69,5:-74,6:-81,7:-88,8:-93|smoves=1:i9h9,2:f8h7,3:a6a5,4:i9i7,5:f8h9,6:f9g9,7:i9i8,8:i9g9|crit=0
L|1|MG_QT10|P50|REF|move=i9g9|score=120|mate=-|depth=20|nodes=3472774|crit=0
L|1|MG_QT10|G10|SEL|move=f8h7|slotScore=-61|top1=-37|gap=24|rule=tier|hit=cap|slotUsed=2|seed=3903222600|probs=cap=25,mcap=225,p=0.1,cls=normal,legal=29,accN=2,bandN=6,gaps=1:0,2:24,3:30,4:33,5:41,6:45,7:41,8:52|depth=12|nodes=577195|slots=1:-37,2:-61,3:-67,4:-70,5:-78,6:-82,7:-78,8:-89|smoves=1:i9h9,2:f8h7,3:a6a5,4:i9i7,5:f9g9,6:f8h9,7:i9i8,8:i9g9|crit=0
L|1|MG_QT10|G10|REF|move=f8h7|score=79|mate=-|depth=23|nodes=3492097|crit=0
L|1|MG_QT10|HRD|SEL|move=f9g9|slotScore=-86|top1=-42|gap=44|rule=tier|hit=cap|slotUsed=8|seed=4234253738|probs=cap=80,mcap=280,p=0.25,cls=normal,legal=29,accN=8,bandN=0,gaps=1:0,2:18,3:22,4:23,5:27,6:42,7:43,8:44|depth=12|nodes=589536|slots=1:-42,2:-60,3:-64,4:-65,5:-69,6:-84,7:-85,8:-86|smoves=1:i9h9,2:f8h7,3:i9i7,4:a6a5,5:f8h9,6:a7a8,7:c3e4,8:f9g9|crit=0
L|1|MG_QT10|HRD|REF|move=f9g9|score=83|mate=-|depth=23|nodes=3609414|crit=0
L|1|MG_QT10|MT150|SEL|move=f8h9|slotScore=-84|top1=-41|gap=43|rule=tier|hit=cap|slotUsed=8|seed=1798032521|probs=cap=80,mcap=280,p=0,cls=normal,legal=29,accN=8,bandN=0,gaps=1:0,2:22,3:27,4:27,5:38,6:40,7:41,8:43|depth=11|nodes=293663|slots=1:-41,2:-63,3:-68,4:-68,5:-79,6:-81,7:-82,8:-84|smoves=1:i9h9,2:i9i7,3:f8h7,4:a6a5,5:f9g9,6:a7b7,7:c3e4,8:f8h9|crit=0
L|1|MG_QT10|MT150|REF|move=f8h9|score=76|mate=-|depth=22|nodes=3574513|crit=0
L|1|MG_QT10|ANCH|SEL|move=i9h9|slotScore=-28|top1=-28|gap=0|rule=anchor|hit=above|slotUsed=1|seed=1263140870|probs=cap=undefined,mcap=NaN,p=0,cls=normal,legal=29,accN=1,bandN=0,gaps=1:0|depth=25|nodes=3360674|slots=1:-28|smoves=1:i9h9|crit=0
L|1|MG_QT10|ANCH|REF|move=i9h9|score=30|mate=-|depth=25|nodes=3723659|crit=0
PROG|1|MG_QT10
L|1|MG_QT14|ANCHOR|move=f4b4|score=-22|mate=-|depth=25|nodes=3696524|crit=0
L|1|MG_QT14|CAP0|SEL|move=f4b4|slotScore=-27|top1=-27|gap=0|rule=tier|hit=above|slotUsed=1|seed=336554874|probs=cap=0,mcap=200,p=0,cls=normal,legal=37,accN=1,bandN=7,gaps=1:0,2:11,3:16,4:17,5:26,6:30,7:35,8:58|depth=13|nodes=629054|slots=1:-27,2:-38,3:-43,4:-44,5:-53,6:-57,7:-62,8:-85|smoves=1:f4b4,2:a7b7,3:c3e4,4:f4f2,5:a7c7,6:e8d7,7:f4e4,8:e9f9|crit=0
L|1|MG_QT14|CAP0|REF|move=f4b4|score=25|mate=-|depth=26|nodes=3760622|crit=0
L|1|MG_QT14|CAP25|SEL|move=a7c7|slotScore=-50|top1=-31|gap=19|rule=tier|hit=cap|slotUsed=5|seed=2486197485|probs=cap=25,mcap=225,p=0,cls=normal,legal=37,accN=5,bandN=3,gaps=1:0,2:3,3:8,4:11,5:19,6:39,7:44,8:59|depth=14|nodes=591155|slots=1:-31,2:-34,3:-39,4:-42,5:-50,6:-70,7:-75,8:-90|smoves=1:f4b4,2:a7b7,3:c3e4,4:f4f2,5:a7c7,6:e8d7,7:f4e4,8:e9f9|crit=0
L|1|MG_QT14|CAP25|REF|move=a7c7|score=71|mate=-|depth=22|nodes=3816371|crit=0
L|1|MG_QT14|CAP50|SEL|move=e8f7|slotScore=-72|top1=-36|gap=36|rule=tier|hit=cap|slotUsed=8|seed=2536643357|probs=cap=50,mcap=250,p=0,cls=normal,legal=37,accN=8,bandN=0,gaps=1:0,2:8,3:10,4:15,5:24,6:32,7:32,8:36|depth=14|nodes=617913|slots=1:-36,2:-44,3:-46,4:-51,5:-60,6:-68,7:-68,8:-72|smoves=1:f4b4,2:f4f2,3:a7b7,4:c3e4,5:a7c7,6:f4e4,7:e8d7,8:e8f7|crit=0
L|1|MG_QT14|CAP50|REF|move=e8f7|score=121|mate=-|depth=25|nodes=4017221|crit=0
L|1|MG_QT14|CAP80|SEL|move=e9f9|slotScore=-104|top1=-32|gap=72|rule=tier|hit=cap|slotUsed=8|seed=2504085704|probs=cap=80,mcap=280,p=0,cls=normal,legal=37,accN=8,bandN=0,gaps=1:0,2:13,3:20,4:22,5:22,6:26,7:30,8:72|depth=14|nodes=603415|slots=1:-32,2:-45,3:-52,4:-54,5:-54,6:-58,7:-62,8:-104|smoves=1:f4b4,2:a7b7,3:c3e4,4:f4f2,5:a7c7,6:e8d7,7:f4e4,8:e9f9|crit=0
L|1|MG_QT14|CAP80|REF|move=e9f9|score=104|mate=-|depth=21|nodes=3414991|crit=0
L|1|MG_QT14|CAP150|SEL|move=e9f9|slotScore=-104|top1=-41|gap=63|rule=tier|hit=cap|slotUsed=8|seed=2086391684|probs=cap=150,mcap=350,p=0,cls=normal,legal=37,accN=8,bandN=0,gaps=1:0,2:8,3:9,4:11,5:26,6:31,7:26,8:63|depth=13|nodes=604201|slots=1:-41,2:-49,3:-50,4:-52,5:-67,6:-72,7:-67,8:-104|smoves=1:f4b4,2:a7b7,3:c3e4,4:f4f2,5:a7c7,6:f4e4,7:e8d7,8:e9f9|crit=0
L|1|MG_QT14|CAP150|REF|move=e9f9|score=98|mate=-|depth=21|nodes=3764996|crit=0
L|1|MG_QT14|P10|SEL|move=a6a5|slotScore=-101|top1=-33|gap=68|rule=tier|hit=cap|slotUsed=8|seed=2267934089|probs=cap=80,mcap=280,p=0.1,cls=normal,legal=37,accN=8,bandN=0,gaps=1:0,2:14,3:16,4:21,5:24,6:27,7:30,8:68|depth=14|nodes=609363|slots=1:-33,2:-47,3:-49,4:-54,5:-57,6:-60,7:-63,8:-101|smoves=1:f4b4,2:a7b7,3:f4f2,4:e8d7,5:c3e4,6:a7c7,7:f4e4,8:a6a5|crit=0
L|1|MG_QT14|P10|REF|move=a6a5|score=129|mate=-|depth=20|nodes=3541734|crit=0
L|1|MG_QT14|P25|SEL|move=e9f9|slotScore=-110|top1=-46|gap=64|rule=tier|hit=bmiss|slotUsed=8|seed=473253693|probs=cap=80,mcap=280,p=0.25,cls=normal,legal=37,accN=8,bandN=0,gaps=1:0,2:1,3:1,4:9,5:14,6:17,7:17,8:64,band=0|depth=14|nodes=607812|slots=1:-46,2:-47,3:-47,4:-55,5:-60,6:-63,7:-63,8:-110|smoves=1:f4b4,2:a7b7,3:c3e4,4:f4f2,5:a7c7,6:e8d7,7:f4e4,8:e9f9|crit=0
L|1|MG_QT14|P25|REF|move=e9f9|score=104|mate=-|depth=21|nodes=3522811|crit=0
L|1|MG_QT14|P50|SEL|move=e9f9|slotScore=-101|top1=-40|gap=61|rule=tier|hit=cap|slotUsed=8|seed=523698797|probs=cap=80,mcap=280,p=0.5,cls=normal,legal=37,accN=8,bandN=0,gaps=1:0,2:7,3:13,4:14,5:14,6:28,7:28,8:61|depth=14|nodes=603985|slots=1:-40,2:-47,3:-53,4:-54,5:-54,6:-68,7:-68,8:-101|smoves=1:f4b4,2:a7b7,3:c3e4,4:f4f2,5:a7c7,6:e8d7,7:f4e4,8:e9f9|crit=0
L|1|MG_QT14|P50|REF|move=e9f9|score=108|mate=-|depth=22|nodes=3790241|crit=0
L|1|MG_QT14|G10|SEL|move=f4f2|slotScore=-66|top1=-38|gap=28|rule=tier|hit=rand|slotUsed=5|seed=3766633252|probs=cap=25,mcap=225,p=0.1,cls=normal,legal=37,accN=4,bandN=4,gaps=1:0,2:0,3:17,4:21,5:28,6:29,7:37,8:54,wouldBe=4,agap=28|depth=14|nodes=634562|slots=1:-38,2:-38,3:-55,4:-59,5:-66,6:-67,7:-75,8:-92|smoves=1:f4b4,2:a7b7,3:a7c7,4:c3e4,5:f4f2,6:f4e4,7:e8d7,8:e8f7|crit=0
L|1|MG_QT14|G10|REF|move=f4f2|score=72|mate=-|depth=24|nodes=4018709|crit=0
L|1|MG_QT14|HRD|SEL|move=e9f9|slotScore=-103|top1=-33|gap=70|rule=tier|hit=cap|slotUsed=8|seed=1137427334|probs=cap=80,mcap=280,p=0.25,cls=normal,legal=37,accN=8,bandN=0,gaps=1:0,2:3,3:22,4:25,5:29,6:32,7:43,8:70|depth=13|nodes=623992|slots=1:-33,2:-36,3:-55,4:-58,5:-62,6:-65,7:-76,8:-103|smoves=1:a7b7,2:f4b4,3:c3e4,4:a7c7,5:e8d7,6:f4e4,7:f4f2,8:e9f9|crit=0
L|1|MG_QT14|HRD|REF|move=e9f9|score=119|mate=-|depth=21|nodes=3745747|crit=0
L|1|MG_QT14|MT150|SEL|move=e8f7|slotScore=-81|top1=-33|gap=48|rule=tier|hit=cap|slotUsed=8|seed=4126838709|probs=cap=80,mcap=280,p=0,cls=normal,legal=37,accN=8,bandN=0,gaps=1:0,2:7,3:17,4:21,5:24,6:28,7:40,8:48|depth=13|nodes=320838|slots=1:-33,2:-40,3:-50,4:-54,5:-57,6:-61,7:-73,8:-81|smoves=1:a7b7,2:f4b4,3:c3e4,4:a7c7,5:f4f2,6:e8d7,7:f4e4,8:e8f7|crit=0
L|1|MG_QT14|MT150|REF|move=e8f7|score=130|mate=-|depth=24|nodes=3919828|crit=0
L|1|MG_QT14|ANCH|SEL|move=f4b4|slotScore=-22|top1=-22|gap=0|rule=anchor|hit=above|slotUsed=1|seed=1568958138|probs=cap=undefined,mcap=NaN,p=0,cls=normal,legal=37,accN=1,bandN=0,gaps=1:0|depth=25|nodes=3696524|slots=1:-22|smoves=1:f4b4|crit=0
L|1|MG_QT14|ANCH|REF|move=f4b4|score=25|mate=-|depth=25|nodes=3622882|crit=0
PROG|1|MG_QT14
L|1|MG_QT19|ANCHOR|move=c7c3|score=-19|mate=-|depth=30|nodes=3860757|crit=0
L|1|MG_QT19|CAP0|SEL|move=c7c3|slotScore=-20|top1=-20|gap=0|rule=tier|hit=above|slotUsed=1|seed=1231365779|probs=cap=0,mcap=200,p=0,cls=hard,legal=33,accN=1,bandN=0,gaps=1:0,2:559,3:560,4:567,5:615,6:680,7:687,8:728|depth=15|nodes=524137|slots=1:-20,2:-579,3:-580,4:-587,5:-635,6:-700,7:-707,8:-748|smoves=1:c7c3,2:c7b7,3:c7a7,4:c7d7,5:g7e6,6:e8d7,7:b5e5,8:e8f7|crit=0
L|1|MG_QT19|CAP0|REF|move=c7c3|score=15|mate=-|depth=27|nodes=3408147|crit=0
L|1|MG_QT19|CAP25|SEL|move=c7c3|slotScore=-14|top1=-14|gap=0|rule=tier|hit=above|slotUsed=1|seed=2482201242|probs=cap=25,mcap=225,p=0,cls=hard,legal=33,accN=1,bandN=0,gaps=1:0,2:567,3:577,4:578,5:628,6:656,7:728,8:733|depth=16|nodes=595313|slots=1:-14,2:-581,3:-591,4:-592,5:-642,6:-670,7:-742,8:-747|smoves=1:c7c3,2:c7b7,3:c7a7,4:c7d7,5:g7e6,6:b5e5,7:e8d7,8:g7h5|crit=0
L|1|MG_QT19|CAP25|REF|move=c7c3|score=15|mate=-|depth=31|nodes=3489896|crit=0
L|1|MG_QT19|CAP50|SEL|move=c7c3|slotScore=-17|top1=-17|gap=0|rule=tier|hit=above|slotUsed=1|seed=284062186|probs=cap=50,mcap=250,p=0,cls=hard,legal=33,accN=1,bandN=0,gaps=1:0,2:569,3:571,4:575,5:606,6:628,7:698,8:748|depth=18|nodes=584684|slots=1:-17,2:-586,3:-588,4:-592,5:-623,6:-645,7:-715,8:-765|smoves=1:c7c3,2:c7b7,3:c7a7,4:c7d7,5:e8d7,6:g7e6,7:b5e5,8:g7h5|crit=0
L|1|MG_QT19|CAP50|REF|move=c7c3|score=15|mate=-|depth=30|nodes=3505862|crit=0
L|1|MG_QT19|CAP80|SEL|move=c7c3|slotScore=-15|top1=-15|gap=0|rule=tier|hit=above|slotUsed=1|seed=2464313023|probs=cap=80,mcap=280,p=0,cls=hard,legal=33,accN=1,bandN=0,gaps=1:0,2:574,3:585,4:586,5:589,6:703,7:710,8:736|depth=15|nodes=587819|slots=1:-15,2:-589,3:-600,4:-601,5:-604,6:-718,7:-725,8:-751|smoves=1:c7c3,2:c7a7,3:c7d7,4:c7b7,5:g7e6,6:b5e5,7:e8d7,8:c7c6|crit=0
L|1|MG_QT19|CAP80|REF|move=c7c3|score=15|mate=-|depth=28|nodes=3778541|crit=0
L|1|MG_QT19|CAP150|SEL|move=c7c3|slotScore=-18|top1=-18|gap=0|rule=tier|hit=above|slotUsed=1|seed=1222827841|probs=cap=150,mcap=350,p=0,cls=hard,legal=33,accN=1,bandN=0,gaps=1:0,2:566,3:576,4:585,5:633,6:707,7:713,8:740|depth=14|nodes=581507|slots=1:-18,2:-584,3:-594,4:-603,5:-651,6:-725,7:-731,8:-758|smoves=1:c7c3,2:c7b7,3:c7a7,4:c7d7,5:g7e6,6:e8d7,7:b5e5,8:g5g4|crit=0
L|1|MG_QT19|CAP150|REF|move=c7c3|score=14|mate=-|depth=28|nodes=3610582|crit=0
L|1|MG_QT19|P10|SEL|move=c7c3|slotScore=-18|top1=-18|gap=0|rule=tier|hit=above|slotUsed=1|seed=3700460450|probs=cap=80,mcap=280,p=0.1,cls=hard,legal=33,accN=1,bandN=0,gaps=1:0,2:566,3:572,4:582,5:633,6:710,7:714,8:746|depth=15|nodes=578669|slots=1:-18,2:-584,3:-590,4:-600,5:-651,6:-728,7:-732,8:-764|smoves=1:c7c3,2:c7b7,3:c7a7,4:c7d7,5:g7e6,6:b5e5,7:e8d7,8:g5g4|crit=0
L|1|MG_QT19|P10|REF|move=c7c3|score=14|mate=-|depth=28|nodes=3406673|crit=0
L|1|MG_QT19|P25|SEL|move=c7c3|slotScore=-20|top1=-20|gap=0|rule=tier|hit=above|slotUsed=1|seed=1334519270|probs=cap=80,mcap=280,p=0.25,cls=hard,legal=33,accN=1,bandN=0,gaps=1:0,2:562,3:570,4:578,5:625,6:712,7:698,8:739|depth=15|nodes=577164|slots=1:-20,2:-582,3:-590,4:-598,5:-645,6:-732,7:-718,8:-759|smoves=1:c7c3,2:c7b7,3:c7a7,4:c7d7,5:g7e6,6:b5e5,7:e8d7,8:c7c6|crit=0
L|1|MG_QT19|P25|REF|move=c7c3|score=15|mate=-|depth=30|nodes=3557999|crit=0
L|1|MG_QT19|P50|SEL|move=c7c3|slotScore=-16|top1=-16|gap=0|rule=tier|hit=above|slotUsed=1|seed=1419432678|probs=cap=80,mcap=280,p=0.5,cls=hard,legal=33,accN=1,bandN=0,gaps=1:0,2:562,3:568,4:580,5:630,6:709,7:710,8:739|depth=18|nodes=620153|slots=1:-16,2:-578,3:-584,4:-596,5:-646,6:-725,7:-726,8:-755|smoves=1:c7c3,2:c7b7,3:c7a7,4:c7d7,5:g7e6,6:e8d7,7:b5e5,8:g7h5|crit=0
L|1|MG_QT19|P50|REF|move=c7c3|score=14|mate=-|depth=29|nodes=3541595|crit=0
L|1|MG_QT19|G10|SEL|move=c7c3|slotScore=-19|top1=-19|gap=0|rule=tier|hit=above|slotUsed=1|seed=1743684539|probs=cap=25,mcap=225,p=0.1,cls=hard,legal=33,accN=1,bandN=0,gaps=1:0,2:562,3:572,4:574,5:626,6:700,7:709,8:751|depth=17|nodes=609801|slots=1:-19,2:-581,3:-591,4:-593,5:-645,6:-719,7:-728,8:-770|smoves=1:c7c3,2:c7b7,3:c7a7,4:c7d7,5:g7e6,6:b5e5,7:e8d7,8:g5g4|crit=0
L|1|MG_QT19|G10|REF|move=c7c3|score=15|mate=-|depth=30|nodes=3684139|crit=0
L|1|MG_QT19|HRD|SEL|move=c7c3|slotScore=-16|top1=-16|gap=0|rule=tier|hit=above|slotUsed=1|seed=138553757|probs=cap=0,mcap=700,p=0.25,cls=hard,legal=33,accN=1,bandN=4,gaps=1:0,2:565,3:567,4:590,5:635,6:713,7:714,8:724|depth=15|nodes=562802|slots=1:-16,2:-581,3:-583,4:-606,5:-651,6:-729,7:-730,8:-740|smoves=1:c7c3,2:c7b7,3:c7a7,4:c7d7,5:g7e6,6:e8d7,7:b5e5,8:g7h5|crit=0
L|1|MG_QT19|HRD|REF|move=c7c3|score=14|mate=-|depth=28|nodes=3338065|crit=0
L|1|MG_QT19|MT150|SEL|move=c7c3|slotScore=-18|top1=-18|gap=0|rule=tier|hit=above|slotUsed=1|seed=4210914942|probs=cap=80,mcap=280,p=0,cls=hard,legal=33,accN=1,bandN=0,gaps=1:0,2:574,3:577,4:578,5:617,6:686,7:715,8:725|depth=14|nodes=283037|slots=1:-18,2:-592,3:-595,4:-596,5:-635,6:-704,7:-733,8:-743|smoves=1:c7c3,2:c7d7,3:c7b7,4:c7a7,5:g7e6,6:b5e5,7:e8d7,8:g5g4|crit=0
L|1|MG_QT19|MT150|REF|move=c7c3|score=17|mate=-|depth=30|nodes=3480102|crit=0
L|1|MG_QT19|ANCH|SEL|move=c7c3|slotScore=-19|top1=-19|gap=0|rule=anchor|hit=above|slotUsed=1|seed=3549340995|probs=cap=undefined,mcap=NaN,p=0,cls=normal,legal=33,accN=1,bandN=0,gaps=1:0|depth=30|nodes=3860757|slots=1:-19|smoves=1:c7c3|crit=0
L|1|MG_QT19|ANCH|REF|move=c7c3|score=16|mate=-|depth=29|nodes=3436156|crit=0
PROG|1|MG_QT19
L|1|MG_QT24|ANCHOR|move=g7f5|score=-15|mate=-|depth=28|nodes=3537288|crit=0
L|1|MG_QT24|CAP0|SEL|move=g7f5|slotScore=-17|top1=-17|gap=0|rule=tier|hit=above|slotUsed=1|seed=653964315|probs=cap=0,mcap=200,p=0,cls=normal,legal=33,accN=2,bandN=6,gaps=1:0,2:0,3:3,4:5,5:5,6:6,7:9,8:10|depth=15|nodes=586129|slots=1:-17,2:-17,3:-20,4:-22,5:-22,6:-23,7:-26,8:-27|smoves=1:g7f5,2:g5e7,3:f8f9,4:g7e6,5:e8d7,6:c3d3,7:c9e7,8:c3b3|crit=0
L|1|MG_QT24|CAP0|REF|move=g7f5|score=16|mate=-|depth=29|nodes=3586896|crit=0
L|1|MG_QT24|CAP25|SEL|move=c3d3|slotScore=-25|top1=-14|gap=11|rule=tier|hit=cap|slotUsed=8|seed=2170276178|probs=cap=25,mcap=225,p=0,cls=normal,legal=33,accN=8,bandN=0,gaps=1:0,2:3,3:5,4:7,5:9,6:10,7:10,8:11|depth=15|nodes=572459|slots=1:-14,2:-17,3:-19,4:-21,5:-23,6:-24,7:-24,8:-25|smoves=1:g7f5,2:g5e7,3:g7e6,4:f8f9,5:e8d7,6:c9e7,7:c9a7,8:c3d3|crit=0
L|1|MG_QT24|CAP25|REF|move=c3d3|score=19|mate=-|depth=29|nodes=3503861|crit=0
L|1|MG_QT24|CAP50|SEL|move=c3b3|slotScore=-26|top1=-13|gap=13|rule=tier|hit=cap|slotUsed=7|seed=2119764514|probs=cap=50,mcap=250,p=0,cls=normal,legal=33,accN=8,bandN=0,gaps=1:0,2:2,3:6,4:8,5:10,6:11,7:13,8:13|depth=15|nodes=580800|slots=1:-13,2:-15,3:-19,4:-21,5:-23,6:-24,7:-26,8:-26|smoves=1:g7f5,2:g5e7,3:g7e6,4:f8f9,5:e8d7,6:c9e7,7:c3b3,8:c3d3|crit=0
L|1|MG_QT24|CAP50|REF|move=c3b3|score=22|mate=-|depth=28|nodes=3558241|crit=0
L|1|MG_QT24|CAP80|SEL|move=c3d3|slotScore=-26|top1=-14|gap=12|rule=tier|hit=cap|slotUsed=5|seed=7535111|probs=cap=80,mcap=280,p=0,cls=normal,legal=33,accN=8,bandN=0,gaps=1:0,2:1,3:5,4:5,5:12,6:8,7:8,8:10|depth=14|nodes=599045|slots=1:-14,2:-15,3:-19,4:-19,5:-26,6:-22,7:-22,8:-24|smoves=1:g7f5,2:g5e7,3:g7e6,4:f8f9,5:c3d3,6:c3b3,7:e8d7,8:c9a7|crit=0
L|1|MG_QT24|CAP80|REF|move=c3d3|score=20|mate=-|depth=28|nodes=3549489|crit=0
L|1|MG_QT24|CAP150|SEL|move=e4d4|slotScore=-28|top1=-14|gap=14|rule=tier|hit=cap|slotUsed=8|seed=763332905|probs=cap=150,mcap=350,p=0,cls=normal,legal=33,accN=8,bandN=0,gaps=1:0,2:3,3:4,4:6,5:6,6:10,7:10,8:14|depth=14|nodes=569517|slots=1:-14,2:-17,3:-18,4:-20,5:-20,6:-24,7:-24,8:-28|smoves=1:g7f5,2:f8f9,3:g5e7,4:g7e6,5:c3d3,6:c9a7,7:e8d7,8:e4d4|crit=0
L|1|MG_QT24|CAP150|REF|move=e4d4|score=27|mate=-|depth=27|nodes=3440964|crit=0
L|1|MG_QT24|P10|SEL|move=c3b3|slotScore=-26|top1=-17|gap=9|rule=tier|hit=cap|slotUsed=8|seed=4271137018|probs=cap=80,mcap=280,p=0.1,cls=normal,legal=33,accN=8,bandN=0,gaps=1:0,2:1,3:2,4:3,5:4,6:6,7:8,8:9|depth=15|nodes=608758|slots=1:-17,2:-18,3:-19,4:-20,5:-21,6:-23,7:-25,8:-26|smoves=1:g7f5,2:g7e6,3:f8f9,4:g5e7,5:c3d3,6:c9e7,7:c9a7,8:c3b3|crit=0
L|1|MG_QT24|P10|REF|move=c3b3|score=22|mate=-|depth=27|nodes=3309651|crit=0
L|1|MG_QT24|P25|SEL|move=c3b3|slotScore=-27|top1=-14|gap=13|rule=tier|hit=cap|slotUsed=8|seed=2441922654|probs=cap=80,mcap=280,p=0.25,cls=normal,legal=33,accN=8,bandN=0,gaps=1:0,2:3,3:3,4:6,5:8,6:9,7:10,8:13|depth=14|nodes=591524|slots=1:-14,2:-17,3:-17,4:-20,5:-22,6:-23,7:-24,8:-27|smoves=1:g7f5,2:g7e6,3:g5e7,4:f8f9,5:c3d3,6:e8d7,7:c9e7,8:c3b3|crit=0
L|1|MG_QT24|P25|REF|move=c3b3|score=23|mate=-|depth=26|nodes=3531124|crit=0
L|1|MG_QT24|P50|SEL|move=c9a7|slotScore=-27|top1=-13|gap=14|rule=tier|hit=bmiss|slotUsed=8|seed=2526968158|probs=cap=80,mcap=280,p=0.5,cls=normal,legal=33,accN=8,bandN=0,gaps=1:0,2:6,3:7,4:9,5:10,6:13,7:13,8:14,band=0|depth=16|nodes=624739|slots=1:-13,2:-19,3:-20,4:-22,5:-23,6:-26,7:-26,8:-27|smoves=1:g7f5,2:g7e6,3:g5e7,4:f8f9,5:c3d3,6:c3b3,7:e8d7,8:c9a7|crit=0
L|1|MG_QT24|P50|REF|move=c9a7|score=22|mate=-|depth=26|nodes=3468141|crit=0
L|1|MG_QT24|G10|SEL|move=c9a7|slotScore=-27|top1=-15|gap=12|rule=tier|hit=cap|slotUsed=8|seed=3324755027|probs=cap=25,mcap=225,p=0.1,cls=normal,legal=33,accN=8,bandN=0,gaps=1:0,2:1,3:3,4:7,5:7,6:8,7:9,8:12|depth=14|nodes=590645|slots=1:-15,2:-16,3:-18,4:-22,5:-22,6:-23,7:-24,8:-27|smoves=1:g7f5,2:g5e7,3:g7e6,4:f8f9,5:c3b3,6:c3d3,7:e8d7,8:c9a7|crit=0
L|1|MG_QT24|G10|REF|move=c9a7|score=19|mate=-|depth=27|nodes=3521181|crit=0
L|1|MG_QT24|HRD|SEL|move=c9e7|slotScore=-25|top1=-14|gap=11|rule=tier|hit=cap|slotUsed=6|seed=2530515077|probs=cap=80,mcap=280,p=0.25,cls=normal,legal=33,accN=8,bandN=0,gaps=1:0,2:3,3:3,4:3,5:7,6:11,7:8,8:9|depth=15|nodes=615732|slots=1:-14,2:-17,3:-17,4:-17,5:-21,6:-25,7:-22,8:-23|smoves=1:g7f5,2:g5e7,3:g7e6,4:f8f9,5:c9a7,6:c9e7,7:c3d3,8:e8d7|crit=0
L|1|MG_QT24|HRD|REF|move=c9e7|score=20|mate=-|depth=27|nodes=3558970|crit=0
L|1|MG_QT24|MT150|SEL|move=c3d3|slotScore=-26|top1=-14|gap=12|rule=tier|hit=cap|slotUsed=8|seed=1790219078|probs=cap=80,mcap=280,p=0,cls=normal,legal=33,accN=8,bandN=0,gaps=1:0,2:3,3:7,4:8,5:10,6:10,7:11,8:12|depth=13|nodes=304164|slots=1:-14,2:-17,3:-21,4:-22,5:-24,6:-24,7:-25,8:-26|smoves=1:g7f5,2:g5e7,3:f8f9,4:g7e6,5:e8d7,6:c9e7,7:c9a7,8:c3d3|crit=0
L|1|MG_QT24|MT150|REF|move=c3d3|score=20|mate=-|depth=28|nodes=3624970|crit=0
L|1|MG_QT24|ANCH|SEL|move=g7f5|slotScore=-15|top1=-15|gap=0|rule=anchor|hit=above|slotUsed=1|seed=1387927499|probs=cap=undefined,mcap=NaN,p=0,cls=normal,legal=33,accN=1,bandN=0,gaps=1:0|depth=28|nodes=3537288|slots=1:-15|smoves=1:g7f5|crit=0
L|1|MG_QT24|ANCH|REF|move=g7f5|score=15|mate=-|depth=29|nodes=3675604|crit=0
PROG|1|MG_QT24
L|1|MG_QT29|ANCHOR|move=d9e8|score=-18|mate=-|depth=23|nodes=3347629|crit=0
L|1|MG_QT29|CAP0|SEL|move=b6b5|slotScore=-21|top1=-21|gap=0|rule=tier|hit=above|slotUsed=1|seed=3554192882|probs=cap=0,mcap=200,p=0,cls=normal,legal=41,accN=2,bandN=6,gaps=1:0,2:0,3:6,4:6,5:8,6:12,7:18,8:21|depth=13|nodes=548364|slots=1:-21,2:-21,3:-27,4:-27,5:-29,6:-33,7:-39,8:-42|smoves=1:b6b5,2:d9e8,3:a9b9,4:h9h6,5:a9c9,6:b6b3,7:g7f5,8:b6c6|crit=0
L|1|MG_QT29|CAP0|REF|move=b6b5|score=22|mate=-|depth=25|nodes=3401808|crit=0
L|1|MG_QT29|CAP25|SEL|move=b6b3|slotScore=-35|top1=-19|gap=16|rule=tier|hit=cap|slotUsed=8|seed=3924636597|probs=cap=25,mcap=225,p=0,cls=normal,legal=41,accN=8,bandN=0,gaps=1:0,2:1,3:2,4:5,5:7,6:10,7:14,8:16|depth=13|nodes=553608|slots=1:-19,2:-20,3:-21,4:-24,5:-26,6:-29,7:-33,8:-35|smoves=1:b6b5,2:a9c9,3:a9b9,4:d9e8,5:h9h6,6:b6c6,7:g7f5,8:b6b3|crit=0
L|1|MG_QT29|CAP25|REF|move=b6b3|score=43|mate=-|depth=24|nodes=3408505|crit=0
L|1|MG_QT29|CAP50|SEL|move=g7f5|slotScore=-44|top1=-13|gap=31|rule=tier|hit=cap|slotUsed=8|seed=1827546981|probs=cap=50,mcap=250,p=0,cls=normal,legal=41,accN=8,bandN=0,gaps=1:0,2:7,3:8,4:10,5:10,6:12,7:12,8:31|depth=13|nodes=571976|slots=1:-13,2:-20,3:-21,4:-23,5:-23,6:-25,7:-25,8:-44|smoves=1:b6b5,2:a9c9,3:h9h6,4:b6c6,5:d9e8,6:c7b5,7:a9b9,8:g7f5|crit=0
L|1|MG_QT29|CAP50|REF|move=g7f5|score=66|mate=-|depth=24|nodes=3379564|crit=0
L|1|MG_QT29|CAP80|SEL|move=b6c6|slotScore=-40|top1=-17|gap=23|rule=tier|hit=cap|slotUsed=8|seed=1792212608|probs=cap=80,mcap=280,p=0,cls=normal,legal=41,accN=8,bandN=0,gaps=1:0,2:2,3:2,4:4,5:8,6:16,7:19,8:23|depth=14|nodes=549309|slots=1:-17,2:-19,3:-19,4:-21,5:-25,6:-33,7:-36,8:-40|smoves=1:a9b9,2:b6b5,3:d9e8,4:a9c9,5:h9h6,6:c7d5,7:c7b5,8:b6c6|crit=0
L|1|MG_QT29|CAP80|REF|move=b6c6|score=26|mate=-|depth=25|nodes=3613543|crit=0
L|1|MG_QT29|CAP150|SEL|move=b6b3|slotScore=-40|top1=-17|gap=23|rule=tier|hit=cap|slotUsed=8|seed=2857150460|probs=cap=150,mcap=350,p=0,cls=normal,legal=41,accN=8,bandN=0,gaps=1:0,2:3,3:3,4:8,5:12,6:12,7:15,8:23|depth=11|nodes=547543|slots=1:-17,2:-20,3:-20,4:-25,5:-29,6:-29,7:-32,8:-40|smoves=1:b6b5,2:a9b9,3:d9e8,4:a9c9,5:c7b5,6:h9h6,7:b6c6,8:b6b3|crit=0
L|1|MG_QT29|CAP150|REF|move=b6b3|score=41|mate=-|depth=25|nodes=3521504|crit=0
L|1|MG_QT29|P10|SEL|move=c7b5|slotScore=-36|top1=-16|gap=20|rule=tier|hit=cap|slotUsed=7|seed=682120817|probs=cap=80,mcap=280,p=0.1,cls=normal,legal=41,accN=8,bandN=0,gaps=1:0,2:0,3:2,4:8,5:18,6:19,7:20,8:20|depth=13|nodes=569260|slots=1:-16,2:-15,3:-18,4:-24,5:-34,6:-35,7:-36,8:-36|smoves=1:b6b5,2:d9e8,3:a9b9,4:a9c9,5:b6c6,6:h9h6,7:c7b5,8:b6b8|crit=0
L|1|MG_QT29|P10|REF|move=c7b5|score=35|mate=-|depth=22|nodes=3218593|crit=0
L|1|MG_QT29|P25|SEL|move=h9h6|slotScore=-29|top1=-16|gap=13|rule=tier|hit=bmiss|slotUsed=7|seed=2645680645|probs=cap=80,mcap=280,p=0.25,cls=normal,legal=41,accN=8,bandN=0,gaps=1:0,2:1,3:10,4:9,5:10,6:10,7:13,8:13,band=0|depth=13|nodes=536627|slots=1:-16,2:-17,3:-26,4:-25,5:-26,6:-26,7:-29,8:-29|smoves=1:b6b5,2:d9e8,3:c7b5,4:a9b9,5:a9c9,6:b6c6,7:h9h6,8:h9h8|crit=0
L|1|MG_QT29|P25|REF|move=h9h6|score=13|mate=-|depth=26|nodes=3398362|crit=0
L|1|MG_QT29|P50|SEL|move=b6b3|slotScore=-38|top1=-13|gap=25|rule=tier|hit=bmiss|slotUsed=6|seed=2696126133|probs=cap=80,mcap=280,p=0.5,cls=normal,legal=41,accN=8,bandN=0,gaps=1:0,2:6,3:7,4:16,5:18,6:25,7:1,8:4,band=0|depth=14|nodes=582788|slots=1:-13,2:-19,3:-20,4:-29,5:-31,6:-38,7:-14,8:-17|smoves=1:a9b9,2:d9e8,3:a9c9,4:c7b5,5:b6c6,6:b6b3,7:h9h6,8:b6b5|crit=0
L|1|MG_QT29|P50|REF|move=b6b3|score=45|mate=-|depth=23|nodes=3447711|crit=0
L|1|MG_QT29|G10|SEL|move=g7f5|slotScore=-38|top1=-16|gap=22|rule=tier|hit=cap|slotUsed=8|seed=1149927244|probs=cap=25,mcap=225,p=0.1,cls=normal,legal=41,accN=8,bandN=0,gaps=1:0,2:0,3:2,4:3,5:5,6:8,7:13,8:22|depth=13|nodes=556515|slots=1:-16,2:-16,3:-18,4:-19,5:-21,6:-24,7:-29,8:-38|smoves=1:a9b9,2:b6b5,3:h9h6,4:d9e8,5:a9c9,6:b6c6,7:c7b5,8:g7f5|crit=0
L|1|MG_QT29|G10|REF|move=g7f5|score=48|mate=-|depth=23|nodes=3448543|crit=0
L|1|MG_QT29|HRD|SEL|move=b6b3|slotScore=-42|top1=-15|gap=27|rule=tier|hit=cap|slotUsed=8|seed=4131337182|probs=cap=80,mcap=280,p=0.25,cls=normal,legal=41,accN=8,bandN=0,gaps=1:0,2:3,3:3,4:8,5:5,6:15,7:16,8:27|depth=14|nodes=584300|slots=1:-15,2:-18,3:-18,4:-23,5:-20,6:-30,7:-31,8:-42|smoves=1:b6b5,2:a9b9,3:h9h6,4:d9e8,5:a9c9,6:c7b5,7:b6c6,8:b6b3|crit=0
L|1|MG_QT29|HRD|REF|move=b6b3|score=35|mate=-|depth=23|nodes=3300297|crit=0
L|1|MG_QT29|MT150|SEL|move=c7d5|slotScore=-36|top1=-14|gap=22|rule=tier|hit=cap|slotUsed=8|seed=516872909|probs=cap=80,mcap=280,p=0,cls=normal,legal=41,accN=8,bandN=0,gaps=1:0,2:0,3:6,4:8,5:18,6:12,7:21,8:22|depth=10|nodes=248829|slots=1:-14,2:-14,3:-20,4:-22,5:-32,6:-26,7:-35,8:-36|smoves=1:a9b9,2:h9h6,3:b6b5,4:d9e8,5:c7b5,6:a9c9,7:b6b3,8:c7d5|crit=0
L|1|MG_QT29|MT150|REF|move=c7d5|score=25|mate=-|depth=20|nodes=3247472|crit=0
L|1|MG_QT29|ANCH|SEL|move=d9e8|slotScore=-18|top1=-18|gap=0|rule=anchor|hit=above|slotUsed=1|seed=3387915538|probs=cap=undefined,mcap=NaN,p=0,cls=normal,legal=41,accN=1,bandN=0,gaps=1:0|depth=23|nodes=3347629|slots=1:-18|smoves=1:d9e8|crit=0
L|1|MG_QT29|ANCH|REF|move=d9e8|score=21|mate=-|depth=23|nodes=3250647|crit=0
PROG|1|MG_QT29
L|1|MG_QT34|ANCHOR|move=d9d3|score=-1|mate=-|depth=24|nodes=3482476|crit=0
L|1|MG_QT34|CAP0|SEL|move=d9d3|slotScore=-5|top1=-5|gap=0|rule=tier|hit=above|slotUsed=1|seed=4071762788|probs=cap=0,mcap=200,p=0,cls=normal,legal=32,accN=1,bandN=7,gaps=1:0,2:28,3:43,4:46,5:51,6:101,7:109,8:120|depth=12|nodes=565825|slots=1:-5,2:-33,3:-48,4:-51,5:-56,6:-106,7:-114,8:-125|smoves=1:d9d3,2:h9g7,3:c5c4,4:d9b9,5:b5a5,6:i5h5,7:d9c9,8:a6a5|crit=0
L|1|MG_QT34|CAP0|REF|move=d9d3|score=0|mate=-|depth=23|nodes=3283865|crit=0
L|1|MG_QT34|CAP25|SEL|move=h9g7|slotScore=-31|top1=-9|gap=22|rule=tier|hit=cap|slotUsed=2|seed=1816894495|probs=cap=25,mcap=225,p=0,cls=normal,legal=32,accN=2,bandN=6,gaps=1:0,2:22,3:37,4:39,5:46,6:102,7:107,8:108|depth=13|nodes=624915|slots=1:-9,2:-31,3:-46,4:-48,5:-55,6:-111,7:-116,8:-117|smoves=1:d9d3,2:h9g7,3:c5c4,4:b5a5,5:d9b9,6:d9c9,7:i5h5,8:a6a5|crit=0
L|1|MG_QT34|CAP25|REF|move=h9g7|score=18|mate=-|depth=26|nodes=3588536|crit=0
L|1|MG_QT34|CAP50|SEL|move=d9b9|slotScore=-59|top1=-9|gap=50|rule=tier|hit=cap|slotUsed=5|seed=4282516979|probs=cap=50,mcap=250,p=0,cls=normal,legal=32,accN=5,bandN=3,gaps=1:0,2:26,3:26,4:34,5:50,6:91,7:102,8:105|depth=14|nodes=597784|slots=1:-9,2:-35,3:-35,4:-43,5:-59,6:-100,7:-111,8:-114|smoves=1:d9d3,2:h9g7,3:c5c4,4:b5a5,5:d9b9,6:d9c9,7:i5h5,8:a6a5|crit=0
L|1|MG_QT34|CAP50|REF|move=d9b9|score=54|mate=-|depth=22|nodes=3690567|crit=0
L|1|MG_QT34|CAP80|SEL|move=d9b9|slotScore=-49|top1=-5|gap=44|rule=tier|hit=cap|slotUsed=5|seed=3980254614|probs=cap=80,mcap=280,p=0,cls=normal,legal=32,accN=5,bandN=3,gaps=1:0,2:21,3:28,4:43,5:44,6:102,7:102,8:113|depth=13|nodes=588182|slots=1:-5,2:-26,3:-33,4:-48,5:-49,6:-107,7:-107,8:-118|smoves=1:d9d3,2:h9g7,3:c5c4,4:b5a5,5:d9b9,6:i5h5,7:d9c9,8:e6e5|crit=0
L|1|MG_QT34|CAP80|REF|move=d9b9|score=56|mate=-|depth=22|nodes=3696762|crit=0
L|1|MG_QT34|CAP150|SEL|move=d9c9|slotScore=-109|top1=-2|gap=107|rule=tier|hit=cap|slotUsed=7|seed=198273630|probs=cap=150,mcap=350,p=0,cls=normal,legal=32,accN=8,bandN=0,gaps=1:0,2:27,3:29,4:41,5:47,6:104,7:107,8:107|depth=13|nodes=589370|slots=1:-2,2:-29,3:-31,4:-43,5:-49,6:-106,7:-109,8:-109|smoves=1:d9d3,2:c5c4,3:h9g7,4:b5a5,5:d9b9,6:a6a5,7:d9c9,8:i5h5|crit=0
L|1|MG_QT34|CAP150|REF|move=d9c9|score=167|mate=-|depth=23|nodes=3922015|crit=0
L|1|MG_QT34|P10|SEL|move=a6a5|slotScore=-134|top1=-12|gap=122|rule=tier|hit=rand|slotUsed=8|seed=276720571|probs=cap=80,mcap=280,p=0.1,cls=normal,legal=32,accN=5,bandN=3,gaps=1:0,2:19,3:24,4:42,5:50,6:121,7:121,8:122,wouldBe=5,agap=122|depth=14|nodes=568630|slots=1:-12,2:-31,3:-36,4:-54,5:-62,6:-133,7:-133,8:-134|smoves=1:d9d3,2:c5c4,3:h9g7,4:b5a5,5:d9b9,6:i5h5,7:h9i7,8:a6a5|crit=0
L|1|MG_QT34|P10|REF|move=a6a5|score=162|mate=-|depth=22|nodes=3653719|crit=0
L|1|MG_QT34|P25|SEL|move=h9i7|slotScore=-142|top1=-17|gap=125|rule=tier|hit=rand|slotUsed=7|seed=2373809803|probs=cap=80,mcap=280,p=0.25,cls=normal,legal=32,accN=5,bandN=3,gaps=1:0,2:22,3:22,4:31,5:40,6:84,7:125,8:125,wouldBe=5,agap=125|depth=13|nodes=575053|slots=1:-17,2:-39,3:-39,4:-48,5:-57,6:-101,7:-142,8:-142|smoves=1:d9d3,2:h9g7,3:c5c4,4:b5a5,5:d9b9,6:i5h5,7:h9i7,8:a6a5|crit=0
L|1|MG_QT34|P25|REF|move=h9i7|score=189|mate=-|depth=22|nodes=3334418|crit=0
L|1|MG_QT34|P50|SEL|move=i5h5|slotScore=-114|top1=-12|gap=102|rule=tier|hit=rand|slotUsed=6|seed=2290725631|probs=cap=80,mcap=280,p=0.5,cls=normal,legal=32,accN=5,bandN=3,gaps=1:0,2:19,3:29,4:40,5:45,6:102,7:106,8:113,wouldBe=5,agap=102|depth=14|nodes=630198|slots=1:-12,2:-31,3:-41,4:-52,5:-57,6:-114,7:-118,8:-125|smoves=1:d9d3,2:c5c4,3:h9g7,4:b5a5,5:d9b9,6:i5h5,7:e6e5,8:d9d7|crit=0
L|1|MG_QT34|P50|REF|move=i5h5|score=118|mate=-|depth=23|nodes=3671476|crit=0
L|1|MG_QT34|G10|SEL|move=i5h5|slotScore=-104|top1=-12|gap=92|rule=tier|hit=rand|slotUsed=7|seed=2233496482|probs=cap=25,mcap=225,p=0.1,cls=normal,legal=32,accN=2,bandN=6,gaps=1:0,2:17,3:28,4:33,5:38,6:89,7:92,8:113,wouldBe=2,agap=92|depth=14|nodes=575392|slots=1:-12,2:-29,3:-40,4:-45,5:-50,6:-101,7:-104,8:-125|smoves=1:d9d3,2:c5c4,3:h9g7,4:b5a5,5:d9b9,6:e6e5,7:i5h5,8:d9c9|crit=0
L|1|MG_QT34|G10|REF|move=i5h5|score=129|mate=-|depth=23|nodes=3784903|crit=0
L|1|MG_QT34|HRD|SEL|move=d9b9|slotScore=-52|top1=-17|gap=35|rule=tier|hit=cap|slotUsed=5|seed=2737757956|probs=cap=80,mcap=280,p=0.25,cls=normal,legal=32,accN=5,bandN=3,gaps=1:0,2:7,3:18,4:31,5:35,6:88,7:95,8:124|depth=13|nodes=583094|slots=1:-17,2:-24,3:-35,4:-48,5:-52,6:-105,7:-112,8:-141|smoves=1:d9d3,2:c5c4,3:h9g7,4:b5a5,5:d9b9,6:e6e5,7:i5h5,8:d9c9|crit=0
L|1|MG_QT34|HRD|REF|move=d9b9|score=47|mate=-|depth=22|nodes=3570162|crit=0
L|1|MG_QT34|MT150|SEL|move=b5a5|slotScore=-49|top1=-7|gap=42|rule=tier|hit=cap|slotUsed=5|seed=2476070319|probs=cap=80,mcap=280,p=0,cls=normal,legal=32,accN=5,bandN=3,gaps=1:0,2:23,3:31,4:39,5:42,6:96,7:96,8:123|depth=11|nodes=310594|slots=1:-7,2:-30,3:-38,4:-46,5:-49,6:-103,7:-103,8:-130|smoves=1:d9d3,2:c5c4,3:h9g7,4:d9b9,5:b5a5,6:i5h5,7:d9c9,8:a6a5|crit=0
L|1|MG_QT34|MT150|REF|move=b5a5|score=37|mate=-|depth=26|nodes=4189128|crit=0
L|1|MG_QT34|ANCH|SEL|move=d9d3|slotScore=-1|top1=-1|gap=0|rule=anchor|hit=above|slotUsed=1|seed=408033104|probs=cap=undefined,mcap=NaN,p=0,cls=normal,legal=32,accN=1,bandN=0,gaps=1:0|depth=24|nodes=3482476|slots=1:-1|smoves=1:d9d3|crit=0
L|1|MG_QT34|ANCH|REF|move=d9d3|score=4|mate=-|depth=26|nodes=3312280|crit=0
PROG|1|MG_QT34
L|1|MG_QT39|ANCHOR|move=b5c5|score=-1|mate=-|depth=28|nodes=3539389|crit=0
L|1|MG_QT39|CAP0|SEL|move=b5c5|slotScore=-1|top1=-1|gap=0|rule=tier|hit=above|slotUsed=1|seed=3244144421|probs=cap=0,mcap=200,p=0,cls=normal,legal=43,accN=1,bandN=7,gaps=1:0,2:6,3:7,4:10,5:14,6:16,7:17,8:29|depth=14|nodes=584936|slots=1:-1,2:-7,3:-8,4:-11,5:-15,6:-17,7:-18,8:-30|smoves=1:b5c5,2:f5f7,3:d9b9,4:i6i5,5:c7d5,6:a6a5,7:f5f8,8:f5f6|crit=0
L|1|MG_QT39|CAP0|REF|move=b5c5|score=0|mate=-|depth=31|nodes=3514641|crit=0
L|1|MG_QT39|CAP25|SEL|move=b5a5|slotScore=-26|top1=-3|gap=23|rule=tier|hit=cap|slotUsed=8|seed=2182600300|probs=cap=25,mcap=225,p=0,cls=normal,legal=43,accN=8,bandN=0,gaps=1:0,2:4,3:7,4:7,5:12,6:16,7:18,8:23|depth=12|nodes=582603|slots=1:-3,2:-7,3:-10,4:-10,5:-15,6:-19,7:-21,8:-26|smoves=1:b5c5,2:d9b9,3:f5f7,4:c7d5,5:i6i5,6:a6a5,7:f5f8,8:b5a5|crit=0
L|1|MG_QT39|CAP25|REF|move=b5a5|score=18|mate=-|depth=25|nodes=3755751|crit=0
L|1|MG_QT39|CAP50|SEL|move=f5f6|slotScore=-22|top1=0|gap=22|rule=tier|hit=cap|slotUsed=8|seed=2131273360|probs=cap=50,mcap=250,p=0,cls=normal,legal=43,accN=8,bandN=0,gaps=1:0,2:5,3:5,4:8,5:10,6:11,7:16,8:22|depth=12|nodes=501226|slots=1:0,2:-5,3:-5,4:-8,5:-10,6:-11,7:-16,8:-22|smoves=1:b5c5,2:d9b9,3:f5f7,4:c7d5,5:i6i5,6:a6a5,7:f5f8,8:f5f6|crit=0
L|1|MG_QT39|CAP50|REF|move=f5f6|score=21|mate=-|depth=27|nodes=3552087|crit=0
L|1|MG_QT39|CAP80|SEL|move=f5f6|slotScore=-24|top1=0|gap=24|rule=tier|hit=cap|slotUsed=8|seed=19240693|probs=cap=80,mcap=280,p=0,cls=normal,legal=43,accN=8,bandN=0,gaps=1:0,2:3,3:4,4:9,5:10,6:13,7:21,8:24|depth=14|nodes=552025|slots=1:0,2:-3,3:-4,4:-9,5:-10,6:-13,7:-21,8:-24|smoves=1:b5c5,2:f5f7,3:d9b9,4:i6i5,5:c7d5,6:a6a5,7:f5f8,8:f5f6|crit=0
L|1|MG_QT39|CAP80|REF|move=f5f6|score=20|mate=-|depth=26|nodes=3544599|crit=0
L|1|MG_QT39|CAP150|SEL|move=f5f6|slotScore=-19|top1=0|gap=19|rule=tier|hit=cap|slotUsed=8|seed=1393354435|probs=cap=150,mcap=350,p=0,cls=normal,legal=43,accN=8,bandN=0,gaps=1:0,2:4,3:6,4:7,5:9,6:15,7:15,8:19|depth=13|nodes=521508|slots=1:0,2:-4,3:-6,4:-7,5:-9,6:-15,7:-15,8:-19|smoves=1:b5c5,2:f5f7,3:d9b9,4:c7d5,5:i6i5,6:a6a5,7:f5f8,8:f5f6|crit=0
L|1|MG_QT39|CAP150|REF|move=f5f6|score=25|mate=-|depth=26|nodes=3469811|crit=0
L|1|MG_QT39|P10|SEL|move=b5a5|slotScore=-25|top1=1|gap=26|rule=tier|hit=cap|slotUsed=8|seed=3777560908|probs=cap=80,mcap=280,p=0.1,cls=normal,legal=43,accN=8,bandN=0,gaps=1:0,2:2,3:6,4:7,5:11,6:12,7:19,8:26|depth=13|nodes=572171|slots=1:1,2:-1,3:-5,4:-6,5:-10,6:-11,7:-18,8:-25|smoves=1:b5c5,2:f5f7,3:d9b9,4:c7d5,5:a6a5,6:i6i5,7:f5f8,8:b5a5|crit=0
L|1|MG_QT39|P10|REF|move=b5a5|score=17|mate=-|depth=25|nodes=3580962|crit=0
L|1|MG_QT39|P25|SEL|move=f5f6|slotScore=-22|top1=1|gap=23|rule=tier|hit=cap|slotUsed=8|seed=3962286436|probs=cap=80,mcap=280,p=0.25,cls=normal,legal=43,accN=8,bandN=0,gaps=1:0,2:7,3:7,4:7,5:12,6:13,7:17,8:23|depth=13|nodes=534883|slots=1:1,2:-6,3:-6,4:-6,5:-11,6:-12,7:-16,8:-22|smoves=1:b5c5,2:c7d5,3:d9b9,4:f5f7,5:i6i5,6:a6a5,7:f5f8,8:f5f6|crit=0
L|1|MG_QT39|P25|REF|move=f5f6|score=25|mate=-|depth=26|nodes=3368651|crit=0
L|1|MG_QT39|P50|SEL|move=b5d5|slotScore=-24|top1=-2|gap=22|rule=tier|hit=bmiss|slotUsed=8|seed=1763685896|probs=cap=80,mcap=280,p=0.5,cls=normal,legal=43,accN=8,bandN=0,gaps=1:0,2:4,3:2,4:3,5:9,6:14,7:16,8:22,band=0|depth=13|nodes=540799|slots=1:-2,2:-6,3:-4,4:-5,5:-11,6:-16,7:-18,8:-24|smoves=1:b5c5,2:f5f7,3:d9b9,4:c7d5,5:i6i5,6:a6a5,7:f5f8,8:b5d5|crit=0
L|1|MG_QT39|P50|REF|move=b5d5|score=20|mate=-|depth=24|nodes=3424669|crit=0
L|1|MG_QT39|G10|SEL|move=f5f6|slotScore=-26|top1=-1|gap=25|rule=tier|hit=cap|slotUsed=8|seed=3309820017|probs=cap=25,mcap=225,p=0.1,cls=normal,legal=43,accN=8,bandN=0,gaps=1:0,2:2,3:3,4:4,5:6,6:7,7:17,8:25|depth=13|nodes=563368|slots=1:-1,2:-3,3:-4,4:-5,5:-7,6:-8,7:-18,8:-26|smoves=1:b5c5,2:f5f7,3:d9b9,4:c7d5,5:i6i5,6:a6a5,7:f5f8,8:f5f6|crit=0
L|1|MG_QT39|G10|REF|move=f5f6|score=26|mate=-|depth=26|nodes=3461898|crit=0
L|1|MG_QT39|HRD|SEL|move=f5f6|slotScore=-24|top1=0|gap=24|rule=tier|hit=cap|slotUsed=8|seed=3245054299|probs=cap=80,mcap=280,p=0.25,cls=normal,legal=43,accN=8,bandN=0,gaps=1:0,2:7,3:9,4:10,5:11,6:13,7:19,8:24|depth=13|nodes=573758|slots=1:0,2:-7,3:-9,4:-10,5:-11,6:-13,7:-19,8:-24|smoves=1:b5c5,2:f5f7,3:d9b9,4:i6i5,5:c7d5,6:a6a5,7:f5f8,8:f5f6|crit=0
L|1|MG_QT39|HRD|REF|move=f5f6|score=18|mate=-|depth=27|nodes=3771696|crit=0
L|1|MG_QT39|MT150|SEL|move=f5f6|slotScore=-20|top1=-1|gap=19|rule=tier|hit=cap|slotUsed=8|seed=4156705840|probs=cap=80,mcap=280,p=0,cls=normal,legal=43,accN=8,bandN=0,gaps=1:0,2:4,3:4,4:5,5:11,6:15,7:16,8:19|depth=11|nodes=286381|slots=1:-1,2:-5,3:-5,4:-6,5:-12,6:-16,7:-17,8:-20|smoves=1:b5c5,2:f5f7,3:i6i5,4:d9b9,5:c7d5,6:a6a5,7:f5f8,8:f5f6|crit=0
L|1|MG_QT39|MT150|REF|move=f5f6|score=18|mate=-|depth=27|nodes=3413015|crit=0
L|1|MG_QT39|ANCH|SEL|move=b5c5|slotScore=-1|top1=-1|gap=0|rule=anchor|hit=above|slotUsed=1|seed=3926057201|probs=cap=undefined,mcap=NaN,p=0,cls=normal,legal=43,accN=1,bandN=0,gaps=1:0|depth=28|nodes=3539389|slots=1:-1|smoves=1:b5c5|crit=0
L|1|MG_QT39|ANCH|REF|move=b5c5|score=0|mate=-|depth=33|nodes=3455603|crit=0
PROG|1|MG_QT39
L|1|MG_QH01|ANCHOR|move=d0e1|score=-6|mate=-|depth=23|nodes=3494556|crit=0
L|1|MG_QH01|CAP0|SEL|move=d0e1|slotScore=3|top1=3|gap=0|rule=tier|hit=above|slotUsed=1|seed=1976960868|probs=cap=0,mcap=200,p=0,cls=normal,legal=33,accN=1,bandN=7,gaps=1:0,2:4,3:6,4:9,5:9,6:18,7:20,8:29|depth=12|nodes=582545|slots=1:3,2:-1,3:-3,4:-6,5:-6,6:-15,7:-17,8:-26|smoves=1:d0e1,2:e3e4,3:g2f4,4:c0a2,5:c2b0,6:b6g6,7:c2e1,8:a0a1|crit=0
L|1|MG_QH01|CAP0|REF|move=d0e1|score=-2|mate=-|depth=25|nodes=3490589|crit=0
L|1|MG_QH01|CAP25|SEL|move=c2e1|slotScore=-19|top1=5|gap=24|rule=tier|hit=cap|slotUsed=8|seed=3727618079|probs=cap=25,mcap=225,p=0,cls=normal,legal=33,accN=8,bandN=0,gaps=1:0,2:5,3:8,4:8,5:11,6:16,7:16,8:24|depth=13|nodes=574305|slots=1:5,2:0,3:-3,4:-3,5:-6,6:-11,7:-11,8:-19|smoves=1:e3e4,2:c0a2,3:d0e1,4:g2f4,5:b6g6,6:c2b0,7:a0a1,8:c2e1|crit=0
L|1|MG_QH01|CAP25|REF|move=c2e1|score=24|mate=-|depth=23|nodes=3437392|crit=0
L|1|MG_QH01|CAP50|SEL|move=i3i4|slotScore=-23|top1=6|gap=29|rule=tier|hit=cap|slotUsed=8|seed=1898535411|probs=cap=50,mcap=250,p=0,cls=normal,legal=33,accN=8,bandN=0,gaps=1:0,2:22,3:3,4:5,5:5,6:7,7:14,8:29|depth=13|nodes=596136|slots=1:6,2:-16,3:3,4:1,5:1,6:-1,7:-8,8:-23|smoves=1:e3e4,2:a0a1,3:d0e1,4:g2f4,5:c0a2,6:b6g6,7:c2b0,8:i3i4|crit=0
L|1|MG_QH01|CAP50|REF|move=i3i4|score=14|mate=-|depth=21|nodes=3537436|crit=0
L|1|MG_QH01|CAP80|SEL|move=a0a1|slotScore=-19|top1=5|gap=24|rule=tier|hit=cap|slotUsed=8|seed=1595945366|probs=cap=80,mcap=280,p=0,cls=normal,legal=33,accN=8,bandN=0,gaps=1:0,2:1,3:2,4:3,5:11,6:16,7:23,8:24|depth=12|nodes=609850|slots=1:5,2:4,3:3,4:2,5:-6,6:-11,7:-18,8:-19|smoves=1:e3e4,2:d0e1,3:b6g6,4:c0a2,5:g2f4,6:c2b0,7:i3i4,8:a0a1|crit=0
L|1|MG_QH01|CAP80|REF|move=a0a1|score=8|mate=-|depth=25|nodes=3416230|crit=0
L|1|MG_QH01|CAP150|SEL|move=a0a1|slotScore=-16|top1=5|gap=21|rule=tier|hit=cap|slotUsed=7|seed=1456186974|probs=cap=150,mcap=350,p=0,cls=normal,legal=33,accN=8,bandN=0,gaps=1:0,2:1,3:5,4:6,5:7,6:9,7:21,8:21|depth=13|nodes=588902|slots=1:5,2:4,3:0,4:-1,5:-2,6:-4,7:-16,8:-16|smoves=1:d0e1,2:c0a2,3:g2f4,4:e3e4,5:b6g6,6:c2b0,7:a0a1,8:c2e1|crit=0
L|1|MG_QH01|CAP150|REF|move=a0a1|score=5|mate=-|depth=26|nodes=3465859|crit=0
L|1|MG_QH01|P10|SEL|move=a0a1|slotScore=-18|top1=3|gap=21|rule=tier|hit=cap|slotUsed=7|seed=15835067|probs=cap=80,mcap=280,p=0.1,cls=normal,legal=33,accN=8,bandN=0,gaps=1:0,2:3,3:4,4:8,5:15,6:19,7:21,8:3|depth=13|nodes=579375|slots=1:3,2:0,3:-1,4:-5,5:-12,6:-16,7:-18,8:0|smoves=1:e3e4,2:c0a2,3:g2f4,4:b6g6,5:c2b0,6:i3i4,7:a0a1,8:d0e1|crit=0
L|1|MG_QH01|P10|REF|move=a0a1|score=3|mate=-|depth=28|nodes=3552225|crit=0
L|1|MG_QH01|P25|SEL|move=i3i4|slotScore=-23|top1=8|gap=31|rule=tier|hit=bmiss|slotUsed=8|seed=2112662155|probs=cap=80,mcap=280,p=0.25,cls=normal,legal=33,accN=8,bandN=0,gaps=1:0,2:4,3:4,4:8,5:9,6:19,7:20,8:31,band=0|depth=12|nodes=572877|slots=1:8,2:4,3:4,4:0,5:-1,6:-11,7:-12,8:-23|smoves=1:d0e1,2:e3e4,3:c0a2,4:g2f4,5:b6g6,6:a0a1,7:c2b0,8:i3i4|crit=0
L|1|MG_QH01|P25|REF|move=i3i4|score=15|mate=-|depth=23|nodes=3442042|crit=0
L|1|MG_QH01|P50|SEL|move=c2e1|slotScore=-22|top1=10|gap=32|rule=tier|hit=cap|slotUsed=8|seed=2029774591|probs=cap=80,mcap=280,p=0.5,cls=normal,legal=33,accN=8,bandN=0,gaps=1:0,2:5,3:9,4:12,5:13,6:20,7:20,8:32|depth=12|nodes=573451|slots=1:10,2:5,3:1,4:-2,5:-3,6:-10,7:-10,8:-22|smoves=1:e3e4,2:d0e1,3:c0a2,4:b6g6,5:g2f4,6:a0a1,7:c2b0,8:c2e1|crit=0
L|1|MG_QH01|P50|REF|move=c2e1|score=25|mate=-|depth=25|nodes=3297331|crit=0
L|1|MG_QH01|G10|SEL|move=c2b0|slotScore=-13|top1=6|gap=19|rule=tier|hit=cap|slotUsed=7|seed=1972610978|probs=cap=25,mcap=225,p=0.1,cls=normal,legal=33,accN=7,bandN=1,gaps=1:0,2:3,3:4,4:5,5:8,6:17,7:19,8:31|depth=13|nodes=569890|slots=1:6,2:3,3:2,4:1,5:-2,6:-11,7:-13,8:-25|smoves=1:e3e4,2:d0e1,3:c0a2,4:g2f4,5:b6g6,6:a0a1,7:c2b0,8:c2e1|crit=0
L|1|MG_QH01|G10|REF|move=c2b0|score=21|mate=-|depth=26|nodes=3597619|crit=0
L|1|MG_QH01|HRD|SEL|move=c2b0|slotScore=-18|top1=6|gap=24|rule=tier|hit=cap|slotUsed=8|seed=2476741380|probs=cap=80,mcap=280,p=0.25,cls=normal,legal=33,accN=8,bandN=0,gaps=1:0,2:0,3:4,4:7,5:9,6:14,7:20,8:24|depth=12|nodes=566419|slots=1:6,2:6,3:2,4:-1,5:-3,6:-8,7:-14,8:-18|smoves=1:d0e1,2:c0a2,3:e3e4,4:g2f4,5:b6g6,6:a0a1,7:c2e1,8:c2b0|crit=0
L|1|MG_QH01|HRD|REF|move=c2b0|score=18|mate=-|depth=25|nodes=3512048|crit=0
L|1|MG_QH01|MT150|SEL|move=c2e1|slotScore=-17|top1=10|gap=27|rule=tier|hit=cap|slotUsed=8|seed=91761071|probs=cap=80,mcap=280,p=0,cls=normal,legal=33,accN=8,bandN=0,gaps=1:0,2:7,3:7,4:9,5:15,6:15,7:24,8:27|depth=13|nodes=278163|slots=1:10,2:3,3:3,4:1,5:-5,6:-5,7:-14,8:-17|smoves=1:d0e1,2:c0a2,3:b6g6,4:e3e4,5:a0a1,6:g2f4,7:c2b0,8:c2e1|crit=0
L|1|MG_QH01|MT150|REF|move=c2e1|score=21|mate=-|depth=22|nodes=3292516|crit=0
L|1|MG_QH01|ANCH|SEL|move=d0e1|slotScore=-6|top1=-6|gap=0|rule=anchor|hit=above|slotUsed=1|seed=2608264016|probs=cap=undefined,mcap=NaN,p=0,cls=normal,legal=33,accN=1,bandN=0,gaps=1:0|depth=23|nodes=3494556|slots=1:-6|smoves=1:d0e1|crit=0
L|1|MG_QH01|ANCH|REF|move=d0e1|score=-2|mate=-|depth=26|nodes=3541541|crit=0
PROG|1|MG_QH01
L|1|MG_QB3|ANCHOR|move=a0b0|score=326|mate=-|depth=19|nodes=3049677|crit=0
L|1|MG_QB3|CAP0|SEL|move=a0b0|slotScore=312|top1=312|gap=0|rule=tier|hit=above|slotUsed=1|seed=2799905712|probs=cap=0,mcap=200,p=0,cls=normal,legal=39,accN=1,bandN=7,gaps=1:0,2:35,3:36,4:69,5:87,6:92,7:90,8:106|depth=10|nodes=612234|slots=1:312,2:277,3:276,4:243,5:225,6:220,7:222,8:206|smoves=1:a0b0,2:i1h1,3:c4a4,4:c4i4,5:i1f1,6:d1f2,7:c4b4,8:c4f4|crit=0
L|1|MG_QB3|CAP0|REF|move=a0b0|score=-340|mate=-|depth=18|nodes=3060073|crit=0
L|1|MG_QB3|CAP25|SEL|move=a0b0|slotScore=324|top1=324|gap=0|rule=tier|hit=above|slotUsed=1|seed=1715973467|probs=cap=25,mcap=225,p=0,cls=normal,legal=39,accN=2,bandN=6,gaps=1:0,2:0,3:40,4:92,5:94,6:100,7:111,8:138|depth=11|nodes=618359|slots=1:324,2:324,3:284,4:232,5:230,6:224,7:213,8:186|smoves=1:a0b0,2:i1h1,3:c4a4,4:c4i4,5:d1f2,6:c4b4,7:c4f4,8:h0h1|crit=0
L|1|MG_QB3|CAP25|REF|move=a0b0|score=-344|mate=-|depth=18|nodes=3155007|crit=0
L|1|MG_QB3|CAP50|SEL|move=c4a4|slotScore=276|top1=322|gap=46|rule=tier|hit=cap|slotUsed=3|seed=1632823631|probs=cap=50,mcap=250,p=0,cls=normal,legal=39,accN=3,bandN=5,gaps=1:0,2:1,3:46,4:95,5:113,6:119,7:121,8:139|depth=10|nodes=618990|slots=1:322,2:321,3:276,4:227,5:209,6:203,7:201,8:183|smoves=1:i1h1,2:a0b0,3:c4a4,4:c4i4,5:c4f4,6:c4b4,7:d1f2,8:i1f1|crit=0
L|1|MG_QB3|CAP50|REF|move=c4a4|score=-279|mate=-|depth=19|nodes=3409784|crit=0
L|1|MG_QB3|CAP80|SEL|move=c4a4|slotScore=277|top1=327|gap=50|rule=tier|hit=cap|slotUsed=3|seed=3747539450|probs=cap=80,mcap=280,p=0,cls=normal,legal=39,accN=3,bandN=5,gaps=1:0,2:40,3:50,4:110,5:113,6:106,7:138,8:147|depth=11|nodes=596591|slots=1:327,2:287,3:277,4:217,5:214,6:221,7:189,8:180|smoves=1:a0b0,2:i1h1,3:c4a4,4:c4i4,5:d1f2,6:c4b4,7:c4f4,8:i2g0|crit=0
L|1|MG_QB3|CAP80|REF|move=c4a4|score=-298|mate=-|depth=17|nodes=3133283|crit=0
L|1|MG_QB3|CAP150|SEL|move=h0h1|slotScore=187|top1=312|gap=125|rule=tier|hit=cap|slotUsed=7|seed=1309062738|probs=cap=150,mcap=350,p=0,cls=normal,legal=39,accN=8,bandN=0,gaps=1:0,2:4,3:27,4:84,5:90,6:103,7:125,8:125|depth=11|nodes=552877|slots=1:312,2:308,3:285,4:228,5:222,6:209,7:187,8:187|smoves=1:i1h1,2:a0b0,3:c4a4,4:c4i4,5:c4f4,6:c4b4,7:h0h1,8:d1f2|crit=0
L|1|MG_QB3|CAP150|REF|move=h0h1|score=-76|mate=-|depth=20|nodes=3631078|crit=0
L|1|MG_QB3|P10|SEL|move=c4a4|slotScore=279|top1=320|gap=41|rule=tier|hit=cap|slotUsed=3|seed=2119109183|probs=cap=80,mcap=280,p=0.1,cls=normal,legal=39,accN=3,bandN=5,gaps=1:0,2:21,3:41,4:108,5:117,6:119,7:120,8:123|depth=12|nodes=609889|slots=1:320,2:299,3:279,4:212,5:203,6:201,7:200,8:197|smoves=1:a0b0,2:i1h1,3:c4a4,4:c4i4,5:c4f4,6:c4b4,7:d1f2,8:i1f1|crit=0
L|1|MG_QB3|P10|REF|move=c4a4|score=-292|mate=-|depth=18|nodes=3343959|crit=0
L|1|MG_QB3|P25|SEL|move=c4i4|slotScore=235|top1=305|gap=70|rule=tier|hit=cap|slotUsed=4|seed=323679175|probs=cap=80,mcap=280,p=0.25,cls=normal,legal=39,accN=4,bandN=4,gaps=1:0,2:23,3:26,4:70,5:85,6:94,7:104,8:108|depth=11|nodes=609767|slots=1:305,2:282,3:279,4:235,5:220,6:211,7:201,8:197|smoves=1:a0b0,2:i1h1,3:c4a4,4:c4i4,5:c4f4,6:d1f2,7:c4b4,8:f0e1|crit=0
L|1|MG_QB3|P25|REF|move=c4i4|score=-209|mate=-|depth=20|nodes=3511030|crit=0
L|1|MG_QB3|P50|SEL|move=i1h1|slotScore=309|top1=333|gap=24|rule=tier|hit=cap|slotUsed=2|seed=105235451|probs=cap=80,mcap=280,p=0.5,cls=normal,legal=39,accN=2,bandN=6,gaps=1:0,2:24,3:83,4:113,5:124,6:154,7:164,8:169|depth=11|nodes=622722|slots=1:333,2:309,3:250,4:220,5:209,6:179,7:169,8:164|smoves=1:a0b0,2:i1h1,3:c4a4,4:d1f2,5:c4f4,6:c4i4,7:d1b2,8:i1f1|crit=0
L|1|MG_QB3|P50|REF|move=i1h1|score=-393|mate=-|depth=20|nodes=3672278|crit=0
L|1|MG_QB3|G10|SEL|move=i1h1|slotScore=309|top1=328|gap=19|rule=tier|hit=cap|slotUsed=3|seed=2623070302|probs=cap=25,mcap=225,p=0.1,cls=normal,legal=39,accN=2,bandN=6,gaps=1:0,2:27,3:19,4:100,5:118,6:129,7:129,8:137|depth=10|nodes=617343|slots=1:328,2:301,3:309,4:228,5:210,6:199,7:199,8:191|smoves=1:a0b0,2:c4a4,3:i1h1,4:c4f4,5:c4b4,6:i1f1,7:d1f2,8:c4i4|crit=0
L|1|MG_QB3|G10|REF|move=i1h1|score=-403|mate=-|depth=18|nodes=3487764|crit=0
L|1|MG_QB3|HRD|SEL|move=c4a4|slotScore=253|top1=333|gap=80|rule=tier|hit=cap|slotUsed=3|seed=4209131968|probs=cap=80,mcap=280,p=0.25,cls=normal,legal=39,accN=3,bandN=5,gaps=1:0,2:0,3:80,4:94,5:122,6:124,7:125,8:124|depth=10|nodes=615432|slots=1:333,2:333,3:253,4:239,5:211,6:209,7:208,8:209|smoves=1:i1h1,2:a0b0,3:c4a4,4:c4f4,5:d1f2,6:c4b4,7:c4i4,8:g3g4|crit=0
L|1|MG_QB3|HRD|REF|move=c4a4|score=-308|mate=-|depth=18|nodes=3377605|crit=0
L|1|MG_QB3|MT150|SEL|move=c4a4|slotScore=267|top1=333|gap=66|rule=tier|hit=cap|slotUsed=3|seed=3074589387|probs=cap=80,mcap=280,p=0,cls=normal,legal=39,accN=3,bandN=5,gaps=1:0,2:10,3:66,4:98,5:100,6:107,7:112,8:128|depth=10|nodes=324626|slots=1:333,2:323,3:267,4:235,5:233,6:226,7:221,8:205|smoves=1:a0b0,2:i1h1,3:c4a4,4:c4b4,5:d1f2,6:c4i4,7:c4f4,8:c4d4|crit=0
L|1|MG_QB3|MT150|REF|move=c4a4|score=-318|mate=-|depth=20|nodes=3384335|crit=0
L|1|MG_QB3|ANCH|SEL|move=a0b0|slotScore=326|top1=326|gap=0|rule=anchor|hit=above|slotUsed=1|seed=3750204308|probs=cap=undefined,mcap=NaN,p=0,cls=normal,legal=39,accN=1,bandN=0,gaps=1:0|depth=19|nodes=3049677|slots=1:326|smoves=1:a0b0|crit=0
L|1|MG_QB3|ANCH|REF|move=a0b0|score=-332|mate=-|depth=21|nodes=3129783|crit=0
PROG|1|MG_QB3
L|1|MG_QB9|ANCHOR|move=a6b6|score=578|mate=-|depth=21|nodes=2699775|crit=0
L|1|MG_QB9|CAP0|SEL|move=a6b6|slotScore=567|top1=567|gap=0|rule=tier|hit=above|slotUsed=1|seed=1263445478|probs=cap=0,mcap=200,p=0,cls=normal,legal=41,accN=1,bandN=7,gaps=1:0,2:1,3:17,4:22,5:32,6:38,7:52,8:54|depth=12|nodes=469726|slots=1:567,2:566,3:550,4:545,5:535,6:529,7:515,8:513|smoves=1:a6b6,2:i8d8,3:c6c5,4:e3e5,5:i7e7,6:i8f8,7:i8b8,8:e3e4|crit=0
L|1|MG_QB9|CAP0|REF|move=a6b6|score=-592|mate=-|depth=23|nodes=2953578|crit=0
L|1|MG_QB9|CAP25|SEL|move=i8d8|slotScore=561|top1=586|gap=25|rule=tier|hit=cap|slotUsed=2|seed=1689973161|probs=cap=25,mcap=225,p=0,cls=normal,legal=41,accN=2,bandN=6,gaps=1:0,2:25,3:30,4:32,5:43,6:44,7:63,8:66|depth=11|nodes=470589|slots=1:586,2:561,3:556,4:554,5:543,6:542,7:523,8:520|smoves=1:a6b6,2:i8d8,3:c6c5,4:e3e5,5:i8f8,6:i7e7,7:a6a8,8:i8h8|crit=0
L|1|MG_QB9|CAP25|REF|move=i8d8|score=-606|mate=-|depth=21|nodes=2867005|crit=0
L|1|MG_QB9|CAP50|SEL|move=i7e7|slotScore=528|top1=578|gap=50|rule=tier|hit=cap|slotUsed=7|seed=1605058729|probs=cap=50,mcap=250,p=0,cls=normal,legal=41,accN=7,bandN=1,gaps=1:0,2:4,3:11,4:24,5:28,6:38,7:50,8:55|depth=12|nodes=462703|slots=1:578,2:574,3:567,4:554,5:550,6:540,7:528,8:523|smoves=1:a6b6,2:c6c5,3:i8d8,4:e3e5,5:i8f8,6:i8b8,7:i7e7,8:i8h8|crit=0
L|1|MG_QB9|CAP50|REF|move=i7e7|score=-552|mate=-|depth=23|nodes=3067818|crit=0
L|1|MG_QB9|CAP80|SEL|move=a6a8|slotScore=519|top1=574|gap=55|rule=tier|hit=cap|slotUsed=8|seed=3989348604|probs=cap=80,mcap=280,p=0,cls=normal,legal=41,accN=8,bandN=0,gaps=1:0,2:5,3:14,4:21,5:27,6:33,7:48,8:55|depth=12|nodes=469165|slots=1:574,2:569,3:560,4:553,5:547,6:541,7:526,8:519|smoves=1:a6b6,2:i8d8,3:c6c5,4:e3e5,5:i7e7,6:i8f8,7:i8h8,8:a6a8|crit=0
L|1|MG_QB9|CAP80|REF|move=a6a8|score=-558|mate=-|depth=21|nodes=2961104|crit=0
L|1|MG_QB9|CAP150|SEL|move=i8h8|slotScore=536|top1=581|gap=45|rule=tier|hit=cap|slotUsed=8|seed=43236136|probs=cap=150,mcap=350,p=0,cls=normal,legal=41,accN=8,bandN=0,gaps=1:0,2:7,3:16,4:23,5:27,6:36,7:41,8:45|depth=12|nodes=456301|slots=1:581,2:574,3:565,4:558,5:554,6:545,7:540,8:536|smoves=1:c6c5,2:a6b6,3:i8d8,4:i8f8,5:e3e5,6:i7e7,7:a6a8,8:i8h8|crit=0
L|1|MG_QB9|CAP150|REF|move=i8h8|score=-542|mate=-|depth=23|nodes=3003121|crit=0
L|1|MG_QB9|P10|SEL|move=i8h8|slotScore=526|top1=598|gap=72|rule=tier|hit=cap|slotUsed=8|seed=2325660669|probs=cap=80,mcap=280,p=0.1,cls=normal,legal=41,accN=8,bandN=0,gaps=1:0,2:9,3:35,4:40,5:45,6:59,7:67,8:72|depth=11|nodes=478115|slots=1:598,2:589,3:563,4:558,5:553,6:539,7:531,8:526|smoves=1:a6b6,2:c6c5,3:i8d8,4:i8f8,5:e3e5,6:a6a8,7:i7e7,8:i8h8|crit=0
L|1|MG_QB9|P10|REF|move=i8h8|score=-558|mate=-|depth=23|nodes=2799884|crit=0
L|1|MG_QB9|P25|SEL|move=i8h8|slotScore=522|top1=590|gap=68|rule=tier|hit=cap|slotUsed=8|seed=4154874393|probs=cap=80,mcap=280,p=0.25,cls=normal,legal=41,accN=8,bandN=0,gaps=1:0,2:10,3:35,4:40,5:40,6:41,7:67,8:68|depth=11|nodes=463434|slots=1:590,2:580,3:555,4:550,5:550,6:549,7:523,8:522|smoves=1:a6b6,2:c6c5,3:i8d8,4:e3e5,5:i7e7,6:i8f8,7:i8b8,8:i8h8|crit=0
L|1|MG_QB9|P25|REF|move=i8h8|score=-553|mate=-|depth=22|nodes=2955456|crit=0
L|1|MG_QB9|P50|SEL|move=h9g7|slotScore=535|top1=588|gap=53|rule=tier|hit=bmiss|slotUsed=8|seed=4069829913|probs=cap=80,mcap=280,p=0.5,cls=normal,legal=41,accN=8,bandN=0,gaps=1:0,2:2,3:10,4:50,5:33,6:40,7:52,8:53,band=0|depth=11|nodes=464865|slots=1:588,2:586,3:578,4:538,5:555,6:548,7:536,8:535|smoves=1:a6b6,2:c6c5,3:i8d8,4:e3e5,5:i7e7,6:i8f8,7:i8h8,8:h9g7|crit=0
L|1|MG_QB9|P50|REF|move=h9g7|score=-552|mate=-|depth=21|nodes=2956568|crit=0
L|1|MG_QB9|G10|SEL|move=a6b6|slotScore=580|top1=594|gap=14|rule=tier|hit=cap|slotUsed=2|seed=3419563744|probs=cap=25,mcap=225,p=0.1,cls=normal,legal=41,accN=2,bandN=6,gaps=1:0,2:14,3:36,4:36,5:50,6:51,7:59,8:67|depth=11|nodes=464765|slots=1:594,2:580,3:558,4:558,5:544,6:543,7:535,8:527|smoves=1:i8d8,2:a6b6,3:c6c5,4:e3e5,5:i8f8,6:i7e7,7:a6a8,8:h9g7|crit=0
L|1|MG_QB9|G10|REF|move=a6b6|score=-597|mate=-|depth=21|nodes=2706295|crit=0
L|1|MG_QB9|HRD|SEL|move=i8b8|slotScore=525|top1=582|gap=57|rule=tier|hit=cap|slotUsed=7|seed=3465999186|probs=cap=80,mcap=280,p=0.25,cls=normal,legal=41,accN=8,bandN=0,gaps=1:0,2:10,3:14,4:23,5:32,6:35,7:57,8:57|depth=11|nodes=446550|slots=1:582,2:572,3:568,4:559,5:550,6:547,7:525,8:525|smoves=1:a6b6,2:c6c5,3:i8d8,4:i8f8,5:e3e5,6:i7e7,7:i8b8,8:i8h8|crit=0
L|1|MG_QB9|HRD|REF|move=i8b8|score=-547|mate=-|depth=23|nodes=3025054|crit=0
L|1|MG_QB9|MT150|SEL|move=i6i5|slotScore=516|top1=580|gap=64|rule=tier|hit=cap|slotUsed=5|seed=255107153|probs=cap=80,mcap=280,p=0,cls=normal,legal=41,accN=8,bandN=0,gaps=1:0,2:12,3:22,4:45,5:64,6:2,7:26,8:36|depth=11|nodes=235920|slots=1:580,2:568,3:558,4:535,5:516,6:578,7:554,8:544|smoves=1:a6b6,2:c6c5,3:e3e5,4:i7d7,5:i6i5,6:i8d8,7:i8f8,8:i7e7|crit=0
L|1|MG_QB9|MT150|REF|move=i6i5|score=-519|mate=-|depth=21|nodes=2914176|crit=0
L|1|MG_QB9|ANCH|SEL|move=a6b6|slotScore=578|top1=578|gap=0|rule=anchor|hit=above|slotUsed=1|seed=944437646|probs=cap=undefined,mcap=NaN,p=0,cls=normal,legal=41,accN=1,bandN=0,gaps=1:0|depth=21|nodes=2699775|slots=1:578|smoves=1:a6b6|crit=0
L|1|MG_QB9|ANCH|REF|move=a6b6|score=-582|mate=-|depth=22|nodes=2836572|crit=0
PROG|1|MG_QB9
DRV DONE positions=17 round=1
