DRV: not isolated, registering SW (try 0)
DRV: isolated ok, task=task_tier_r3.json
DRV: engine ready
L|3|OP00|ANCHOR|move=b2e2|score=23|mate=-|depth=20|nodes=2768118|crit=0
L|3|OP00|M300M8|SEL|move=b2e2|slotScore=29|top1=29|gap=0|rule=tier|hit=above|slotUsed=1|seed=2532030565|probs=cap=0,mcap=200,p=0,cls=opening,legal=44,accN=1,bandN=7,gaps=1:0,2:1,3:2,4:4,5:9,6:10,7:10,8:14|depth=13|nodes=503582|slots=1:29,2:28,3:27,4:25,5:20,6:19,7:19,8:15|smoves=1:b2e2,2:g3g4,3:c3c4,4:h2e2,5:b2d2,6:g0e2,7:b2f2,8:c0e2|crit=0
L|3|OP00|M300M8|REF|move=b2e2|score=-22|mate=-|depth=23|nodes=3212640|crit=0
L|3|OP00|M1000|SEL|move=h2e2|slotScore=29|top1=29|gap=0|rule=tier|hit=above|slotUsed=1|seed=2005005048|probs=cap=0,mcap=200,p=0,cls=opening,legal=44,accN=1,bandN=0,gaps=1:0|depth=20|nodes=1532932|slots=1:29|smoves=1:h2e2|crit=0
L|3|OP00|M1000|REF|move=h2e2|score=-23|mate=-|depth=23|nodes=3287643|crit=0
L|3|OP00|M2000|SEL|move=b2e2|slotScore=26|top1=26|gap=0|rule=tier|hit=above|slotUsed=1|seed=2647416235|probs=cap=0,mcap=200,p=0,cls=opening,legal=44,accN=1,bandN=0,gaps=1:0|depth=23|nodes=3128362|slots=1:26|smoves=1:b2e2|crit=0
L|3|OP00|M2000|REF|move=b2e2|score=-19|mate=-|depth=26|nodes=3275023|crit=0
L|3|OP00|M4000|SEL|move=c3c4|slotScore=15|top1=15|gap=0|rule=tier|hit=above|slotUsed=1|seed=671435597|probs=cap=0,mcap=200,p=0,cls=opening,legal=44,accN=1,bandN=0,gaps=1:0|depth=24|nodes=6399049|slots=1:15|smoves=1:c3c4|crit=0
L|3|OP00|M4000|REF|move=c3c4|score=-20|mate=-|depth=23|nodes=3574115|crit=0
L|3|OP00|M8000|SEL|move=b2e2|slotScore=19|top1=19|gap=0|rule=tier|hit=above|slotUsed=1|seed=693456385|probs=cap=0,mcap=200,p=0,cls=opening,legal=44,accN=1,bandN=0,gaps=1:0|depth=29|nodes=12944749|slots=1:19|smoves=1:b2e2|crit=0
L|3|OP00|M8000|REF|move=b2e2|score=-21|mate=-|depth=25|nodes=3223788|crit=0
L|3|OP00|ANCH|SEL|move=b2e2|slotScore=23|top1=23|gap=0|rule=anchor|hit=above|slotUsed=1|seed=1240799592|probs=cap=undefined,mcap=NaN,p=0,cls=opening,legal=44,accN=1,bandN=0,gaps=1:0|depth=20|nodes=2768118|slots=1:23|smoves=1:b2e2|crit=0
L|3|OP00|ANCH|REF|move=b2e2|score=-23|mate=-|depth=25|nodes=3284815|crit=0
PROG|3|OP00
L|3|OP06|ANCHOR|move=h2b2|score=130|mate=-|depth=21|nodes=3400071|crit=0
L|3|OP06|M300M8|SEL|move=b9b8|slotScore=129|top1=129|gap=0|rule=tier|hit=above|slotUsed=1|seed=4132517087|probs=cap=0,mcap=200,p=0,cls=opening,legal=33,accN=1,bandN=2,gaps=1:0,2:8,3:152,4:211,5:215,6:248,7:268,8:309|depth=13|nodes=523450|slots=1:129,2:121,3:-23,4:-82,5:-86,6:-119,7:-139,8:-180|smoves=1:b9b8,2:h2b2,3:b9d9,4:i0h0,5:h2e2,6:h2g2,7:i3i4,8:h2f2|crit=0
L|3|OP06|M300M8|REF|move=b9b8|score=-81|mate=-|depth=19|nodes=3395121|crit=0
L|3|OP06|M1000|SEL|move=h2b2|slotScore=111|top1=111|gap=0|rule=tier|hit=above|slotUsed=1|seed=3657515882|probs=cap=0,mcap=200,p=0,cls=opening,legal=33,accN=1,bandN=0,gaps=1:0|depth=20|nodes=1617468|slots=1:111|smoves=1:h2b2|crit=0
L|3|OP06|M1000|REF|move=h2b2|score=-130|mate=-|depth=21|nodes=3476640|crit=0
L|3|OP06|M2000|SEL|move=h2b2|slotScore=130|top1=130|gap=0|rule=tier|hit=above|slotUsed=1|seed=1829150009|probs=cap=0,mcap=200,p=0,cls=opening,legal=33,accN=1,bandN=0,gaps=1:0|depth=22|nodes=3316122|slots=1:130|smoves=1:h2b2|crit=0
L|3|OP06|M2000|REF|move=h2b2|score=-134|mate=-|depth=21|nodes=3257361|crit=0
L|3|OP06|M4000|SEL|move=h2b2|slotScore=121|top1=121|gap=0|rule=tier|hit=above|slotUsed=1|seed=670761055|probs=cap=0,mcap=200,p=0,cls=opening,legal=33,accN=1,bandN=0,gaps=1:0|depth=24|nodes=6789382|slots=1:121|smoves=1:h2b2|crit=0
L|3|OP06|M4000|REF|move=h2b2|score=-132|mate=-|depth=21|nodes=3304340|crit=0
L|3|OP06|M8000|SEL|move=h2b2|slotScore=130|top1=130|gap=0|rule=tier|hit=above|slotUsed=1|seed=1809146067|probs=cap=0,mcap=200,p=0,cls=opening,legal=33,accN=1,bandN=0,gaps=1:0|depth=27|nodes=13727564|slots=1:130|smoves=1:h2b2|crit=0
L|3|OP06|M8000|REF|move=h2b2|score=-129|mate=-|depth=20|nodes=3387362|crit=0
L|3|OP06|ANCH|SEL|move=h2b2|slotScore=130|top1=130|gap=0|rule=anchor|hit=above|slotUsed=1|seed=2350674470|probs=cap=undefined,mcap=NaN,p=0,cls=opening,legal=33,accN=1,bandN=0,gaps=1:0|depth=21|nodes=3400071|slots=1:130|smoves=1:h2b2|crit=0
L|3|OP06|ANCH|REF|move=h2b2|score=-121|mate=-|depth=21|nodes=3426484|crit=0
PROG|3|OP06
L|3|OP08|ANCHOR|move=b9b7|score=168|mate=-|depth=22|nodes=3627930|crit=0
L|3|OP08|M300M8|SEL|move=b9b7|slotScore=163|top1=163|gap=0|rule=tier|hit=above|slotUsed=1|seed=1345053725|probs=cap=0,mcap=200,p=0,cls=opening,legal=44,accN=1,bandN=2,gaps=1:0,2:112,3:189,4:214,5:304,6:312,7:316,8:339|depth=13|nodes=620841|slots=1:163,2:51,3:-26,4:-51,5:-141,6:-149,7:-153,8:-176|smoves=1:b9b7,2:b9b4,3:b9d9,4:b9b5,5:b9b6,6:b0d1,7:i0h0,8:b9b8|crit=0
L|3|OP08|M300M8|REF|move=b9b7|score=-182|mate=-|depth=22|nodes=3488025|crit=0
L|3|OP08|M1000|SEL|move=b9b7|slotScore=180|top1=180|gap=0|rule=tier|hit=above|slotUsed=1|seed=1324065824|probs=cap=0,mcap=200,p=0,cls=opening,legal=44,accN=1,bandN=0,gaps=1:0|depth=19|nodes=1739933|slots=1:180|smoves=1:b9b7|crit=0
L|3|OP08|M1000|REF|move=b9b7|score=-177|mate=-|depth=22|nodes=3414520|crit=0
L|3|OP08|M2000|SEL|move=b9b7|slotScore=171|top1=171|gap=0|rule=tier|hit=above|slotUsed=1|seed=509904595|probs=cap=0,mcap=200,p=0,cls=opening,legal=44,accN=1,bandN=0,gaps=1:0|depth=22|nodes=3596997|slots=1:171|smoves=1:b9b7|crit=0
L|3|OP08|M2000|REF|move=b9b7|score=-192|mate=-|depth=21|nodes=3669800|crit=0
L|3|OP08|M4000|SEL|move=b9b7|slotScore=186|top1=186|gap=0|rule=tier|hit=above|slotUsed=1|seed=468980085|probs=cap=0,mcap=200,p=0,cls=opening,legal=44,accN=1,bandN=0,gaps=1:0|depth=25|nodes=7203303|slots=1:186|smoves=1:b9b7|crit=0
L|3|OP08|M4000|REF|move=b9b7|score=-189|mate=-|depth=20|nodes=3606017|crit=0
L|3|OP08|M8000|SEL|move=b9b7|slotScore=187|top1=187|gap=0|rule=tier|hit=above|slotUsed=1|seed=529969977|probs=cap=0,mcap=200,p=0,cls=opening,legal=44,accN=1,bandN=0,gaps=1:0|depth=27|nodes=13969303|slots=1:187|smoves=1:b9b7|crit=0
L|3|OP08|M8000|REF|move=b9b7|score=-185|mate=-|depth=20|nodes=3468276|crit=0
L|3|OP08|ANCH|SEL|move=b9b7|slotScore=168|top1=168|gap=0|rule=anchor|hit=above|slotUsed=1|seed=1223545616|probs=cap=undefined,mcap=NaN,p=0,cls=opening,legal=44,accN=1,bandN=0,gaps=1:0|depth=22|nodes=3627930|slots=1:168|smoves=1:b9b7|crit=0
L|3|OP08|ANCH|REF|move=b9b7|score=-186|mate=-|depth=21|nodes=3571105|crit=0
PROG|3|OP08
L|3|MG_QT05|ANCHOR|move=h7h9|score=-42|mate=-|depth=21|nodes=3471655|crit=0
L|3|MG_QT05|M300M8|SEL|move=h7h9|slotScore=-40|top1=-40|gap=0|rule=tier|hit=above|slotUsed=1|seed=108491789|probs=cap=0,mcap=200,p=0,cls=normal,legal=33,accN=1,bandN=7,gaps=1:0,2:4,3:12,4:18,5:32,6:33,7:36,8:36|depth=12|nodes=603924|slots=1:-40,2:-44,3:-52,4:-58,5:-72,6:-73,7:-76,8:-76|smoves=1:h7h9,2:i6i5,3:i9h9,4:h7i7,5:b9c7,6:i9i7,7:i9g9,8:h7g7|crit=0
L|3|MG_QT05|M300M8|REF|move=h7h9|score=30|mate=-|depth=23|nodes=3506687|crit=0
L|3|MG_QT05|M1000|SEL|move=h7h9|slotScore=-31|top1=-31|gap=0|rule=tier|hit=above|slotUsed=1|seed=3188348656|probs=cap=0,mcap=200,p=0,cls=normal,legal=33,accN=1,bandN=0,gaps=1:0|depth=21|nodes=1761397|slots=1:-31|smoves=1:h7h9|crit=0
L|3|MG_QT05|M1000|REF|move=h7h9|score=32|mate=-|depth=25|nodes=3414878|crit=0
L|3|MG_QT05|M2000|SEL|move=h7h9|slotScore=-29|top1=-29|gap=0|rule=tier|hit=above|slotUsed=1|seed=226950755|probs=cap=0,mcap=200,p=0,cls=normal,legal=33,accN=1,bandN=0,gaps=1:0|depth=23|nodes=3515568|slots=1:-29|smoves=1:h7h9|crit=0
L|3|MG_QT05|M2000|REF|move=h7h9|score=30|mate=-|depth=23|nodes=3452056|crit=0
L|3|MG_QT05|M4000|SEL|move=h7h9|slotScore=-28|top1=-28|gap=0|rule=tier|hit=above|slotUsed=1|seed=206882053|probs=cap=0,mcap=200,p=0,cls=normal,legal=33,accN=1,bandN=0,gaps=1:0|depth=25|nodes=6804547|slots=1:-28|smoves=1:h7h9|crit=0
L|3|MG_QT05|M4000|REF|move=h7h9|score=34|mate=-|depth=23|nodes=3404359|crit=0
L|3|MG_QT05|M8000|SEL|move=h7h9|slotScore=-36|top1=-36|gap=0|rule=tier|hit=above|slotUsed=1|seed=267872201|probs=cap=0,mcap=200,p=0,cls=normal,legal=33,accN=1,bandN=0,gaps=1:0|depth=29|nodes=13306745|slots=1:-36|smoves=1:h7h9|crit=0
L|3|MG_QT05|M8000|REF|move=h7h9|score=37|mate=-|depth=26|nodes=3390005|crit=0
L|3|MG_QT05|ANCH|SEL|move=h7h9|slotScore=-42|top1=-42|gap=0|rule=anchor|hit=above|slotUsed=1|seed=3681806592|probs=cap=undefined,mcap=NaN,p=0,cls=normal,legal=33,accN=1,bandN=0,gaps=1:0|depth=21|nodes=3471655|slots=1:-42|smoves=1:h7h9|crit=0
L|3|MG_QT05|ANCH|REF|move=h7h9|score=35|mate=-|depth=25|nodes=3361254|crit=0
PROG|3|MG_QT05
L|3|MG_QT14|ANCHOR|move=f4b4|score=-24|mate=-|depth=25|nodes=3872798|crit=0
L|3|MG_QT14|M300M8|SEL|move=f4b4|slotScore=-28|top1=-28|gap=0|rule=tier|hit=above|slotUsed=1|seed=2096213367|probs=cap=0,mcap=200,p=0,cls=normal,legal=37,accN=1,bandN=7,gaps=1:0,2:11,3:13,4:23,5:29,6:43,7:39,8:55|depth=12|nodes=633005|slots=1:-28,2:-39,3:-41,4:-51,5:-57,6:-71,7:-67,8:-83|smoves=1:f4b4,2:c3e4,3:a7b7,4:f4f2,5:a7c7,6:e8d7,7:f4e4,8:e8f7|crit=0
L|3|MG_QT14|M300M8|REF|move=f4b4|score=23|mate=-|depth=24|nodes=3722800|crit=0
L|3|MG_QT14|M1000|SEL|move=f4b4|slotScore=-26|top1=-26|gap=0|rule=tier|hit=above|slotUsed=1|seed=1416747826|probs=cap=0,mcap=200,p=0,cls=normal,legal=37,accN=1,bandN=0,gaps=1:0|depth=22|nodes=1879114|slots=1:-26|smoves=1:f4b4|crit=0
L|3|MG_QT14|M1000|REF|move=f4b4|score=19|mate=-|depth=24|nodes=3757030|crit=0
L|3|MG_QT14|M2000|SEL|move=f4b4|slotScore=-25|top1=-25|gap=0|rule=tier|hit=above|slotUsed=1|seed=130486657|probs=cap=0,mcap=200,p=0,cls=normal,legal=37,accN=1,bandN=0,gaps=1:0|depth=25|nodes=3780225|slots=1:-25|smoves=1:f4b4|crit=0
L|3|MG_QT14|M2000|REF|move=f4b4|score=18|mate=-|depth=25|nodes=3598534|crit=0
L|3|MG_QT14|M4000|SEL|move=f4b4|slotScore=-22|top1=-22|gap=0|rule=tier|hit=above|slotUsed=1|seed=67548519|probs=cap=0,mcap=200,p=0,cls=normal,legal=37,accN=1,bandN=0,gaps=1:0|depth=29|nodes=7654934|slots=1:-22|smoves=1:f4b4|crit=0
L|3|MG_QT14|M4000|REF|move=f4b4|score=22|mate=-|depth=24|nodes=3678414|crit=0
L|3|MG_QT14|M8000|SEL|move=f4b4|slotScore=-21|top1=-21|gap=0|rule=tier|hit=above|slotUsed=1|seed=2084449579|probs=cap=0,mcap=200,p=0,cls=normal,legal=37,accN=1,bandN=0,gaps=1:0|depth=34|nodes=14780874|slots=1:-21|smoves=1:f4b4|crit=0
L|3|MG_QT14|M8000|REF|move=f4b4|score=22|mate=-|depth=24|nodes=3742003|crit=0
L|3|MG_QT14|ANCH|SEL|move=f4b4|slotScore=-24|top1=-24|gap=0|rule=anchor|hit=above|slotUsed=1|seed=2173953582|probs=cap=undefined,mcap=NaN,p=0,cls=normal,legal=37,accN=1,bandN=0,gaps=1:0|depth=25|nodes=3872798|slots=1:-24|smoves=1:f4b4|crit=0
L|3|MG_QT14|ANCH|REF|move=f4b4|score=20|mate=-|depth=25|nodes=3730295|crit=0
PROG|3|MG_QT14
L|3|MG_QB3|ANCHOR|move=a0b0|score=330|mate=-|depth=20|nodes=3171367|crit=0
L|3|MG_QB3|M300M8|SEL|move=a0b0|slotScore=321|top1=321|gap=0|rule=tier|hit=above|slotUsed=1|seed=2978701413|probs=cap=0,mcap=200,p=0,cls=normal,legal=39,accN=1,bandN=7,gaps=1:0,2:12,3:37,4:90,5:101,6:104,7:132,8:137|depth=11|nodes=615683|slots=1:321,2:309,3:284,4:231,5:220,6:217,7:189,8:184|smoves=1:a0b0,2:i1h1,3:c4a4,4:c4i4,5:c4f4,6:c4b4,7:d1f2,8:h0h1|crit=0
L|3|MG_QB3|M300M8|REF|move=a0b0|score=-347|mate=-|depth=19|nodes=2963609|crit=0
L|3|MG_QB3|M1000|SEL|move=a0b0|slotScore=320|top1=320|gap=0|rule=tier|hit=above|slotUsed=1|seed=2741480184|probs=cap=0,mcap=200,p=0,cls=normal,legal=39,accN=1,bandN=0,gaps=1:0|depth=17|nodes=1496844|slots=1:320|smoves=1:a0b0|crit=0
L|3|MG_QB3|M1000|REF|move=a0b0|score=-341|mate=-|depth=20|nodes=3006415|crit=0
L|3|MG_QB3|M2000|SEL|move=a0b0|slotScore=343|top1=343|gap=0|rule=tier|hit=above|slotUsed=1|seed=3383891371|probs=cap=0,mcap=200,p=0,cls=normal,legal=39,accN=1,bandN=0,gaps=1:0|depth=21|nodes=3164174|slots=1:343|smoves=1:a0b0|crit=0
L|3|MG_QB3|M2000|REF|move=a0b0|score=-346|mate=-|depth=20|nodes=3112763|crit=0
L|3|MG_QB3|M4000|SEL|move=a0b0|slotScore=348|top1=348|gap=0|rule=tier|hit=above|slotUsed=1|seed=1407910733|probs=cap=0,mcap=200,p=0,cls=normal,legal=39,accN=1,bandN=0,gaps=1:0|depth=21|nodes=6254141|slots=1:348|smoves=1:a0b0|crit=0
L|3|MG_QB3|M4000|REF|move=a0b0|score=-343|mate=-|depth=20|nodes=2973513|crit=0
L|3|MG_QB3|M8000|SEL|move=a0b0|slotScore=363|top1=363|gap=0|rule=tier|hit=above|slotUsed=1|seed=1429931521|probs=cap=0,mcap=200,p=0,cls=normal,legal=39,accN=1,bandN=0,gaps=1:0|depth=24|nodes=12538902|slots=1:363|smoves=1:a0b0|crit=0
L|3|MG_QB3|M8000|REF|move=a0b0|score=-357|mate=-|depth=19|nodes=3131912|crit=0
L|3|MG_QB3|ANCH|SEL|move=a0b0|slotScore=330|top1=330|gap=0|rule=anchor|hit=above|slotUsed=1|seed=48922984|probs=cap=undefined,mcap=NaN,p=0,cls=normal,legal=39,accN=1,bandN=0,gaps=1:0|depth=20|nodes=3171367|slots=1:330|smoves=1:a0b0|crit=0
L|3|MG_QB3|ANCH|REF|move=a0b0|score=-359|mate=-|depth=20|nodes=3084035|crit=0
PROG|3|MG_QB3
DRV DONE positions=6 round=3
