DRV: not isolated, registering SW (try 0)
DRV: isolated ok, task=task_tier_r4.json
DRV: engine ready
L|4|OP00|ANCHOR|move=b2e2|score=24|mate=-|depth=22|nodes=2944991|crit=0
L|4|OP00|CAP80|SEL|move=h2f2|slotScore=14|top1=31|gap=17|rule=tier|hit=cap|slotUsed=8|seed=2628917726|probs=cap=80,mcap=280,p=0,cls=opening,legal=44,accN=8,bandN=0,gaps=1:0,2:0,3:1,4:2,5:6,6:9,7:13,8:17|depth=12|nodes=521774|slots=1:31,2:31,3:30,4:29,5:25,6:22,7:18,8:14|smoves=1:b2e2,2:g3g4,3:h2e2,4:c3c4,5:h0g2,6:b2d2,7:b0c2,8:h2f2|crit=0
L|4|OP00|CAP80|REF|move=h2f2|score=-5|mate=-|depth=25|nodes=3423798|crit=0
L|4|OP00|B50|SEL|move=b2d2|slotScore=16|top1=28|gap=12|rule=tier|hit=bmiss|slotUsed=7|seed=1808050057|probs=cap=80,mcap=130,p=0.5,cls=opening,legal=44,accN=8,bandN=0,gaps=1:0,2:2,3:5,4:5,5:7,6:8,7:12,8:12,band=0|depth=14|nodes=579982|slots=1:28,2:26,3:23,4:23,5:21,6:20,7:16,8:16|smoves=1:b2e2,2:g3g4,3:c3c4,4:h2e2,5:h0g2,6:b0c2,7:b2d2,8:g0e2|crit=0
L|4|OP00|B50|REF|move=b2d2|score=-8|mate=-|depth=25|nodes=3512450|crit=0
L|4|OP00|B200|SEL|move=b2d2|slotScore=13|top1=29|gap=16|rule=tier|hit=bmiss|slotUsed=8|seed=2142449026|probs=cap=80,mcap=280,p=0.5,cls=opening,legal=44,accN=8,bandN=0,gaps=1:0,2:1,3:4,4:5,5:8,6:10,7:12,8:16,band=0|depth=14|nodes=577874|slots=1:29,2:28,3:25,4:24,5:21,6:19,7:17,8:13|smoves=1:g3g4,2:b2e2,3:c3c4,4:h2e2,5:h0g2,6:b0c2,7:h2f2,8:b2d2|crit=0
L|4|OP00|B200|REF|move=b2d2|score=-8|mate=-|depth=26|nodes=3412741|crit=0
L|4|OP00|BINF|SEL|move=h2f2|slotScore=12|top1=32|gap=20|rule=tier|hit=cap|slotUsed=8|seed=4218004047|probs=cap=80,mcap=100080,p=0.5,cls=opening,legal=44,accN=8,bandN=0,gaps=1:0,2:6,3:6,4:6,5:9,6:13,7:18,8:20|depth=14|nodes=552127|slots=1:32,2:26,3:26,4:26,5:23,6:19,7:14,8:12|smoves=1:b2e2,2:g3g4,3:c3c4,4:h2e2,5:h0g2,6:b0c2,7:c0e2,8:h2f2|crit=0
L|4|OP00|BINF|REF|move=h2f2|score=-8|mate=-|depth=25|nodes=3403877|crit=0
L|4|OP00|G50|SEL|move=b2a2|slotScore=12|top1=31|gap=19|rule=tier|hit=cap|slotUsed=8|seed=2307822414|probs=cap=25,mcap=75,p=0.1,cls=opening,legal=44,accN=8,bandN=0,gaps=1:0,2:1,3:5,4:7,5:12,6:13,7:18,8:19|depth=13|nodes=565937|slots=1:31,2:30,3:26,4:24,5:19,6:18,7:13,8:12|smoves=1:b2e2,2:g3g4,3:h2e2,4:c3c4,5:b0c2,6:h0g2,7:h2f2,8:b2a2|crit=0
L|4|OP00|G50|REF|move=b2a2|score=0|mate=-|depth=23|nodes=3122720|crit=0
L|4|OP00|G200|SEL|move=g0e2|slotScore=10|top1=29|gap=19|rule=tier|hit=cap|slotUsed=8|seed=994679451|probs=cap=25,mcap=225,p=0.1,cls=opening,legal=44,accN=8,bandN=0,gaps=1:0,2:3,3:5,4:7,5:12,6:13,7:17,8:19|depth=13|nodes=556202|slots=1:29,2:26,3:24,4:22,5:17,6:16,7:12,8:10|smoves=1:b2e2,2:c3c4,3:h2e2,4:g3g4,5:b2d2,6:h0g2,7:c0e2,8:g0e2|crit=0
L|4|OP00|G200|REF|move=g0e2|score=-18|mate=-|depth=25|nodes=3410936|crit=0
L|4|OP00|GINF|SEL|move=h0g2|slotScore=17|top1=30|gap=13|rule=tier|hit=cap|slotUsed=6|seed=761292322|probs=cap=25,mcap=100025,p=0.1,cls=opening,legal=44,accN=8,bandN=0,gaps=1:0,2:1,3:4,4:4,5:12,6:13,7:13,8:13|depth=13|nodes=563269|slots=1:30,2:29,3:26,4:26,5:18,6:17,7:17,8:17|smoves=1:g3g4,2:b2e2,3:h2e2,4:c3c4,5:b2d2,6:h0g2,7:b0c2,8:h2f2|crit=0
L|4|OP00|GINF|REF|move=h0g2|score=-7|mate=-|depth=24|nodes=3298980|crit=0
L|4|OP00|ANCH|SEL|move=b2e2|slotScore=24|top1=24|gap=0|rule=anchor|hit=above|slotUsed=1|seed=1210967498|probs=cap=undefined,mcap=NaN,p=0,cls=opening,legal=44,accN=1,bandN=0,gaps=1:0|depth=22|nodes=2944991|slots=1:24|smoves=1:b2e2|crit=0
L|4|OP00|ANCH|REF|move=b2e2|score=-18|mate=-|depth=23|nodes=3367315|crit=0
PROG|4|OP00
L|4|OP02|ANCHOR|move=h0g2|score=11|mate=-|depth=22|nodes=3238605|crit=0
L|4|OP02|CAP80|SEL|move=h0i2|slotScore=-5|top1=19|gap=24|rule=tier|hit=cap|slotUsed=8|seed=1338463356|probs=cap=80,mcap=280,p=0,cls=opening,legal=43,accN=8,bandN=0,gaps=1:0,2:10,3:11,4:14,5:19,6:20,7:20,8:24|depth=14|nodes=594042|slots=1:19,2:9,3:8,4:5,5:0,6:-1,7:-1,8:-5|smoves=1:h0g2,2:h2f2,3:c3c4,4:g3g4,5:h2e2,6:i0i1,7:b0c2,8:h0i2|crit=0
L|4|OP02|CAP80|REF|move=h0i2|score=10|mate=-|depth=25|nodes=3354957|crit=0
L|4|OP02|B50|SEL|move=b2e2|slotScore=-5|top1=19|gap=24|rule=tier|hit=cap|slotUsed=8|seed=913235687|probs=cap=80,mcap=130,p=0.5,cls=opening,legal=43,accN=8,bandN=0,gaps=1:0,2:9,3:11,4:11,5:15,6:15,7:15,8:24|depth=13|nodes=591231|slots=1:19,2:10,3:8,4:8,5:4,6:4,7:4,8:-5|smoves=1:h0g2,2:g3g4,3:h2e2,4:h2f2,5:i0i1,6:b0c2,7:c3c4,8:b2e2|crit=0
L|4|OP02|B50|REF|move=b2e2|score=16|mate=-|depth=23|nodes=3338469|crit=0
L|4|OP02|B200|SEL|move=b2e2|slotScore=-8|top1=18|gap=26|rule=tier|hit=cap|slotUsed=8|seed=181956800|probs=cap=80,mcap=280,p=0.5,cls=opening,legal=43,accN=8,bandN=0,gaps=1:0,2:9,3:17,4:18,5:19,6:19,7:20,8:26|depth=14|nodes=615022|slots=1:18,2:9,3:1,4:0,5:-1,6:-1,7:-2,8:-8|smoves=1:h0g2,2:g3g4,3:h2f2,4:b0c2,5:h2e2,6:i0i1,7:c3c4,8:b2e2|crit=0
L|4|OP02|B200|REF|move=b2e2|score=13|mate=-|depth=24|nodes=3279138|crit=0
L|4|OP02|BINF|SEL|move=h0i2|slotScore=-10|top1=18|gap=28|rule=tier|hit=bmiss|slotUsed=8|seed=2954742465|probs=cap=80,mcap=100080,p=0.5,cls=opening,legal=43,accN=8,bandN=0,gaps=1:0,2:10,3:14,4:17,5:12,6:14,7:22,8:28,band=0|depth=13|nodes=578727|slots=1:18,2:8,3:4,4:1,5:6,6:4,7:-4,8:-10|smoves=1:h0g2,2:g3g4,3:h2f2,4:b0c2,5:c3c4,6:h2e2,7:i0i1,8:h0i2|crit=0
L|4|OP02|BINF|REF|move=h0i2|score=9|mate=-|depth=24|nodes=3441559|crit=0
L|4|OP02|G50|SEL|move=h0i2|slotScore=-8|top1=16|gap=24|rule=tier|hit=cap|slotUsed=8|seed=3293377212|probs=cap=25,mcap=75,p=0.1,cls=opening,legal=43,accN=8,bandN=0,gaps=1:0,2:3,3:12,4:20,5:20,6:21,7:22,8:24|depth=13|nodes=610098|slots=1:16,2:13,3:4,4:-4,5:-4,6:-5,7:-6,8:-8|smoves=1:h0g2,2:g3g4,3:h2f2,4:b0c2,5:h2e2,6:c3c4,7:i0i1,8:h0i2|crit=0
L|4|OP02|G50|REF|move=h0i2|score=17|mate=-|depth=25|nodes=3495687|crit=0
L|4|OP02|G200|SEL|move=i0i1|slotScore=-7|top1=16|gap=23|rule=tier|hit=cap|slotUsed=8|seed=1044517537|probs=cap=25,mcap=225,p=0.1,cls=opening,legal=43,accN=8,bandN=0,gaps=1:0,2:5,3:10,4:14,5:19,6:21,7:21,8:23|depth=14|nodes=620887|slots=1:16,2:11,3:6,4:2,5:-3,6:-5,7:-5,8:-7|smoves=1:h0g2,2:g3g4,3:h2f2,4:h2e2,5:b2e2,6:c3c4,7:b0c2,8:i0i1|crit=0
L|4|OP02|G200|REF|move=i0i1|score=3|mate=-|depth=24|nodes=3413800|crit=0
L|4|OP02|GINF|SEL|move=b0c2|slotScore=0|top1=22|gap=22|rule=tier|hit=cap|slotUsed=7|seed=2347436404|probs=cap=25,mcap=100025,p=0.1,cls=opening,legal=43,accN=7,bandN=1,gaps=1:0,2:3,3:15,4:17,5:17,6:21,7:22,8:29|depth=13|nodes=589378|slots=1:22,2:19,3:7,4:5,5:5,6:1,7:0,8:-7|smoves=1:h0g2,2:g3g4,3:h2f2,4:i0i1,5:h2e2,6:c3c4,7:b0c2,8:h0i2|crit=0
L|4|OP02|GINF|REF|move=b0c2|score=-2|mate=-|depth=25|nodes=3350518|crit=0
L|4|OP02|ANCH|SEL|move=h0g2|slotScore=11|top1=11|gap=0|rule=anchor|hit=above|slotUsed=1|seed=451322960|probs=cap=undefined,mcap=NaN,p=0,cls=opening,legal=43,accN=1,bandN=0,gaps=1:0|depth=22|nodes=3238605|slots=1:11|smoves=1:h0g2|crit=0
L|4|OP02|ANCH|REF|move=h0g2|score=-8|mate=-|depth=22|nodes=3241996|crit=0
PROG|4|OP02
L|4|OP04|ANCHOR|move=i0h0|score=21|mate=-|depth=23|nodes=3473844|crit=0
L|4|OP04|CAP80|SEL|move=g3g4|slotScore=1|top1=20|gap=19|rule=tier|hit=cap|slotUsed=7|seed=29210018|probs=cap=80,mcap=280,p=0,cls=opening,legal=41,accN=8,bandN=0,gaps=1:0,2:0,3:1,4:3,5:5,6:7,7:19,8:16|depth=13|nodes=538651|slots=1:20,2:20,3:19,4:17,5:15,6:13,7:1,8:4|smoves=1:d0e1,2:b0c2,3:i0h0,4:c3c4,5:i3i4,6:h2e2,7:g3g4,8:h2f2|crit=0
L|4|OP04|CAP80|REF|move=g3g4|score=-3|mate=-|depth=25|nodes=3294133|crit=0
L|4|OP04|B50|SEL|move=g3g4|slotScore=0|top1=24|gap=24|rule=tier|hit=cap|slotUsed=8|seed=795360517|probs=cap=80,mcap=130,p=0.5,cls=opening,legal=41,accN=8,bandN=0,gaps=1:0,2:4,3:4,4:8,5:9,6:15,7:18,8:24|depth=14|nodes=603789|slots=1:24,2:20,3:20,4:16,5:15,6:9,7:6,8:0|smoves=1:b0c2,2:i0h0,3:d0e1,4:c3c4,5:h2e2,6:i3i4,7:b2e2,8:g3g4|crit=0
L|4|OP04|B50|REF|move=g3g4|score=-5|mate=-|depth=24|nodes=3444099|crit=0
L|4|OP04|B200|SEL|move=b2e2|slotScore=6|top1=20|gap=14|rule=tier|hit=cap|slotUsed=8|seed=1468706462|probs=cap=80,mcap=280,p=0.5,cls=opening,legal=41,accN=8,bandN=0,gaps=1:0,2:0,3:2,4:2,5:6,6:8,7:11,8:14|depth=14|nodes=562904|slots=1:20,2:21,3:18,4:18,5:14,6:12,7:9,8:6|smoves=1:c3c4,2:b0c2,3:d0e1,4:i0h0,5:i3i4,6:h2e2,7:g3g4,8:b2e2|crit=0
L|4|OP04|B200|REF|move=b2e2|score=-9|mate=-|depth=26|nodes=3496702|crit=0
L|4|OP04|BINF|SEL|move=g3g4|slotScore=8|top1=23|gap=15|rule=tier|hit=bmiss|slotUsed=8|seed=2816098155|probs=cap=80,mcap=100080,p=0.5,cls=opening,legal=41,accN=8,bandN=0,gaps=1:0,2:0,3:3,4:4,5:6,6:9,7:12,8:15,band=0|depth=15|nodes=624512|slots=1:23,2:23,3:20,4:19,5:17,6:14,7:11,8:8|smoves=1:i0h0,2:d0e1,3:c3c4,4:b0c2,5:i3i4,6:h2e2,7:b2e2,8:g3g4|crit=0
L|4|OP04|BINF|REF|move=g3g4|score=-3|mate=-|depth=23|nodes=3374888|crit=0
L|4|OP04|G50|SEL|move=g3g4|slotScore=7|top1=24|gap=17|rule=tier|hit=cap|slotUsed=8|seed=1992631346|probs=cap=25,mcap=75,p=0.1,cls=opening,legal=41,accN=8,bandN=0,gaps=1:0,2:5,3:2,4:5,5:8,6:11,7:14,8:17|depth=15|nodes=598022|slots=1:24,2:19,3:22,4:19,5:16,6:13,7:10,8:7|smoves=1:i0h0,2:d0e1,3:b0c2,4:c3c4,5:h2e2,6:i3i4,7:b2e2,8:g3g4|crit=0
L|4|OP04|G50|REF|move=g3g4|score=-4|mate=-|depth=23|nodes=3409671|crit=0
L|4|OP04|G200|SEL|move=g3g4|slotScore=8|top1=22|gap=14|rule=tier|hit=cap|slotUsed=8|seed=1786748319|probs=cap=25,mcap=225,p=0.1,cls=opening,legal=41,accN=8,bandN=0,gaps=1:0,2:1,3:2,4:4,5:6,6:9,7:9,8:14|depth=13|nodes=591949|slots=1:22,2:21,3:20,4:18,5:16,6:13,7:13,8:8|smoves=1:d0e1,2:b0c2,3:i0h0,4:c3c4,5:i3i4,6:h2e2,7:h2f2,8:g3g4|crit=0
L|4|OP04|G200|REF|move=g3g4|score=-5|mate=-|depth=23|nodes=3365505|crit=0
L|4|OP04|GINF|SEL|move=h2f2|slotScore=6|top1=18|gap=12|rule=tier|hit=cap|slotUsed=8|seed=1115075894|probs=cap=25,mcap=100025,p=0.1,cls=opening,legal=41,accN=8,bandN=0,gaps=1:0,2:0,3:0,4:0,5:3,6:6,7:8,8:12|depth=14|nodes=586471|slots=1:18,2:21,3:21,4:19,5:15,6:12,7:10,8:6|smoves=1:d0e1,2:b0c2,3:i0h0,4:c3c4,5:h2e2,6:b2e2,7:i3i4,8:h2f2|crit=0
L|4|OP04|GINF|REF|move=h2f2|score=-2|mate=-|depth=27|nodes=3546790|crit=0
L|4|OP04|ANCH|SEL|move=i0h0|slotScore=21|top1=21|gap=0|rule=anchor|hit=above|slotUsed=1|seed=3175027694|probs=cap=undefined,mcap=NaN,p=0,cls=opening,legal=41,accN=1,bandN=0,gaps=1:0|depth=23|nodes=3473844|slots=1:21|smoves=1:i0h0|crit=0
L|4|OP04|ANCH|REF|move=i0h0|score=-16|mate=-|depth=23|nodes=3426216|crit=0
PROG|4|OP04
L|4|OP06|ANCHOR|move=h2b2|score=124|mate=-|depth=22|nodes=3342578|crit=0
L|4|OP06|CAP80|SEL|move=b9b8|slotScore=84|top1=116|gap=32|rule=tier|hit=cap|slotUsed=2|seed=3323156512|probs=cap=80,mcap=280,p=0,cls=opening,legal=33,accN=2,bandN=6,gaps=1:0,2:32,3:81,4:197,5:198,6:219,7:252,8:273|depth=11|nodes=612058|slots=1:116,2:84,3:35,4:-81,5:-82,6:-103,7:-136,8:-157|smoves=1:h2b2,2:b9b8,3:b9d9,4:i0h0,5:h2e2,6:h2g2,7:i3i4,8:b0c2|crit=0
L|4|OP06|CAP80|REF|move=b9b8|score=-71|mate=-|depth=19|nodes=3633259|crit=0
L|4|OP06|B50|SEL|move=b9b8|slotScore=68|top1=118|gap=50|rule=tier|hit=cap|slotUsed=2|seed=2050637075|probs=cap=80,mcap=130,p=0.5,cls=opening,legal=33,accN=2,bandN=0,gaps=1:0,2:50,3:146,4:211,5:211,6:254,7:243,8:283|depth=13|nodes=592727|slots=1:118,2:68,3:-28,4:-93,5:-93,6:-136,7:-125,8:-165|smoves=1:h2b2,2:b9b8,3:b9d9,4:h2e2,5:i0h0,6:h2g2,7:i3i4,8:h2f2|crit=0
L|4|OP06|B50|REF|move=b9b8|score=-81|mate=-|depth=20|nodes=3397406|crit=0
L|4|OP06|B200|SEL|move=b9b8|slotScore=77|top1=121|gap=44|rule=tier|hit=cap|slotUsed=2|seed=3803446748|probs=cap=80,mcap=280,p=0.5,cls=opening,legal=33,accN=2,bandN=5,gaps=1:0,2:44,3:146,4:209,5:219,6:239,7:248,8:288|depth=14|nodes=596558|slots=1:121,2:77,3:-25,4:-88,5:-98,6:-118,7:-127,8:-167|smoves=1:h2b2,2:b9b8,3:b9d9,4:h2e2,5:i0h0,6:i3i4,7:h2g2,8:d0e1|crit=0
L|4|OP06|B200|REF|move=b9b8|score=-72|mate=-|depth=20|nodes=3377113|crit=0
L|4|OP06|BINF|SEL|move=h2e2|slotScore=-96|top1=119|gap=215|rule=tier|hit=rand|slotUsed=5|seed=127929149|probs=cap=80,mcap=100080,p=0.5,cls=opening,legal=33,accN=2,bandN=6,gaps=1:0,2:51,3:105,4:210,5:215,6:238,7:259,8:266,wouldBe=2,agap=215|depth=13|nodes=579394|slots=1:119,2:68,3:14,4:-91,5:-96,6:-119,7:-140,8:-147|smoves=1:h2b2,2:b9b8,3:b9d9,4:i0h0,5:h2e2,6:h2g2,7:i3i4,8:h2f2|crit=0
L|4|OP06|BINF|REF|move=h2e2|score=98|mate=-|depth=23|nodes=3409223|crit=0
L|4|OP06|G50|SEL|move=h2b2|slotScore=116|top1=116|gap=0|rule=tier|hit=above|slotUsed=1|seed=830720480|probs=cap=25,mcap=75,p=0.1,cls=opening,legal=33,accN=1,bandN=1,gaps=1:0,2:49,3:166,4:193,5:218,6:243,7:259,8:271|depth=12|nodes=606450|slots=1:116,2:67,3:-50,4:-77,5:-102,6:-127,7:-143,8:-155|smoves=1:h2b2,2:b9b8,3:b9d9,4:h2e2,5:i0h0,6:h2g2,7:i3i4,8:h2f2|crit=0
L|4|OP06|G50|REF|move=h2b2|score=-124|mate=-|depth=21|nodes=3474931|crit=0
L|4|OP06|G200|SEL|move=h2b2|slotScore=125|top1=125|gap=0|rule=tier|hit=above|slotUsed=1|seed=1836586405|probs=cap=25,mcap=225,p=0.1,cls=opening,legal=33,accN=1,bandN=4,gaps=1:0,2:56,3:153,4:213,5:214,6:243,7:255,8:272|depth=13|nodes=609314|slots=1:125,2:69,3:-28,4:-88,5:-89,6:-118,7:-130,8:-147|smoves=1:h2b2,2:b9b8,3:b9d9,4:h2e2,5:i0h0,6:h2g2,7:i3i4,8:b0c2|crit=0
L|4|OP06|G200|REF|move=h2b2|score=-127|mate=-|depth=20|nodes=3405708|crit=0
L|4|OP06|GINF|SEL|move=h2b2|slotScore=131|top1=131|gap=0|rule=tier|hit=above|slotUsed=1|seed=3146266056|probs=cap=25,mcap=100025,p=0.1,cls=opening,legal=33,accN=1,bandN=7,gaps=1:0,2:55,3:156,4:219,5:224,6:239,7:266,8:280|depth=12|nodes=600450|slots=1:131,2:76,3:-25,4:-88,5:-93,6:-108,7:-135,8:-149|smoves=1:h2b2,2:b9b8,3:b9d9,4:h2e2,5:i0h0,6:h2g2,7:h2c2,8:i3i4|crit=0
L|4|OP06|GINF|REF|move=h2b2|score=-140|mate=-|depth=21|nodes=3519771|crit=0
L|4|OP06|ANCH|SEL|move=h2b2|slotScore=124|top1=124|gap=0|rule=anchor|hit=above|slotUsed=1|seed=536588580|probs=cap=undefined,mcap=NaN,p=0,cls=opening,legal=33,accN=1,bandN=0,gaps=1:0|depth=22|nodes=3342578|slots=1:124|smoves=1:h2b2|crit=0
L|4|OP06|ANCH|REF|move=h2b2|score=-133|mate=-|depth=21|nodes=3341252|crit=0
PROG|4|OP06
L|4|OP08|ANCHOR|move=b9b7|score=152|mate=-|depth=22|nodes=3574580|crit=0
L|4|OP08|CAP80|SEL|move=b9b7|slotScore=167|top1=167|gap=0|rule=tier|hit=above|slotUsed=1|seed=1275043686|probs=cap=80,mcap=280,p=0,cls=opening,legal=44,accN=1,bandN=4,gaps=1:0,2:92,3:224,4:234,5:259,6:297,7:293,8:293|depth=13|nodes=675799|slots=1:167,2:75,3:-57,4:-67,5:-92,6:-130,7:-126,8:-126|smoves=1:b9b7,2:b9b4,3:b9d9,4:b9b5,5:h2b2,6:i0h0,7:b0d1,8:b9b6|crit=0
L|4|OP08|CAP80|REF|move=b9b7|score=-154|mate=-|depth=24|nodes=3566702|crit=0
L|4|OP08|B50|SEL|move=b9b7|slotScore=168|top1=168|gap=0|rule=tier|hit=above|slotUsed=1|seed=2891829985|probs=cap=80,mcap=130,p=0.5,cls=opening,legal=44,accN=1,bandN=0,gaps=1:0,2:149,3:195,4:244,5:276,6:292,7:331,8:336|depth=14|nodes=625360|slots=1:168,2:19,3:-27,4:-76,5:-108,6:-124,7:-163,8:-168|smoves=1:b9b7,2:b9b4,3:b9b5,4:b9d9,5:h2b2,6:b9b8,7:b9b6,8:b0d1|crit=0
L|4|OP08|B50|REF|move=b9b7|score=-160|mate=-|depth=21|nodes=3308251|crit=0
L|4|OP08|B200|SEL|move=h2b2|slotScore=-103|top1=137|gap=240|rule=tier|hit=rand|slotUsed=5|seed=1969066506|probs=cap=80,mcap=280,p=0.5,cls=opening,legal=44,accN=1,bandN=6,gaps=1:0,2:117,3:201,4:210,5:240,6:262,7:279,8:286,wouldBe=1,agap=240|depth=11|nodes=592111|slots=1:137,2:20,3:-64,4:-73,5:-103,6:-125,7:-142,8:-149|smoves=1:b9b7,2:b9b4,3:b9d9,4:b9b5,5:h2b2,6:b9b6,7:b9b8,8:b0d1|crit=0
L|4|OP08|B200|REF|move=h2b2|score=97|mate=-|depth=23|nodes=3740722|crit=0
L|4|OP08|BINF|SEL|move=h2b2|slotScore=-72|top1=152|gap=224|rule=tier|hit=rand|slotUsed=5|seed=1338151191|probs=cap=80,mcap=100080,p=0.5,cls=opening,legal=44,accN=1,bandN=7,gaps=1:0,2:122,3:209,4:215,5:224,6:257,7:291,8:305,wouldBe=1,agap=224|depth=14|nodes=646595|slots=1:152,2:30,3:-57,4:-63,5:-72,6:-105,7:-139,8:-153|smoves=1:b9b7,2:b9b4,3:b9b5,4:b9d9,5:h2b2,6:b9b6,7:i0h0,8:b0d1|crit=0
L|4|OP08|BINF|REF|move=h2b2|score=108|mate=-|depth=23|nodes=3773408|crit=0
L|4|OP08|G50|SEL|move=b9b7|slotScore=172|top1=172|gap=0|rule=tier|hit=above|slotUsed=1|seed=3396631622|probs=cap=25,mcap=75,p=0.1,cls=opening,legal=44,accN=1,bandN=0,gaps=1:0,2:139,3:211,4:266,5:242,6:254,7:283,8:310|depth=14|nodes=656495|slots=1:172,2:33,3:-39,4:-94,5:-70,6:-82,7:-111,8:-138|smoves=1:b9b7,2:b9b4,3:b9b5,4:b9d9,5:h2b2,6:b9b6,7:i0h0,8:b0d1|crit=0
L|4|OP08|G50|REF|move=b9b7|score=-165|mate=-|depth=22|nodes=3499352|crit=0
L|4|OP08|G200|SEL|move=b9b7|slotScore=163|top1=163|gap=0|rule=tier|hit=above|slotUsed=1|seed=3462882211|probs=cap=25,mcap=225,p=0.1,cls=opening,legal=44,accN=1,bandN=1,gaps=1:0,2:115,3:230,4:231,5:236,6:292,7:307,8:313|depth=14|nodes=612642|slots=1:163,2:48,3:-67,4:-68,5:-73,6:-129,7:-144,8:-150|smoves=1:b9b7,2:b9b4,3:b9b5,4:h2b2,5:b9d9,6:b9b6,7:b0d1,8:i0h0|crit=0
L|4|OP08|G200|REF|move=b9b7|score=-167|mate=-|depth=22|nodes=3505718|crit=0
L|4|OP08|GINF|SEL|move=b9b7|slotScore=170|top1=170|gap=0|rule=tier|hit=above|slotUsed=1|seed=1252676362|probs=cap=25,mcap=100025,p=0.1,cls=opening,legal=44,accN=1,bandN=7,gaps=1:0,2:131,3:245,4:216,5:255,6:317,7:321,8:329|depth=14|nodes=669977|slots=1:170,2:39,3:-75,4:-46,5:-85,6:-147,7:-151,8:-159|smoves=1:b9b7,2:b9b4,3:h2b2,4:b9b5,5:b9d9,6:b0d1,7:i0h0,8:b9b6|crit=0
L|4|OP08|GINF|REF|move=b9b7|score=-165|mate=-|depth=21|nodes=3569442|crit=0
L|4|OP08|ANCH|SEL|move=b9b7|slotScore=152|top1=152|gap=0|rule=anchor|hit=above|slotUsed=1|seed=2758678834|probs=cap=undefined,mcap=NaN,p=0,cls=opening,legal=44,accN=1,bandN=0,gaps=1:0|depth=22|nodes=3574580|slots=1:152|smoves=1:b9b7|crit=0
L|4|OP08|ANCH|REF|move=b9b7|score=-181|mate=-|depth=22|nodes=3593426|crit=0
PROG|4|OP08
L|4|MG_QT01|ANCHOR|move=c7b9|score=-32|mate=-|depth=26|nodes=3505187|crit=0
L|4|MG_QT01|CAP80|SEL|move=c7b9|slotScore=-29|top1=-29|gap=0|rule=tier|hit=above|slotUsed=1|seed=1202458048|probs=cap=0,mcap=700,p=0,cls=hard,legal=30,accN=1,bandN=7,gaps=1:0,2:575,3:576,4:584,5:590,6:599,7:592,8:592|depth=14|nodes=520923|slots=1:-29,2:-604,3:-605,4:-613,5:-619,6:-628,7:-621,8:-621|smoves=1:c7b9,2:f9e8,3:c6c5,4:h9g7,5:i6i5,6:h9f8,7:d9e8,8:h7i7|crit=0
L|4|MG_QT01|CAP80|REF|move=c7b9|score=30|mate=-|depth=27|nodes=3706835|crit=0
L|4|MG_QT01|B50|SEL|move=c7b9|slotScore=-32|top1=-32|gap=0|rule=tier|hit=above|slotUsed=1|seed=88379571|probs=cap=0,mcap=700,p=0.5,cls=hard,legal=30,accN=1,bandN=7,gaps=1:0,2:510,3:568,4:576,5:582,6:585,7:587,8:588|depth=15|nodes=548046|slots=1:-32,2:-542,3:-600,4:-608,5:-614,6:-617,7:-619,8:-620|smoves=1:c7b9,2:f9e8,3:h9g7,4:c6c5,5:d9e8,6:a6a5,7:h9i7,8:g5g4|crit=0
L|4|MG_QT01|B50|REF|move=c7b9|score=32|mate=-|depth=27|nodes=3644049|crit=0
L|4|MG_QT01|B200|SEL|move=c7b9|slotScore=-34|top1=-34|gap=0|rule=tier|hit=above|slotUsed=1|seed=1652279036|probs=cap=0,mcap=700,p=0.5,cls=hard,legal=30,accN=1,bandN=7,gaps=1:0,2:565,3:568,4:572,5:583,6:585,7:587,8:587|depth=14|nodes=560576|slots=1:-34,2:-599,3:-602,4:-606,5:-617,6:-619,7:-621,8:-621|smoves=1:c7b9,2:c6c5,3:f9e8,4:h9g7,5:d9e8,6:i6i5,7:g5g4,8:a6a5|crit=0
L|4|MG_QT01|B200|REF|move=c7b9|score=33|mate=-|depth=27|nodes=3647693|crit=0
L|4|MG_QT01|BINF|SEL|move=i6i5|slotScore=-620|top1=-32|gap=588|rule=tier|hit=rand|slotUsed=8|seed=2388157725|probs=cap=0,mcap=700,p=0.5,cls=hard,legal=30,accN=1,bandN=7,gaps=1:0,2:573,3:578,4:584,5:587,6:587,7:588,8:588,wouldBe=1,agap=588|depth=14|nodes=536871|slots=1:-32,2:-605,3:-610,4:-616,5:-619,6:-619,7:-620,8:-620|smoves=1:c7b9,2:c6c5,3:f9e8,4:h9g7,5:g5g4,6:h9i7,7:d9e8,8:i6i5|crit=0
L|4|MG_QT01|BINF|REF|move=i6i5|score=615|mate=-|depth=22|nodes=3049834|crit=0
L|4|MG_QT01|G50|SEL|move=h9g7|slotScore=-598|top1=-33|gap=565|rule=tier|hit=rand|slotUsed=2|seed=1015937664|probs=cap=0,mcap=700,p=0.1,cls=hard,legal=30,accN=1,bandN=7,gaps=1:0,2:565,3:567,4:580,5:584,6:584,7:586,8:588,wouldBe=1,agap=565|depth=15|nodes=547982|slots=1:-33,2:-598,3:-600,4:-613,5:-617,6:-617,7:-619,8:-621|smoves=1:c7b9,2:h9g7,3:c6c5,4:i6i5,5:f9e8,6:d9e8,7:a6a5,8:h7f7|crit=0
L|4|MG_QT01|G50|REF|move=h9g7|score=616|mate=-|depth=23|nodes=3085864|crit=0
L|4|MG_QT01|G200|SEL|move=c7b9|slotScore=-27|top1=-27|gap=0|rule=tier|hit=above|slotUsed=1|seed=1853642053|probs=cap=0,mcap=700,p=0.1,cls=hard,legal=30,accN=1,bandN=7,gaps=1:0,2:575,3:579,4:582,5:588,6:594,7:595,8:590|depth=15|nodes=551116|slots=1:-27,2:-602,3:-606,4:-609,5:-615,6:-621,7:-622,8:-617|smoves=1:c7b9,2:c6c5,3:f9e8,4:h9g7,5:i6i5,6:h9f8,7:h9i7,8:g5g4|crit=0
L|4|MG_QT01|G200|REF|move=c7b9|score=39|mate=-|depth=26|nodes=3545201|crit=0
L|4|MG_QT01|GINF|SEL|move=c6c5|slotScore=-592|top1=-36|gap=556|rule=tier|hit=rand|slotUsed=2|seed=687244840|probs=cap=0,mcap=700,p=0.1,cls=hard,legal=30,accN=1,bandN=7,gaps=1:0,2:556,3:574,4:575,5:583,6:584,7:578,8:584,wouldBe=1,agap=556|depth=14|nodes=529896|slots=1:-36,2:-592,3:-610,4:-611,5:-619,6:-620,7:-614,8:-620|smoves=1:c7b9,2:c6c5,3:h9g7,4:f9e8,5:i6i5,6:g5g4,7:d9e8,8:h9i7|crit=0
L|4|MG_QT01|GINF|REF|move=c6c5|score=602|mate=-|depth=25|nodes=3131511|crit=0
L|4|MG_QT01|ANCH|SEL|move=c7b9|slotScore=-32|top1=-32|gap=0|rule=anchor|hit=above|slotUsed=1|seed=457705732|probs=cap=undefined,mcap=NaN,p=0,cls=normal,legal=30,accN=1,bandN=0,gaps=1:0|depth=26|nodes=3505187|slots=1:-32|smoves=1:c7b9|crit=0
L|4|MG_QT01|ANCH|REF|move=c7b9|score=38|mate=-|depth=26|nodes=3560289|crit=0
PROG|4|MG_QT01
L|4|MG_QT05|ANCHOR|move=h7h9|score=-40|mate=-|depth=24|nodes=3433890|crit=0
L|4|MG_QT05|CAP80|SEL|move=f8e6|slotScore=-81|top1=-34|gap=47|rule=tier|hit=cap|slotUsed=7|seed=4224547612|probs=cap=80,mcap=280,p=0,cls=normal,legal=33,accN=8,bandN=0,gaps=1:0,2:14,3:16,4:21,5:36,6:46,7:47,8:47|depth=10|nodes=571882|slots=1:-34,2:-48,3:-50,4:-55,5:-70,6:-80,7:-81,8:-81|smoves=1:h7h9,2:i6i5,3:i9h9,4:h7i7,5:b9c7,6:h7g7,7:f8e6,8:i9g9|crit=0
L|4|MG_QT05|CAP80|REF|move=f8e6|score=98|mate=-|depth=20|nodes=3357983|crit=0
L|4|MG_QT05|B50|SEL|move=i9g9|slotScore=-85|top1=-49|gap=36|rule=tier|hit=cap|slotUsed=8|seed=1310627975|probs=cap=80,mcap=130,p=0.5,cls=normal,legal=33,accN=8,bandN=0,gaps=1:0,2:0,3:4,4:6,5:8,6:16,7:19,8:36|depth=12|nodes=588675|slots=1:-49,2:-45,3:-53,4:-55,5:-57,6:-65,7:-68,8:-85|smoves=1:i6i5,2:h7h9,3:h7i7,4:i9i7,5:i9h9,6:b9c7,7:f8e6,8:i9g9|crit=0
L|4|MG_QT05|B50|REF|move=i9g9|score=77|mate=-|depth=18|nodes=3305751|crit=0
L|4|MG_QT05|B200|SEL|move=i9g9|slotScore=-81|top1=-36|gap=45|rule=tier|hit=cap|slotUsed=8|seed=4122949728|probs=cap=80,mcap=280,p=0.5,cls=normal,legal=33,accN=8,bandN=0,gaps=1:0,2:6,3:13,4:16,5:28,6:33,7:40,8:45|depth=12|nodes=574601|slots=1:-36,2:-42,3:-49,4:-52,5:-64,6:-69,7:-76,8:-81|smoves=1:h7h9,2:i6i5,3:i9h9,4:h7i7,5:i9i7,6:b9c7,7:h7g7,8:i9g9|crit=0
L|4|MG_QT05|B200|REF|move=i9g9|score=76|mate=-|depth=21|nodes=3414973|crit=0
L|4|MG_QT05|BINF|SEL|move=i9i8|slotScore=-84|top1=-44|gap=40|rule=tier|hit=cap|slotUsed=8|seed=2271785249|probs=cap=80,mcap=100080,p=0.5,cls=normal,legal=33,accN=8,bandN=0,gaps=1:0,2:4,3:4,4:8,5:19,6:36,7:25,8:40|depth=11|nodes=498385|slots=1:-44,2:-48,3:-48,4:-52,5:-63,6:-80,7:-69,8:-84|smoves=1:i9h9,2:h7h9,3:i6i5,4:h7i7,5:b9c7,6:f8e6,7:i9i7,8:i9i8|crit=0
L|4|MG_QT05|BINF|REF|move=i9i8|score=140|mate=-|depth=21|nodes=3496635|crit=0
L|4|MG_QT05|G50|SEL|move=h7i7|slotScore=-70|top1=-48|gap=22|rule=tier|hit=cap|slotUsed=5|seed=3711688924|probs=cap=25,mcap=75,p=0.1,cls=normal,legal=33,accN=5,bandN=3,gaps=1:0,2:6,3:6,4:19,5:22,6:28,7:37,8:40|depth=11|nodes=555550|slots=1:-48,2:-54,3:-54,4:-67,5:-70,6:-76,7:-85,8:-88|smoves=1:h7h9,2:i9h9,3:i6i5,4:b9c7,5:h7i7,6:i9i7,7:h7g7,8:f8e6|crit=0
L|4|MG_QT05|G50|REF|move=h7i7|score=73|mate=-|depth=22|nodes=3440655|crit=0
L|4|MG_QT05|G200|SEL|move=i9h9|slotScore=-50|top1=-39|gap=11|rule=tier|hit=cap|slotUsed=3|seed=457441345|probs=cap=25,mcap=225,p=0.1,cls=normal,legal=33,accN=3,bandN=5,gaps=1:0,2:2,3:11,4:30,5:33,6:37,7:38,8:48|depth=12|nodes=592682|slots=1:-39,2:-41,3:-50,4:-69,5:-72,6:-76,7:-77,8:-87|smoves=1:h7h9,2:i6i5,3:i9h9,4:h7i7,5:b9c7,6:i9i7,7:f8e6,8:h7g7|crit=0
L|4|MG_QT05|G200|REF|move=i9h9|score=55|mate=-|depth=22|nodes=3567391|crit=0
L|4|MG_QT05|GINF|SEL|move=h7i7|slotScore=-62|top1=-39|gap=23|rule=tier|hit=cap|slotUsed=4|seed=1855869908|probs=cap=25,mcap=100025,p=0.1,cls=normal,legal=33,accN=4,bandN=4,gaps=1:0,2:6,3:11,4:23,5:40,6:32,7:36,8:39|depth=11|nodes=597043|slots=1:-39,2:-45,3:-50,4:-62,5:-79,6:-71,7:-75,8:-78|smoves=1:h7h9,2:i6i5,3:i9h9,4:h7i7,5:h7g7,6:i9i7,7:b9c7,8:f8e6|crit=0
L|4|MG_QT05|GINF|REF|move=h7i7|score=70|mate=-|depth=20|nodes=3375177|crit=0
L|4|MG_QT05|ANCH|SEL|move=h7h9|slotScore=-40|top1=-40|gap=0|rule=anchor|hit=above|slotUsed=1|seed=1936960688|probs=cap=undefined,mcap=NaN,p=0,cls=normal,legal=33,accN=1,bandN=0,gaps=1:0|depth=24|nodes=3433890|slots=1:-40|smoves=1:h7h9|crit=0
L|4|MG_QT05|ANCH|REF|move=h7h9|score=27|mate=-|depth=22|nodes=3372737|crit=0
PROG|4|MG_QT05
L|4|MG_QT10|ANCHOR|move=i9h9|score=-30|mate=-|depth=24|nodes=3667596|crit=0
L|4|MG_QT10|CAP80|SEL|move=c5c4|slotScore=-80|top1=-31|gap=49|rule=tier|hit=cap|slotUsed=8|seed=1048215270|probs=cap=80,mcap=280,p=0,cls=normal,legal=29,accN=8,bandN=0,gaps=1:0,2:24,3:28,4:35,5:37,6:40,7:45,8:49|depth=12|nodes=556651|slots=1:-31,2:-55,3:-59,4:-66,5:-68,6:-71,7:-76,8:-80|smoves=1:i9h9,2:f8h7,3:a6a5,4:c3e4,5:i9i7,6:f8h9,7:f9g9,8:c5c4|crit=0
L|4|MG_QT10|CAP80|REF|move=c5c4|score=114|mate=-|depth=21|nodes=3665583|crit=0
L|4|MG_QT10|B50|SEL|move=c5c4|slotScore=-102|top1=-37|gap=65|rule=tier|hit=cap|slotUsed=7|seed=1393935969|probs=cap=80,mcap=130,p=0.5,cls=normal,legal=29,accN=8,bandN=0,gaps=1:0,2:22,3:26,4:27,5:29,6:43,7:65,8:60|depth=10|nodes=566008|slots=1:-37,2:-59,3:-63,4:-64,5:-66,6:-80,7:-102,8:-97|smoves=1:i9h9,2:f8h7,3:f8h9,4:a6a5,5:i9i7,6:f9g9,7:c5c4,8:c3e4|crit=0
L|4|MG_QT10|B50|REF|move=c5c4|score=121|mate=-|depth=20|nodes=3553987|crit=0
L|4|MG_QT10|B200|SEL|move=c5c4|slotScore=-88|top1=-41|gap=47|rule=tier|hit=cap|slotUsed=8|seed=1760682122|probs=cap=80,mcap=280,p=0.5,cls=normal,legal=29,accN=8,bandN=0,gaps=1:0,2:33,3:27,4:30,5:33,6:38,7:45,8:47|depth=12|nodes=557182|slots=1:-41,2:-74,3:-68,4:-71,5:-74,6:-79,7:-86,8:-88|smoves=1:i9h9,2:f8h7,3:i9i7,4:f8h9,5:a6a5,6:f9g9,7:i9g9,8:c5c4|crit=0
L|4|MG_QT10|B200|REF|move=c5c4|score=109|mate=-|depth=20|nodes=3553507|crit=0
L|4|MG_QT10|BINF|SEL|move=a7d7|slotScore=-101|top1=-37|gap=64|rule=tier|hit=bmiss|slotUsed=8|seed=1129768855|probs=cap=80,mcap=100080,p=0.5,cls=normal,legal=29,accN=8,bandN=0,gaps=1:0,2:22,3:29,4:32,5:35,6:39,7:46,8:64,band=0|depth=13|nodes=585251|slots=1:-37,2:-59,3:-66,4:-69,5:-72,6:-76,7:-83,8:-101|smoves=1:i9h9,2:f8h7,3:a6a5,4:i9i7,5:f8h9,6:f9g9,7:i9g9,8:a7d7|crit=0
L|4|MG_QT10|BINF|REF|move=a7d7|score=119|mate=-|depth=21|nodes=3663413|crit=0
L|4|MG_QT10|G50|SEL|move=i9i7|slotScore=-68|top1=-43|gap=25|rule=tier|hit=cap|slotUsed=3|seed=1898734534|probs=cap=25,mcap=75,p=0.1,cls=normal,legal=29,accN=3,bandN=5,gaps=1:0,2:20,3:25,4:26,5:28,6:34,7:45,8:47|depth=12|nodes=549259|slots=1:-43,2:-63,3:-68,4:-69,5:-71,6:-77,7:-88,8:-90|smoves=1:i9h9,2:a6a5,3:i9i7,4:f8h9,5:f8h7,6:i9g9,7:a7a8,8:f9g9|crit=0
L|4|MG_QT10|G50|REF|move=i9i7|score=62|mate=-|depth=21|nodes=3443099|crit=0
L|4|MG_QT10|G200|SEL|move=i9h9|slotScore=-34|top1=-34|gap=0|rule=tier|hit=above|slotUsed=1|seed=3254433315|probs=cap=25,mcap=225,p=0.1,cls=normal,legal=29,accN=1,bandN=7,gaps=1:0,2:26,3:31,4:31,5:42,6:49,7:49,8:60|depth=12|nodes=588051|slots=1:-34,2:-60,3:-65,4:-65,5:-76,6:-83,7:-83,8:-94|smoves=1:i9h9,2:f8h7,3:i9i7,4:a6a5,5:f8h9,6:a7a8,7:c3e4,8:i9g9|crit=0
L|4|MG_QT10|G200|REF|move=i9h9|score=28|mate=-|depth=24|nodes=3651538|crit=0
L|4|MG_QT10|GINF|SEL|move=i9h9|slotScore=-34|top1=-34|gap=0|rule=tier|hit=above|slotUsed=1|seed=1044488586|probs=cap=25,mcap=100025,p=0.1,cls=normal,legal=29,accN=1,bandN=7,gaps=1:0,2:26,3:27,4:27,5:40,6:44,7:51,8:50|depth=12|nodes=575396|slots=1:-34,2:-60,3:-61,4:-61,5:-74,6:-78,7:-85,8:-84|smoves=1:i9h9,2:i9i7,3:a6a5,4:f8h7,5:f9g9,6:f8h9,7:i9g9,8:c3e4|crit=0
L|4|MG_QT10|GINF|REF|move=i9h9|score=27|mate=-|depth=25|nodes=3747699|crit=0
L|4|MG_QT10|ANCH|SEL|move=i9h9|slotScore=-30|top1=-30|gap=0|rule=anchor|hit=above|slotUsed=1|seed=2550296498|probs=cap=undefined,mcap=NaN,p=0,cls=normal,legal=29,accN=1,bandN=0,gaps=1:0|depth=24|nodes=3667596|slots=1:-30|smoves=1:i9h9|crit=0
L|4|MG_QT10|ANCH|REF|move=i9h9|score=25|mate=-|depth=24|nodes=3492351|crit=0
PROG|4|MG_QT10
L|4|MG_QT14|ANCHOR|move=f4b4|score=-22|mate=-|depth=25|nodes=3654021|crit=0
L|4|MG_QT14|CAP80|SEL|move=e9f9|slotScore=-85|top1=-30|gap=55|rule=tier|hit=cap|slotUsed=8|seed=4251601034|probs=cap=80,mcap=280,p=0,cls=normal,legal=37,accN=8,bandN=0,gaps=1:0,2:10,3:11,4:21,5:23,6:38,7:38,8:55|depth=13|nodes=577863|slots=1:-30,2:-40,3:-41,4:-51,5:-53,6:-68,7:-68,8:-85|smoves=1:f4b4,2:a7b7,3:f4f2,4:c3e4,5:a7c7,6:e8d7,7:f4e4,8:e9f9|crit=0
L|4|MG_QT14|CAP80|REF|move=e9f9|score=113|mate=-|depth=22|nodes=3723510|crit=0
L|4|MG_QT14|B50|SEL|move=e8f7|slotScore=-93|top1=-28|gap=65|rule=tier|hit=cap|slotUsed=8|seed=365615389|probs=cap=80,mcap=130,p=0.5,cls=normal,legal=37,accN=8,bandN=0,gaps=1:0,2:8,3:19,4:20,5:29,6:44,7:46,8:65|depth=14|nodes=628537|slots=1:-28,2:-36,3:-47,4:-48,5:-57,6:-72,7:-74,8:-93|smoves=1:f4b4,2:a7b7,3:c3e4,4:f4f2,5:a7c7,6:f4e4,7:e8d7,8:e8f7|crit=0
L|4|MG_QT14|B50|REF|move=e8f7|score=138|mate=-|depth=24|nodes=4125358|crit=0
L|4|MG_QT14|B200|SEL|move=e9f9|slotScore=-89|top1=-33|gap=56|rule=tier|hit=cap|slotUsed=8|seed=167189222|probs=cap=80,mcap=280,p=0.5,cls=normal,legal=37,accN=8,bandN=0,gaps=1:0,2:14,3:20,4:25,5:35,6:37,7:47,8:56|depth=13|nodes=635992|slots=1:-33,2:-47,3:-53,4:-58,5:-68,6:-70,7:-80,8:-89|smoves=1:f4b4,2:a7b7,3:f4f2,4:c3e4,5:e8d7,6:f4e4,7:a7c7,8:e9f9|crit=0
L|4|MG_QT14|B200|REF|move=e9f9|score=113|mate=-|depth=21|nodes=3727847|crit=0
L|4|MG_QT14|BINF|SEL|move=e8f7|slotScore=-105|top1=-40|gap=65|rule=tier|hit=cap|slotUsed=8|seed=2274025747|probs=cap=80,mcap=100080,p=0.5,cls=normal,legal=37,accN=8,bandN=0,gaps=1:0,2:9,3:11,4:16,5:27,6:32,7:33,8:65|depth=14|nodes=635284|slots=1:-40,2:-49,3:-51,4:-56,5:-67,6:-72,7:-73,8:-105|smoves=1:f4b4,2:a7b7,3:f4f2,4:c3e4,5:f4e4,6:e8d7,7:a7c7,8:e8f7|crit=0
L|4|MG_QT14|BINF|REF|move=e8f7|score=136|mate=-|depth=22|nodes=4132330|crit=0
L|4|MG_QT14|G50|SEL|move=f4f2|slotScore=-55|top1=-37|gap=18|rule=tier|hit=cap|slotUsed=4|seed=1020784586|probs=cap=25,mcap=75,p=0.1,cls=normal,legal=37,accN=4,bandN=4,gaps=1:0,2:4,3:15,4:18,5:28,6:41,7:51,8:59|depth=14|nodes=613588|slots=1:-37,2:-41,3:-52,4:-55,5:-65,6:-78,7:-88,8:-96|smoves=1:f4b4,2:a7b7,3:c3e4,4:f4f2,5:e8d7,6:f4e4,7:e8f7,8:a7c7|crit=0
L|4|MG_QT14|G50|REF|move=f4f2|score=83|mate=-|depth=25|nodes=4101231|crit=0
L|4|MG_QT14|G200|SEL|move=a7c7|slotScore=-54|top1=-37|gap=17|rule=tier|hit=cap|slotUsed=4|seed=27137575|probs=cap=25,mcap=225,p=0.1,cls=normal,legal=37,accN=4,bandN=4,gaps=1:0,2:3,3:7,4:17,5:31,6:33,7:27,8:64|depth=13|nodes=624444|slots=1:-37,2:-40,3:-44,4:-54,5:-68,6:-70,7:-64,8:-101|smoves=1:f4b4,2:a7b7,3:c3e4,4:a7c7,5:f4e4,6:f4f2,7:e8d7,8:e9f9|crit=0
L|4|MG_QT14|G200|REF|move=a7c7|score=77|mate=-|depth=21|nodes=3823180|crit=0
L|4|MG_QT14|GINF|SEL|move=e8d7|slotScore=-60|top1=-35|gap=25|rule=tier|hit=cap|slotUsed=5|seed=2130685406|probs=cap=25,mcap=100025,p=0.1,cls=normal,legal=37,accN=3,bandN=5,gaps=1:0,2:10,3:29,4:31,5:25,6:26,7:33,8:63|depth=14|nodes=588989|slots=1:-35,2:-45,3:-64,4:-66,5:-60,6:-61,7:-68,8:-98|smoves=1:f4b4,2:a7b7,3:f4f2,4:c3e4,5:e8d7,6:a7c7,7:f4e4,8:e8f7|crit=0
L|4|MG_QT14|GINF|REF|move=e8d7|score=65|mate=-|depth=24|nodes=3831727|crit=0
L|4|MG_QT14|ANCH|SEL|move=f4b4|slotScore=-22|top1=-22|gap=0|rule=anchor|hit=above|slotUsed=1|seed=3691526518|probs=cap=undefined,mcap=NaN,p=0,cls=normal,legal=37,accN=1,bandN=0,gaps=1:0|depth=25|nodes=3654021|slots=1:-22|smoves=1:f4b4|crit=0
L|4|MG_QT14|ANCH|REF|move=f4b4|score=21|mate=-|depth=25|nodes=3779746|crit=0
PROG|4|MG_QT14
L|4|MG_QT19|ANCHOR|move=c7c3|score=-17|mate=-|depth=27|nodes=3722582|crit=0
L|4|MG_QT19|CAP80|SEL|move=c7c3|slotScore=-16|top1=-16|gap=0|rule=tier|hit=above|slotUsed=1|seed=1459586237|probs=cap=0,mcap=700,p=0,cls=hard,legal=33,accN=1,bandN=4,gaps=1:0,2:576,3:581,4:592,5:635,6:710,7:714,8:724|depth=15|nodes=592318|slots=1:-16,2:-592,3:-597,4:-608,5:-651,6:-726,7:-730,8:-740|smoves=1:c7c3,2:c7b7,3:c7a7,4:c7d7,5:g7e6,6:e8d7,7:b5e5,8:g7h5|crit=0
L|4|MG_QT19|CAP80|REF|move=c7c3|score=16|mate=-|depth=28|nodes=3572046|crit=0
L|4|MG_QT19|B50|SEL|move=c7c3|slotScore=-16|top1=-16|gap=0|rule=tier|hit=above|slotUsed=1|seed=2565954850|probs=cap=0,mcap=700,p=0.5,cls=hard,legal=33,accN=1,bandN=4,gaps=1:0,2:564,3:569,4:573,5:610,6:708,7:710,8:744|depth=15|nodes=579923|slots=1:-16,2:-580,3:-585,4:-589,5:-626,6:-724,7:-726,8:-760|smoves=1:c7c3,2:c7d7,3:c7b7,4:c7a7,5:g7e6,6:b5e5,7:e8d7,8:e8f7|crit=0
L|4|MG_QT19|B50|REF|move=c7c3|score=18|mate=-|depth=29|nodes=3369018|crit=0
L|4|MG_QT19|B200|SEL|move=c7c3|slotScore=-19|top1=-19|gap=0|rule=tier|hit=above|slotUsed=1|seed=1174614479|probs=cap=0,mcap=700,p=0.5,cls=hard,legal=33,accN=1,bandN=4,gaps=1:0,2:558,3:569,4:581,5:623,6:702,7:705,8:731|depth=15|nodes=604255|slots=1:-19,2:-577,3:-588,4:-600,5:-642,6:-721,7:-724,8:-750|smoves=1:c7c3,2:c7b7,3:c7a7,4:c7d7,5:g7e6,6:b5e5,7:e8d7,8:e8f7|crit=0
L|4|MG_QT19|B200|REF|move=c7c3|score=13|mate=-|depth=29|nodes=3520471|crit=0
L|4|MG_QT19|BINF|SEL|move=c7c3|slotScore=-18|top1=-18|gap=0|rule=tier|hit=above|slotUsed=1|seed=1645388998|probs=cap=0,mcap=700,p=0.5,cls=hard,legal=33,accN=1,bandN=4,gaps=1:0,2:566,3:569,4:577,5:625,6:711,7:711,8:743|depth=17|nodes=573474|slots=1:-18,2:-584,3:-587,4:-595,5:-643,6:-729,7:-729,8:-761|smoves=1:c7c3,2:c7b7,3:c7d7,4:c7a7,5:g7e6,6:e8d7,7:b5e5,8:c7c6|crit=0
L|4|MG_QT19|BINF|REF|move=c7c3|score=15|mate=-|depth=30|nodes=3667160|crit=0
L|4|MG_QT19|G50|SEL|move=c7c3|slotScore=-20|top1=-20|gap=0|rule=tier|hit=above|slotUsed=1|seed=1368681013|probs=cap=0,mcap=700,p=0.1,cls=hard,legal=33,accN=1,bandN=5,gaps=1:0,2:560,3:560,4:574,5:626,6:679,7:707,8:729|depth=14|nodes=564672|slots=1:-20,2:-580,3:-580,4:-594,5:-646,6:-699,7:-727,8:-749|smoves=1:c7c3,2:c7b7,3:c7d7,4:c7a7,5:g7e6,6:e8d7,7:b5e5,8:g7h5|crit=0
L|4|MG_QT19|G50|REF|move=c7c3|score=15|mate=-|depth=29|nodes=3655052|crit=0
L|4|MG_QT19|G200|SEL|move=c7c3|slotScore=-19|top1=-19|gap=0|rule=tier|hit=above|slotUsed=1|seed=835919438|probs=cap=0,mcap=700,p=0.1,cls=hard,legal=33,accN=1,bandN=4,gaps=1:0,2:542,3:575,4:575,5:622,6:706,7:715,8:736|depth=17|nodes=581459|slots=1:-19,2:-561,3:-594,4:-594,5:-641,6:-725,7:-734,8:-755|smoves=1:c7c3,2:c7b7,3:c7d7,4:c7a7,5:g7e6,6:b5e5,7:e8d7,8:g5g4|crit=0
L|4|MG_QT19|G200|REF|move=c7c3|score=15|mate=-|depth=29|nodes=3582175|crit=0
L|4|MG_QT19|GINF|SEL|move=c7c3|slotScore=-15|top1=-15|gap=0|rule=tier|hit=above|slotUsed=1|seed=2901160379|probs=cap=0,mcap=700,p=0.1,cls=hard,legal=33,accN=1,bandN=4,gaps=1:0,2:570,3:580,4:584,5:631,6:721,7:721,8:762|depth=14|nodes=574787|slots=1:-15,2:-585,3:-595,4:-599,5:-646,6:-736,7:-736,8:-777|smoves=1:c7c3,2:c7b7,3:c7a7,4:c7d7,5:g7e6,6:b5e5,7:e8d7,8:g5g4|crit=0
L|4|MG_QT19|GINF|REF|move=c7c3|score=14|mate=-|depth=30|nodes=3506440|crit=0
L|4|MG_QT19|ANCH|SEL|move=c7c3|slotScore=-17|top1=-17|gap=0|rule=anchor|hit=above|slotUsed=1|seed=2178680399|probs=cap=undefined,mcap=NaN,p=0,cls=normal,legal=33,accN=1,bandN=0,gaps=1:0|depth=27|nodes=3722582|slots=1:-17|smoves=1:c7c3|crit=0
L|4|MG_QT19|ANCH|REF|move=c7c3|score=17|mate=-|depth=30|nodes=3570091|crit=0
PROG|4|MG_QT19
L|4|MG_QT24|ANCHOR|move=g7f5|score=-14|mate=-|depth=30|nodes=3684346|crit=0
L|4|MG_QT24|CAP80|SEL|move=c3b3|slotScore=-28|top1=-15|gap=13|rule=tier|hit=cap|slotUsed=8|seed=1699048533|probs=cap=80,mcap=280,p=0,cls=normal,legal=33,accN=8,bandN=0,gaps=1:0,2:1,3:4,4:6,5:10,6:11,7:12,8:13|depth=14|nodes=586931|slots=1:-15,2:-16,3:-19,4:-21,5:-25,6:-26,7:-27,8:-28|smoves=1:g7f5,2:g5e7,3:g7e6,4:f8f9,5:c3d3,6:e8d7,7:c9a7,8:c3b3|crit=0
L|4|MG_QT24|CAP80|REF|move=c3b3|score=21|mate=-|depth=28|nodes=3772947|crit=0
L|4|MG_QT24|B50|SEL|move=e8d7|slotScore=-27|top1=-16|gap=11|rule=tier|hit=bmiss|slotUsed=8|seed=3132411274|probs=cap=80,mcap=130,p=0.5,cls=normal,legal=33,accN=8,bandN=0,gaps=1:0,2:0,3:1,4:2,5:5,6:6,7:9,8:11,band=0|depth=14|nodes=601586|slots=1:-16,2:-16,3:-17,4:-18,5:-21,6:-22,7:-25,8:-27|smoves=1:g7f5,2:g5e7,3:g7e6,4:f8f9,5:c3d3,6:c3b3,7:e4d4,8:e8d7|crit=0
L|4|MG_QT24|B50|REF|move=e8d7|score=19|mate=-|depth=26|nodes=3621536|crit=0
L|4|MG_QT24|B200|SEL|move=c9a7|slotScore=-28|top1=-14|gap=14|rule=tier|hit=cap|slotUsed=8|seed=3883759463|probs=cap=80,mcap=280,p=0.5,cls=normal,legal=33,accN=8,bandN=0,gaps=1:0,2:3,3:4,4:6,5:7,6:8,7:9,8:14|depth=15|nodes=600510|slots=1:-14,2:-17,3:-18,4:-20,5:-21,6:-22,7:-23,8:-28|smoves=1:g7f5,2:g7e6,3:g5e7,4:f8f9,5:c3d3,6:c9e7,7:e8d7,8:c9a7|crit=0
L|4|MG_QT24|B200|REF|move=c9a7|score=20|mate=-|depth=26|nodes=3851535|crit=0
L|4|MG_QT24|BINF|SEL|move=e8d7|slotScore=-22|top1=-16|gap=6|rule=tier|hit=cap|slotUsed=7|seed=1883566750|probs=cap=80,mcap=100080,p=0.5,cls=normal,legal=33,accN=8,bandN=0,gaps=1:0,2:2,3:3,4:3,5:3,6:5,7:6,8:6|depth=15|nodes=591722|slots=1:-16,2:-18,3:-19,4:-19,5:-19,6:-21,7:-22,8:-22|smoves=1:g7f5,2:g5e7,3:c3d3,4:f8f9,5:g7e6,6:c9e7,7:e8d7,8:c9a7|crit=0
L|4|MG_QT24|BINF|REF|move=e8d7|score=21|mate=-|depth=29|nodes=3565019|crit=0
L|4|MG_QT24|G50|SEL|move=c3b3|slotScore=-25|top1=-17|gap=8|rule=tier|hit=cap|slotUsed=8|seed=2477506269|probs=cap=25,mcap=75,p=0.1,cls=normal,legal=33,accN=8,bandN=0,gaps=1:0,2:0,3:0,4:0,5:6,6:7,7:6,8:8|depth=15|nodes=613340|slots=1:-17,2:-17,3:-17,4:-17,5:-23,6:-24,7:-23,8:-25|smoves=1:g7f5,2:f8f9,3:g5e7,4:g7e6,5:c3d3,6:c9a7,7:e8d7,8:c3b3|crit=0
L|4|MG_QT24|G50|REF|move=c3b3|score=21|mate=-|depth=28|nodes=3537364|crit=0
L|4|MG_QT24|G200|SEL|move=c9a7|slotScore=-24|top1=-14|gap=10|rule=tier|hit=cap|slotUsed=8|seed=4023547942|probs=cap=25,mcap=225,p=0.1,cls=normal,legal=33,accN=8,bandN=0,gaps=1:0,2:2,3:4,4:5,5:8,6:8,7:9,8:10|depth=16|nodes=607626|slots=1:-14,2:-16,3:-18,4:-19,5:-22,6:-22,7:-23,8:-24|smoves=1:g7f5,2:g5e7,3:g7e6,4:f8f9,5:c3b3,6:c3d3,7:e8d7,8:c9a7|crit=0
L|4|MG_QT24|G200|REF|move=c9a7|score=20|mate=-|depth=26|nodes=3460603|crit=0
L|4|MG_QT24|GINF|SEL|move=c9a7|slotScore=-24|top1=-15|gap=9|rule=tier|hit=cap|slotUsed=7|seed=1602718931|probs=cap=25,mcap=100025,p=0.1,cls=normal,legal=33,accN=8,bandN=0,gaps=1:0,2:2,3:3,4:4,5:7,6:8,7:9,8:9|depth=15|nodes=580861|slots=1:-15,2:-17,3:-18,4:-19,5:-22,6:-23,7:-24,8:-24|smoves=1:g7f5,2:g5e7,3:f8f9,4:g7e6,5:e8d7,6:c9e7,7:c9a7,8:c3d3|crit=0
L|4|MG_QT24|GINF|REF|move=c9a7|score=22|mate=-|depth=27|nodes=3468714|crit=0
L|4|MG_QT24|ANCH|SEL|move=g7f5|slotScore=-14|top1=-14|gap=0|rule=anchor|hit=above|slotUsed=1|seed=2171964103|probs=cap=undefined,mcap=NaN,p=0,cls=normal,legal=33,accN=1,bandN=0,gaps=1:0|depth=30|nodes=3684346|slots=1:-14|smoves=1:g7f5|crit=0
L|4|MG_QT24|ANCH|REF|move=g7f5|score=11|mate=-|depth=28|nodes=3677369|crit=0
PROG|4|MG_QT24
L|4|MG_QT29|ANCHOR|move=a9b9|score=-12|mate=-|depth=28|nodes=3436810|crit=0
L|4|MG_QT29|CAP80|SEL|move=g7f5|slotScore=-36|top1=-14|gap=22|rule=tier|hit=cap|slotUsed=8|seed=232180946|probs=cap=80,mcap=280,p=0,cls=normal,legal=41,accN=8,bandN=0,gaps=1:0,2:1,3:3,4:7,5:8,6:10,7:21,8:22|depth=12|nodes=570016|slots=1:-14,2:-15,3:-17,4:-21,5:-22,6:-24,7:-35,8:-36|smoves=1:b6b5,2:a9b9,3:h9h6,4:d9e8,5:a9c9,6:c7b5,7:b6b3,8:g7f5|crit=0
L|4|MG_QT29|CAP80|REF|move=g7f5|score=61|mate=-|depth=24|nodes=3471745|crit=0
L|4|MG_QT29|B50|SEL|move=c7d5|slotScore=-41|top1=-16|gap=25|rule=tier|hit=bmiss|slotUsed=7|seed=3187926869|probs=cap=80,mcap=130,p=0.5,cls=normal,legal=41,accN=8,bandN=0,gaps=1:0,2:4,3:6,4:7,5:18,6:21,7:25,8:23,band=0|depth=12|nodes=495851|slots=1:-16,2:-20,3:-22,4:-23,5:-34,6:-37,7:-41,8:-39|smoves=1:b6b5,2:h9h6,3:a9b9,4:d9e8,5:a9c9,6:b6b3,7:c7d5,8:c7b5|crit=0
L|4|MG_QT29|B50|REF|move=c7d5|score=51|mate=-|depth=23|nodes=3299405|crit=0
L|4|MG_QT29|B200|SEL|move=b6b3|slotScore=-40|top1=-11|gap=29|rule=tier|hit=cap|slotUsed=8|seed=2180198894|probs=cap=80,mcap=280,p=0.5,cls=normal,legal=41,accN=8,bandN=0,gaps=1:0,2:7,3:7,4:14,5:14,6:24,7:24,8:29|depth=13|nodes=570877|slots=1:-11,2:-18,3:-18,4:-25,5:-25,6:-35,7:-35,8:-40|smoves=1:b6b5,2:a9b9,3:h9h6,4:d9e8,5:a9c9,6:c7b5,7:b6b8,8:b6b3|crit=0
L|4|MG_QT29|B200|REF|move=b6b3|score=43|mate=-|depth=22|nodes=3349376|crit=0
L|4|MG_QT29|BINF|SEL|move=c7d5|slotScore=-43|top1=-10|gap=33|rule=tier|hit=bmiss|slotUsed=8|seed=2193857307|probs=cap=80,mcap=100080,p=0.5,cls=normal,legal=41,accN=8,bandN=0,gaps=1:0,2:5,3:9,4:15,5:19,6:28,7:29,8:33,band=0|depth=13|nodes=553496|slots=1:-10,2:-15,3:-19,4:-25,5:-29,6:-38,7:-39,8:-43|smoves=1:a9b9,2:h9h6,3:b6b5,4:d9e8,5:a9c9,6:c7b5,7:f9e8,8:c7d5|crit=0
L|4|MG_QT29|BINF|REF|move=c7d5|score=31|mate=-|depth=21|nodes=3422628|crit=0
L|4|MG_QT29|G50|SEL|move=b6c6|slotScore=-35|top1=-11|gap=24|rule=tier|hit=cap|slotUsed=6|seed=89976386|probs=cap=25,mcap=75,p=0.1,cls=normal,legal=41,accN=7,bandN=1,gaps=1:0,2:1,3:2,4:4,5:19,6:24,7:15,8:32|depth=12|nodes=545330|slots=1:-11,2:-12,3:-13,4:-15,5:-30,6:-35,7:-26,8:-43|smoves=1:h9h6,2:a9b9,3:b6b5,4:d9e8,5:a9c9,6:b6c6,7:c7b5,8:c7d5|crit=0
L|4|MG_QT29|G50|REF|move=b6c6|score=27|mate=-|depth=26|nodes=3452243|crit=0
L|4|MG_QT29|G200|SEL|move=b6c6|slotScore=-33|top1=-9|gap=24|rule=tier|hit=cap|slotUsed=7|seed=371430383|probs=cap=25,mcap=225,p=0.1,cls=normal,legal=41,accN=8,bandN=0,gaps=1:0,2:2,3:5,4:10,5:11,6:21,7:24,8:24|depth=14|nodes=583405|slots=1:-9,2:-11,3:-14,4:-19,5:-20,6:-30,7:-33,8:-33|smoves=1:h9h6,2:a9b9,3:b6b5,4:d9e8,5:a9c9,6:f9e8,7:b6c6,8:c7b5|crit=0
L|4|MG_QT29|G200|REF|move=b6c6|score=22|mate=-|depth=26|nodes=3438295|crit=0
L|4|MG_QT29|GINF|SEL|move=b6c6|slotScore=-35|top1=-10|gap=25|rule=tier|hit=cap|slotUsed=8|seed=917232166|probs=cap=25,mcap=100025,p=0.1,cls=normal,legal=41,accN=8,bandN=0,gaps=1:0,2:0,3:2,4:15,5:14,6:20,7:20,8:25|depth=13|nodes=590837|slots=1:-10,2:-10,3:-12,4:-25,5:-24,6:-30,7:-30,8:-35|smoves=1:h9h6,2:a9b9,3:b6b5,4:a9c9,5:d9e8,6:c7b5,7:f9e8,8:b6c6|crit=0
L|4|MG_QT29|GINF|REF|move=b6c6|score=22|mate=-|depth=24|nodes=3556524|crit=0
L|4|MG_QT29|ANCH|SEL|move=a9b9|slotScore=-12|top1=-12|gap=0|rule=anchor|hit=above|slotUsed=1|seed=638127774|probs=cap=undefined,mcap=NaN,p=0,cls=normal,legal=41,accN=1,bandN=0,gaps=1:0|depth=28|nodes=3436810|slots=1:-12|smoves=1:a9b9|crit=0
L|4|MG_QT29|ANCH|REF|move=a9b9|score=10|mate=-|depth=26|nodes=3509993|crit=0
PROG|4|MG_QT29
L|4|MG_QT34|ANCHOR|move=d9d3|score=-6|mate=-|depth=26|nodes=3531290|crit=0
L|4|MG_QT34|CAP80|SEL|move=d9b9|slotScore=-50|top1=-7|gap=43|rule=tier|hit=cap|slotUsed=5|seed=3055095652|probs=cap=80,mcap=280,p=0,cls=normal,legal=32,accN=5,bandN=3,gaps=1:0,2:25,3:32,4:37,5:43,6:114,7:117,8:117|depth=12|nodes=591052|slots=1:-7,2:-32,3:-39,4:-44,5:-50,6:-121,7:-124,8:-124|smoves=1:d9d3,2:h9g7,3:c5c4,4:b5a5,5:d9b9,6:a6a5,7:i5h5,8:d9c9|crit=0
L|4|MG_QT34|CAP80|REF|move=d9b9|score=54|mate=-|depth=25|nodes=3831921|crit=0
L|4|MG_QT34|B50|SEL|move=e6e5|slotScore=-99|top1=-15|gap=84|rule=tier|hit=rand|slotUsed=7|seed=775374911|probs=cap=80,mcap=130,p=0.5,cls=normal,legal=32,accN=6,bandN=2,gaps=1:0,2:22,3:24,4:25,5:40,6:64,7:84,8:103,wouldBe=6,agap=84|depth=13|nodes=643480|slots=1:-15,2:-37,3:-39,4:-40,5:-55,6:-79,7:-99,8:-118|smoves=1:d9d3,2:b5a5,3:c5c4,4:h9g7,5:d9b9,6:i5h5,7:e6e5,8:d9c9|crit=0
L|4|MG_QT34|B50|REF|move=e6e5|score=139|mate=-|depth=23|nodes=3463350|crit=0
L|4|MG_QT34|B200|SEL|move=d9c9|slotScore=-103|top1=-10|gap=93|rule=tier|hit=rand|slotUsed=7|seed=1661582824|probs=cap=80,mcap=280,p=0.5,cls=normal,legal=32,accN=5,bandN=3,gaps=1:0,2:26,3:40,4:40,5:41,6:93,7:93,8:112,wouldBe=5,agap=93|depth=12|nodes=559424|slots=1:-10,2:-36,3:-50,4:-50,5:-51,6:-103,7:-103,8:-122|smoves=1:d9d3,2:h9g7,3:d9b9,4:b5a5,5:c5c4,6:i5h5,7:d9c9,8:a6a5|crit=0
L|4|MG_QT34|B200|REF|move=d9c9|score=153|mate=-|depth=23|nodes=3821736|crit=0
L|4|MG_QT34|BINF|SEL|move=b5a5|slotScore=-57|top1=-9|gap=48|rule=tier|hit=cap|slotUsed=4|seed=3972053833|probs=cap=80,mcap=100080,p=0.5,cls=normal,legal=32,accN=5,bandN=3,gaps=1:0,2:33,3:39,4:48,5:48,6:106,7:116,8:124|depth=14|nodes=607970|slots=1:-9,2:-42,3:-48,4:-57,5:-57,6:-115,7:-125,8:-133|smoves=1:d9d3,2:h9g7,3:c5c4,4:b5a5,5:d9b9,6:i5h5,7:d9c9,8:a6a5|crit=0
L|4|MG_QT34|BINF|REF|move=b5a5|score=34|mate=-|depth=25|nodes=4018988|crit=0
L|4|MG_QT34|G50|SEL|move=h9g7|slotScore=-34|top1=-11|gap=23|rule=tier|hit=cap|slotUsed=3|seed=3692335636|probs=cap=25,mcap=75,p=0.1,cls=normal,legal=32,accN=3,bandN=2,gaps=1:0,2:11,3:23,4:32,5:37,6:102,7:103,8:108|depth=13|nodes=605505|slots=1:-11,2:-22,3:-34,4:-43,5:-48,6:-113,7:-114,8:-119|smoves=1:d9d3,2:c5c4,3:h9g7,4:b5a5,5:d9b9,6:a6a5,7:i5h5,8:d9c9|crit=0
L|4|MG_QT34|G50|REF|move=h9g7|score=13|mate=-|depth=25|nodes=3703539|crit=0
L|4|MG_QT34|G200|SEL|move=h9g7|slotScore=-29|top1=-4|gap=25|rule=tier|hit=cap|slotUsed=2|seed=1971694153|probs=cap=25,mcap=225,p=0.1,cls=normal,legal=32,accN=2,bandN=6,gaps=1:0,2:25,3:34,4:45,5:49,6:106,7:107,8:115|depth=14|nodes=600734|slots=1:-4,2:-29,3:-38,4:-49,5:-53,6:-110,7:-111,8:-119|smoves=1:d9d3,2:h9g7,3:c5c4,4:d9b9,5:b5a5,6:i5h5,7:a6a5,8:e6e5|crit=0
L|4|MG_QT34|G200|REF|move=h9g7|score=15|mate=-|depth=26|nodes=3654937|crit=0
L|4|MG_QT34|GINF|SEL|move=c5c4|slotScore=-24|top1=-5|gap=19|rule=tier|hit=cap|slotUsed=2|seed=541994268|probs=cap=25,mcap=100025,p=0.1,cls=normal,legal=32,accN=3,bandN=5,gaps=1:0,2:19,3:19,4:36,5:48,6:104,7:111,8:117|depth=13|nodes=595911|slots=1:-5,2:-24,3:-24,4:-41,5:-53,6:-109,7:-116,8:-122|smoves=1:d9d3,2:c5c4,3:h9g7,4:b5a5,5:d9b9,6:i5h5,7:a6a5,8:e6e5|crit=0
L|4|MG_QT34|GINF|REF|move=c5c4|score=17|mate=-|depth=26|nodes=3562356|crit=0
L|4|MG_QT34|ANCH|SEL|move=d9d3|slotScore=-6|top1=-6|gap=0|rule=anchor|hit=above|slotUsed=1|seed=2292385208|probs=cap=undefined,mcap=NaN,p=0,cls=normal,legal=32,accN=1,bandN=0,gaps=1:0|depth=26|nodes=3531290|slots=1:-6|smoves=1:d9d3|crit=0
L|4|MG_QT34|ANCH|REF|move=d9d3|score=4|mate=-|depth=23|nodes=3336604|crit=0
PROG|4|MG_QT34
L|4|MG_QT39|ANCHOR|move=b5c5|score=0|mate=-|depth=28|nodes=3411257|crit=0
L|4|MG_QT39|CAP80|SEL|move=f5f8|slotScore=-19|top1=-2|gap=17|rule=tier|hit=cap|slotUsed=7|seed=3682441935|probs=cap=80,mcap=280,p=0,cls=normal,legal=43,accN=8,bandN=0,gaps=1:0,2:4,3:6,4:6,5:14,6:16,7:17,8:17|depth=12|nodes=569627|slots=1:-2,2:-6,3:-8,4:-8,5:-16,6:-18,7:-19,8:-19|smoves=1:b5c5,2:c7d5,3:f5f7,4:d9b9,5:a6a5,6:i6i5,7:f5f8,8:b5a5|crit=0
L|4|MG_QT39|CAP80|REF|move=f5f8|score=17|mate=-|depth=24|nodes=3501354|crit=0
L|4|MG_QT39|B50|SEL|move=f5f6|slotScore=-26|top1=0|gap=26|rule=tier|hit=bmiss|slotUsed=8|seed=706347940|probs=cap=80,mcap=130,p=0.5,cls=normal,legal=43,accN=8,bandN=0,gaps=1:0,2:5,3:10,4:13,5:14,6:18,7:22,8:26,band=0|depth=13|nodes=583966|slots=1:0,2:-5,3:-10,4:-13,5:-14,6:-18,7:-22,8:-26|smoves=1:b5c5,2:f5f7,3:d9b9,4:i6i5,5:c7d5,6:a6a5,7:f5f8,8:f5f6|crit=0
L|4|MG_QT39|B50|REF|move=f5f6|score=25|mate=-|depth=26|nodes=3671057|crit=0
L|4|MG_QT39|B200|SEL|move=f5f6|slotScore=-26|top1=0|gap=26|rule=tier|hit=cap|slotUsed=8|seed=2041169113|probs=cap=80,mcap=280,p=0.5,cls=normal,legal=43,accN=8,bandN=0,gaps=1:0,2:3,3:7,4:11,5:12,6:14,7:18,8:26|depth=13|nodes=563496|slots=1:0,2:-3,3:-7,4:-11,5:-12,6:-14,7:-18,8:-26|smoves=1:b5c5,2:d9b9,3:f5f7,4:c7d5,5:a6a5,6:i6i5,7:f5f8,8:f5f6|crit=0
L|4|MG_QT39|B200|REF|move=f5f6|score=23|mate=-|depth=26|nodes=3355454|crit=0
L|4|MG_QT39|BINF|SEL|move=f5f8|slotScore=-23|top1=0|gap=23|rule=tier|hit=cap|slotUsed=8|seed=3997264012|probs=cap=80,mcap=100080,p=0.5,cls=normal,legal=43,accN=8,bandN=0,gaps=1:0,2:1,3:3,4:7,5:11,6:15,7:21,8:23|depth=13|nodes=552550|slots=1:0,2:-1,3:-3,4:-7,5:-11,6:-15,7:-21,8:-23|smoves=1:b5c5,2:f5f7,3:d9b9,4:i6i5,5:c7d5,6:a6a5,7:f5f6,8:f5f8|crit=0
L|4|MG_QT39|BINF|REF|move=f5f8|score=16|mate=-|depth=25|nodes=3423102|crit=0
L|4|MG_QT39|G50|SEL|move=f5f6|slotScore=-22|top1=-3|gap=19|rule=tier|hit=cap|slotUsed=8|seed=4211163727|probs=cap=25,mcap=75,p=0.1,cls=normal,legal=43,accN=8,bandN=0,gaps=1:0,2:4,3:6,4:7,5:7,6:15,7:18,8:19|depth=13|nodes=555414|slots=1:-3,2:-7,3:-9,4:-10,5:-10,6:-18,7:-21,8:-22|smoves=1:b5c5,2:f5f7,3:d9b9,4:i6i5,5:c7d5,6:a6a5,7:f5f8,8:f5f6|crit=0
L|4|MG_QT39|G50|REF|move=f5f6|score=19|mate=-|depth=26|nodes=3560988|crit=0
L|4|MG_QT39|G200|SEL|move=f5f6|slotScore=-25|top1=0|gap=25|rule=tier|hit=cap|slotUsed=8|seed=4090710776|probs=cap=25,mcap=225,p=0.1,cls=normal,legal=43,accN=8,bandN=0,gaps=1:0,2:1,3:5,4:6,5:11,6:13,7:15,8:25|depth=13|nodes=551196|slots=1:0,2:-1,3:-5,4:-6,5:-11,6:-13,7:-15,8:-25|smoves=1:b5c5,2:d9b9,3:f5f7,4:c7d5,5:i6i5,6:f5f8,7:a6a5,8:f5f6|crit=0
L|4|MG_QT39|G200|REF|move=f5f6|score=20|mate=-|depth=26|nodes=3386167|crit=0
L|4|MG_QT39|GINF|SEL|move=f5f6|slotScore=-21|top1=-3|gap=18|rule=tier|hit=cap|slotUsed=8|seed=1197034873|probs=cap=25,mcap=100025,p=0.1,cls=normal,legal=43,accN=8,bandN=0,gaps=1:0,2:2,3:3,4:7,5:10,6:13,7:15,8:18|depth=13|nodes=566940|slots=1:-3,2:-5,3:-6,4:-10,5:-13,6:-16,7:-18,8:-21|smoves=1:b5c5,2:f5f7,3:d9b9,4:i6i5,5:c7d5,6:a6a5,7:f5f8,8:f5f6|crit=0
L|4|MG_QT39|GINF|REF|move=f5f6|score=25|mate=-|depth=27|nodes=3517523|crit=0
L|4|MG_QT39|ANCH|SEL|move=b5c5|slotScore=0|top1=0|gap=0|rule=anchor|hit=above|slotUsed=1|seed=2246864545|probs=cap=undefined,mcap=NaN,p=0,cls=normal,legal=43,accN=1,bandN=0,gaps=1:0|depth=28|nodes=3411257|slots=1:0|smoves=1:b5c5|crit=0
L|4|MG_QT39|ANCH|REF|move=b5c5|score=0|mate=-|depth=33|nodes=3461874|crit=0
PROG|4|MG_QT39
L|4|MG_QH01|ANCHOR|move=d0e1|score=1|mate=-|depth=24|nodes=3408109|crit=0
L|4|MG_QH01|CAP80|SEL|move=i3i4|slotScore=-23|top1=-1|gap=22|rule=tier|hit=cap|slotUsed=8|seed=786642148|probs=cap=80,mcap=280,p=0,cls=normal,legal=33,accN=8,bandN=0,gaps=1:0,2:2,3:3,4:3,5:4,6:11,7:18,8:22|depth=12|nodes=571584|slots=1:-1,2:-3,3:-4,4:-4,5:-5,6:-12,7:-19,8:-23|smoves=1:d0e1,2:b6g6,3:c0a2,4:e3e4,5:g2f4,6:c2b0,7:a0a1,8:i3i4|crit=0
L|4|MG_QH01|CAP80|REF|move=i3i4|score=19|mate=-|depth=24|nodes=3346038|crit=0
L|4|MG_QH01|B50|SEL|move=c2e1|slotScore=-18|top1=10|gap=28|rule=tier|hit=cap|slotUsed=6|seed=2873718207|probs=cap=80,mcap=130,p=0.5,cls=normal,legal=33,accN=8,bandN=0,gaps=1:0,2:8,3:11,4:14,5:19,6:28,7:2,8:6|depth=13|nodes=573612|slots=1:10,2:2,3:-1,4:-4,5:-9,6:-18,7:8,8:4|smoves=1:d0e1,2:b6g6,3:g2f4,4:c2b0,5:a0a1,6:c2e1,7:e3e4,8:c0a2|crit=0
L|4|MG_QH01|B50|REF|move=c2e1|score=20|mate=-|depth=25|nodes=3419748|crit=0
L|4|MG_QH01|B200|SEL|move=c2e1|slotScore=-20|top1=13|gap=33|rule=tier|hit=bmiss|slotUsed=8|seed=3334373992|probs=cap=80,mcap=280,p=0.5,cls=normal,legal=33,accN=8,bandN=0,gaps=1:0,2:4,3:6,4:12,5:13,6:20,7:23,8:33,band=0|depth=12|nodes=578497|slots=1:13,2:9,3:7,4:1,5:0,6:-7,7:-10,8:-20|smoves=1:e3e4,2:c0a2,3:d0e1,4:b6g6,5:g2f4,6:c2b0,7:a0a1,8:c2e1|crit=0
L|4|MG_QH01|B200|REF|move=c2e1|score=25|mate=-|depth=24|nodes=3265787|crit=0
L|4|MG_QH01|BINF|SEL|move=c2e1|slotScore=-19|top1=14|gap=33|rule=tier|hit=bmiss|slotUsed=8|seed=1350142921|probs=cap=80,mcap=100080,p=0.5,cls=normal,legal=33,accN=8,bandN=0,gaps=1:0,2:5,3:5,4:11,5:15,6:26,7:28,8:33,band=0|depth=12|nodes=572467|slots=1:14,2:9,3:9,4:3,5:-1,6:-12,7:-14,8:-19|smoves=1:e3e4,2:d0e1,3:c0a2,4:g2f4,5:b6g6,6:c2b0,7:a0a1,8:c2e1|crit=0
L|4|MG_QH01|BINF|REF|move=c2e1|score=20|mate=-|depth=25|nodes=3390799|crit=0
L|4|MG_QH01|G50|SEL|move=a0a1|slotScore=-16|top1=8|gap=24|rule=tier|hit=cap|slotUsed=7|seed=1495719828|probs=cap=25,mcap=75,p=0.1,cls=normal,legal=33,accN=8,bandN=0,gaps=1:0,2:2,3:2,4:8,5:13,6:13,7:24,8:24|depth=12|nodes=575806|slots=1:8,2:6,3:6,4:0,5:-5,6:-5,7:-16,8:-16|smoves=1:e3e4,2:d0e1,3:c0a2,4:g2f4,5:b6g6,6:c2b0,7:a0a1,8:c2e1|crit=0
L|4|MG_QH01|G50|REF|move=a0a1|score=5|mate=-|depth=27|nodes=3499286|crit=0
L|4|MG_QH01|G200|SEL|move=c2e1|slotScore=-17|top1=7|gap=24|rule=tier|hit=cap|slotUsed=8|seed=3644553929|probs=cap=25,mcap=225,p=0.1,cls=normal,legal=33,accN=8,bandN=0,gaps=1:0,2:2,3:2,4:6,5:10,6:14,7:18,8:24|depth=12|nodes=547696|slots=1:7,2:5,3:5,4:1,5:-3,6:-7,7:-11,8:-17|smoves=1:g2f4,2:d0e1,3:c0a2,4:e3e4,5:c2b0,6:b6g6,7:a0a1,8:c2e1|crit=0
L|4|MG_QH01|G200|REF|move=c2e1|score=18|mate=-|depth=25|nodes=3439732|crit=0
L|4|MG_QH01|GINF|SEL|move=c2e1|slotScore=-11|top1=11|gap=22|rule=tier|hit=cap|slotUsed=7|seed=2215116188|probs=cap=25,mcap=100025,p=0.1,cls=normal,legal=33,accN=7,bandN=1,gaps=1:0,2:2,3:7,4:9,5:17,6:18,7:22,8:31|depth=13|nodes=571501|slots=1:11,2:9,3:4,4:2,5:-6,6:-7,7:-11,8:-20|smoves=1:e3e4,2:c0a2,3:g2f4,4:d0e1,5:b6g6,6:c2b0,7:c2e1,8:a0a1|crit=0
L|4|MG_QH01|GINF|REF|move=c2e1|score=14|mate=-|depth=23|nodes=3332667|crit=0
L|4|MG_QH01|ANCH|SEL|move=d0e1|slotScore=1|top1=1|gap=0|rule=anchor|hit=above|slotUsed=1|seed=3965250104|probs=cap=undefined,mcap=NaN,p=0,cls=normal,legal=33,accN=1,bandN=0,gaps=1:0|depth=24|nodes=3408109|slots=1:1|smoves=1:d0e1|crit=0
L|4|MG_QH01|ANCH|REF|move=d0e1|score=-2|mate=-|depth=27|nodes=3502898|crit=0
PROG|4|MG_QH01
L|4|MG_QB3|ANCHOR|move=a0b0|score=335|mate=-|depth=21|nodes=3085122|crit=0
L|4|MG_QB3|CAP80|SEL|move=c4b4|slotScore=239|top1=312|gap=73|rule=tier|hit=cap|slotUsed=5|seed=2268732838|probs=cap=80,mcap=280,p=0,cls=normal,legal=39,accN=5,bandN=3,gaps=1:0,2:14,3:50,4:68,5:73,6:105,7:106,8:124|depth=11|nodes=624809|slots=1:312,2:298,3:262,4:244,5:239,6:207,7:206,8:188|smoves=1:a0b0,2:i1h1,3:c4a4,4:c4i4,5:c4b4,6:i1f1,7:d1f2,8:c4f4|crit=0
L|4|MG_QB3|CAP80|REF|move=c4b4|score=-201|mate=-|depth=19|nodes=3243293|crit=0
L|4|MG_QB3|B50|SEL|move=i1f1|slotScore=188|top1=316|gap=128|rule=tier|hit=rand|slotUsed=8|seed=3319302433|probs=cap=80,mcap=130,p=0.5,cls=normal,legal=39,accN=4,bandN=4,gaps=1:0,2:5,3:29,4:78,5:90,6:108,7:124,8:128,wouldBe=4,agap=128|depth=11|nodes=629660|slots=1:316,2:311,3:287,4:238,5:226,6:208,7:192,8:188|smoves=1:i1h1,2:a0b0,3:c4a4,4:c4i4,5:d1f2,6:c4f4,7:c4b4,8:i1f1|crit=0
L|4|MG_QB3|B50|REF|move=i1f1|score=-183|mate=-|depth=21|nodes=3496938|crit=0
L|4|MG_QB3|B200|SEL|move=c4i4|slotScore=243|top1=319|gap=76|rule=tier|hit=cap|slotUsed=4|seed=3567096010|probs=cap=80,mcap=280,p=0.5,cls=normal,legal=39,accN=4,bandN=4,gaps=1:0,2:4,3:58,4:76,5:87,6:102,7:110,8:132|depth=11|nodes=528852|slots=1:319,2:315,3:261,4:243,5:232,6:217,7:209,8:187|smoves=1:a0b0,2:i1h1,3:c4a4,4:c4i4,5:c4f4,6:c4b4,7:d1f2,8:f0e1|crit=0
L|4|MG_QB3|B200|REF|move=c4i4|score=-249|mate=-|depth=20|nodes=3102824|crit=0
L|4|MG_QB3|BINF|SEL|move=h0h1|slotScore=170|top1=311|gap=141|rule=tier|hit=rand|slotUsed=8|seed=2703348311|probs=cap=80,mcap=100080,p=0.5,cls=normal,legal=39,accN=3,bandN=5,gaps=1:0,2:2,3:45,4:87,5:88,6:91,7:99,8:141,wouldBe=3,agap=141|depth=11|nodes=521946|slots=1:311,2:309,3:266,4:224,5:223,6:220,7:212,8:170|smoves=1:a0b0,2:i1h1,3:c4a4,4:c4i4,5:c4f4,6:c4b4,7:d1f2,8:h0h1|crit=0
L|4|MG_QB3|BINF|REF|move=h0h1|score=-104|mate=-|depth=20|nodes=3411273|crit=0
L|4|MG_QB3|G50|SEL|move=a0b0|slotScore=324|top1=324|gap=0|rule=tier|hit=above|slotUsed=1|seed=3824364166|probs=cap=25,mcap=75,p=0.1,cls=normal,legal=39,accN=1,bandN=2,gaps=1:0,2:49,3:68,4:95,5:113,6:130,7:121,8:121|depth=11|nodes=608411|slots=1:324,2:275,3:256,4:229,5:211,6:194,7:203,8:203|smoves=1:a0b0,2:i1h1,3:c4a4,4:c4i4,5:c4f4,6:i1f1,7:d1f2,8:c4b4|crit=0
L|4|MG_QB3|G50|REF|move=a0b0|score=-343|mate=-|depth=21|nodes=3044195|crit=0
L|4|MG_QB3|G200|SEL|move=a0b0|slotScore=330|top1=330|gap=0|rule=tier|hit=above|slotUsed=1|seed=765945443|probs=cap=25,mcap=225,p=0.1,cls=normal,legal=39,accN=1,bandN=7,gaps=1:0,2:43,3:55,4:87,5:100,6:121,7:143,8:139|depth=11|nodes=588423|slots=1:330,2:287,3:275,4:243,5:230,6:209,7:187,8:191|smoves=1:a0b0,2:i1h1,3:c4a4,4:c4i4,5:d1f2,6:c4f4,7:c4b4,8:i1f1|crit=0
L|4|MG_QB3|G200|REF|move=a0b0|score=-357|mate=-|depth=20|nodes=3162608|crit=0
L|4|MG_QB3|GINF|SEL|move=i1h1|slotScore=296|top1=321|gap=25|rule=tier|hit=cap|slotUsed=2|seed=3083976266|probs=cap=25,mcap=100025,p=0.1,cls=normal,legal=39,accN=2,bandN=6,gaps=1:0,2:25,3:49,4:93,5:120,6:105,7:106,8:113|depth=10|nodes=604450|slots=1:321,2:296,3:272,4:228,5:201,6:216,7:215,8:208|smoves=1:a0b0,2:i1h1,3:c4a4,4:c4f4,5:i1f1,6:c4i4,7:c4b4,8:d1f2|crit=0
L|4|MG_QB3|GINF|REF|move=i1h1|score=-403|mate=-|depth=18|nodes=3551408|crit=0
L|4|MG_QB3|ANCH|SEL|move=a0b0|slotScore=335|top1=335|gap=0|rule=anchor|hit=above|slotUsed=1|seed=4123875954|probs=cap=undefined,mcap=NaN,p=0,cls=normal,legal=39,accN=1,bandN=0,gaps=1:0|depth=21|nodes=3085122|slots=1:335|smoves=1:a0b0|crit=0
L|4|MG_QB3|ANCH|REF|move=a0b0|score=-367|mate=-|depth=19|nodes=3136895|crit=0
PROG|4|MG_QB3
L|4|MG_QB9|ANCHOR|move=a6b6|score=590|mate=-|depth=20|nodes=2947588|crit=0
L|4|MG_QB9|CAP80|SEL|move=a6a8|slotScore=513|top1=586|gap=73|rule=tier|hit=cap|slotUsed=8|seed=3696599228|probs=cap=80,mcap=280,p=0,cls=normal,legal=41,accN=7,bandN=1,gaps=1:0,2:27,3:29,4:35,5:45,6:49,7:84,8:73|depth=11|nodes=454037|slots=1:586,2:559,3:557,4:551,5:541,6:537,7:502,8:513|smoves=1:a6b6,2:c6c5,3:i8d8,4:i8f8,5:e3e5,6:i7e7,7:h9g7,8:a6a8|crit=0
L|4|MG_QB9|CAP80|REF|move=a6a8|score=-569|mate=-|depth=20|nodes=2876214|crit=0
L|4|MG_QB9|B50|SEL|move=i8h8|slotScore=520|top1=573|gap=53|rule=tier|hit=bmiss|slotUsed=8|seed=174175015|probs=cap=80,mcap=130,p=0.5,cls=normal,legal=41,accN=8,bandN=0,gaps=1:0,2:2,3:7,4:17,5:31,6:36,7:40,8:53,band=0|depth=12|nodes=468800|slots=1:573,2:571,3:566,4:556,5:542,6:537,7:533,8:520|smoves=1:a6b6,2:c6c5,3:i8d8,4:e3e5,5:a6a8,6:i7e7,7:i8f8,8:i8h8|crit=0
L|4|MG_QB9|B50|REF|move=i8h8|score=-557|mate=-|depth=23|nodes=2983223|crit=0
L|4|MG_QB9|B200|SEL|move=i7e7|slotScore=525|top1=579|gap=54|rule=tier|hit=cap|slotUsed=8|seed=4010852736|probs=cap=80,mcap=280,p=0.5,cls=normal,legal=41,accN=8,bandN=0,gaps=1:0,2:1,3:17,4:18,5:24,6:47,7:49,8:54|depth=11|nodes=478973|slots=1:579,2:578,3:562,4:561,5:555,6:532,7:530,8:525|smoves=1:a6b6,2:i8d8,3:e3e5,4:c6c5,5:i8f8,6:i8h8,7:a6a8,8:i7e7|crit=0
L|4|MG_QB9|B200|REF|move=i7e7|score=-565|mate=-|depth=25|nodes=3063741|crit=0
L|4|MG_QB9|BINF|SEL|move=h9g7|slotScore=521|top1=586|gap=65|rule=tier|hit=cap|slotUsed=8|seed=2296915969|probs=cap=80,mcap=100080,p=0.5,cls=normal,legal=41,accN=8,bandN=0,gaps=1:0,2:7,3:24,4:28,5:45,6:50,7:60,8:65|depth=11|nodes=429971|slots=1:586,2:579,3:562,4:558,5:541,6:536,7:526,8:521|smoves=1:a6b6,2:c6c5,3:i8f8,4:i8d8,5:i7e7,6:e3e5,7:a6a8,8:h9g7|crit=0
L|4|MG_QB9|BINF|REF|move=h9g7|score=-554|mate=-|depth=20|nodes=3002700|crit=0
L|4|MG_QB9|G50|SEL|move=i8d8|slotScore=566|top1=584|gap=18|rule=tier|hit=cap|slotUsed=3|seed=2554320636|probs=cap=25,mcap=75,p=0.1,cls=normal,legal=41,accN=3,bandN=5,gaps=1:0,2:9,3:18,4:33,5:35,6:44,7:47,8:65|depth=11|nodes=425132|slots=1:584,2:575,3:566,4:551,5:549,6:540,7:537,8:519|smoves=1:a6b6,2:c6c5,3:i8d8,4:e3e5,5:i8f8,6:a6a8,7:i7e7,8:h9g7|crit=0
L|4|MG_QB9|G50|REF|move=i8d8|score=-604|mate=-|depth=20|nodes=2848636|crit=0
L|4|MG_QB9|G200|SEL|move=a6b6|slotScore=568|top1=586|gap=18|rule=tier|hit=cap|slotUsed=3|seed=578511713|probs=cap=25,mcap=225,p=0.1,cls=normal,legal=41,accN=3,bandN=5,gaps=1:0,2:1,3:18,4:31,5:32,6:40,7:46,8:53|depth=11|nodes=469510|slots=1:586,2:585,3:568,4:555,5:554,6:546,7:540,8:533|smoves=1:i8d8,2:c6c5,3:a6b6,4:i8f8,5:i7e7,6:e3e5,7:a6a8,8:i8h8|crit=0
L|4|MG_QB9|G200|REF|move=a6b6|score=-587|mate=-|depth=23|nodes=2787414|crit=0
L|4|MG_QB9|GINF|SEL|move=i8d8|slotScore=567|top1=584|gap=17|rule=tier|hit=cap|slotUsed=2|seed=2072754868|probs=cap=25,mcap=100025,p=0.1,cls=normal,legal=41,accN=3,bandN=5,gaps=1:0,2:17,3:49,4:9,5:26,6:29,7:39,8:56|depth=12|nodes=475670|slots=1:584,2:567,3:535,4:575,5:558,6:555,7:545,8:528|smoves=1:a6b6,2:i8d8,3:i8h8,4:c6c5,5:i7e7,6:e3e5,7:i8f8,8:a6a8|crit=0
L|4|MG_QB9|GINF|REF|move=i8d8|score=-589|mate=-|depth=25|nodes=2864205|crit=0
L|4|MG_QB9|ANCH|SEL|move=a6b6|slotScore=590|top1=590|gap=0|rule=anchor|hit=above|slotUsed=1|seed=4088899728|probs=cap=undefined,mcap=NaN,p=0,cls=normal,legal=41,accN=1,bandN=0,gaps=1:0|depth=20|nodes=2947588|slots=1:590|smoves=1:a6b6|crit=0
L|4|MG_QB9|ANCH|REF|move=a6b6|score=-586|mate=-|depth=22|nodes=2880090|crit=0
PROG|4|MG_QB9
DRV DONE positions=17 round=4
