DRV: not isolated, registering SW (try 0)
DRV: not isolated, registering SW (try 1)
DRV: isolated ok, task=task_tier_smoke.json
DRV: engine ready
L|9|OP00|ANCHOR|move=g3g4|score=26|mate=-|depth=24|nodes=2898242|crit=0
L|9|OP00|CAP0|SEL|move=c3c4|slotScore=26|top1=26|gap=0|rule=tier|hit=above|slotUsed=1|seed=3198642556|probs=cap=0,mcap=200,p=0,cls=opening,legal=44,accN=2,bandN=6,gaps=1:0,2:1,3:0,4:3,5:9,6:10,7:13,8:14|depth=14|nodes=575047|slots=1:26,2:25,3:27,4:23,5:17,6:16,7:13,8:12|smoves=1:c3c4,2:g3g4,3:b2e2,4:h2e2,5:h2f2,6:b0c2,7:h0g2,8:c0e2|crit=0
L|9|OP00|CAP0|REF|move=c3c4|score=-15|mate=-|depth=23|nodes=3493833|crit=0
L|9|OP00|CAP25|SEL|move=b0c2|slotScore=18|top1=28|gap=10|rule=tier|hit=cap|slotUsed=8|seed=483132871|probs=cap=25,mcap=225,p=0,cls=opening,legal=44,accN=8,bandN=0,gaps=1:0,2:2,3:3,4:5,5:6,6:8,7:8,8:10|depth=14|nodes=559887|slots=1:28,2:26,3:25,4:23,5:22,6:20,7:20,8:18|smoves=1:g3g4,2:c3c4,3:h0g2,4:h2e2,5:b2e2,6:b2d2,7:h2f2,8:b0c2|crit=0
L|9|OP00|CAP25|REF|move=b0c2|score=-11|mate=-|depth=24|nodes=3325178|crit=0
L|9|OP00|CAP50|SEL|move=g0e2|slotScore=14|top1=28|gap=14|rule=tier|hit=cap|slotUsed=8|seed=2949098603|probs=cap=50,mcap=250,p=0,cls=opening,legal=44,accN=8,bandN=0,gaps=1:0,2:3,3:3,4:6,5:9,6:9,7:10,8:14|depth=13|nodes=543056|slots=1:28,2:25,3:25,4:22,5:19,6:19,7:18,8:14|smoves=1:h2e2,2:c3c4,3:g3g4,4:b2e2,5:h2f2,6:b2d2,7:h0g2,8:g0e2|crit=0
L|9|OP00|CAP50|REF|move=g0e2|score=-17|mate=-|depth=24|nodes=3393794|crit=0
L|9|OP00|CAP80|SEL|move=b2d2|slotScore=13|top1=27|gap=14|rule=tier|hit=cap|slotUsed=8|seed=499061454|probs=cap=80,mcap=280,p=0,cls=opening,legal=44,accN=8,bandN=0,gaps=1:0,2:0,3:2,4:4,5:6,6:8,7:12,8:14|depth=13|nodes=532984|slots=1:27,2:29,3:25,4:23,5:21,6:19,7:15,8:13|smoves=1:c3c4,2:g3g4,3:h2e2,4:b2e2,5:h0g2,6:h2f2,7:b2f2,8:b2d2|crit=0
L|9|OP00|CAP80|REF|move=b2d2|score=-6|mate=-|depth=25|nodes=3210201|crit=0
L|9|OP00|CAP150|SEL|move=b2f2|slotScore=12|top1=29|gap=17|rule=tier|hit=cap|slotUsed=8|seed=139856262|probs=cap=150,mcap=350,p=0,cls=opening,legal=44,accN=8,bandN=0,gaps=1:0,2:5,3:4,4:6,5:7,6:10,7:13,8:17|depth=14|nodes=583657|slots=1:29,2:24,3:25,4:23,5:22,6:19,7:16,8:12|smoves=1:c3c4,2:b2e2,3:g3g4,4:h0g2,5:h2e2,6:h2f2,7:h2d2,8:b2f2|crit=0
L|9|OP00|CAP150|REF|move=b2f2|score=-9|mate=-|depth=25|nodes=3343748|crit=0
L|9|OP00|P10|SEL|move=h2d2|slotScore=15|top1=32|gap=17|rule=tier|hit=cap|slotUsed=8|seed=1672975267|probs=cap=80,mcap=280,p=0.1,cls=opening,legal=44,accN=8,bandN=0,gaps=1:0,2:6,3:7,4:8,5:15,6:16,7:16,8:17|depth=14|nodes=555803|slots=1:32,2:26,3:25,4:24,5:17,6:16,7:16,8:15|smoves=1:h2e2,2:b2e2,3:g3g4,4:c3c4,5:h2f2,6:g0e2,7:b0c2,8:h2d2|crit=0
L|9|OP00|P10|REF|move=h2d2|score=-4|mate=-|depth=24|nodes=3257973|crit=0
L|9|OP00|P25|SEL|move=h2f2|slotScore=12|top1=30|gap=18|rule=tier|hit=cap|slotUsed=8|seed=1622300371|probs=cap=80,mcap=280,p=0.25,cls=opening,legal=44,accN=8,bandN=0,gaps=1:0,2:2,3:6,4:7,5:10,6:14,7:17,8:18|depth=14|nodes=516551|slots=1:30,2:28,3:24,4:23,5:20,6:16,7:13,8:12|smoves=1:b2e2,2:g3g4,3:c3c4,4:h2e2,5:g0e2,6:h0g2,7:b0c2,8:h2f2|crit=0
L|9|OP00|P25|REF|move=h2f2|score=-4|mate=-|depth=25|nodes=3283527|crit=0
L|9|OP00|P50|SEL|move=b2a2|slotScore=6|top1=27|gap=21|rule=tier|hit=bmiss|slotUsed=8|seed=3686685543|probs=cap=80,mcap=280,p=0.5,cls=opening,legal=44,accN=8,bandN=0,gaps=1:0,2:3,3:5,4:7,5:8,6:12,7:14,8:21,band=0|depth=13|nodes=562445|slots=1:27,2:24,3:22,4:20,5:19,6:15,7:13,8:6|smoves=1:g3g4,2:b2e2,3:c3c4,4:h0g2,5:h2e2,6:b0c2,7:g0e2,8:b2a2|crit=0
L|9|OP00|P50|REF|move=b2a2|score=0|mate=-|depth=24|nodes=3048450|crit=0
L|9|OP00|G10|SEL|move=h2i2|slotScore=13|top1=32|gap=19|rule=tier|hit=cap|slotUsed=6|seed=1503107514|probs=cap=25,mcap=225,p=0.1,cls=opening,legal=44,accN=8,bandN=0,gaps=1:0,2:1,3:7,4:7,5:15,6:19,7:16,8:17|depth=14|nodes=558789|slots=1:32,2:31,3:25,4:25,5:17,6:13,7:16,8:15|smoves=1:g3g4,2:b2e2,3:c3c4,4:h2e2,5:h0g2,6:h2i2,7:b0c2,8:g0e2|crit=0
L|9|OP00|G10|REF|move=h2i2|score=-1|mate=-|depth=24|nodes=3113307|crit=0
L|9|OP00|HRD|SEL|move=c0e2|slotScore=12|top1=29|gap=17|rule=tier|hit=bmiss|slotUsed=5|seed=943954140|probs=cap=80,mcap=280,p=0.25,cls=opening,legal=44,accN=8,bandN=0,gaps=1:0,2:2,3:13,4:15,5:17,6:1,7:3,8:5,band=0|depth=13|nodes=541562|slots=1:29,2:27,3:16,4:14,5:12,6:28,7:26,8:24|smoves=1:h2e2,2:g3g4,3:h2f2,4:g0e2,5:c0e2,6:b2e2,7:c3c4,8:h0g2|crit=0
L|9|OP00|HRD|REF|move=c0e2|score=-18|mate=-|depth=23|nodes=3373930|crit=0
L|9|OP00|MT150|SEL|move=h0g2|slotScore=13|top1=31|gap=18|rule=tier|hit=cap|slotUsed=8|seed=3515138039|probs=cap=80,mcap=280,p=0,cls=opening,legal=44,accN=8,bandN=0,gaps=1:0,2:1,3:3,4:3,5:10,6:14,7:15,8:18|depth=12|nodes=294745|slots=1:31,2:30,3:28,4:28,5:21,6:17,7:16,8:13|smoves=1:h2e2,2:b2e2,3:g3g4,4:c3c4,5:b0c2,6:h2f2,7:b2d2,8:h0g2|crit=0
L|9|OP00|MT150|REF|move=h0g2|score=-5|mate=-|depth=22|nodes=3190153|crit=0
L|9|OP00|ANCH|SEL|move=g3g4|slotScore=26|top1=26|gap=0|rule=anchor|hit=above|slotUsed=1|seed=2989187400|probs=cap=undefined,mcap=NaN,p=0,cls=opening,legal=44,accN=1,bandN=0,gaps=1:0|depth=24|nodes=2898242|slots=1:26|smoves=1:g3g4|crit=0
L|9|OP00|ANCH|REF|move=g3g4|score=-20|mate=-|depth=22|nodes=3522816|crit=0
PROG|9|OP00
L|9|MG_QT01|ANCHOR|move=c7b9|score=-36|mate=-|depth=26|nodes=3608542|crit=0
L|9|MG_QT01|CAP0|SEL|move=c7b9|slotScore=-32|top1=-32|gap=0|rule=tier|hit=above|slotUsed=1|seed=1605280448|probs=cap=0,mcap=200,p=0,cls=hard,legal=30,accN=1,bandN=0,gaps=1:0,2:573,3:576,4:585,5:589,6:592,7:596,8:589|depth=14|nodes=564880|slots=1:-32,2:-605,3:-608,4:-617,5:-621,6:-624,7:-628,8:-621|smoves=1:c7b9,2:f9e8,3:h9g7,4:c6c5,5:a6a5,6:d9e8,7:h9f8,8:i6i5|crit=0
L|9|MG_QT01|CAP0|REF|move=c7b9|score=33|mate=-|depth=25|nodes=3538734|crit=0
L|9|MG_QT01|CAP25|SEL|move=c7b9|slotScore=-28|top1=-28|gap=0|rule=tier|hit=above|slotUsed=1|seed=3906845803|probs=cap=25,mcap=225,p=0,cls=hard,legal=30,accN=1,bandN=0,gaps=1:0,2:570,3:571,4:582,5:594,6:597,7:598,8:597|depth=15|nodes=556656|slots=1:-28,2:-598,3:-599,4:-610,5:-622,6:-625,7:-626,8:-625|smoves=1:c7b9,2:f9e8,3:c6c5,4:h9g7,5:i6i5,6:h9i7,7:d9e8,8:a6a5|crit=0
L|9|MG_QT01|CAP25|REF|move=c7b9|score=31|mate=-|depth=25|nodes=3454503|crit=0
L|9|MG_QT01|CAP50|SEL|move=c7b9|slotScore=-33|top1=-33|gap=0|rule=tier|hit=above|slotUsed=1|seed=1676248831|probs=cap=50,mcap=250,p=0,cls=hard,legal=30,accN=1,bandN=0,gaps=1:0,2:562,3:572,4:576,5:586,6:587,7:587,8:589|depth=14|nodes=524598|slots=1:-33,2:-595,3:-605,4:-609,5:-619,6:-620,7:-620,8:-622|smoves=1:c7b9,2:c6c5,3:f9e8,4:h9g7,5:d9e8,6:g5g4,7:h9i7,8:a6a5|crit=0
L|9|MG_QT01|CAP50|REF|move=c7b9|score=38|mate=-|depth=27|nodes=3497755|crit=0
L|9|MG_QT01|CAP80|SEL|move=c7b9|slotScore=-34|top1=-34|gap=0|rule=tier|hit=above|slotUsed=1|seed=3788281562|probs=cap=80,mcap=280,p=0,cls=hard,legal=30,accN=1,bandN=0,gaps=1:0,2:572,3:572,4:572,5:580,6:587,7:584,8:587|depth=14|nodes=531149|slots=1:-34,2:-606,3:-606,4:-606,5:-614,6:-621,7:-618,8:-621|smoves=1:c7b9,2:f9e8,3:c6c5,4:h9g7,5:i6i5,6:h9i7,7:d9e8,8:g5g4|crit=0
L|9|MG_QT01|CAP80|REF|move=c7b9|score=34|mate=-|depth=27|nodes=3484412|crit=0
L|9|MG_QT01|CAP150|SEL|move=c7b9|slotScore=-34|top1=-34|gap=0|rule=tier|hit=above|slotUsed=1|seed=2266010914|probs=cap=150,mcap=350,p=0,cls=hard,legal=30,accN=1,bandN=0,gaps=1:0,2:564,3:574,4:581,5:583,6:585,7:585,8:588|depth=15|nodes=531074|slots=1:-34,2:-598,3:-608,4:-615,5:-617,6:-619,7:-619,8:-622|smoves=1:c7b9,2:c6c5,3:f9e8,4:i6i5,5:h9g7,6:d9e8,7:h9f8,8:h9i7|crit=0
L|9|MG_QT01|CAP150|REF|move=c7b9|score=33|mate=-|depth=27|nodes=3496453|crit=0
L|9|MG_QT01|P10|SEL|move=c7b9|slotScore=-35|top1=-35|gap=0|rule=tier|hit=above|slotUsed=1|seed=2311706159|probs=cap=80,mcap=280,p=0.1,cls=hard,legal=30,accN=1,bandN=0,gaps=1:0,2:544,3:564,4:569,5:579,6:581,7:585,8:586|depth=14|nodes=539641|slots=1:-35,2:-579,3:-599,4:-604,5:-614,6:-616,7:-620,8:-621|smoves=1:c7b9,2:c6c5,3:f9e8,4:h9g7,5:i6i5,6:d9e8,7:a6a5,8:h9i7|crit=0
L|9|MG_QT01|P10|REF|move=c7b9|score=37|mate=-|depth=28|nodes=3633546|crit=0
L|9|MG_QT01|P25|SEL|move=c7b9|slotScore=-36|top1=-36|gap=0|rule=tier|hit=above|slotUsed=1|seed=2126800583|probs=cap=80,mcap=280,p=0.25,cls=hard,legal=30,accN=1,bandN=0,gaps=1:0,2:512,3:571,4:574,5:578,6:578,7:581,8:591|depth=17|nodes=569377|slots=1:-36,2:-548,3:-607,4:-610,5:-614,6:-614,7:-617,8:-627|smoves=1:c7b9,2:f9e8,3:c6c5,4:i6i5,5:g5g4,6:h9g7,7:d9e8,8:h9i7|crit=0
L|9|MG_QT01|P25|REF|move=c7b9|score=36|mate=-|depth=25|nodes=3548845|crit=0
L|9|MG_QT01|P50|SEL|move=c7b9|slotScore=-37|top1=-37|gap=0|rule=tier|hit=bmiss|slotUsed=1|seed=297732459|probs=cap=80,mcap=280,p=0.5,cls=hard,legal=30,accN=1,bandN=0,gaps=1:0,2:520,3:569,4:575,5:578,6:580,7:580,8:588,band=0|depth=15|nodes=536788|slots=1:-37,2:-557,3:-606,4:-612,5:-615,6:-617,7:-617,8:-625|smoves=1:c7b9,2:c6c5,3:f9e8,4:h9g7,5:i6i5,6:h9i7,7:d9e8,8:a6a5|crit=0
L|9|MG_QT01|P50|REF|move=c7b9|score=40|mate=-|depth=26|nodes=3486559|crit=0
L|9|MG_QT01|G10|SEL|move=c7b9|slotScore=-38|top1=-38|gap=0|rule=tier|hit=above|slotUsed=1|seed=126207566|probs=cap=25,mcap=225,p=0.1,cls=hard,legal=30,accN=1,bandN=0,gaps=1:0,2:558,3:573,4:573,5:575,6:579,7:579,8:581|depth=14|nodes=535895|slots=1:-38,2:-596,3:-611,4:-611,5:-613,6:-617,7:-617,8:-619|smoves=1:c7b9,2:c6c5,3:f9e8,4:i6i5,5:h9i7,6:h9g7,7:d9e8,8:g5g4|crit=0
L|9|MG_QT01|G10|REF|move=c7b9|score=34|mate=-|depth=25|nodes=3523487|crit=0
L|9|MG_QT01|HRD|SEL|move=c7b9|slotScore=-38|top1=-38|gap=0|rule=tier|hit=above|slotUsed=1|seed=369372336|probs=cap=0,mcap=700,p=0.25,cls=hard,legal=30,accN=1,bandN=7,gaps=1:0,2:510,3:560,4:571,5:577,6:577,7:584,8:586|depth=15|nodes=558257|slots=1:-38,2:-548,3:-598,4:-609,5:-615,6:-615,7:-622,8:-624|smoves=1:c7b9,2:h9g7,3:c6c5,4:f9e8,5:i6i5,6:h9i7,7:g5g4,8:d9e8|crit=0
L|9|MG_QT01|HRD|REF|move=c7b9|score=34|mate=-|depth=27|nodes=3574763|crit=0
L|9|MG_QT01|MT150|SEL|move=c7b9|slotScore=-31|top1=-31|gap=0|rule=tier|hit=above|slotUsed=1|seed=3009887563|probs=cap=80,mcap=280,p=0,cls=hard,legal=30,accN=1,bandN=0,gaps=1:0,2:567,3:574,4:567,5:583,6:585,7:585,8:588|depth=13|nodes=304657|slots=1:-31,2:-598,3:-605,4:-598,5:-614,6:-616,7:-616,8:-619|smoves=1:c7b9,2:c6c5,3:f9e8,4:i6i5,5:h9i7,6:h9f8,7:h9g7,8:d9e8|crit=0
L|9|MG_QT01|MT150|REF|move=c7b9|score=31|mate=-|depth=27|nodes=3504469|crit=0
L|9|MG_QT01|ANCH|SEL|move=c7b9|slotScore=-36|top1=-36|gap=0|rule=anchor|hit=above|slotUsed=1|seed=460825828|probs=cap=undefined,mcap=NaN,p=0,cls=normal,legal=30,accN=1,bandN=0,gaps=1:0|depth=26|nodes=3608542|slots=1:-36|smoves=1:c7b9|crit=0
L|9|MG_QT01|ANCH|REF|move=c7b9|score=35|mate=-|depth=26|nodes=3394311|crit=0
PROG|9|MG_QT01
L|9|MG_QB3|ANCHOR|move=a0b0|score=335|mate=-|depth=20|nodes=3245932|crit=0
L|9|MG_QB3|CAP0|SEL|move=a0b0|slotScore=334|top1=334|gap=0|rule=tier|hit=above|slotUsed=1|seed=2286918272|probs=cap=0,mcap=200,p=0,cls=normal,legal=39,accN=1,bandN=7,gaps=1:0,2:70,3:70,4:108,5:110,6:132,7:136,8:116|depth=11|nodes=560020|slots=1:334,2:264,3:264,4:226,5:224,6:202,7:198,8:218|smoves=1:a0b0,2:i1h1,3:c4a4,4:c4b4,5:c4i4,6:i1f1,7:d1f2,8:c4f4|crit=0
L|9|MG_QB3|CAP0|REF|move=a0b0|score=-347|mate=-|depth=19|nodes=3092484|crit=0
L|9|MG_QB3|CAP25|SEL|move=a0b0|slotScore=325|top1=325|gap=0|rule=tier|hit=above|slotUsed=1|seed=449888427|probs=cap=25,mcap=225,p=0,cls=normal,legal=39,accN=1,bandN=7,gaps=1:0,2:28,3:64,4:85,5:95,6:98,7:124,8:136|depth=10|nodes=609056|slots=1:325,2:297,3:261,4:240,5:230,6:227,7:201,8:189|smoves=1:a0b0,2:i1h1,3:c4a4,4:c4i4,5:c4b4,6:d1f2,7:c4f4,8:f0e1|crit=0
L|9|MG_QB3|CAP25|REF|move=a0b0|score=-341|mate=-|depth=21|nodes=3091198|crit=0
L|9|MG_QB3|CAP50|SEL|move=c4a4|slotScore=281|top1=331|gap=50|rule=tier|hit=cap|slotUsed=3|seed=2514273599|probs=cap=50,mcap=250,p=0,cls=normal,legal=39,accN=3,bandN=5,gaps=1:0,2:18,3:50,4:84,5:93,6:130,7:135,8:144|depth=11|nodes=583851|slots=1:331,2:313,3:281,4:247,5:238,6:201,7:196,8:187|smoves=1:a0b0,2:i1h1,3:c4a4,4:c4i4,5:c4b4,6:c4f4,7:d1f2,8:i1f1|crit=0
L|9|MG_QB3|CAP50|REF|move=c4a4|score=-233|mate=-|depth=19|nodes=3312017|crit=0
L|9|MG_QB3|CAP80|SEL|move=i1h1|slotScore=249|top1=325|gap=76|rule=tier|hit=cap|slotUsed=3|seed=331601178|probs=cap=80,mcap=280,p=0,cls=normal,legal=39,accN=3,bandN=5,gaps=1:0,2:47,3:76,4:90,5:95,6:128,7:140,8:161|depth=9|nodes=585436|slots=1:325,2:278,3:249,4:235,5:230,6:197,7:185,8:164|smoves=1:a0b0,2:c4a4,3:i1h1,4:c4i4,5:c4f4,6:d1f2,7:i1f1,8:d1b2|crit=0
L|9|MG_QB3|CAP80|REF|move=i1h1|score=-396|mate=-|depth=19|nodes=3694495|crit=0
L|9|MG_QB3|CAP150|SEL|move=d1f2|slotScore=191|top1=330|gap=139|rule=tier|hit=cap|slotUsed=8|seed=3961403362|probs=cap=150,mcap=350,p=0,cls=normal,legal=39,accN=8,bandN=0,gaps=1:0,2:9,3:53,4:70,5:96,6:108,7:126,8:139|depth=10|nodes=582260|slots=1:330,2:321,3:277,4:260,5:234,6:222,7:204,8:191|smoves=1:i1h1,2:a0b0,3:c4a4,4:c4i4,5:c4b4,6:c4f4,7:h0h1,8:d1f2|crit=0
L|9|MG_QB3|CAP150|REF|move=d1f2|score=-168|mate=-|depth=19|nodes=3610288|crit=0
L|9|MG_QB3|P10|SEL|move=c4a4|slotScore=264|top1=323|gap=59|rule=tier|hit=cap|slotUsed=3|seed=391735407|probs=cap=80,mcap=280,p=0.1,cls=normal,legal=39,accN=3,bandN=5,gaps=1:0,2:25,3:59,4:95,5:109,6:140,7:144,8:149|depth=11|nodes=605777|slots=1:323,2:298,3:264,4:228,5:214,6:183,7:179,8:174|smoves=1:a0b0,2:i1h1,3:c4a4,4:c4i4,5:c4b4,6:i1f1,7:d1f2,8:c4f4|crit=0
L|9|MG_QB3|P10|REF|move=c4a4|score=-303|mate=-|depth=19|nodes=3109298|crit=0
L|9|MG_QB3|P25|SEL|move=c4a4|slotScore=282|top1=315|gap=33|rule=tier|hit=cap|slotUsed=3|seed=207042567|probs=cap=80,mcap=280,p=0.25,cls=normal,legal=39,accN=3,bandN=5,gaps=1:0,2:31,3:33,4:81,5:92,6:81,7:118,8:127|depth=10|nodes=596250|slots=1:315,2:284,3:282,4:234,5:223,6:234,7:197,8:188|smoves=1:a0b0,2:i1h1,3:c4a4,4:c4i4,5:c4b4,6:d1f2,7:c4f4,8:i1f1|crit=0
L|9|MG_QB3|P25|REF|move=c4a4|score=-302|mate=-|depth=18|nodes=3308705|crit=0
L|9|MG_QB3|P50|SEL|move=c4i4|slotScore=247|top1=323|gap=76|rule=tier|hit=cap|slotUsed=4|seed=2672730283|probs=cap=80,mcap=280,p=0.5,cls=normal,legal=39,accN=4,bandN=4,gaps=1:0,2:48,3:51,4:76,5:114,6:117,7:120,8:128|depth=11|nodes=591015|slots=1:323,2:275,3:272,4:247,5:209,6:206,7:203,8:195|smoves=1:a0b0,2:i1h1,3:c4a4,4:c4i4,5:c4f4,6:a2c0,7:c4b4,8:d1f2|crit=0
L|9|MG_QB3|P50|REF|move=c4i4|score=-223|mate=-|depth=19|nodes=3355424|crit=0
L|9|MG_QB3|G10|SEL|move=i1h1|slotScore=295|top1=320|gap=25|rule=tier|hit=cap|slotUsed=2|seed=2501155214|probs=cap=25,mcap=225,p=0.1,cls=normal,legal=39,accN=2,bandN=6,gaps=1:0,2:25,3:52,4:110,5:113,6:114,7:115,8:139|depth=11|nodes=576049|slots=1:320,2:295,3:268,4:210,5:207,6:206,7:205,8:181|smoves=1:a0b0,2:i1h1,3:c4a4,4:c4i4,5:c4b4,6:d1f2,7:c4f4,8:i1f1|crit=0
L|9|MG_QB3|G10|REF|move=i1h1|score=-398|mate=-|depth=20|nodes=3509583|crit=0
L|9|MG_QB3|HRD|SEL|move=c4a4|slotScore=289|top1=319|gap=30|rule=tier|hit=cap|slotUsed=3|seed=576307440|probs=cap=80,mcap=280,p=0.25,cls=normal,legal=39,accN=3,bandN=5,gaps=1:0,2:1,3:30,4:90,5:98,6:114,7:129,8:130|depth=10|nodes=629381|slots=1:319,2:318,3:289,4:229,5:221,6:205,7:190,8:189|smoves=1:i1h1,2:a0b0,3:c4a4,4:c4f4,5:c4b4,6:d1f2,7:c4i4,8:h0h1|crit=0
L|9|MG_QB3|HRD|REF|move=c4a4|score=-312|mate=-|depth=18|nodes=3264853|crit=0
L|9|MG_QB3|MT150|SEL|move=c4i4|slotScore=222|top1=299|gap=77|rule=tier|hit=cap|slotUsed=4|seed=2655048971|probs=cap=80,mcap=280,p=0,cls=normal,legal=39,accN=4,bandN=4,gaps=1:0,2:11,3:32,4:77,5:86,6:100,7:112,8:83|depth=9|nodes=298294|slots=1:299,2:288,3:267,4:222,5:213,6:199,7:187,8:216|smoves=1:a0b0,2:c4a4,3:i1h1,4:c4i4,5:c4f4,6:d1f2,7:i1f1,8:c4d4|crit=0
L|9|MG_QB3|MT150|REF|move=c4i4|score=-197|mate=-|depth=20|nodes=3480633|crit=0
L|9|MG_QB3|ANCH|SEL|move=a0b0|slotScore=335|top1=335|gap=0|rule=anchor|hit=above|slotUsed=1|seed=2823587620|probs=cap=undefined,mcap=NaN,p=0,cls=normal,legal=39,accN=1,bandN=0,gaps=1:0|depth=20|nodes=3245932|slots=1:335|smoves=1:a0b0|crit=0
L|9|MG_QB3|ANCH|REF|move=a0b0|score=-330|mate=-|depth=20|nodes=3006102|crit=0
PROG|9|MG_QB3
DRV DONE positions=3 round=9
