rm: cannot remove 'C:/Users/35165/AppData/Local/hermes/cache/scratch/chrome-ui/Default/Local Storage/leveldb/000003.log': Device or resource busy
rm: cannot remove 'C:/Users/35165/AppData/Local/hermes/cache/scratch/chrome-ui/Default/Local Storage/leveldb/LOG': Device or resource busy
rm: cannot remove 'C:/Users/35165/AppData/Local/hermes/cache/scratch/chrome-ui/Default/Local Storage/leveldb/MANIFEST-000001': Device or resource busy
rm: cannot remove 'C:/Users/35165/AppData/Local/hermes/cache/scratch/chrome-ui/Default/Session Storage/000003.log': Device or resource busy
rm: cannot remove 'C:/Users/35165/AppData/Local/hermes/cache/scratch/chrome-ui/Default/Session Storage/LOG': Device or resource busy
rm: cannot remove 'C:/Users/35165/AppData/Local/hermes/cache/scratch/chrome-ui/Default/Session Storage/MANIFEST-000001': Device or resource busy
rm: cannot remove 'C:/Users/35165/AppData/Local/hermes/cache/scratch/chrome-ui/Default/Storage/ext/nmmhkkegccagdldgiimedpiccmgmieda/def/Local Storage/leveldb/000003.log': Device or resource busy
rm: cannot remove 'C:/Users/35165/AppData/Local/hermes/cache/scratch/chrome-ui/Default/Storage/ext/nmmhkkegccagdldgiimedpiccmgmieda/def/Local Storage/leveldb/LOG': Device or resource busy
rm: cannot remove 'C:/Users/35165/AppData/Local/hermes/cache/scratch/chrome-ui/Default/Storage/ext/nmmhkkegccagdldgiimedpiccmgmieda/def/Local Storage/leveldb/MANIFEST-000001': Device or resource busy
rm: cannot remove 'C:/Users/35165/AppData/Local/hermes/cache/scratch/chrome-ui/Default/Storage/ext/nmmhkkegccagdldgiimedpiccmgmieda/def/Session Storage/000003.log': Device or resource busy
rm: cannot remove 'C:/Users/35165/AppData/Local/hermes/cache/scratch/chrome-ui/Default/Storage/ext/nmmhkkegccagdldgiimedpiccmgmieda/def/Session Storage/LOG': Device or resource busy
rm: cannot remove 'C:/Users/35165/AppData/Local/hermes/cache/scratch/chrome-ui/Default/Storage/ext/nmmhkkegccagdldgiimedpiccmgmieda/def/Session Storage/MANIFEST-000001': Device or resource busy
rm: cannot remove 'C:/Users/35165/AppData/Local/hermes/cache/scratch/chrome-ui/optimization_guide_model_store/25/63922A0C010C80A5/A22FB81F950F3331/visual_model_desktop.tflite': Device or resource busy
rm: cannot remove 'C:/Users/35165/AppData/Local/hermes/cache/scratch/chrome-ui/optimization_guide_model_store/25/63922A0C010C80A5/E1C453AFE9CB25E9/visual_model_desktop.tflite': Device or resource busy
boot: {"coi":true,"url":"http://127.0.0.1:9351/index.html"}
.. done

=== PROBE RESULT (15s) ===
{
 "coi": true,
 "engineReadyBefore": false,
 "firstLoadMs": 600,
 "firstLoadOk": true,
 "env": {
  "type": "ENV",
  "coi": true,
  "sab": true,
  "threads": 4
 },
 "jsHeapMB": 3,
 "rows": [
  {
   "level": 1,
   "name": "业余",
   "human": [
    "仕六进五",
    "炮二平五",
    "仕五进六",
    "马八进九"
   ],
   "ai": [
    "砲8平9",
    "象7进5",
    "砲2平4",
    "士4进5"
   ],
   "src": [
    "engine",
    "engine",
    "engine",
    "engine"
   ],
   "waitedMs": 1600,
   "plies": 8,
   "over": false,
   "engineReady": true,
   "engineEnv": {
    "type": "ENV",
    "coi": true,
    "sab": true,
    "threads": 4
   },
   "engineLastError": null,
   "engineInfo": {
    "depth": 14,
    "score": "13cp",
    "nodes": 623693
   },
   "tierParams": {
    "cap": 80,
    "p": 0.5,
    "band": 200,
    "mpv": 8,
    "ms": 300,
    "hash": 64
   }
  },
  {
   "level": 2,
   "name": "进阶",
   "human": [
    "炮二平六",
    "炮六进三",
    "炮六退四",
    "炮八平四"
   ],
   "ai": [
    "砲8平9",
    "砲2平1",
    "象3进5",
    "士4进5"
   ],
   "src": [
    "engine",
    "engine",
    "engine",
    "engine"
   ],
   "waitedMs": 1600,
   "plies": 8,
   "over": false,
   "engineReady": true,
   "engineEnv": {
    "type": "ENV",
    "coi": true,
    "sab": true,
    "threads": 4
   },
   "engineLastError": null,
   "engineInfo": {
    "depth": 15,
    "score": "2cp",
    "nodes": 640036
   },
   "tierParams": {
    "cap": 80,
    "p": 0,
    "band": 200,
    "mpv": 8,
    "ms": 300,
    "hash": 64
   }
  },
  {
   "level": 3,
   "name": "高手",
   "human": [
    "炮八平四",
    "相三进一",
    "相一进三",
    "炮四进五"
   ],
   "ai": [
    "马2进3",
    "砲2进4",
    "砲2平5",
    "士6进5"
   ],
   "src": [
    "book",
    "engine",
    "engine",
    "engine"
   ],
   "waitedMs": 1400,
   "plies": 8,
   "over": false,
   "engineReady": true,
   "engineEnv": {
    "type": "ENV",
    "coi": true,
    "sab": true,
    "threads": 4
   },
   "engineLastError": null,
   "engineInfo": {
    "depth": 13,
    "score": "440cp",
    "nodes": 483468
   },
   "tierParams": {
    "cap": 25,
    "p": 0.1,
    "band": 200,
    "mpv": 8,
    "ms": 300,
    "hash": 64
   }
  },
  {
   "level": 4,
   "name": "大师",
   "human": [
    "相七进五",
    "炮二平三",
    "炮八退一",
    "炮八进一"
   ],
   "ai": [
    "砲2平5",
    "马8进9",
    "马2进3",
    "卒9进1"
   ],
   "src": [
    "engine",
    "engine",
    "engine",
    "engine"
   ],
   "waitedMs": 8800,
   "plies": 8,
   "over": false,
   "engineReady": true,
   "engineEnv": {
    "type": "ENV",
    "coi": true,
    "sab": true,
    "threads": 4
   },
   "engineLastError": null,
   "engineInfo": {
    "depth": 22,
    "score": "207cp",
    "nodes": 3409964
   },
   "tierParams": {
    "mpv": 1,
    "ms": 2000,
    "hash": 256
   }
  }
 ],
 "status": "红方行棋（你）",
 "logTail": [
  "1.相七进五砲2平52.炮二平三马8进93.炮八退一马2进34.炮八进一卒9进1"
 ]
}
=== LOG ENTRIES (1) ===
[error] Failed to load resource: the server responded with a status of 404 (Not Found)
