rm: cannot remove 'C:/Users/35165/AppData/Local/hermes/cache/scratch/chrome-single/optimization_guide_model_store/25/63922A0C010C80A5/AA1D9354206FA8A5/visual_model_desktop.tflite': Device or resource busy
boot: {"coi":false,"url":"file:///C:/Users/35165/xiangqi/xiangqi.html"}
..... done

=== PROBE RESULT (30s) ===
{
 "coi": false,
 "engineReadyBefore": false,
 "firstLoadMs": 332,
 "firstLoadOk": true,
 "env": null,
 "jsHeapMB": 26,
 "rows": [
  {
   "level": 1,
   "name": "业余",
   "human": [
    "炮八退一",
    "炮八平七",
    "炮二平九",
    "炮七进五"
   ],
   "ai": [
    "象3进5",
    "马8进9",
    "砲8平6",
    "车9平8"
   ],
   "src": [
    "engine",
    "engine",
    "engine",
    "engine"
   ],
   "waitedMs": 800,
   "plies": 8,
   "over": false,
   "engineReady": true,
   "engineEnv": null,
   "engineLastError": null,
   "engineInfo": null,
   "tierParams": {
    "cap": 80,
    "p": 0.5,
    "band": 200,
    "mpv": 8,
    "ms": 300,
    "hash": 64
   }
  },
  {
   "level": 2,
   "name": "进阶",
   "human": [
    "兵七进一",
    "炮八平五",
    "炮五平七",
    "炮七退一"
   ],
   "ai": [
    "砲8平5",
    "砲5进4",
    "砲5退2",
    "车1进1"
   ],
   "src": [
    "engine",
    "engine",
    "engine",
    "engine"
   ],
   "waitedMs": 1400,
   "plies": 8,
   "over": false,
   "engineReady": true,
   "engineEnv": null,
   "engineLastError": null,
   "engineInfo": null,
   "tierParams": {
    "cap": 80,
    "p": 0,
    "band": 200,
    "mpv": 8,
    "ms": 300,
    "hash": 64
   }
  },
  {
   "level": 3,
   "name": "高手",
   "human": [
    "马二进一",
    "兵九进一",
    "马八进七",
    "炮八进一"
   ],
   "ai": [
    "卒3进1",
    "砲2平5",
    "马2进3",
    "马8进7"
   ],
   "src": [
    "book",
    "engine",
    "engine",
    "engine"
   ],
   "waitedMs": 2000,
   "plies": 8,
   "over": false,
   "engineReady": true,
   "engineEnv": null,
   "engineLastError": null,
   "engineInfo": null,
   "tierParams": {
    "cap": 25,
    "p": 0.1,
    "band": 200,
    "mpv": 8,
    "ms": 300,
    "hash": 64
   }
  },
  {
   "level": 4,
   "name": "大师",
   "human": [
    "炮八进七",
    "仕四进五",
    "车九进二",
    "炮二进三"
   ],
   "ai": [
    "车1平2",
    "砲2进6",
    "车2进5",
    "车2平8"
   ],
   "src": [
    "engine",
    "engine",
    "engine",
    "engine"
   ],
   "waitedMs": 24000,
   "plies": 8,
   "over": false,
   "engineReady": true,
   "engineEnv": null,
   "engineLastError": null,
   "engineInfo": null,
   "tierParams": {
    "mpv": 1,
    "ms": 2000,
    "hash": 256
   }
  }
 ],
 "status": "红方行棋（你）",
 "logTail": [
  "1.炮八进七车1平22.仕四进五砲2进63.车九进二车2进54.炮二进三车2平8"
 ]
}
=== LOG ENTRIES (0) ===
